C51 COMPILER V9.60.7.0   FUEL_CAPACITY                                                     06/03/2025 17:12:24 PAGE 1   


C51 COMPILER V9.60.7.0, COMPILATION OF MODULE FUEL_CAPACITY
OBJECT MODULE PLACED IN .\Release\Objects\fuel_capacity.obj
COMPILER INVOKED BY: C:\Keil_v5\C51\BIN\C51.EXE ..\..\User\fuel_capacity.c LARGE OPTIMIZE(9,SIZE) BROWSE ORDER INTVECTOR
                    -(0X000C) INCDIR(..\..\Libraries\Include;..\..\User;..\..\User\lib;..\..\Hardware) INTERVAL(3) DEBUG OBJECTEXTEND PRINT(.
                    -\Release\Listings\fuel_capacity.lst) OBJECT(.\Release\Objects\fuel_capacity.obj)

line level    source

   1          #include "fuel_capacity.h"
   2          
   3          volatile u32 fuel_capacity_scan_cnt = 0; // 扫描时间计数，在1ms定时器中断中累加
   4          volatile u32 fuel_adc_val = 0;
   5          volatile u32 fuel_adc_scan_cnt = 0; // 在更新时间到来前，记录adc扫描的次数
   6          
   7          volatile u8 fuel_percent = 0xFF;
   8          
   9          // static volatile u8 last_fuel_percent = 0xFF; // 记录上一次检测到的油量百分比
  10          
  11          void fuel_capacity_scan(void)
  12          {
  13   1          adc_sel_pin(ADC_PIN_FUEL); // 内部至少占用1ms
  14   1          adc_val = adc_getval();
  15   1          // printf("fuel adc %u \n", adc_val);
  16   1      
  17   1          fuel_adc_val += adc_val;
  18   1          fuel_adc_scan_cnt++;
  19   1      
  20   1          // fuel_capacity_scan_cnt += ONE_CYCLE_TIME_MS;
  21   1          if (fuel_capacity_scan_cnt >= FUEL_CAPACITY_SCAN_TIME_MS)
  22   1          {
  23   2              // 如果到了扫描更新时间，
  24   2              // bit flag_is_update_percent = 1; // 是否更新百分比,0--不更新,1--更新
  25   2              fuel_capacity_scan_cnt = 0;
  26   2              fuel_adc_val /= fuel_adc_scan_cnt; // 求出扫描时间内得到的ad平均值
  27   2              fuel_adc_scan_cnt = 0;
  28   2              // printf("fuel adc val %lu \n", fuel_adc_val);
  29   2      
  30   2      
  31   2      #ifdef USE_MY_DEBUG
  32   2      #if USE_MY_DEBUG
                      // printf("fuel adc val %lu \n", fuel_adc_val);
              #endif // #if USE_MY_DEBUG
  35   2      #endif // #ifdef USE_MY_DEBUG
  36   2      
  37   2              // 先确定油量百分比的大致范围：
  38   2              if (fuel_adc_val < FUEL_MAX_ADC_VAL + (FUEL_90_PERCENT_ADC_VAL - FUEL_MAX_ADC_VAL) / 3)
  39   2              {
  40   3                  fuel_percent = 100;
  41   3              }
  42   2              else if (fuel_adc_val < (FUEL_90_PERCENT_ADC_VAL - (FUEL_90_PERCENT_ADC_VAL - FUEL_MAX_ADC_VAL) / 
             -3))
  43   2              {
  44   3                  fuel_percent = 90;
  45   3              }
  46   2              else if (fuel_adc_val < (FUEL_80_PERCENT_ADC_VAL - (FUEL_80_PERCENT_ADC_VAL - FUEL_90_PERCENT_ADC_
             -VAL) / 3))
  47   2              {
  48   3                  fuel_percent = 80;
  49   3              }
  50   2              else if (fuel_adc_val < (FUEL_70_PERCENT_ADC_VAL - (FUEL_70_PERCENT_ADC_VAL - FUEL_80_PERCENT_ADC_
             -VAL) / 3))
C51 COMPILER V9.60.7.0   FUEL_CAPACITY                                                     06/03/2025 17:12:24 PAGE 2   

  51   2              {
  52   3                  fuel_percent = 70;
  53   3              }
  54   2              else if (fuel_adc_val < (FUEL_60_PERCENT_ADC_VAL - (FUEL_60_PERCENT_ADC_VAL - FUEL_70_PERCENT_ADC_
             -VAL) / 3))
  55   2              {
  56   3                  fuel_percent = 60;
  57   3              }
  58   2              else if (fuel_adc_val < (FUEL_50_PERCENT_ADC_VAL - (FUEL_50_PERCENT_ADC_VAL - FUEL_60_PERCENT_ADC_
             -VAL) / 3))
  59   2              {
  60   3                  fuel_percent = 50;
  61   3              }
  62   2              else if (fuel_adc_val < (FUEL_40_PERCENT_ADC_VAL - (FUEL_40_PERCENT_ADC_VAL - FUEL_50_PERCENT_ADC_
             -VAL) / 3))
  63   2              {
  64   3                  fuel_percent = 40;
  65   3              }
  66   2              else if (fuel_adc_val < (FUEL_30_PERCENT_ADC_VAL - (FUEL_30_PERCENT_ADC_VAL - FUEL_40_PERCENT_ADC_
             -VAL) / 3))
  67   2              {
  68   3                  fuel_percent = 30;
  69   3              }
  70   2              else if (fuel_adc_val < (FUEL_20_PERCENT_ADC_VAL - (FUEL_20_PERCENT_ADC_VAL - FUEL_30_PERCENT_ADC_
             -VAL) / 3))
  71   2              {
  72   3                  fuel_percent = 20;
  73   3              }
  74   2              else if (fuel_adc_val < (FUEL_10_PERCENT_ADC_VAL - (FUEL_10_PERCENT_ADC_VAL - FUEL_20_PERCENT_ADC_
             -VAL) / 3))
  75   2              {
  76   3                  fuel_percent = 10;
  77   3              }
  78   2              else
  79   2              {
  80   3                  fuel_percent = 0;
  81   3              }
  82   2      
  83   2      #ifdef USE_MY_DEBUG
  84   2      #if USE_MY_DEBUG
                      // printf("fuel percent nearly %bu\n", fuel_percent);
              #endif // #if USE_MY_DEBUG
  87   2      #endif // #ifdef USE_MY_DEBUG
  88   2      
  89   2              // 再根据死区限制油量百分比
  90   2              if (fuel_adc_val > FUEL_MIN_ADC_VAL - ((FUEL_MIN_ADC_VAL - FUEL_10_PERCENT_ADC_VAL) / 3))
  91   2              {
  92   3                  // 0%油量
  93   3                  fuel_percent = 0;
  94   3              }
  95   2              else if (fuel_adc_val < (FUEL_10_PERCENT_ADC_VAL + (FUEL_MIN_ADC_VAL - FUEL_10_PERCENT_ADC_VAL) / 
             -3) &&
  96   2                       fuel_adc_val > FUEL_10_PERCENT_ADC_VAL - (FUEL_10_PERCENT_ADC_VAL - FUEL_20_PERCENT_ADC_V
             -AL) / 3)
  97   2              {
  98   3                  // 10%油量
  99   3                  fuel_percent = 10;
 100   3              }
 101   2              else if (fuel_adc_val < (FUEL_20_PERCENT_ADC_VAL + (FUEL_10_PERCENT_ADC_VAL - FUEL_20_PERCENT_ADC_
             -VAL) / 3) &&
 102   2                       fuel_adc_val > FUEL_20_PERCENT_ADC_VAL - (FUEL_20_PERCENT_ADC_VAL - FUEL_30_PERCENT_ADC_V
             -AL) / 3)
C51 COMPILER V9.60.7.0   FUEL_CAPACITY                                                     06/03/2025 17:12:24 PAGE 3   

 103   2              {
 104   3                  // 20%油量
 105   3                  fuel_percent = 20;
 106   3              }
 107   2              else if (fuel_adc_val < (FUEL_30_PERCENT_ADC_VAL + (FUEL_20_PERCENT_ADC_VAL - FUEL_30_PERCENT_ADC_
             -VAL) / 3) &&
 108   2                       fuel_adc_val > FUEL_30_PERCENT_ADC_VAL - (FUEL_30_PERCENT_ADC_VAL - FUEL_40_PERCENT_ADC_V
             -AL) / 3)
 109   2              {
 110   3                  // 30%油量
 111   3                  fuel_percent = 30;
 112   3              }
 113   2              else if (fuel_adc_val < (FUEL_40_PERCENT_ADC_VAL + (FUEL_30_PERCENT_ADC_VAL - FUEL_40_PERCENT_ADC_
             -VAL) / 3) &&
 114   2                       fuel_adc_val > FUEL_40_PERCENT_ADC_VAL - (FUEL_40_PERCENT_ADC_VAL - FUEL_50_PERCENT_ADC_V
             -AL) / 3)
 115   2              {
 116   3                  // 40%油量
 117   3                  fuel_percent = 40;
 118   3              }
 119   2              else if (fuel_adc_val < (FUEL_50_PERCENT_ADC_VAL + (FUEL_40_PERCENT_ADC_VAL - FUEL_50_PERCENT_ADC_
             -VAL) / 3) &&
 120   2                       fuel_adc_val > FUEL_50_PERCENT_ADC_VAL - (FUEL_50_PERCENT_ADC_VAL - FUEL_60_PERCENT_ADC_V
             -AL) / 3)
 121   2              {
 122   3                  // 50%油量
 123   3                  fuel_percent = 50;
 124   3              }
 125   2      
 126   2              else if (fuel_adc_val < (FUEL_60_PERCENT_ADC_VAL + (FUEL_50_PERCENT_ADC_VAL - FUEL_60_PERCENT_ADC_
             -VAL) / 3) &&
 127   2                       fuel_adc_val > FUEL_60_PERCENT_ADC_VAL - (FUEL_60_PERCENT_ADC_VAL - FUEL_70_PERCENT_ADC_V
             -AL) / 3)
 128   2              {
 129   3                  // 60%油量
 130   3                  fuel_percent = 60;
 131   3              }
 132   2              else if (fuel_adc_val < (FUEL_70_PERCENT_ADC_VAL + (FUEL_60_PERCENT_ADC_VAL - FUEL_70_PERCENT_ADC_
             -VAL) / 3) &&
 133   2                       fuel_adc_val > FUEL_70_PERCENT_ADC_VAL - (FUEL_70_PERCENT_ADC_VAL - FUEL_80_PERCENT_ADC_V
             -AL) / 3)
 134   2              {
 135   3                  // 70%油量
 136   3                  fuel_percent = 70;
 137   3              }
 138   2              else if (fuel_adc_val < (FUEL_80_PERCENT_ADC_VAL + (FUEL_70_PERCENT_ADC_VAL - FUEL_80_PERCENT_ADC_
             -VAL) / 3) &&
 139   2                       fuel_adc_val > FUEL_80_PERCENT_ADC_VAL - (FUEL_80_PERCENT_ADC_VAL - FUEL_90_PERCENT_ADC_V
             -AL) / 3)
 140   2              {
 141   3                  // 80%油量
 142   3                  fuel_percent = 80;
 143   3              }
 144   2              else if (fuel_adc_val < (FUEL_90_PERCENT_ADC_VAL + (FUEL_80_PERCENT_ADC_VAL - FUEL_90_PERCENT_ADC_
             -VAL) / 3) &&
 145   2                       fuel_adc_val > FUEL_90_PERCENT_ADC_VAL - (FUEL_90_PERCENT_ADC_VAL - FUEL_MAX_ADC_VAL) / 3
             -)
 146   2              {
 147   3                  // 90%油量
 148   3                  fuel_percent = 90;
 149   3              }
 150   2              else if (fuel_adc_val < (FUEL_MAX_ADC_VAL + ((FUEL_90_PERCENT_ADC_VAL - FUEL_MAX_ADC_VAL) / 3)))
C51 COMPILER V9.60.7.0   FUEL_CAPACITY                                                     06/03/2025 17:12:24 PAGE 4   

 151   2              {
 152   3                  // 100%油量
 153   3                  fuel_percent = 100;
 154   3              }
 155   2              else
 156   2              {
 157   3                  // 如果检测到的ad值不在死区范围内,不更新油量
 158   3                  // flag_is_update_percent = 0;
 159   3              }
 160   2      
 161   2      
 162   2              // printf("fuel percent %bu\n", fuel_percent);
 163   2      #ifdef USE_MY_DEBUG
 164   2      #if USE_MY_DEBUG
                      // printf("fuel percent %bu\n", fuel_percent);
              #endif // #if USE_MY_DEBUG
 167   2      #endif // #ifdef USE_MY_DEBUG
 168   2      
 169   2              fun_info.fuel = fuel_percent;
 170   2              fuel_adc_val = 0xFF;
 171   2              flag_get_fuel = 1;
 172   2          } // if (fuel_capacity_scan_cnt >= FUEL_CAPACITY_SCAN_TIME_MS)
 173   1      }


MODULE INFORMATION:   STATIC OVERLAYABLE
   CODE SIZE        =    643    ----
   CONSTANT SIZE    =   ----    ----
   XDATA SIZE       =     13    ----
   PDATA SIZE       =   ----    ----
   DATA SIZE        =   ----    ----
   IDATA SIZE       =   ----    ----
   BIT SIZE         =   ----    ----
END OF MODULE INFORMATION.


C51 COMPILATION COMPLETE.  0 WARNING(S),  0 ERROR(S)
