BL51 BANKED LINKER/LOCATER V6.22.4.0                                                    06/03/2025  17:12:24  PAGE 1


BL51 BANKED LINKER/LOCATER V6.22.4.0, INVOKED BY:
C:\KEIL_V5\C51\BIN\BL51.EXE .\Release\Objects\STARTUP.obj, .\Release\Objects\system.obj, ..\..\User\lib\tk_simplify_algo
>> rithm_V1.0.0.LIB, .\Release\Objects\tk_set.obj, .\Release\Objects\my_gpio.obj, .\Release\Objects\tmr0.obj, .\Release\
>> Objects\tmr1.obj, .\Release\Objects\tmr2.obj, .\Release\Objects\uart0.obj, .\Release\Objects\adc.obj, .\Release\Objec
>> ts\flash.obj, .\Release\Objects\aip1302.obj, .\Release\Objects\uart1.obj, .\Release\Objects\key_driver.obj, .\Release
>> \Objects\main.obj, .\Release\Objects\fun_info.obj, .\Release\Objects\send_data.obj, .\Release\Objects\pin_level_scan.
>> obj, .\Release\Objects\speed_scan.obj, .\Release\Objects\engine_speed_scan.obj, .\Release\Objects\mileage.obj, .\Rele
>> ase\Objects\instruction.obj, .\Release\Objects\ad_key.obj, .\Release\Objects\fuel_capacity.obj, .\Release\Objects\tem
>> p_of_water.obj, .\Release\Objects\battery.obj, .\Release\Objects\touch_key.obj TO .\Release\Objects\Project PRINT (.\
>> Release\Listings\Project.m51) RAMSIZE (256) CODE (0X0000-0X3EEF) XDATA (0X6000-0X66FF)


MEMORY MODEL: LARGE


INPUT MODULES INCLUDED:
  .\Release\Objects\STARTUP.obj (?C_STARTUP)
  .\Release\Objects\system.obj (SYSTEM)
  .\Release\Objects\tk_set.obj (TK_SET)
  .\Release\Objects\my_gpio.obj (MY_GPIO)
  .\Release\Objects\tmr0.obj (TMR0)
  .\Release\Objects\tmr1.obj (TMR1)
  .\Release\Objects\tmr2.obj (TMR2)
  .\Release\Objects\uart0.obj (UART0)
  .\Release\Objects\adc.obj (ADC)
  .\Release\Objects\flash.obj (FLASH)
  .\Release\Objects\aip1302.obj (AIP1302)
  .\Release\Objects\uart1.obj (UART1)
  .\Release\Objects\key_driver.obj (KEY_DRIVER)
  .\Release\Objects\main.obj (MAIN)
  .\Release\Objects\fun_info.obj (FUN_INFO)
  .\Release\Objects\send_data.obj (SEND_DATA)
  .\Release\Objects\pin_level_scan.obj (PIN_LEVEL_SCAN)
  .\Release\Objects\speed_scan.obj (SPEED_SCAN)
  .\Release\Objects\engine_speed_scan.obj (ENGINE_SPEED_SCAN)
  .\Release\Objects\mileage.obj (MILEAGE)
  .\Release\Objects\instruction.obj (INSTRUCTION)
  .\Release\Objects\ad_key.obj (AD_KEY)
  .\Release\Objects\fuel_capacity.obj (FUEL_CAPACITY)
  .\Release\Objects\temp_of_water.obj (TEMP_OF_WATER)
  .\Release\Objects\battery.obj (BATTERY)
  .\Release\Objects\touch_key.obj (TOUCH_KEY)
  ..\..\User\lib\tk_simplify_algorithm_V1.0.0.LIB (TK_LIB)
  C:\KEIL_V5\C51\LIB\C51L.LIB (?C_INIT)
  C:\KEIL_V5\C51\LIB\C51L.LIB (?C?COPY)
  C:\KEIL_V5\C51\LIB\C51L.LIB (?C?CLDPTR)
  C:\KEIL_V5\C51\LIB\C51L.LIB (?C?CLDOPTR)
  C:\KEIL_V5\C51\LIB\C51L.LIB (?C?CILDOPTR)
  C:\KEIL_V5\C51\LIB\C51L.LIB (?C?CSTPTR)
  C:\KEIL_V5\C51\LIB\C51L.LIB (?C?CSTOPTR)
  C:\KEIL_V5\C51\LIB\C51L.LIB (?C?IMUL)
  C:\KEIL_V5\C51\LIB\C51L.LIB (?C?UIDIV)
  C:\KEIL_V5\C51\LIB\C51L.LIB (?C?IILDX)
  C:\KEIL_V5\C51\LIB\C51L.LIB (?C?LADD)
  C:\KEIL_V5\C51\LIB\C51L.LIB (?C?LSUB)
  C:\KEIL_V5\C51\LIB\C51L.LIB (?C?LMUL)
  C:\KEIL_V5\C51\LIB\C51L.LIB (?C?ULDIV)
  C:\KEIL_V5\C51\LIB\C51L.LIB (?C?LNOT)
BL51 BANKED LINKER/LOCATER V6.22.4.0                                                  06/03/2025  17:12:24  PAGE 2


  C:\KEIL_V5\C51\LIB\C51L.LIB (?C?LNEG)
  C:\KEIL_V5\C51\LIB\C51L.LIB (?C?SLCMP)
  C:\KEIL_V5\C51\LIB\C51L.LIB (?C?ULCMP)
  C:\KEIL_V5\C51\LIB\C51L.LIB (?C?ULSHR)
  C:\KEIL_V5\C51\LIB\C51L.LIB (?C?LSHL)
  C:\KEIL_V5\C51\LIB\C51L.LIB (?C?LLDXDATA)
  C:\KEIL_V5\C51\LIB\C51L.LIB (?C?LLDCODE)
  C:\KEIL_V5\C51\LIB\C51L.LIB (?C?LLDXDATA0)
  C:\KEIL_V5\C51\LIB\C51L.LIB (?C?LSTXDATA)
  C:\KEIL_V5\C51\LIB\C51L.LIB (?C?LSTKXDATA)
  C:\KEIL_V5\C51\LIB\C51L.LIB (?C?OFFXADD)
  C:\KEIL_V5\C51\LIB\C51L.LIB (?C?PLDXDATA)
  C:\KEIL_V5\C51\LIB\C51L.LIB (?C?PLDIXDATA)
  C:\KEIL_V5\C51\LIB\C51L.LIB (?C?PSTXDATA)
  C:\KEIL_V5\C51\LIB\C51L.LIB (?C?PLDOPTR)
  C:\KEIL_V5\C51\LIB\C51L.LIB (?C?CCASE)
  C:\KEIL_V5\C51\LIB\C51L.LIB (?C?ICALL)
  C:\KEIL_V5\C51\LIB\C51L.LIB (?C?LIMUL)
  C:\KEIL_V5\C51\LIB\C51L.LIB (?C?MEMSET)
  C:\KEIL_V5\C51\LIB\C51L.LIB (?C?PLDIDATA)
  C:\KEIL_V5\C51\LIB\C51L.LIB (?C?PLDPDATA)
  C:\KEIL_V5\C51\LIB\C51L.LIB (?C?PLDCODE)


LINK MAP OF MODULE:  .\Release\Objects\Project (?C_STARTUP)


            TYPE    BASE      LENGTH    RELOCATION   SEGMENT NAME
            -----------------------------------------------------

            * * * * * * *   D A T A   M E M O R Y   * * * * * * *
            REG     0000H     0008H     ABSOLUTE     "REG BANK 0"
            DATA    0008H     0004H     ABSOLUTE     
            DATA    000CH     0004H     ABSOLUTE     
            DATA    0010H     0004H     ABSOLUTE     
            DATA    0014H     0004H     ABSOLUTE     
            DATA    0018H     0004H     ABSOLUTE     
            DATA    001CH     0004H     ABSOLUTE     
            BIT     0020H.0   0002H.5   UNIT         ?BI?INSTRUCTION
            BIT     0022H.5   0000H.2   UNIT         ?BI?TMR2
            BIT     0022H.7   0000H.2   UNIT         ?BI?TK_LIB
            BIT     0023H.1   0000H.1   UNIT         ?BI?UART0
            BIT     0023H.2   0000H.1   UNIT         ?BI?SPEED_SCAN
            BIT     0023H.3   0000H.1   UNIT         ?BI?ENGINE_SPEED_SCAN
            BIT     0023H.4   0000H.1   UNIT         _BIT_GROUP_
                    0023H.5   0000H.3                *** GAP ***
            DATA    0024H     0008H     UNIT         _DATA_GROUP_
                    002CH     0004H                  *** GAP ***
            DATA    0030H     0004H     ABSOLUTE     
            DATA    0034H     0004H     ABSOLUTE     
            DATA    0038H     0004H     ABSOLUTE     
            DATA    003CH     0004H     ABSOLUTE     
                    0040H     0010H                  *** GAP ***
            DATA    0050H     0002H     ABSOLUTE     
            DATA    0052H     0002H     ABSOLUTE     
            DATA    0054H     0002H     ABSOLUTE     
                    0056H     000AH                  *** GAP ***
BL51 BANKED LINKER/LOCATER V6.22.4.0                                                  06/03/2025  17:12:24  PAGE 3


            DATA    0060H     0001H     ABSOLUTE     
            DATA    0061H     0001H     ABSOLUTE     
            DATA    0062H     0001H     ABSOLUTE     
            DATA    0063H     0001H     ABSOLUTE     
            DATA    0064H     0001H     ABSOLUTE     
            DATA    0065H     0001H     ABSOLUTE     
            DATA    0066H     0001H     ABSOLUTE     
            IDATA   0067H     0001H     UNIT         ?STACK

            * * * * * * *  X D A T A   M E M O R Y  * * * * * * *
                    0000H     6000H                  *** GAP ***
            XDATA   6000H     0004H     ABSOLUTE     
            XDATA   6004H     0004H     ABSOLUTE     
            XDATA   6008H     0004H     ABSOLUTE     
            XDATA   600CH     0004H     UNIT         ?XD?TMR0
            XDATA   6010H     0004H     ABSOLUTE     
            XDATA   6014H     0004H     ABSOLUTE     
            XDATA   6018H     0394H     UNIT         ?XD?TK_LIB
            XDATA   63ACH     0045H     UNIT         ?XD?AD_KEY
            XDATA   63F1H     003DH     UNIT         ?XD?UART0
            XDATA   642EH     0027H     UNIT         ?XD?FUN_INFO
            XDATA   6455H     001FH     UNIT         ?XD?TOUCH_KEY
            XDATA   6474H     0019H     UNIT         _XDATA_GROUP_
            XDATA   648DH     0018H     UNIT         ?XD?TK_SET
            XDATA   64A5H     0012H     UNIT         ?XD?MILEAGE
            XDATA   64B7H     0011H     UNIT         ?XD?SPEED_SCAN
            XDATA   64C8H     0011H     UNIT         ?XD?ENGINE_SPEED_SCAN
            XDATA   64D9H     000DH     UNIT         ?XD?FUEL_CAPACITY
            XDATA   64E6H     000CH     UNIT         ?XD?TEMP_OF_WATER
            XDATA   64F2H     000CH     UNIT         ?XD?BATTERY
            XDATA   64FEH     0009H     UNIT         ?XD?INSTRUCTION
            XDATA   6507H     0008H     UNIT         ?XD?TMR1
            XDATA   650FH     0007H     UNIT         ?XD?AIP1302_UPDATE_ALL_DATA?AIP1302
            XDATA   6516H     0004H     UNIT         ?XD?KEY_DRIVER
            XDATA   651AH     0003H     UNIT         ?XD?_UART0_SEND_BUFF?UART0
            XDATA   651DH     0002H     UNIT         ?XD?ADC
            XDATA   651FH     0002H     UNIT         ?XD?PIN_LEVEL_SCAN
            XDATA   6521H     0002H     UNIT         ?XD?__TK_LIB_INIT?TK_LIB
            XDATA   6523H     0001H     UNIT         ?XD?_PUTCHAR?UART0
            XDATA   6524H     0001H     UNIT         ?XD?___TOUCH_KEY_GET_EVENT?TOUCH_KEY

            * * * * * * *   C O D E   M E M O R Y   * * * * * * *
            CODE    0000H     0003H     ABSOLUTE     
            CODE    0003H     000CH     ABSOLUTE     
            CODE    000FH     000FH     UNIT         ?PR?AIP1302_IS_RUNNING?AIP1302
            CODE    001EH     0003H     ABSOLUTE     
            CODE    0021H     0003H     ABSOLUTE     
            CODE    0024H     0003H     ABSOLUTE     
            CODE    0027H     0023H     UNIT         ?PR?_UART0_SEND_BUFF?UART0
                    004AH     0001H                  *** GAP ***
            CODE    004BH     0003H     ABSOLUTE     
            CODE    004EH     000FH     UNIT         ?PR?AD_KEY
            CODE    005DH     0003H     ABSOLUTE     
            CODE    0060H     052DH     UNIT         ?C?LIB_CODE
            CODE    058DH     033FH     UNIT         ?PR?__TK_DATA_PROCESS?TK_LIB
            CODE    08CCH     025BH     UNIT         ?PR?FUEL_CAPACITY_SCAN?FUEL_CAPACITY
            CODE    0B27H     0252H     UNIT         ?PR?___TK_MODE_CARRY_FUNC?TK_LIB
BL51 BANKED LINKER/LOCATER V6.22.4.0                                                  06/03/2025  17:12:24  PAGE 4


            CODE    0D79H     0247H     UNIT         ?PR?INSTRUCTION_HANDLE?INSTRUCTION
            CODE    0FC0H     0225H     UNIT         ?C_INITSEG
            CODE    11E5H     0206H     UNIT         ?PR?_SEND_DATA?SEND_DATA
            CODE    13EBH     01D3H     UNIT         ?PR?HEART_BEAT_HANDLE?TMR1
            CODE    15BEH     01B9H     UNIT         ?PR?__TK_BUTTON_DECIDE?TK_LIB
            CODE    1777H     01B5H     UNIT         ?PR?___TK_LIB_I_ADJUST?TK_LIB
            CODE    192CH     0193H     UNIT         ?PR?_KEY_DRIVER_SCAN?KEY_DRIVER
            CODE    1ABFH     014EH     UNIT         ?PR?INSTRUCTION_SCAN?INSTRUCTION
            CODE    1C0DH     013CH     UNIT         ?PR?TK_GPIO_CONFIG?TK_SET
            CODE    1D49H     0138H     UNIT         ?PR?UART0_IRQHANDLER?UART0
            CODE    1E81H     0124H     UNIT         ?PR?UART0_SCAN_HANDLE?UART0
            CODE    1FA5H     00DCH     UNIT         ?PR?SYSTEM_INIT?SYSTEM
            CODE    2081H     00D8H     UNIT         ?PR?MILEAGE_SCAN?MILEAGE
            CODE    2159H     00D4H     UNIT         ?PR?ADC_GETVAL?ADC
            CODE    222DH     00D4H     UNIT         ?PR?SPEED_SCAN?SPEED_SCAN
            CODE    2301H     00D0H     UNIT         ?PR?TEMP_OF_WATER_SCAN?TEMP_OF_WATER
            CODE    23D1H     00C0H     UNIT         ?PR?BATTERY_SCAN?BATTERY
            CODE    2491H     00BAH     UNIT         ?PR?AD_KEY_HANDLE?AD_KEY
            CODE    254BH     00AFH     UNIT         ?PR?_AIP1302_WRITE_BYTE?AIP1302
            CODE    25FAH     00ACH     UNIT         ?PR?ENGINE_SPEED_SCAN?ENGINE_SPEED_SCAN
            CODE    26A6H     00A8H     UNIT         ?PR?PIN_LEVEL_SCAN?PIN_LEVEL_SCAN
            CODE    274EH     009BH     UNIT         ?PR?__TK_LIB_INIT?TK_LIB
            CODE    27E9H     0093H     UNIT         ?PR?__TK_BASELINE_INIT?TK_LIB
            CODE    287CH     0092H     UNIT         ?PR?TK_PARAM_INIT?TK_SET
            CODE    290EH     0092H     UNIT         ?PR?___AIP1302_READ_BYTE?AIP1302
            CODE    29A0H     0090H     UNIT         ?PR?___AIP1302_WRITE_BYTE?AIP1302
            CODE    2A30H     008CH     UNIT         ?C_C51STARTUP
            CODE    2ABCH     0084H     UNIT         ?PR?___TK_SET_NEXT_CH?TK_LIB
            CODE    2B40H     0083H     UNIT         ?PR?TIMR2_IRQHANDLER?TMR2
            CODE    2BC3H     007EH     UNIT         ?PR?__TK_BASELINE_UPDATE?TK_LIB
            CODE    2C41H     007EH     UNIT         ?PR?__TK_LONG_KEY_CLEAR?TK_LIB
            CODE    2CBFH     0075H     UNIT         ?PR?__TK_HANDLER?TK_LIB
            CODE    2D34H     006EH     UNIT         ?PR?___AIP1302_CONVERT_READ_BYTE?AIP1302
            CODE    2DA2H     0062H     UNIT         ?PR?TMR1
            CODE    2E04H     0062H     UNIT         ?PR?__TK_I_SOURCE_ADJUST?TK_LIB
            CODE    2E66H     005EH     UNIT         ?PR?AIP1302_CONFIG?AIP1302
            CODE    2EC4H     005AH     UNIT         ?PR?TIMR1_IRQHANDLER?TMR1
            CODE    2F1EH     0059H     UNIT         ?PR?UART0
            CODE    2F77H     004FH     UNIT         ?PR?TK_INIT?TK_SET
            CODE    2FC6H     004FH     UNIT         ?PR?TIMR0_IRQHANDLER?TMR0
            CODE    3015H     004CH     UNIT         ?PR?___CONVER_CUR_AD_TO_AD_KEY?AD_KEY
            CODE    3061H     004AH     UNIT         ?PR?MAIN?MAIN
            CODE    30ABH     0048H     UNIT         ?PR?INSTRUCTION
            CODE    30F3H     0046H     UNIT         ?PR?AIP1302_READ_ALL?AIP1302
            CODE    3139H     0045H     UNIT         ?PR?TK_IRQHANDLER?TK_SET
            CODE    317EH     0040H     UNIT         ?PR?TMR2_CONFIG?TMR2
            CODE    31BEH     003FH     UNIT         ?PR?AIP1302_UPDATE_ALL_DATA?AIP1302
            CODE    31FDH     003FH     UNIT         ?PR?AIP1302_UPDATE_TIME?AIP1302
            CODE    323CH     003EH     UNIT         ?PR?SEND_DATA
            CODE    327AH     003DH     UNIT         ?PR?TMR1_CONFIG?TMR1
            CODE    32B7H     003DH     UNIT         ?PR?__TK_MODE_CONFIG?TK_LIB
            CODE    32F4H     003CH     UNIT         ?PR?TMR0_CONFIG?TMR0
            CODE    3330H     003AH     UNIT         ?PR?USER_INIT?MAIN
            CODE    336AH     0037H     UNIT         ?PR?_ADC_SEL_PIN?ADC
            CODE    33A1H     0037H     UNIT         ?PR?_FLASH_WRITE?FLASH
            CODE    33D8H     0034H     UNIT         ?PR?_FLASH_READ?FLASH
            CODE    340CH     0032H     UNIT         ?PR?AD_KEY_GET_KEY_ID?AD_KEY
BL51 BANKED LINKER/LOCATER V6.22.4.0                                                  06/03/2025  17:12:24  PAGE 5


            CODE    343EH     002EH     UNIT         ?PR?AIP1302
            CODE    346CH     002CH     UNIT         ?PR?___TOUCH_KEY_GET_EVENT?TOUCH_KEY
            CODE    3498H     002BH     UNIT         ?PR?UART0_CONFIG?UART0
            CODE    34C3H     002BH     UNIT         ?PR?PIN_LEVEL_SCAN_CONFIG?PIN_LEVEL_SCAN
            CODE    34EEH     002BH     UNIT         ?PR?MILEAGE
            CODE    3519H     0028H     UNIT         ?PR?FUEL_CAPACITY
            CODE    3541H     0023H     UNIT         ?PR?ADC_SINGLE_CONVERT?ADC
            CODE    3564H     0023H     UNIT         ?PR?___AD_KEY_GET_EVENT?AD_KEY
            CODE    3587H     0022H     UNIT         ?PR?ADC_CONFIG?ADC
            CODE    35A9H     0021H     UNIT         ?PR?KEY_DRIVER
            CODE    35CAH     0020H     UNIT         ?PR?TOUCH_KEY_GET_KEY_ID?TOUCH_KEY
            CODE    35EAH     0020H     UNIT         ?PR?__TK_SCAN?TK_LIB
            CODE    360AH     001FH     UNIT         ?PR?TOUCH_KEY
            CODE    3629H     001EH     UNIT         ?CO?TK_SET
            CODE    3647H     001EH     UNIT         ?PR?TMR2
            CODE    3665H     001EH     UNIT         ?PR?TEMP_OF_WATER
            CODE    3683H     001BH     UNIT         ?PR?_DELAY_MS?SYSTEM
            CODE    369EH     001BH     UNIT         ?PR?ADC
            CODE    36B9H     001AH     UNIT         ?PR?_REVERSE_U8?AIP1302
            CODE    36D3H     0018H     UNIT         ?PR?TK_SET
            CODE    36EBH     0018H     UNIT         ?PR?FUN_INFO_INIT?FUN_INFO
            CODE    3703H     0016H     UNIT         ?PR?_AIP1302_READ_BYTE?AIP1302
            CODE    3719H     0016H     UNIT         ?PR?SPEED_SCAN
            CODE    372FH     0016H     UNIT         ?PR?TOUCH_KEY_HANDLE?TOUCH_KEY
            CODE    3745H     0011H     UNIT         ?PR?TMR2_ENABLE?TMR2
            CODE    3756H     0011H     UNIT         ?PR?_FLASH_ERASE_SECTOR?FLASH
            CODE    3767H     0010H     UNIT         ?PR?P03_OUTPUT_CONFIG?MY_GPIO
            CODE    3777H     0010H     UNIT         ?PR?TMR0_DISABLE?TMR0
            CODE    3787H     0010H     UNIT         ?PR?TMR1_ENABLE?TMR1
            CODE    3797H     0010H     UNIT         ?PR?_CONVER_ADC_VAL_TO_VOLTAGE?BATTERY
            CODE    37A7H     000EH     UNIT         ?PR?_PUTCHAR?UART0
            CODE    37B5H     000EH     UNIT         ?PR?FUN_INFO_SAVE?FUN_INFO
            CODE    37C3H     000EH     UNIT         ?PR?_CONVER_VOLTAGE_OF_BATTERY_TO_PERCENTAGE?BATTERY
            CODE    37D1H     000DH     UNIT         ?PR?P06_INPUT_CONFIG?MY_GPIO
            CODE    37DEH     000DH     UNIT         ?PR?P07_INPUT_CONFIG?MY_GPIO
            CODE    37EBH     000DH     UNIT         ?PR?P10_INPUT_CONFIG?MY_GPIO
            CODE    37F8H     000DH     UNIT         ?PR?P13_INPUT_CONFIG?MY_GPIO
            CODE    3805H     000DH     UNIT         ?PR?P14_INPUT_CONFIG?MY_GPIO
            CODE    3812H     000DH     UNIT         ?PR?P21_INPUT_CONFIG?MY_GPIO
            CODE    381FH     000DH     UNIT         ?PR?P22_INPUT_CONFIG?MY_GPIO
            CODE    382CH     000DH     UNIT         ?PR?P23_INPUT_CONFIG?MY_GPIO
            CODE    3839H     000DH     UNIT         ?PR?P25_INPUT_CONFIG?MY_GPIO
            CODE    3846H     000DH     UNIT         ?PR?P27_INPUT_CONFIG?MY_GPIO
            CODE    3853H     000DH     UNIT         ?PR?P30_INPUT_CONFIG?MY_GPIO
            CODE    3860H     000DH     UNIT         ?PR?_UART0_SENDBYTE?UART0
            CODE    386DH     000DH     UNIT         ?PR?SPEED_SCAN_CONFIG?SPEED_SCAN
            CODE    387AH     000CH     UNIT         ?PR?TMR0_ENABLE?TMR0
            CODE    3886H     000CH     UNIT         ?PR?FUN_INFO
            CODE    3892H     000BH     UNIT         ?PR?_DELAY?SYSTEM
            CODE    389DH     0008H     UNIT         ?PR?TMR0
            CODE    38A5H     0007H     UNIT         ?PR?ENGINE_SPEED_SCAN_CONFIG?ENGINE_SPEED_SCAN
            CODE    38ACH     0005H     UNIT         ?PR?__TK_MS_HANDLER?TK_LIB



OVERLAY MAP OF MODULE:   .\Release\Objects\Project (?C_STARTUP)

BL51 BANKED LINKER/LOCATER V6.22.4.0                                                  06/03/2025  17:12:24  PAGE 6



SEGMENT                                             BIT_GROUP          DATA_GROUP          XDATA_GROUP
  +--> CALLED SEGMENT                            START    LENGTH     START    LENGTH     START    LENGTH
--------------------------------------------------------------------------------------------------------
?C_C51STARTUP                                    -----    -----      -----    -----      -----    -----
  +--> ?PR?MAIN?MAIN
  +--> ?C_INITSEG

?PR?MAIN?MAIN                                    -----    -----      -----    -----      -----    -----
  +--> ?PR?SYSTEM_INIT?SYSTEM
  +--> ?PR?USER_INIT?MAIN
  +--> ?PR?_DELAY_MS?SYSTEM
  +--> ?PR?_KEY_DRIVER_SCAN?KEY_DRIVER
  +--> ?PR?AD_KEY_HANDLE?AD_KEY
  +--> ?PR?SPEED_SCAN?SPEED_SCAN
  +--> ?PR?MILEAGE_SCAN?MILEAGE
  +--> ?PR?ENGINE_SPEED_SCAN?ENGINE_SPEED_SCAN
  +--> ?PR?FUEL_CAPACITY_SCAN?FUEL_CAPACITY
  +--> ?PR?BATTERY_SCAN?BATTERY
  +--> ?PR?UART0_SCAN_HANDLE?UART0
  +--> ?PR?INSTRUCTION_SCAN?INSTRUCTION
  +--> ?PR?INSTRUCTION_HANDLE?INSTRUCTION
  +--> ?PR?HEART_BEAT_HANDLE?TMR1

?PR?SYSTEM_INIT?SYSTEM                           -----    -----      -----    -----      -----    -----
  +--> ?PR?_DELAY?SYSTEM
  +--> ?PR?_DELAY_MS?SYSTEM

?PR?_DELAY_MS?SYSTEM                             -----    -----      -----    -----      -----    -----
  +--> ?PR?_DELAY?SYSTEM

?PR?USER_INIT?MAIN                               -----    -----      -----    -----      -----    -----
  +--> ?PR?FUN_INFO_INIT?FUN_INFO
  +--> ?PR?TMR0_CONFIG?TMR0
  +--> ?PR?UART0_CONFIG?UART0
  +--> ?PR?PIN_LEVEL_SCAN_CONFIG?PIN_LEVEL_SCAN
  +--> ?PR?TMR1_CONFIG?TMR1
  +--> ?PR?SPEED_SCAN_CONFIG?SPEED_SCAN
  +--> ?PR?ENGINE_SPEED_SCAN_CONFIG?ENGINE_S...
  +--> ?PR?ADC_CONFIG?ADC
  +--> ?PR?AIP1302_CONFIG?AIP1302
  +--> ?PR?TMR2_CONFIG?TMR2
  +--> ?PR?TMR1_ENABLE?TMR1
  +--> ?PR?TMR2_ENABLE?TMR2
  +--> ?PR?_DELAY_MS?SYSTEM

?PR?FUN_INFO_INIT?FUN_INFO                       -----    -----      -----    -----      -----    -----
  +--> ?PR?FUN_INFO
  +--> ?PR?_FLASH_READ?FLASH

?PR?_FLASH_READ?FLASH                            -----    -----      -----    -----      6474H    0005H

?PR?TMR0_CONFIG?TMR0                             -----    -----      -----    -----      -----    -----
  +--> ?PR?TMR0

?PR?PIN_LEVEL_SCAN_CONFIG?PIN_LEVEL_SCAN         -----    -----      -----    -----      -----    -----
  +--> ?PR?P21_INPUT_CONFIG?MY_GPIO
BL51 BANKED LINKER/LOCATER V6.22.4.0                                                  06/03/2025  17:12:24  PAGE 7


  +--> ?PR?P22_INPUT_CONFIG?MY_GPIO
  +--> ?PR?P25_INPUT_CONFIG?MY_GPIO
  +--> ?PR?P27_INPUT_CONFIG?MY_GPIO
  +--> ?PR?P30_INPUT_CONFIG?MY_GPIO
  +--> ?PR?P14_INPUT_CONFIG?MY_GPIO
  +--> ?PR?P13_INPUT_CONFIG?MY_GPIO
  +--> ?PR?P10_INPUT_CONFIG?MY_GPIO
  +--> ?PR?P07_INPUT_CONFIG?MY_GPIO
  +--> ?PR?P06_INPUT_CONFIG?MY_GPIO

?PR?ADC_CONFIG?ADC                               -----    -----      -----    -----      -----    -----
  +--> ?PR?ADC

?PR?AIP1302_CONFIG?AIP1302                       -----    -----      -----    -----      -----    -----
  +--> ?PR?AIP1302
  +--> ?PR?AIP1302_IS_RUNNING?AIP1302
  +--> ?PR?_AIP1302_WRITE_BYTE?AIP1302
  +--> ?PR?AIP1302_READ_ALL?AIP1302

?PR?AIP1302_IS_RUNNING?AIP1302                   -----    -----      -----    -----      -----    -----
  +--> ?PR?___AIP1302_READ_BYTE?AIP1302

?PR?___AIP1302_READ_BYTE?AIP1302                 -----    -----      -----    -----      6479H    0003H
  +--> ?PR?AIP1302
  +--> ?PR?_DELAY?SYSTEM

?PR?_AIP1302_WRITE_BYTE?AIP1302                  -----    -----      -----    -----      647FH    0004H
  +--> ?PR?___AIP1302_WRITE_BYTE?AIP1302

?PR?___AIP1302_WRITE_BYTE?AIP1302                -----    -----      -----    -----      6483H    0003H
  +--> ?PR?AIP1302
  +--> ?PR?_DELAY?SYSTEM

?PR?AIP1302_READ_ALL?AIP1302                     -----    -----      -----    -----      -----    -----
  +--> ?PR?_AIP1302_READ_BYTE?AIP1302

?PR?_AIP1302_READ_BYTE?AIP1302                   -----    -----      -----    -----      6478H    0001H
  +--> ?PR?___AIP1302_READ_BYTE?AIP1302
  +--> ?PR?___AIP1302_CONVERT_READ_BYTE?AIP1302

?PR?___AIP1302_CONVERT_READ_BYTE?AIP1302         -----    -----      -----    -----      6479H    0003H
  +--> ?PR?_REVERSE_U8?AIP1302

?PR?_KEY_DRIVER_SCAN?KEY_DRIVER                  -----    -----      -----    -----      6474H    0002H
  +--> ?PR?KEY_DRIVER

?PR?AD_KEY_HANDLE?AD_KEY                         -----    -----      -----    -----      -----    -----
  +--> ?PR?___AD_KEY_GET_EVENT?AD_KEY
  +--> ?PR?_SEND_DATA?SEND_DATA

?PR?___AD_KEY_GET_EVENT?AD_KEY                   -----    -----      -----    -----      -----    -----
  +--> ?PR?AD_KEY

?PR?_SEND_DATA?SEND_DATA                         -----    -----      -----    -----      6478H    0009H
  +--> ?PR?_UART0_SENDBYTE?UART0
  +--> ?PR?SEND_DATA
  +--> ?PR?_DELAY_MS?SYSTEM
BL51 BANKED LINKER/LOCATER V6.22.4.0                                                  06/03/2025  17:12:24  PAGE 8



?PR?SPEED_SCAN?SPEED_SCAN                        -----    -----      -----    -----      6474H    0004H
  +--> ?PR?SPEED_SCAN

?PR?MILEAGE_SCAN?MILEAGE                         -----    -----      -----    -----      -----    -----
  +--> ?PR?MILEAGE
  +--> ?PR?FUN_INFO_SAVE?FUN_INFO

?PR?FUN_INFO_SAVE?FUN_INFO                       -----    -----      -----    -----      -----    -----
  +--> ?PR?_FLASH_ERASE_SECTOR?FLASH
  +--> ?PR?FUN_INFO
  +--> ?PR?_FLASH_WRITE?FLASH

?PR?_FLASH_WRITE?FLASH                           -----    -----      -----    -----      6478H    0005H

?PR?ENGINE_SPEED_SCAN?ENGINE_SPEED_SCAN          -----    -----      -----    -----      6474H    0004H

?PR?FUEL_CAPACITY_SCAN?FUEL_CAPACITY             -----    -----      -----    -----      -----    -----
  +--> ?PR?_ADC_SEL_PIN?ADC
  +--> ?PR?ADC_GETVAL?ADC
  +--> ?PR?FUEL_CAPACITY

?PR?_ADC_SEL_PIN?ADC                             -----    -----      -----    -----      -----    -----
  +--> ?PR?ADC
  +--> ?PR?_DELAY_MS?SYSTEM

?PR?ADC_GETVAL?ADC                               -----    -----      -----    -----      6476H    000BH
  +--> ?PR?ADC_SINGLE_CONVERT?ADC
  +--> ?PR?ADC

?PR?BATTERY_SCAN?BATTERY                         -----    -----      -----    -----      6474H    0002H
  +--> ?PR?_ADC_SEL_PIN?ADC
  +--> ?PR?ADC_GETVAL?ADC
  +--> ?PR?_CONVER_ADC_VAL_TO_VOLTAGE?BATTERY
  +--> ?PR?_CONVER_VOLTAGE_OF_BATTERY_TO_PER...

?PR?UART0_SCAN_HANDLE?UART0                      0023H.4  0000H.1    -----    -----      6474H    0003H
  +--> ?PR?TMR0_DISABLE?TMR0
  +--> ?PR?UART0

?PR?TMR0_DISABLE?TMR0                            -----    -----      -----    -----      -----    -----
  +--> ?PR?TMR0

?PR?INSTRUCTION_SCAN?INSTRUCTION                 -----    -----      -----    -----      6474H    0001H
  +--> ?PR?INSTRUCTION

?PR?INSTRUCTION_HANDLE?INSTRUCTION               -----    -----      -----    -----      6474H    0004H
  +--> ?PR?INSTRUCTION
  +--> ?PR?_SEND_DATA?SEND_DATA
  +--> ?PR?AIP1302_READ_ALL?AIP1302
  +--> ?PR?AIP1302_UPDATE_TIME?AIP1302
  +--> ?PR?FUN_INFO_SAVE?FUN_INFO

?PR?AIP1302_UPDATE_TIME?AIP1302                  -----    -----      -----    -----      6478H    0007H
  +--> ?PR?_AIP1302_WRITE_BYTE?AIP1302

?PR?HEART_BEAT_HANDLE?TMR1                       -----    -----      -----    -----      6474H    0008H
BL51 BANKED LINKER/LOCATER V6.22.4.0                                                  06/03/2025  17:12:24  PAGE 9


  +--> ?PR?TMR1

?C_INITSEG                                       -----    -----      -----    -----      -----    -----
  +--> ?PR?AD_KEY_GET_KEY_ID?AD_KEY
  +--> ?PR?TOUCH_KEY_GET_KEY_ID?TOUCH_KEY

?PR?AD_KEY_GET_KEY_ID?AD_KEY                     -----    -----      -----    -----      6474H    0002H
  +--> ?PR?_ADC_SEL_PIN?ADC
  +--> ?PR?ADC_SINGLE_CONVERT?ADC
  +--> ?PR?___CONVER_CUR_AD_TO_AD_KEY?AD_KEY

?PR?___CONVER_CUR_AD_TO_AD_KEY?AD_KEY            -----    -----      -----    -----      6476H    0002H

?PR?TOUCH_KEY_GET_KEY_ID?TOUCH_KEY               -----    -----      -----    -----      -----    -----
  +--> ?PR?__TK_SCAN?TK_LIB
  +--> ?PR?TOUCH_KEY

?PR?__TK_SCAN?TK_LIB                             -----    -----      -----    -----      -----    -----
  +--> ?PR?__TK_BUTTON_DECIDE?TK_LIB
  +--> ?PR?___TK_SET_NEXT_CH?TK_LIB

?PR?__TK_BUTTON_DECIDE?TK_LIB                    -----    -----      -----    -----      -----    -----
  +--> ?CO?TK_SET
  +--> ?PR?___TK_MODE_CARRY_FUNC?TK_LIB

?PR?___TK_MODE_CARRY_FUNC?TK_LIB                 -----    -----      -----    -----      6474H    0001H
  +--> ?CO?TK_SET
  +--> ?PR?__TK_BASELINE_UPDATE?TK_LIB

?PR?__TK_BASELINE_UPDATE?TK_LIB                  -----    -----      -----    -----      -----    -----
  +--> ?CO?TK_SET

*** NEW ROOT ***************************************************

?PR?TK_IRQHANDLER?TK_SET                         -----    -----      -----    -----      -----    -----
  +--> ?PR?__TK_HANDLER?TK_LIB

?PR?__TK_HANDLER?TK_LIB                          -----    -----      -----    -----      -----    -----
  +--> ?CO?TK_SET
  +--> ?PR?__TK_MODE_CONFIG?TK_LIB
  +--> ?PR?__TK_I_SOURCE_ADJUST?TK_LIB
  +--> ?PR?__TK_BASELINE_INIT?TK_LIB
  +--> ?PR?___TK_SET_NEXT_CH?TK_LIB

?PR?__TK_MODE_CONFIG?TK_LIB                      -----    -----      -----    -----      -----    -----
  +--> ?PR?___TK_SET_NEXT_CH?TK_LIB

?PR?__TK_I_SOURCE_ADJUST?TK_LIB                  -----    -----      -----    -----      6486H    0001H
  +--> ?CO?TK_SET
  +--> ?PR?___TK_LIB_I_ADJUST?TK_LIB
  +--> ?PR?__TK_MODE_CONFIG?TK_LIB
  +--> ?PR?___TK_SET_NEXT_CH?TK_LIB

?PR?___TK_LIB_I_ADJUST?TK_LIB                    -----    -----      0024H    0008H      6487H    0005H
  +--> ?CO?TK_SET

?PR?__TK_BASELINE_INIT?TK_LIB                    -----    -----      -----    -----      -----    -----
BL51 BANKED LINKER/LOCATER V6.22.4.0                                                  06/03/2025  17:12:24  PAGE 10


  +--> ?CO?TK_SET
  +--> ?PR?___TK_SET_NEXT_CH?TK_LIB

*** NEW ROOT ***************************************************

?PR?TIMR1_IRQHANDLER?TMR1                        -----    -----      -----    -----      -----    -----
  +--> ?PR?TMR1

*** NEW ROOT ***************************************************

?PR?TIMR2_IRQHANDLER?TMR2                        -----    -----      -----    -----      -----    -----
  +--> ?PR?TMR2

*** NEW ROOT ***************************************************

?PR?UART0_IRQHANDLER?UART0                       -----    -----      -----    -----      648CH    0001H
  +--> ?PR?UART0
  +--> ?PR?TMR0_DISABLE?TMR0
  +--> ?PR?TMR0_ENABLE?TMR0

?PR?TMR0_ENABLE?TMR0                             -----    -----      -----    -----      -----    -----
  +--> ?PR?TMR0



SYMBOL TABLE OF MODULE:  .\Release\Objects\Project (?C_STARTUP)

  VALUE           TYPE          NAME
  ----------------------------------

  -------         MODULE        ?C_STARTUP
  C:2A30H         SEGMENT       ?C_C51STARTUP
  I:0067H         SEGMENT       ?STACK
  C:0000H         PUBLIC        ?C_STARTUP
  D:00E0H         SYMBOL        ACC
  D:00F0H         SYMBOL        B
  D:0083H         SYMBOL        DPH
  D:0082H         SYMBOL        DPL
  N:0000H         SYMBOL        IBPSTACK
  N:0100H         SYMBOL        IBPSTACKTOP
  N:0080H         SYMBOL        IDATALEN
  C:2A33H         SYMBOL        IDATALOOP
  N:0000H         SYMBOL        PBPSTACK
  N:0100H         SYMBOL        PBPSTACKTOP
  N:0000H         SYMBOL        PDATALEN
  N:0000H         SYMBOL        PDATASTART
  N:0000H         SYMBOL        PPAGE
  N:0000H         SYMBOL        PPAGEENABLE
  D:00A0H         SYMBOL        PPAGE_SFR
  D:0081H         SYMBOL        SP
  C:2A30H         SYMBOL        STARTUP1
  N:0000H         SYMBOL        XBPSTACK
  N:0000H         SYMBOL        XBPSTACKTOP
  N:0000H         SYMBOL        XDATALEN
  N:0000H         SYMBOL        XDATASTART
  C:0000H         LINE#         126
  C:2A30H         LINE#         133
BL51 BANKED LINKER/LOCATER V6.22.4.0                                                  06/03/2025  17:12:24  PAGE 11


  C:2A32H         LINE#         134
  C:2A33H         LINE#         135
  C:2A34H         LINE#         136
  C:2A36H         LINE#         185
  C:2A39H         LINE#         196
  -------         ENDMOD        ?C_STARTUP

  -------         MODULE        SYSTEM
  C:0000H         SYMBOL        _ICE_DUMMY_
  D:00D9H         PUBLIC        WDT_KEY
  D:00A7H         PUBLIC        FLASH_TIMEREG0
  D:00ACH         PUBLIC        FLASH_TIMEREG1
  C:3892H         PUBLIC        _delay
  C:3683H         PUBLIC        _delay_ms
  C:1FA5H         PUBLIC        system_init
  -------         PROC          _DELAY
  D:0006H         SYMBOL        cnt
  C:3892H         LINE#         37
  C:3892H         LINE#         38
  C:3892H         LINE#         39
  C:389CH         LINE#         40
  C:389CH         LINE#         41
  C:389CH         LINE#         42
  -------         ENDPROC       _DELAY
  -------         PROC          _DELAY_MS
  D:0002H         SYMBOL        ms
  C:3683H         LINE#         49
  C:3687H         LINE#         50
  C:3687H         LINE#         51
  C:3691H         LINE#         52
  C:3691H         LINE#         53
  C:3694H         LINE#         56
  C:369BH         LINE#         57
  C:369DH         LINE#         58
  -------         ENDPROC       _DELAY_MS
  -------         PROC          SYSTEM_INIT
  -------         DO            
  D:0007H         SYMBOL        i
  -------         ENDDO         
  C:1FA5H         LINE#         65
  C:1FA5H         LINE#         66
  C:1FA5H         LINE#         69
  C:1FACH         LINE#         70
  C:1FB9H         LINE#         71
  C:1FBCH         LINE#         74
  C:1FBFH         LINE#         75
  C:1FC5H         LINE#         76
  C:1FCBH         LINE#         77
  C:1FD1H         LINE#         78
  C:1FD7H         LINE#         79
  C:1FDEH         LINE#         83
  C:1FE0H         LINE#         84
  C:1FE0H         LINE#         85
  C:1FEDH         LINE#         86
  C:1FF2H         LINE#         88
  C:2080H         LINE#         89
  -------         ENDPROC       SYSTEM_INIT
BL51 BANKED LINKER/LOCATER V6.22.4.0                                                  06/03/2025  17:12:24  PAGE 12


  -------         ENDMOD        SYSTEM

  -------         MODULE        TK_SET
  C:0000H         SYMBOL        _ICE_DUMMY_
  D:00A8H         PUBLIC        IE0
  D:00A9H         PUBLIC        IE1
  D:00AAH         PUBLIC        IE2
  D:00ABH         PUBLIC        IE3
  B:00A8H.7       PUBLIC        IE_EA
  D:00B8H         PUBLIC        IP0
  D:00B1H         PUBLIC        IP1
  D:00B2H         PUBLIC        IP2
  D:00B3H         PUBLIC        IP3
  D:00B4H         PUBLIC        IP4
  D:00B5H         PUBLIC        IP5
  D:00B6H         PUBLIC        IP6
  D:00B7H         PUBLIC        IP7
  C:287CH         PUBLIC        tk_param_init
  X:648DH         PUBLIC        __tk_update_cnt
  X:648FH         PUBLIC        __tk_confirm_cnt
  X:6491H         PUBLIC        __tk_leave_cnt
  X:6493H         PUBLIC        __tk_ch_index
  X:6495H         PUBLIC        __tk_ch_fth
  X:6499H         PUBLIC        __tk_i_set
  X:6000H         PUBLIC        __tk_ch_data_0
  X:6004H         PUBLIC        __tk_ch_data_1
  X:6008H         PUBLIC        __tk_ch_data_2
  X:6010H         PUBLIC        __tk_ch_data_3
  X:6014H         PUBLIC        __tk_ch_data_4
  X:649DH         PUBLIC        __tk_ch_data_5
  X:64A1H         PUBLIC        __tk_ch_data_6
  C:3629H         PUBLIC        __tk_adjust_line
  C:362DH         PUBLIC        __tk_adjust_time
  C:362FH         PUBLIC        __tk_adjust_diff_valu
  C:3631H         PUBLIC        __tk_adjust_en
  C:3632H         PUBLIC        __tk_valid_time
  C:3634H         PUBLIC        __tk_long_key_time
  C:363EH         PUBLIC        __tk_use_num
  C:3638H         PUBLIC        __tk_cs_en
  C:363AH         PUBLIC        __tk_nm_num
  C:3639H         PUBLIC        __tk_tp_en
  C:363BH         PUBLIC        __tk_base_update_cnt
  C:363DH         PUBLIC        __tk_cm_valu
  C:3636H         PUBLIC        __tk_noise_value
  C:363CH         PUBLIC        __tk_nm_cm_value
  C:363FH         SYMBOL        TK_CH_EN_BUG
  C:1C0DH         PUBLIC        tk_gpio_config
  C:3139H         PUBLIC        TK_IRQHandler
  C:2F77H         PUBLIC        tk_init
  C:36D3H         SYMBOL        Com0055
  C:36D3H         SYMBOL        L?0086
  C:36D3H         SYMBOL        L?0087
  C:36D5H         SYMBOL        L?0088
  C:36D8H         SYMBOL        L?0089
  C:36E1H         SYMBOL        L?0090
  C:36E3H         SYMBOL        L?0091
  -------         PROC          COM0055
BL51 BANKED LINKER/LOCATER V6.22.4.0                                                  06/03/2025  17:12:24  PAGE 13


  -------         ENDPROC       COM0055
  -------         PROC          TK_GPIO_CONFIG
  -------         DO            
  D:0007H         SYMBOL        i
  -------         ENDDO         
  C:1C0DH         LINE#         262
  C:1C0DH         LINE#         263
  C:1C0DH         LINE#         264
  C:1C0FH         LINE#         266
  C:1C0FH         LINE#         267
  C:1C0FH         LINE#         269
  C:1C17H         LINE#         270
  C:1C17H         LINE#         271
  C:1C1FH         LINE#         272
  C:1C1FH         LINE#         273
  C:1C34H         LINE#         274
  C:1C44H         LINE#         275
  C:1C47H         LINE#         277
  C:1C47H         LINE#         278
  C:1C5CH         LINE#         279
  C:1C6CH         LINE#         280
  C:1C6CH         LINE#         281
  C:1C6FH         LINE#         282
  C:1C7FH         LINE#         283
  C:1C7FH         LINE#         284
  C:1C87H         LINE#         285
  C:1C87H         LINE#         286
  C:1C9EH         LINE#         287
  C:1CB0H         LINE#         288
  C:1CB3H         LINE#         290
  C:1CB3H         LINE#         291
  C:1CCAH         LINE#         292
  C:1CDCH         LINE#         293
  C:1CDCH         LINE#         294
  C:1CDFH         LINE#         296
  C:1CDFH         LINE#         297
  C:1CE7H         LINE#         298
  C:1CE7H         LINE#         299
  C:1CFEH         LINE#         300
  C:1D10H         LINE#         301
  C:1D12H         LINE#         303
  C:1D12H         LINE#         304
  C:1D29H         LINE#         305
  C:1D3FH         LINE#         306
  C:1D3FH         LINE#         307
  C:1D3FH         LINE#         308
  C:1D48H         LINE#         309
  -------         ENDPROC       TK_GPIO_CONFIG
  -------         PROC          TK_IRQHANDLER
  C:3139H         LINE#         316
  C:3156H         LINE#         318
  C:3156H         LINE#         319
  C:315CH         LINE#         320
  C:315CH         LINE#         321
  C:3160H         LINE#         322
  C:3163H         LINE#         323
  C:3163H         LINE#         324
BL51 BANKED LINKER/LOCATER V6.22.4.0                                                  06/03/2025  17:12:24  PAGE 14


  C:3163H         LINE#         325
  -------         ENDPROC       TK_IRQHANDLER
  -------         PROC          TK_INIT
  C:2F77H         LINE#         332
  C:2F77H         LINE#         333
  C:2F77H         LINE#         334
  C:2F79H         LINE#         335
  C:2F7CH         LINE#         336
  C:2F7FH         LINE#         337
  C:2F86H         LINE#         338
  C:2F89H         LINE#         339
  C:2F8EH         LINE#         340
  C:2F92H         LINE#         341
  C:2F97H         LINE#         342
  C:2F9BH         LINE#         343
  C:2FA0H         LINE#         344
  C:2FA4H         LINE#         345
  C:2FA9H         LINE#         346
  C:2FADH         LINE#         347
  C:2FB0H         LINE#         348
  C:2FB2H         LINE#         349
  C:2FB4H         LINE#         350
  C:2FB9H         LINE#         351
  C:2FBDH         LINE#         352
  C:2FC1H         LINE#         353
  C:2FC5H         LINE#         354
  -------         ENDPROC       TK_INIT
  -------         PROC          TK_PARAM_INIT
  -------         DO            
  D:0003H         SYMBOL        i
  -------         ENDDO         
  C:287CH         LINE#         403
  C:287CH         LINE#         404
  C:287CH         LINE#         405
  C:287EH         LINE#         408
  C:287EH         LINE#         409
  C:287EH         LINE#         410
  C:289CH         LINE#         411
  C:28C2H         LINE#         412
  C:28D4H         LINE#         413
  C:28FCH         LINE#         414
  C:2905H         LINE#         417
  C:2908H         LINE#         420
  C:290BH         LINE#         423
  -------         ENDPROC       TK_PARAM_INIT
  -------         ENDMOD        TK_SET

  -------         MODULE        MY_GPIO
  C:0000H         SYMBOL        _ICE_DUMMY_
  C:3767H         PUBLIC        p03_output_config
  C:37D1H         PUBLIC        p06_input_config
  C:37DEH         PUBLIC        p07_input_config
  C:37EBH         PUBLIC        p10_input_config
  C:37F8H         PUBLIC        p13_input_config
  C:3805H         PUBLIC        p14_input_config
  C:3812H         PUBLIC        p21_input_config
  C:381FH         PUBLIC        p22_input_config
BL51 BANKED LINKER/LOCATER V6.22.4.0                                                  06/03/2025  17:12:24  PAGE 15


  C:382CH         PUBLIC        p23_input_config
  C:3839H         PUBLIC        p25_input_config
  C:3846H         PUBLIC        p27_input_config
  C:3853H         PUBLIC        p30_input_config
  -------         PROC          P03_OUTPUT_CONFIG
  C:3767H         LINE#         67
  C:3767H         LINE#         68
  C:3767H         LINE#         69
  C:376DH         LINE#         70
  C:3771H         LINE#         72
  C:3776H         LINE#         73
  -------         ENDPROC       P03_OUTPUT_CONFIG
  -------         PROC          P06_INPUT_CONFIG
  C:37D1H         LINE#         90
  C:37D1H         LINE#         91
  C:37D1H         LINE#         93
  C:37D7H         LINE#         95
  C:37DDH         LINE#         96
  -------         ENDPROC       P06_INPUT_CONFIG
  -------         PROC          P07_INPUT_CONFIG
  C:37DEH         LINE#         99
  C:37DEH         LINE#         100
  C:37DEH         LINE#         102
  C:37E4H         LINE#         104
  C:37EAH         LINE#         105
  -------         ENDPROC       P07_INPUT_CONFIG
  -------         PROC          P10_INPUT_CONFIG
  C:37EBH         LINE#         108
  C:37EBH         LINE#         109
  C:37EBH         LINE#         111
  C:37F1H         LINE#         113
  C:37F7H         LINE#         114
  -------         ENDPROC       P10_INPUT_CONFIG
  -------         PROC          P13_INPUT_CONFIG
  C:37F8H         LINE#         117
  C:37F8H         LINE#         118
  C:37F8H         LINE#         120
  C:37FEH         LINE#         122
  C:3804H         LINE#         123
  -------         ENDPROC       P13_INPUT_CONFIG
  -------         PROC          P14_INPUT_CONFIG
  C:3805H         LINE#         126
  C:3805H         LINE#         127
  C:3805H         LINE#         129
  C:380BH         LINE#         131
  C:3811H         LINE#         132
  -------         ENDPROC       P14_INPUT_CONFIG
  -------         PROC          P21_INPUT_CONFIG
  C:3812H         LINE#         144
  C:3812H         LINE#         145
  C:3812H         LINE#         147
  C:3818H         LINE#         149
  C:381EH         LINE#         150
  -------         ENDPROC       P21_INPUT_CONFIG
  -------         PROC          P22_INPUT_CONFIG
  C:381FH         LINE#         153
  C:381FH         LINE#         154
BL51 BANKED LINKER/LOCATER V6.22.4.0                                                  06/03/2025  17:12:24  PAGE 16


  C:381FH         LINE#         156
  C:3825H         LINE#         158
  C:382BH         LINE#         159
  -------         ENDPROC       P22_INPUT_CONFIG
  -------         PROC          P23_INPUT_CONFIG
  C:382CH         LINE#         162
  C:382CH         LINE#         163
  C:382CH         LINE#         165
  C:3832H         LINE#         167
  C:3838H         LINE#         168
  -------         ENDPROC       P23_INPUT_CONFIG
  -------         PROC          P25_INPUT_CONFIG
  C:3839H         LINE#         171
  C:3839H         LINE#         172
  C:3839H         LINE#         174
  C:383FH         LINE#         176
  C:3845H         LINE#         177
  -------         ENDPROC       P25_INPUT_CONFIG
  -------         PROC          P27_INPUT_CONFIG
  C:3846H         LINE#         180
  C:3846H         LINE#         181
  C:3846H         LINE#         183
  C:384CH         LINE#         185
  C:3852H         LINE#         186
  -------         ENDPROC       P27_INPUT_CONFIG
  -------         PROC          P30_INPUT_CONFIG
  C:3853H         LINE#         189
  C:3853H         LINE#         190
  C:3853H         LINE#         192
  C:3859H         LINE#         194
  C:385FH         LINE#         195
  -------         ENDPROC       P30_INPUT_CONFIG
  -------         ENDMOD        MY_GPIO

  -------         MODULE        TMR0
  C:0000H         SYMBOL        _ICE_DUMMY_
  D:00A8H         PUBLIC        IE0
  D:00A9H         PUBLIC        IE1
  D:00AAH         PUBLIC        IE2
  D:00ABH         PUBLIC        IE3
  B:00A8H.7       PUBLIC        IE_EA
  D:00B8H         PUBLIC        IP0
  D:00B1H         PUBLIC        IP1
  D:00B2H         PUBLIC        IP2
  D:00B3H         PUBLIC        IP3
  D:00B4H         PUBLIC        IP4
  D:00B5H         PUBLIC        IP5
  D:00B6H         PUBLIC        IP6
  D:00B7H         PUBLIC        IP7
  X:600CH         PUBLIC        tmr0_cnt
  C:32F4H         PUBLIC        tmr0_config
  C:387AH         PUBLIC        tmr0_enable
  C:3777H         PUBLIC        tmr0_disable
  C:2FC6H         PUBLIC        TIMR0_IRQHandler
  C:389DH         SYMBOL        Com004E
  C:389DH         SYMBOL        L?0079
  C:389DH         SYMBOL        L?0080
BL51 BANKED LINKER/LOCATER V6.22.4.0                                                  06/03/2025  17:12:24  PAGE 17


  -------         PROC          COM004E
  -------         ENDPROC       COM004E
  -------         PROC          TMR0_CONFIG
  C:32F4H         LINE#         13
  C:32F4H         LINE#         14
  C:32F4H         LINE#         15
  C:32FAH         LINE#         16
  C:32FDH         LINE#         17
  C:32FFH         LINE#         20
  C:3303H         LINE#         21
  C:3305H         LINE#         23
  C:330BH         LINE#         24
  C:330FH         LINE#         25
  C:3313H         LINE#         26
  C:3317H         LINE#         28
  C:331CH         LINE#         29
  C:3320H         LINE#         31
  C:3325H         LINE#         32
  C:3329H         LINE#         34
  C:3329H         LINE#         35
  C:332FH         LINE#         36
  -------         ENDPROC       TMR0_CONFIG
  -------         PROC          TMR0_ENABLE
  C:387AH         LINE#         41
  C:387AH         LINE#         42
  C:387AH         LINE#         44
  C:387AH         LINE#         45
  C:3880H         LINE#         47
  C:3883H         LINE#         48
  C:3885H         LINE#         49
  -------         ENDPROC       TMR0_ENABLE
  -------         PROC          TMR0_DISABLE
  C:3777H         LINE#         54
  C:3777H         LINE#         55
  C:3777H         LINE#         57
  C:3777H         LINE#         58
  C:377DH         LINE#         61
  C:3781H         LINE#         62
  C:3783H         LINE#         64
  C:3786H         LINE#         65
  -------         ENDPROC       TMR0_DISABLE
  -------         PROC          TIMR0_IRQHANDLER
  C:2FC6H         LINE#         68
  C:2FDDH         LINE#         71
  C:2FDDH         LINE#         77
  C:2FE3H         LINE#         78
  C:2FE3H         LINE#         79
  C:2FE7H         LINE#         80
  C:3000H         LINE#         82
  C:3000H         LINE#         86
  C:3000H         LINE#         87
  -------         ENDPROC       TIMR0_IRQHANDLER
  -------         ENDMOD        TMR0

  -------         MODULE        TMR1
  C:0000H         SYMBOL        _ICE_DUMMY_
  D:00A8H         PUBLIC        IE0
BL51 BANKED LINKER/LOCATER V6.22.4.0                                                  06/03/2025  17:12:24  PAGE 18


  D:00A9H         PUBLIC        IE1
  D:00AAH         PUBLIC        IE2
  D:00ABH         PUBLIC        IE3
  B:00A8H.7       PUBLIC        IE_EA
  D:00B8H         PUBLIC        IP0
  D:00B1H         PUBLIC        IP1
  D:00B2H         PUBLIC        IP2
  D:00B3H         PUBLIC        IP3
  D:00B4H         PUBLIC        IP4
  D:00B5H         PUBLIC        IP5
  D:00B6H         PUBLIC        IP6
  D:00B7H         PUBLIC        IP7
  D:00D1H         PUBLIC        TMR_ALLCON
  C:327AH         PUBLIC        tmr1_config
  C:3787H         PUBLIC        tmr1_enable
  C:13EBH         PUBLIC        heart_beat_handle
  X:650BH         PUBLIC        tmr1_cnt
  C:2EC4H         PUBLIC        TIMR1_IRQHandler
  C:2DA2H         SYMBOL        Com0055
  C:2DA2H         SYMBOL        L?0086
  C:2DB1H         SYMBOL        L?0087
  C:2DBAH         SYMBOL        L?0088
  C:2DCBH         SYMBOL        L?0089
  C:2DD2H         SYMBOL        L?0090
  C:2DD5H         SYMBOL        L?0091
  C:2DDBH         SYMBOL        L?0092
  C:2DDBH         SYMBOL        L?0093
  C:2DE3H         SYMBOL        L?0094
  C:2DE3H         SYMBOL        L?0095
  C:2DE9H         SYMBOL        L?0096
  C:2DFAH         SYMBOL        L?0097
  -------         PROC          COM0055
  -------         ENDPROC       COM0055
  -------         PROC          TMR1_CONFIG
  C:327AH         LINE#         15
  C:327AH         LINE#         16
  C:327AH         LINE#         17
  C:3280H         LINE#         18
  C:3283H         LINE#         19
  C:3285H         LINE#         21
  C:3288H         LINE#         23
  C:328EH         LINE#         24
  C:3292H         LINE#         25
  C:3296H         LINE#         26
  C:329AH         LINE#         28
  C:329FH         LINE#         29
  C:32A3H         LINE#         32
  C:32A8H         LINE#         33
  C:32ACH         LINE#         35
  C:32B2H         LINE#         36
  C:32B6H         LINE#         37
  -------         ENDPROC       TMR1_CONFIG
  -------         PROC          TMR1_ENABLE
  C:3787H         LINE#         42
  C:3787H         LINE#         43
  C:3787H         LINE#         45
  C:378DH         LINE#         46
BL51 BANKED LINKER/LOCATER V6.22.4.0                                                  06/03/2025  17:12:24  PAGE 19


  C:3791H         LINE#         48
  C:3794H         LINE#         49
  C:3796H         LINE#         50
  -------         ENDPROC       TMR1_ENABLE
  -------         PROC          HEART_BEAT_HANDLE
  -------         DO            
  X:6507H         SYMBOL        old_time_ms_cnt
  X:6474H         SYMBOL        cur_time_ms_cnt
  X:6478H         SYMBOL        diff_ms_cnt
  -------         ENDDO         
  C:13EBH         LINE#         68
  C:13EBH         LINE#         69
  C:13EBH         LINE#         71
  C:13F7H         LINE#         72
  C:1401H         LINE#         73
  C:140BH         LINE#         74
  C:1420H         LINE#         75
  C:142AH         LINE#         77
  C:143AH         LINE#         78
  C:143AH         LINE#         80
  C:1446H         LINE#         81
  C:1446H         LINE#         83
  C:1455H         LINE#         84
  C:1455H         LINE#         86
  C:145BH         LINE#         87
  C:146CH         LINE#         88
  C:146CH         LINE#         89
  C:1478H         LINE#         90
  C:147FH         LINE#         95
  C:148BH         LINE#         96
  C:1495H         LINE#         97
  C:1497H         LINE#         98
  C:1497H         LINE#         99
  C:1497H         LINE#         101
  C:14A6H         LINE#         102
  C:14A6H         LINE#         104
  C:14ACH         LINE#         105
  C:14BDH         LINE#         106
  C:14BDH         LINE#         107
  C:14C9H         LINE#         108
  C:14D0H         LINE#         113
  C:14DCH         LINE#         114
  C:14E6H         LINE#         115
  C:14E8H         LINE#         116
  C:14E8H         LINE#         117
  C:14E8H         LINE#         119
  C:14F3H         LINE#         120
  C:14F3H         LINE#         122
  C:1502H         LINE#         123
  C:1502H         LINE#         125
  C:150DH         LINE#         126
  C:150DH         LINE#         128
  C:151CH         LINE#         129
  C:151CH         LINE#         131
  C:1523H         LINE#         132
  C:1523H         LINE#         134
  C:1529H         LINE#         135
BL51 BANKED LINKER/LOCATER V6.22.4.0                                                  06/03/2025  17:12:24  PAGE 20


  C:153AH         LINE#         136
  C:153AH         LINE#         138
  C:153EH         LINE#         139
  C:1542H         LINE#         140
  C:1542H         LINE#         141
  C:1542H         LINE#         143
  C:1549H         LINE#         144
  C:1549H         LINE#         147
  C:154FH         LINE#         148
  C:1560H         LINE#         149
  C:1560H         LINE#         151
  C:1564H         LINE#         152
  C:1568H         LINE#         153
  C:1568H         LINE#         154
  C:1568H         LINE#         156
  C:156FH         LINE#         157
  C:156FH         LINE#         160
  C:1575H         LINE#         161
  C:1586H         LINE#         162
  C:1586H         LINE#         164
  C:158AH         LINE#         165
  C:158EH         LINE#         166
  C:158EH         LINE#         167
  C:158EH         LINE#         169
  C:1599H         LINE#         170
  C:1599H         LINE#         171
  C:15A3H         LINE#         172
  C:15A3H         LINE#         174
  C:15B1H         LINE#         175
  C:15B1H         LINE#         176
  C:15BDH         LINE#         177
  C:15BDH         LINE#         178
  -------         ENDPROC       HEART_BEAT_HANDLE
  -------         PROC          TIMR1_IRQHANDLER
  C:2EC4H         LINE#         181
  C:2EDBH         LINE#         184
  C:2EDBH         LINE#         205
  C:2EE1H         LINE#         206
  C:2EE1H         LINE#         207
  C:2EE5H         LINE#         209
  C:2EF1H         LINE#         211
  C:2EF1H         LINE#         231
  C:2EFAH         LINE#         232
  C:2EFAH         LINE#         233
  C:2EFDH         LINE#         234
  C:2EFDH         LINE#         236
  C:2F06H         LINE#         237
  C:2F06H         LINE#         238
  C:2F09H         LINE#         239
  C:2F09H         LINE#         240
  C:2F09H         LINE#         241
  C:2F09H         LINE#         245
  C:2F09H         LINE#         246
  -------         ENDPROC       TIMR1_IRQHANDLER
  -------         ENDMOD        TMR1

  -------         MODULE        TMR2
BL51 BANKED LINKER/LOCATER V6.22.4.0                                                  06/03/2025  17:12:24  PAGE 21


  C:0000H         SYMBOL        _ICE_DUMMY_
  D:00A8H         PUBLIC        IE0
  D:00A9H         PUBLIC        IE1
  D:00AAH         PUBLIC        IE2
  D:00ABH         PUBLIC        IE3
  B:00A8H.7       PUBLIC        IE_EA
  D:00B8H         PUBLIC        IP0
  D:00B1H         PUBLIC        IP1
  D:00B2H         PUBLIC        IP2
  D:00B3H         PUBLIC        IP3
  D:00B4H         PUBLIC        IP4
  D:00B5H         PUBLIC        IP5
  D:00B6H         PUBLIC        IP6
  D:00B7H         PUBLIC        IP7
  B:0080H.2       PUBLIC        P02
  B:0090H.5       PUBLIC        P15
  D:00D1H         PUBLIC        TMR_ALLCON
  C:317EH         PUBLIC        tmr2_config
  C:3745H         PUBLIC        tmr2_enable
  C:2B40H         PUBLIC        TIMR2_IRQHandler
  C:3647H         SYMBOL        Com004B
  C:3647H         SYMBOL        L?0076
  C:3658H         SYMBOL        L?0077
  -------         PROC          COM004B
  -------         ENDPROC       COM004B
  -------         PROC          TMR2_CONFIG
  C:317EH         LINE#         14
  C:317EH         LINE#         15
  C:317EH         LINE#         16
  C:3184H         LINE#         17
  C:3187H         LINE#         18
  C:3189H         LINE#         21
  C:318CH         LINE#         23
  C:3193H         LINE#         24
  C:3195H         LINE#         25
  C:3199H         LINE#         26
  C:319DH         LINE#         29
  C:31A3H         LINE#         30
  C:31A9H         LINE#         32
  C:31B0H         LINE#         33
  C:31B4H         LINE#         34
  C:31B9H         LINE#         35
  C:31BDH         LINE#         36
  -------         ENDPROC       TMR2_CONFIG
  -------         PROC          TMR2_ENABLE
  C:3745H         LINE#         41
  C:3745H         LINE#         42
  C:3745H         LINE#         44
  C:374CH         LINE#         45
  C:3750H         LINE#         47
  C:3753H         LINE#         48
  C:3755H         LINE#         49
  -------         ENDPROC       TMR2_ENABLE
  -------         PROC          TIMR2_IRQHANDLER
  -------         DO            
  B:0022H.5       SYMBOL        last_engine_speed_scan_level
  B:0022H.6       SYMBOL        last_speed_scan_level
BL51 BANKED LINKER/LOCATER V6.22.4.0                                                  06/03/2025  17:12:24  PAGE 22


  -------         ENDDO         
  C:2B40H         LINE#         68
  C:2B5DH         LINE#         75
  C:2B5DH         LINE#         80
  C:2B64H         LINE#         81
  C:2B64H         LINE#         82
  C:2B68H         LINE#         84
  C:2B6BH         LINE#         85
  C:2B6BH         LINE#         86
  C:2B6EH         LINE#         87
  C:2B6EH         LINE#         89
  C:2B76H         LINE#         90
  C:2B76H         LINE#         91
  C:2B82H         LINE#         92
  C:2B82H         LINE#         93
  C:2B82H         LINE#         95
  C:2B84H         LINE#         96
  C:2B86H         LINE#         98
  C:2B86H         LINE#         100
  C:2B88H         LINE#         101
  C:2B88H         LINE#         103
  C:2B8BH         LINE#         104
  C:2B8BH         LINE#         105
  C:2B8EH         LINE#         106
  C:2B8EH         LINE#         108
  C:2B96H         LINE#         109
  C:2B96H         LINE#         110
  C:2BA2H         LINE#         111
  C:2BA2H         LINE#         112
  C:2BA2H         LINE#         114
  C:2BA4H         LINE#         115
  C:2BA6H         LINE#         117
  C:2BA6H         LINE#         119
  C:2BA8H         LINE#         120
  C:2BA8H         LINE#         121
  C:2BA8H         LINE#         125
  C:2BA8H         LINE#         126
  -------         ENDPROC       TIMR2_IRQHANDLER
  -------         ENDMOD        TMR2

  -------         MODULE        UART0
  C:0000H         SYMBOL        _ICE_DUMMY_
  D:00A8H         PUBLIC        IE0
  D:00A9H         PUBLIC        IE1
  D:00AAH         PUBLIC        IE2
  D:00ABH         PUBLIC        IE3
  B:00A8H.7       PUBLIC        IE_EA
  D:00B8H         PUBLIC        IP0
  D:00B1H         PUBLIC        IP1
  D:00B2H         PUBLIC        IP2
  D:00B3H         PUBLIC        IP3
  D:00B4H         PUBLIC        IP4
  D:00B5H         PUBLIC        IP5
  D:00B6H         PUBLIC        IP6
  D:00B7H         PUBLIC        IP7
  D:00D2H         PUBLIC        UART0_CON0
  D:00D4H         PUBLIC        UART0_STA
BL51 BANKED LINKER/LOCATER V6.22.4.0                                                  06/03/2025  17:12:24  PAGE 23


  D:00D5H         PUBLIC        UART0_BAUD0
  D:00D6H         PUBLIC        UART0_BAUD1
  D:00D7H         PUBLIC        UART0_DATA
  C:37A7H         PUBLIC        _putchar
  X:63F1H         PUBLIC        uart0_recv_buf
  X:641EH         PUBLIC        uart0_recv_len
  X:6421H         PUBLIC        recved_flagbuf
  X:6424H         PUBLIC        recv_frame_cnt
  X:6425H         PUBLIC        flagbuf_valid_instruction
  C:3498H         PUBLIC        uart0_config
  C:3860H         PUBLIC        _uart0_sendbyte
  C:0027H         PUBLIC        _uart0_send_buff
  C:1E81H         PUBLIC        uart0_scan_handle
  B:0023H.1       SYMBOL        flag_is_recving_data
  X:6428H         SYMBOL        frame_len
  X:6429H         SYMBOL        cur_recv_len
  X:642AH         SYMBOL        blank_index
  C:1D49H         PUBLIC        UART0_IRQHandler
  C:2F1EH         SYMBOL        Com005E
  C:2F1EH         SYMBOL        L?0095
  C:2F27H         SYMBOL        L?0096
  C:2F2FH         SYMBOL        L?0097
  C:2F36H         SYMBOL        L?0098
  C:2F3EH         SYMBOL        L?0099
  C:2F50H         SYMBOL        L?0100
  C:2F53H         SYMBOL        L?0101
  C:2F5BH         SYMBOL        L?0102
  C:2F67H         SYMBOL        L?0103
  C:2F71H         SYMBOL        L?0104
  -------         PROC          COM005E
  -------         ENDPROC       COM005E
  -------         PROC          _PUTCHAR
  X:6523H         SYMBOL        c
  C:37A7H         LINE#         29
  C:37ACH         LINE#         30
  C:37ACH         LINE#         31
  C:37AFH         LINE#         32
  C:37B4H         LINE#         33
  -------         ENDPROC       _PUTCHAR
  -------         PROC          UART0_CONFIG
  C:3498H         LINE#         38
  C:3498H         LINE#         39
  C:3498H         LINE#         41
  C:349EH         LINE#         42
  C:34A2H         LINE#         43
  C:34A6H         LINE#         44
  C:34ADH         LINE#         45
  C:34B4H         LINE#         63
  C:34B7H         LINE#         64
  C:34B9H         LINE#         66
  C:34BCH         LINE#         67
  C:34BFH         LINE#         68
  C:34C2H         LINE#         73
  -------         ENDPROC       UART0_CONFIG
  -------         PROC          UART0_IRQHANDLER
  -------         DO            
  X:648CH         SYMBOL        uart0_tmp_val
BL51 BANKED LINKER/LOCATER V6.22.4.0                                                  06/03/2025  17:12:24  PAGE 24


  -------         ENDDO         
  C:1D49H         LINE#         76
  C:1D66H         LINE#         78
  C:1D6BH         LINE#         81
  C:1D6BH         LINE#         86
  C:1D73H         LINE#         87
  C:1D73H         LINE#         89
  C:1D76H         LINE#         91
  C:1D86H         LINE#         93
  C:1D86H         LINE#         97
  C:1D86H         LINE#         98
  C:1D86H         LINE#         99
  C:1D89H         LINE#         101
  C:1D89H         LINE#         104
  C:1D90H         LINE#         105
  C:1D90H         LINE#         108
  C:1D92H         LINE#         109
  C:1D92H         LINE#         110
  C:1D95H         LINE#         111
  C:1D98H         LINE#         112
  C:1DA2H         LINE#         113
  C:1DA5H         LINE#         114
  C:1DA5H         LINE#         116
  C:1DACH         LINE#         117
  C:1DACH         LINE#         119
  C:1DB4H         LINE#         122
  C:1DB4H         LINE#         125
  C:1DBDH         LINE#         126
  C:1DBDH         LINE#         128
  C:1DECH         LINE#         130
  C:1DF6H         LINE#         133
  C:1E03H         LINE#         135
  C:1E03H         LINE#         137
  C:1E16H         LINE#         139
  C:1E18H         LINE#         140
  C:1E18H         LINE#         141
  C:1E1BH         LINE#         143
  C:1E21H         LINE#         144
  C:1E27H         LINE#         146
  C:1E40H         LINE#         147
  C:1E4FH         LINE#         148
  C:1E4FH         LINE#         149
  C:1E59H         LINE#         150
  C:1E59H         LINE#         175
  C:1E59H         LINE#         176
  C:1E5CH         LINE#         177
  C:1E66H         LINE#         178
  C:1E66H         LINE#         180
  C:1E66H         LINE#         181
  C:1E66H         LINE#         183
  C:1E66H         LINE#         188
  C:1E66H         LINE#         192
  C:1E66H         LINE#         193
  -------         ENDPROC       UART0_IRQHANDLER
  -------         PROC          _UART0_SENDBYTE
  D:0007H         SYMBOL        senddata
  C:3860H         LINE#         196
BL51 BANKED LINKER/LOCATER V6.22.4.0                                                  06/03/2025  17:12:24  PAGE 25


  C:3860H         LINE#         197
  C:3860H         LINE#         198
  C:3865H         LINE#         200
  C:3867H         LINE#         201
  C:386CH         LINE#         203
  -------         ENDPROC       _UART0_SENDBYTE
  -------         PROC          _UART0_SEND_BUFF
  X:651AH         SYMBOL        buf
  D:0005H         SYMBOL        len
  -------         DO            
  D:0006H         SYMBOL        i
  -------         ENDDO         
  C:0027H         LINE#         207
  C:002DH         LINE#         208
  C:002DH         LINE#         209
  C:002FH         LINE#         210
  C:0034H         LINE#         211
  C:0034H         LINE#         212
  C:0046H         LINE#         213
  C:0049H         LINE#         214
  -------         ENDPROC       _UART0_SEND_BUFF
  -------         PROC          UART0_SCAN_HANDLE
  -------         DO            
  X:6474H         SYMBOL        i
  X:6475H         SYMBOL        checksum
  B:0023H.4       SYMBOL        __flag_is_crc_or_len_err
  -------         DO            
  X:6476H         SYMBOL        __loop_crc_cnt
  -------         ENDDO         
  -------         ENDDO         
  C:1E81H         LINE#         219
  C:1E81H         LINE#         220
  C:1E81H         LINE#         221
  C:1E86H         LINE#         222
  C:1E88H         LINE#         223
  C:1E8AH         LINE#         227
  C:1E9BH         LINE#         228
  C:1E9BH         LINE#         232
  C:1E9EH         LINE#         233
  C:1EA8H         LINE#         236
  C:1EADH         LINE#         237
  C:1EB1H         LINE#         238
  C:1EB4H         LINE#         272
  C:1EB4H         LINE#         276
  C:1EC6H         LINE#         277
  C:1EC6H         LINE#         278
  C:1ED2H         LINE#         279
  C:1ED2H         LINE#         283
  C:1EEFH         LINE#         284
  C:1EEFH         LINE#         293
  C:1EF8H         LINE#         294
  C:1EF8H         LINE#         295
  C:1F09H         LINE#         298
  C:1F09H         LINE#         300
  C:1F09H         LINE#         301
  C:1F0EH         LINE#         302
  C:1F12H         LINE#         303
BL51 BANKED LINKER/LOCATER V6.22.4.0                                                  06/03/2025  17:12:24  PAGE 26


  C:1F23H         LINE#         304
  C:1F23H         LINE#         305
  C:1F3FH         LINE#         306
  C:1F45H         LINE#         309
  C:1F4AH         LINE#         310
  C:1F69H         LINE#         311
  C:1F69H         LINE#         313
  C:1F6BH         LINE#         314
  C:1F6BH         LINE#         315
  C:1F6BH         LINE#         317
  C:1F6EH         LINE#         318
  C:1F6EH         LINE#         344
  C:1F70H         LINE#         345
  C:1F7AH         LINE#         346
  C:1F7AH         LINE#         347
  C:1F8BH         LINE#         348
  C:1F8BH         LINE#         351
  C:1F9BH         LINE#         352
  C:1F9BH         LINE#         353
  C:1FA4H         LINE#         354
  -------         ENDPROC       UART0_SCAN_HANDLE
  -------         ENDMOD        UART0

  -------         MODULE        ADC
  C:0000H         SYMBOL        _ICE_DUMMY_
  D:0091H         PUBLIC        ADC_CFG2
  D:0093H         PUBLIC        ADC_DATAH0
  D:0094H         PUBLIC        ADC_DATAL0
  D:0099H         PUBLIC        ADC_CHS0
  X:651DH         PUBLIC        adc_val
  C:3587H         PUBLIC        adc_config
  C:336AH         PUBLIC        _adc_sel_pin
  C:3541H         PUBLIC        adc_single_convert
  C:2159H         PUBLIC        adc_getval
  C:369EH         SYMBOL        Com0012
  C:369EH         SYMBOL        L?0019
  C:369EH         SYMBOL        L?0020
  C:36AAH         SYMBOL        L?0021
  C:36B3H         SYMBOL        L?0022
  -------         PROC          COM0012
  -------         ENDPROC       COM0012
  -------         PROC          ADC_CONFIG
  C:3587H         LINE#         7
  C:3587H         LINE#         8
  C:3587H         LINE#         10
  C:358DH         LINE#         12
  C:3591H         LINE#         14
  C:3596H         LINE#         18
  C:359CH         LINE#         19
  C:359FH         LINE#         26
  C:359FH         LINE#         27
  C:35A2H         LINE#         28
  C:35A8H         LINE#         31
  -------         ENDPROC       ADC_CONFIG
  -------         PROC          _ADC_SEL_PIN
  D:0007H         SYMBOL        adc_pin
  C:336AH         LINE#         35
BL51 BANKED LINKER/LOCATER V6.22.4.0                                                  06/03/2025  17:12:24  PAGE 27


  C:336AH         LINE#         36
  C:336AH         LINE#         37
  C:3376H         LINE#         38
  C:3376H         LINE#         39
  C:3376H         LINE#         40
  C:337DH         LINE#         41
  C:3381H         LINE#         42
  C:3384H         LINE#         43
  C:3386H         LINE#         46
  C:3386H         LINE#         47
  C:3386H         LINE#         48
  C:3389H         LINE#         49
  C:338CH         LINE#         51
  C:338EH         LINE#         53
  C:338EH         LINE#         54
  C:338EH         LINE#         55
  C:3391H         LINE#         56
  C:3394H         LINE#         57
  C:3394H         LINE#         59
  C:3394H         LINE#         63
  C:3394H         LINE#         64
  C:3394H         LINE#         66
  C:339AH         LINE#         69
  -------         ENDPROC       _ADC_SEL_PIN
  -------         PROC          ADC_SINGLE_CONVERT
  C:3541H         LINE#         73
  C:3541H         LINE#         74
  C:3541H         LINE#         75
  C:3547H         LINE#         76
  C:354DH         LINE#         78
  C:3550H         LINE#         79
  C:3563H         LINE#         80
  -------         ENDPROC       ADC_SINGLE_CONVERT
  -------         PROC          ADC_GETVAL
  -------         DO            
  X:6476H         SYMBOL        adc_val_tmp
  X:6478H         SYMBOL        adc_val_sum
  X:647CH         SYMBOL        get_adcmax
  X:647EH         SYMBOL        get_adcmin
  X:6480H         SYMBOL        i
  -------         ENDDO         
  C:2159H         LINE#         83
  C:2159H         LINE#         84
  C:2159H         LINE#         85
  C:2160H         LINE#         86
  C:2168H         LINE#         87
  C:216FH         LINE#         88
  C:2175H         LINE#         89
  C:2178H         LINE#         91
  C:2179H         LINE#         92
  C:2179H         LINE#         93
  C:2184H         LINE#         94
  C:218DH         LINE#         95
  C:218DH         LINE#         96
  C:21A3H         LINE#         97
  C:21ABH         LINE#         98
  C:21BAH         LINE#         99
BL51 BANKED LINKER/LOCATER V6.22.4.0                                                  06/03/2025  17:12:24  PAGE 28


  C:21C9H         LINE#         100
  C:21E1H         LINE#         101
  C:21EDH         LINE#         103
  C:2205H         LINE#         104
  C:221CH         LINE#         105
  C:222CH         LINE#         107
  C:222CH         LINE#         108
  -------         ENDPROC       ADC_GETVAL
  -------         ENDMOD        ADC

  -------         MODULE        FLASH
  C:0000H         SYMBOL        _ICE_DUMMY_
  D:00A4H         PUBLIC        FLASH_CON
  D:00A5H         PUBLIC        FLASH_STA
  D:00A6H         PUBLIC        FLASH_DATA
  D:00AEH         PUBLIC        FLASH_PASSWORD
  D:00AFH         PUBLIC        FLASH_ADDR
  C:3756H         PUBLIC        _flash_erase_sector
  C:33A1H         PUBLIC        _flash_write
  C:33D8H         PUBLIC        _flash_read
  -------         PROC          _FLASH_ERASE_SECTOR
  D:0007H         SYMBOL        addr
  C:3756H         LINE#         11
  C:3756H         LINE#         12
  C:3756H         LINE#         13
  C:3759H         LINE#         14
  C:375BH         LINE#         15
  C:375EH         LINE#         16
  C:3761H         LINE#         18
  C:3766H         LINE#         20
  -------         ENDPROC       _FLASH_ERASE_SECTOR
  -------         PROC          _FLASH_WRITE
  D:0007H         SYMBOL        addr
  X:6479H         SYMBOL        p_data
  X:647CH         SYMBOL        len
  C:33A1H         LINE#         29
  C:33A7H         LINE#         30
  C:33A7H         LINE#         31
  C:33AAH         LINE#         32
  C:33ACH         LINE#         34
  C:33B5H         LINE#         35
  C:33B5H         LINE#         36
  C:33BAH         LINE#         38
  C:33C9H         LINE#         39
  C:33CCH         LINE#         40
  C:33CFH         LINE#         42
  C:33D5H         LINE#         43
  C:33D7H         LINE#         44
  -------         ENDPROC       _FLASH_WRITE
  -------         PROC          _FLASH_READ
  D:0007H         SYMBOL        addr
  X:6475H         SYMBOL        p_data
  X:6478H         SYMBOL        len
  C:33D8H         LINE#         53
  C:33DEH         LINE#         54
  C:33DEH         LINE#         55
  C:33E4H         LINE#         56
BL51 BANKED LINKER/LOCATER V6.22.4.0                                                  06/03/2025  17:12:24  PAGE 29


  C:33E4H         LINE#         57
  C:3403H         LINE#         58
  C:3409H         LINE#         59
  C:340BH         LINE#         60
  -------         ENDPROC       _FLASH_READ
  -------         ENDMOD        FLASH

  -------         MODULE        AIP1302
  C:0000H         SYMBOL        _ICE_DUMMY_
  B:0090H.6       PUBLIC        P16
  B:0090H.7       PUBLIC        P17
  B:00A0H.4       PUBLIC        P24
  C:290EH         PUBLIC        ___aip1302_read_byte
  C:000FH         PUBLIC        aip1302_is_running
  C:2E66H         PUBLIC        aip1302_config
  C:3703H         PUBLIC        _aip1302_read_byte
  C:254BH         PUBLIC        _aip1302_write_byte
  C:31FDH         PUBLIC        aip1302_update_time
  C:30F3H         PUBLIC        aip1302_read_all
  C:31BEH         PUBLIC        aip1302_update_all_data
  C:36B9H         SYMBOL        _reverse_u8
  C:2D34H         SYMBOL        ___aip1302_convert_read_byte
  C:29A0H         SYMBOL        ___aip1302_write_byte
  C:343EH         SYMBOL        Com0043
  C:343EH         SYMBOL        L?0068
  C:3440H         SYMBOL        L?0069
  C:3450H         SYMBOL        L?0073
  C:345BH         SYMBOL        L?0074
  C:3465H         SYMBOL        L?0075
  -------         PROC          COM0043
  -------         ENDPROC       COM0043
  -------         PROC          AIP1302_CONFIG
  -------         DO            
  D:0007H         SYMBOL        ret
  -------         ENDDO         
  C:2E66H         LINE#         6
  C:2E66H         LINE#         7
  C:2E66H         LINE#         8
  C:2E68H         LINE#         12
  C:2E6EH         LINE#         13
  C:2E72H         LINE#         14
  C:2E77H         LINE#         16
  C:2E7BH         LINE#         17
  C:2E7FH         LINE#         18
  C:2E84H         LINE#         20
  C:2E84H         LINE#         21
  C:2E84H         LINE#         22
  C:2E87H         LINE#         24
  C:2E89H         LINE#         25
  C:2E8BH         LINE#         30
  C:2E8EH         LINE#         31
  C:2E91H         LINE#         32
  C:2E91H         LINE#         35
  C:2E91H         LINE#         37
  C:2E91H         LINE#         41
  C:2E97H         LINE#         42
  C:2E9EH         LINE#         43
BL51 BANKED LINKER/LOCATER V6.22.4.0                                                  06/03/2025  17:12:24  PAGE 30


  C:2EA5H         LINE#         44
  C:2EACH         LINE#         45
  C:2EB3H         LINE#         46
  C:2EBAH         LINE#         47
  C:2EC1H         LINE#         48
  C:2EC1H         LINE#         51
  -------         ENDPROC       AIP1302_CONFIG
  -------         PROC          _REVERSE_U8
  D:0007H         SYMBOL        arg
  -------         DO            
  D:0006H         SYMBOL        tmp
  D:0005H         SYMBOL        i
  -------         ENDDO         
  C:36B9H         LINE#         55
  C:36B9H         LINE#         56
  C:36B9H         LINE#         58
  C:36BBH         LINE#         61
  C:36BBH         LINE#         62
  C:36BBH         LINE#         63
  C:36BFH         LINE#         64
  C:36C3H         LINE#         65
  C:36C3H         LINE#         66
  C:36C7H         LINE#         67
  C:36C7H         LINE#         69
  C:36C7H         LINE#         70
  C:36C7H         LINE#         71
  C:36CBH         LINE#         72
  C:36D0H         LINE#         74
  C:36D2H         LINE#         75
  -------         ENDPROC       _REVERSE_U8
  -------         PROC          ___AIP1302_CONVERT_READ_BYTE
  D:0004H         SYMBOL        cmd
  D:0005H         SYMBOL        byte
  -------         DO            
  D:0007H         SYMBOL        tmp
  X:6479H         SYMBOL        i
  -------         DO            
  X:647AH         SYMBOL        tens_place
  X:647BH         SYMBOL        one_place
  -------         ENDDO         
  -------         ENDDO         
  C:2D34H         LINE#         78
  C:2D36H         LINE#         79
  C:2D36H         LINE#         80
  C:2D37H         LINE#         81
  C:2D3BH         LINE#         84
  C:2D40H         LINE#         93
  C:2D5EH         LINE#         94
  C:2D5EH         LINE#         95
  C:2D63H         LINE#         96
  C:2D65H         LINE#         99
  C:2D6EH         LINE#         100
  C:2D6EH         LINE#         103
  C:2D72H         LINE#         104
  C:2D74H         LINE#         105
  C:2D7DH         LINE#         106
  C:2D7DH         LINE#         108
BL51 BANKED LINKER/LOCATER V6.22.4.0                                                  06/03/2025  17:12:24  PAGE 31


  C:2D81H         LINE#         109
  C:2D83H         LINE#         110
  C:2D87H         LINE#         111
  C:2D87H         LINE#         113
  C:2D8BH         LINE#         114
  C:2D8BH         LINE#         116
  C:2D94H         LINE#         117
  C:2D9AH         LINE#         118
  C:2DA1H         LINE#         119
  C:2DA1H         LINE#         121
  C:2DA1H         LINE#         122
  -------         ENDPROC       ___AIP1302_CONVERT_READ_BYTE
  C:2982H         SYMBOL        L?0070
  C:298CH         SYMBOL        L?0071
  -------         PROC          ___AIP1302_READ_BYTE
  X:6479H         SYMBOL        cmd
  -------         DO            
  X:647AH         SYMBOL        recv_data
  X:647BH         SYMBOL        i
  -------         ENDDO         
  C:290EH         LINE#         125
  C:2913H         LINE#         126
  C:2913H         LINE#         127
  C:2916H         LINE#         128
  C:2916H         LINE#         131
  C:2916H         LINE#         132
  C:2916H         LINE#         133
  C:2919H         LINE#         135
  C:2919H         LINE#         136
  C:2919H         LINE#         137
  C:2919H         LINE#         138
  C:291FH         LINE#         140
  C:2924H         LINE#         141
  C:2924H         LINE#         142
  C:2924H         LINE#         143
  C:2927H         LINE#         144
  C:293AH         LINE#         145
  C:293AH         LINE#         146
  C:293CH         LINE#         147
  C:293EH         LINE#         149
  C:293EH         LINE#         150
  C:2940H         LINE#         151
  C:2940H         LINE#         152
  C:2947H         LINE#         154
  C:2947H         LINE#         155
  C:2947H         LINE#         156
  C:294CH         LINE#         159
  C:2952H         LINE#         160
  C:2958H         LINE#         162
  C:295DH         LINE#         163
  C:295DH         LINE#         164
  C:2964H         LINE#         165
  C:2964H         LINE#         166
  C:2967H         LINE#         167
  C:296AH         LINE#         168
  C:296AH         LINE#         169
  C:2971H         LINE#         170
BL51 BANKED LINKER/LOCATER V6.22.4.0                                                  06/03/2025  17:12:24  PAGE 32


  C:2971H         LINE#         172
  C:2971H         LINE#         173
  C:2971H         LINE#         174
  C:2971H         LINE#         175
  C:2971H         LINE#         176
  C:2976H         LINE#         178
  C:2978H         LINE#         179
  C:297AH         LINE#         180
  C:297CH         LINE#         182
  C:2981H         LINE#         183
  -------         ENDPROC       ___AIP1302_READ_BYTE
  -------         PROC          _AIP1302_READ_BYTE
  X:6478H         SYMBOL        cmd
  -------         DO            
  D:0006H         SYMBOL        recv_data
  -------         ENDDO         
  C:3703H         LINE#         192
  C:3708H         LINE#         193
  C:3708H         LINE#         194
  C:370AH         LINE#         195
  C:370FH         LINE#         196
  -------         ENDPROC       _AIP1302_READ_BYTE
  C:2A15H         SYMBOL        L?0066
  C:2A26H         SYMBOL        L?0072
  -------         PROC          ___AIP1302_WRITE_BYTE
  X:6483H         SYMBOL        cmd
  X:6484H         SYMBOL        byte
  -------         DO            
  X:6485H         SYMBOL        i
  -------         ENDDO         
  C:29A0H         LINE#         206
  C:29A8H         LINE#         207
  C:29A8H         LINE#         208
  C:29A9H         LINE#         211
  C:29A9H         LINE#         212
  C:29A9H         LINE#         213
  C:29ACH         LINE#         215
  C:29ACH         LINE#         216
  C:29ACH         LINE#         217
  C:29ACH         LINE#         218
  C:29B2H         LINE#         220
  C:29B7H         LINE#         221
  C:29B7H         LINE#         222
  C:29B7H         LINE#         223
  C:29BAH         LINE#         224
  C:29CDH         LINE#         225
[...]
  C:32D3H         LINE#         268
  C:32D7H         LINE#         269
  C:32DBH         LINE#         270
  C:32DFH         LINE#         272
  C:32EFH         LINE#         273
  -------         ENDPROC       __TK_MODE_CONFIG
  -------         PROC          ___TK_MODE_CARRY_FUNC
  X:6474H         SYMBOL        ch_index
  C:0B27H         LINE#         283
  C:0B2CH         LINE#         284
  C:0B2CH         LINE#         285
  C:0B3AH         LINE#         286
  C:0B46H         LINE#         288
  C:0B59H         LINE#         289
  C:0B69H         LINE#         291
  C:0B74H         LINE#         292
  C:0B9DH         LINE#         293
  C:0BCEH         LINE#         294
  C:0C0EH         LINE#         295
  C:0C3EH         LINE#         296
  C:0C64H         LINE#         297
  C:0C80H         LINE#         299
  C:0C9BH         LINE#         300
  C:0CB2H         LINE#         301
  C:0CBFH         LINE#         302
  C:0CBFH         LINE#         304
  C:0CD7H         LINE#         305
  C:0CE8H         LINE#         306
  C:0CEBH         LINE#         307
BL51 BANKED LINKER/LOCATER V6.22.4.0                                                  06/03/2025  17:12:24  PAGE 59


  C:0CF3H         LINE#         308
  C:0D07H         LINE#         309
  C:0D1AH         LINE#         310
  C:0D1FH         LINE#         311
  C:0D22H         LINE#         312
  C:0D25H         LINE#         313
  C:0D28H         LINE#         314
  C:0D28H         LINE#         315
  C:0D29H         LINE#         321
  C:0D2CH         LINE#         322
  C:0D59H         LINE#         323
  C:0D78H         LINE#         324
  C:0D78H         LINE#         325
  C:0D78H         LINE#         326
  -------         ENDPROC       ___TK_MODE_CARRY_FUNC
  -------         PROC          __TK_DATA_PROCESS
  C:058DH         LINE#         333
  C:058DH         LINE#         334
  C:058DH         LINE#         335
  C:059FH         LINE#         338
  C:05B8H         LINE#         339
  C:05BBH         LINE#         341
  C:05D1H         LINE#         342
  C:05D4H         LINE#         347
  C:0606H         LINE#         348
  C:0613H         LINE#         349
  C:0616H         LINE#         350
  C:0619H         LINE#         351
  C:0619H         LINE#         352
  C:061BH         LINE#         353
  C:061EH         LINE#         354
  C:061EH         LINE#         356
  C:0623H         LINE#         357
  C:0634H         LINE#         358
  C:0645H         LINE#         359
  C:0648H         LINE#         363
  C:065EH         LINE#         364
  C:0661H         LINE#         365
  C:0671H         LINE#         366
  C:0691H         LINE#         369
  C:06A8H         LINE#         370
  C:06ABH         LINE#         371
  C:06BBH         LINE#         372
  C:06DBH         LINE#         377
  C:06DBH         LINE#         378
  C:06F9H         LINE#         380
  C:0733H         LINE#         381
  C:0733H         LINE#         382
  C:0733H         LINE#         383
  C:076AH         LINE#         384
  C:0778H         LINE#         385
  C:0790H         LINE#         386
  C:079DH         LINE#         387
  C:07C1H         LINE#         388
  C:07E5H         LINE#         389
  C:07E5H         LINE#         390
  C:07E7H         LINE#         391
BL51 BANKED LINKER/LOCATER V6.22.4.0                                                  06/03/2025  17:12:24  PAGE 60


  C:07F4H         LINE#         392
  C:07F4H         LINE#         397
  C:0816H         LINE#         398
  C:0819H         LINE#         399
  C:0829H         LINE#         401
  C:0841H         LINE#         402
  C:0844H         LINE#         404
  C:085BH         LINE#         405
  C:085EH         LINE#         409
  C:087FH         LINE#         410
  C:0882H         LINE#         411
  C:0892H         LINE#         413
  C:08AAH         LINE#         414
  C:08ADH         LINE#         416
  C:08C3H         LINE#         417
  C:08C6H         LINE#         422
  C:08CBH         LINE#         423
  -------         ENDPROC       __TK_DATA_PROCESS
  -------         PROC          __TK_BUTTON_DECIDE
  C:15BEH         LINE#         430
  C:15BEH         LINE#         431
  C:15BEH         LINE#         432
  C:15D0H         LINE#         433
  C:15EEH         LINE#         434
  C:1620H         LINE#         435
  C:162DH         LINE#         436
  C:1632H         LINE#         437
  C:16A7H         LINE#         438
  C:16A7H         LINE#         439
  C:16B4H         LINE#         440
  C:16C2H         LINE#         442
  C:16D6H         LINE#         443
  C:16E3H         LINE#         444
  C:1710H         LINE#         445
  C:1734H         LINE#         446
  C:1762H         LINE#         447
  C:1762H         LINE#         448
  C:1764H         LINE#         449
  C:1771H         LINE#         450
  C:1771H         LINE#         451
  C:1776H         LINE#         452
  -------         ENDPROC       __TK_BUTTON_DECIDE
  -------         PROC          __TK_BASELINE_UPDATE
  C:2BC3H         LINE#         459
  C:2BC3H         LINE#         460
  C:2BC3H         LINE#         461
  C:2BD2H         LINE#         462
  C:2BE3H         LINE#         463
  C:2BF4H         LINE#         464
  C:2C18H         LINE#         465
  C:2C3CH         LINE#         466
  C:2C40H         LINE#         467
  -------         ENDPROC       __TK_BASELINE_UPDATE
  -------         PROC          __TK_BASELINE_INIT
  -------         DO            
  X:6018H         SYMBOL        init_flag
  -------         ENDDO         
BL51 BANKED LINKER/LOCATER V6.22.4.0                                                  06/03/2025  17:12:24  PAGE 61


  C:27E9H         LINE#         474
  C:27E9H         LINE#         475
  C:27E9H         LINE#         478
  C:27F8H         LINE#         479
  C:2808H         LINE#         480
  C:2811H         LINE#         481
  C:2836H         LINE#         482
  C:2836H         LINE#         483
  C:285BH         LINE#         484
  C:285BH         LINE#         485
  C:285FH         LINE#         487
  C:286CH         LINE#         488
  C:286FH         LINE#         489
  C:2871H         LINE#         490
  C:2877H         LINE#         491
  C:2877H         LINE#         493
  -------         ENDPROC       __TK_BASELINE_INIT
  -------         PROC          __TK_LONG_KEY_CLEAR
  -------         DO            
  X:6019H         SYMBOL        __tk_long_cnt
  -------         ENDDO         
  C:2C41H         LINE#         501
  C:2C41H         LINE#         502
  C:2C41H         LINE#         505
  C:2C54H         LINE#         506
  C:2C62H         LINE#         507
  C:2C7CH         LINE#         508
  C:2C80H         LINE#         509
  C:2C88H         LINE#         510
  C:2C90H         LINE#         511
  C:2C98H         LINE#         512
  C:2C9AH         LINE#         513
  C:2C9DH         LINE#         514
  C:2CB4H         LINE#         515
  C:2CB6H         LINE#         516
  C:2CB6H         LINE#         517
  C:2CB7H         LINE#         518
  C:2CBEH         LINE#         519
  C:2CBEH         LINE#         520
  -------         ENDPROC       __TK_LONG_KEY_CLEAR
  -------         PROC          ___TK_LIB_I_ADJUST
  X:6487H         SYMBOL        i_ch
  X:6488H         SYMBOL        adjust_line
  -------         DO            
  X:601BH         SYMBOL        sta_finish
  X:601CH         SYMBOL        n_sta
  X:601DH         SYMBOL        p_sta
  X:601EH         SYMBOL        min_iset
  X:601FH         SYMBOL        min_diff
  D:0024H         SYMBOL        diff
  D:0028H         SYMBOL        temp
  -------         ENDDO         
  C:1777H         LINE#         528
  C:177CH         LINE#         529
  C:177CH         LINE#         537
  C:178FH         LINE#         538
  C:1794H         LINE#         539
BL51 BANKED LINKER/LOCATER V6.22.4.0                                                  06/03/2025  17:12:24  PAGE 62


  C:1798H         LINE#         540
  C:17A1H         LINE#         541
  C:17A4H         LINE#         542
  C:17A7H         LINE#         545
  C:17E4H         LINE#         546
  C:180FH         LINE#         547
  C:1825H         LINE#         548
  C:1825H         LINE#         550
  C:183CH         LINE#         551
  C:1852H         LINE#         552
  C:1855H         LINE#         553
  C:1857H         LINE#         555
  C:186AH         LINE#         557
  C:1886H         LINE#         558
  C:1899H         LINE#         559
  C:189CH         LINE#         560
  C:189CH         LINE#         561
  C:189EH         LINE#         563
  C:18BAH         LINE#         564
  C:18CDH         LINE#         565
  C:18D3H         LINE#         566
  C:18D3H         LINE#         567
  C:18D3H         LINE#         568
  C:18D3H         LINE#         569
  C:18E1H         LINE#         570
  C:18E5H         LINE#         571
  C:18E7H         LINE#         572
  C:18ECH         LINE#         573
  C:18ECH         LINE#         575
  C:18F4H         LINE#         576
  C:190DH         LINE#         577
  C:1915H         LINE#         578
  C:191BH         LINE#         579
  C:1920H         LINE#         580
  C:1922H         LINE#         581
  C:1926H         LINE#         582
  C:1929H         LINE#         583
  C:1929H         LINE#         585
  C:192BH         LINE#         586
  -------         ENDPROC       ___TK_LIB_I_ADJUST
  -------         PROC          __TK_I_SOURCE_ADJUST
  -------         DO            
  X:6486H         SYMBOL        result
  -------         ENDDO         
  C:2E04H         LINE#         593
  C:2E04H         LINE#         594
  C:2E04H         LINE#         595
  C:2E09H         LINE#         597
  C:2E22H         LINE#         598
  C:2E24H         LINE#         600
  C:2E29H         LINE#         601
  C:2E2CH         LINE#         602
  C:2E32H         LINE#         603
  C:2E32H         LINE#         605
  C:2E3EH         LINE#         606
  C:2E41H         LINE#         607
  C:2E44H         LINE#         608
BL51 BANKED LINKER/LOCATER V6.22.4.0                                                  06/03/2025  17:12:24  PAGE 63


  C:2E44H         LINE#         609
  C:2E44H         LINE#         611
  C:2E5BH         LINE#         612
  C:2E5DH         LINE#         613
  C:2E60H         LINE#         614
  C:2E60H         LINE#         615
  C:2E65H         LINE#         616
  C:2E65H         LINE#         617
  -------         ENDPROC       __TK_I_SOURCE_ADJUST
  -------         PROC          ___TK_SET_NEXT_CH
  D:0007H         SYMBOL        kick_type
  C:2ABCH         LINE#         625
  C:2ABCH         LINE#         626
  C:2ABCH         LINE#         627
  C:2ABFH         LINE#         629
  C:2ADDH         LINE#         630
  C:2AE3H         LINE#         631
  C:2AE7H         LINE#         632
  C:2AEBH         LINE#         633
  C:2AEFH         LINE#         634
  C:2AF3H         LINE#         636
  C:2B0DH         LINE#         638
  C:2B1DH         LINE#         639
  C:2B1DH         LINE#         640
  C:2B1FH         LINE#         642
  C:2B39H         LINE#         643
  C:2B3FH         LINE#         644
  C:2B3FH         LINE#         645
  -------         ENDPROC       ___TK_SET_NEXT_CH
  -------         PROC          __TK_LIB_INIT
  -------         DO            
  X:6521H         SYMBOL        i
  -------         ENDDO         
  C:274EH         LINE#         652
  C:274EH         LINE#         653
  C:274EH         LINE#         655
  C:2796H         LINE#         656
  C:27A4H         LINE#         658
  C:27A7H         LINE#         659
  C:27AFH         LINE#         660
  C:27B1H         LINE#         661
  C:27B3H         LINE#         662
  C:27BBH         LINE#         663
  C:27C3H         LINE#         664
  C:27CBH         LINE#         665
  C:27E1H         LINE#         666
  C:27E4H         LINE#         667
  -------         ENDPROC       __TK_LIB_INIT
  -------         PROC          __TK_HANDLER
  C:2CBFH         LINE#         675
  C:2CBFH         LINE#         676
  C:2CBFH         LINE#         677
  C:2CC4H         LINE#         678
  C:2CC8H         LINE#         679
  C:2CEFH         LINE#         682
  C:2CF2H         LINE#         683
  C:2CF9H         LINE#         684
BL51 BANKED LINKER/LOCATER V6.22.4.0                                                  06/03/2025  17:12:24  PAGE 64


  C:2CFBH         LINE#         685
  C:2CFEH         LINE#         686
  C:2CFEH         LINE#         687
  C:2D01H         LINE#         688
  C:2D01H         LINE#         689
  C:2D01H         LINE#         690
  C:2D03H         LINE#         691
  C:2D0FH         LINE#         692
  C:2D1FH         LINE#         693
  C:2D22H         LINE#         694
  C:2D27H         LINE#         696
  C:2D2AH         LINE#         697
  C:2D2AH         LINE#         699
  C:2D2DH         LINE#         700
  C:2D2DH         LINE#         701
  C:2D2EH         LINE#         702
  C:2D33H         LINE#         703
  C:2D33H         LINE#         704
  C:2D33H         LINE#         705
  -------         ENDPROC       __TK_HANDLER
  -------         PROC          __TK_MS_HANDLER
  C:38ACH         LINE#         712
  C:38ACH         LINE#         713
  C:38ACH         LINE#         714
  C:38AEH         LINE#         716
  -------         ENDPROC       __TK_MS_HANDLER
  -------         PROC          __TK_SCAN
  C:35EAH         LINE#         724
  C:35EAH         LINE#         725
  C:35EAH         LINE#         727
  C:35EFH         LINE#         730
  C:35FBH         LINE#         735
  C:35FEH         LINE#         739
  C:3601H         LINE#         740
  C:3606H         LINE#         741
  C:3609H         LINE#         742
  C:3609H         LINE#         743
  -------         ENDPROC       __TK_SCAN
  -------         ENDMOD        TK_LIB

  -------         MODULE        ?C?COPY
  C:0130H         PUBLIC        ?C?COPY
  -------         ENDMOD        ?C?COPY

  -------         MODULE        ?C?CLDPTR
  C:0156H         PUBLIC        ?C?CLDPTR
  -------         ENDMOD        ?C?CLDPTR

  -------         MODULE        ?C?CLDOPTR
  C:016FH         PUBLIC        ?C?CLDOPTR
  -------         ENDMOD        ?C?CLDOPTR

  -------         MODULE        ?C?CILDOPTR
  C:019CH         PUBLIC        ?C?CILDOPTR
  -------         ENDMOD        ?C?CILDOPTR

  -------         MODULE        ?C?CSTPTR
BL51 BANKED LINKER/LOCATER V6.22.4.0                                                  06/03/2025  17:12:24  PAGE 65


  C:01CFH         PUBLIC        ?C?CSTPTR
  -------         ENDMOD        ?C?CSTPTR

  -------         MODULE        ?C?CSTOPTR
  C:01E1H         PUBLIC        ?C?CSTOPTR
  -------         ENDMOD        ?C?CSTOPTR

  -------         MODULE        ?C?IMUL
  C:0203H         PUBLIC        ?C?IMUL
  -------         ENDMOD        ?C?IMUL

  -------         MODULE        ?C?UIDIV
  C:0215H         PUBLIC        ?C?UIDIV
  -------         ENDMOD        ?C?UIDIV

  -------         MODULE        ?C?IILDX
  C:026AH         PUBLIC        ?C?IILDX
  -------         ENDMOD        ?C?IILDX

  -------         MODULE        ?C?LADD
  C:0280H         PUBLIC        ?C?LADD
  -------         ENDMOD        ?C?LADD

  -------         MODULE        ?C?LSUB
  C:028DH         PUBLIC        ?C?LSUB
  -------         ENDMOD        ?C?LSUB

  -------         MODULE        ?C?LMUL
  C:029BH         PUBLIC        ?C?LMUL
  -------         ENDMOD        ?C?LMUL

  -------         MODULE        ?C?ULDIV
  C:0326H         PUBLIC        ?C?ULDIV
  -------         ENDMOD        ?C?ULDIV

  -------         MODULE        ?C?LNOT
  C:03B8H         PUBLIC        ?C?LNOT
  -------         ENDMOD        ?C?LNOT

  -------         MODULE        ?C?LNEG
  C:03C5H         PUBLIC        ?C?LNEG
  -------         ENDMOD        ?C?LNEG

  -------         MODULE        ?C?SLCMP
  C:03D3H         PUBLIC        ?C?SLCMP
  -------         ENDMOD        ?C?SLCMP

  -------         MODULE        ?C?ULCMP
  C:03E9H         PUBLIC        ?C?ULCMP
  -------         ENDMOD        ?C?ULCMP

  -------         MODULE        ?C?ULSHR
  C:03FAH         PUBLIC        ?C?ULSHR
  -------         ENDMOD        ?C?ULSHR

  -------         MODULE        ?C?LSHL
  C:040DH         PUBLIC        ?C?LSHL
BL51 BANKED LINKER/LOCATER V6.22.4.0                                                  06/03/2025  17:12:24  PAGE 66


  -------         ENDMOD        ?C?LSHL

  -------         MODULE        ?C?LLDXDATA
  C:0420H         PUBLIC        ?C?LLDXDATA
  -------         ENDMOD        ?C?LLDXDATA

  -------         MODULE        ?C?LLDCODE
  C:042CH         PUBLIC        ?C?LLDCODE
  -------         ENDMOD        ?C?LLDCODE

  -------         MODULE        ?C?LLDXDATA0
  C:043CH         PUBLIC        ?C?LLDXDATA0
  -------         ENDMOD        ?C?LLDXDATA0

  -------         MODULE        ?C?LSTXDATA
  C:0448H         PUBLIC        ?C?LSTXDATA
  -------         ENDMOD        ?C?LSTXDATA

  -------         MODULE        ?C?LSTKXDATA
  C:0454H         PUBLIC        ?C?LSTKXDATA
  -------         ENDMOD        ?C?LSTKXDATA

  -------         MODULE        ?C?OFFXADD
  C:0485H         PUBLIC        ?C?OFFXADD
  -------         ENDMOD        ?C?OFFXADD

  -------         MODULE        ?C?PLDXDATA
  C:0491H         PUBLIC        ?C?PLDXDATA
  -------         ENDMOD        ?C?PLDXDATA

  -------         MODULE        ?C?PLDIXDATA
  C:049AH         PUBLIC        ?C?PLDIXDATA
  -------         ENDMOD        ?C?PLDIXDATA

  -------         MODULE        ?C?PSTXDATA
  C:04B1H         PUBLIC        ?C?PSTXDATA
  -------         ENDMOD        ?C?PSTXDATA

  -------         MODULE        ?C?PLDOPTR
  C:04BAH         PUBLIC        ?C?PLDOPTR
  -------         ENDMOD        ?C?PLDOPTR

  -------         MODULE        ?C?CCASE
  C:04EAH         PUBLIC        ?C?CCASE
  -------         ENDMOD        ?C?CCASE

  -------         MODULE        ?C?ICALL
  C:0510H         PUBLIC        ?C?ICALL
  C:0514H         PUBLIC        ?C?ICALL2
  -------         ENDMOD        ?C?ICALL

  -------         MODULE        ?C?LIMUL
  C:0516H         PUBLIC        ?C?LIMUL
  -------         ENDMOD        ?C?LIMUL

  -------         MODULE        ?C?MEMSET
  C:0543H         PUBLIC        ?C?MEMSET
BL51 BANKED LINKER/LOCATER V6.22.4.0                                                  06/03/2025  17:12:24  PAGE 67


  -------         ENDMOD        ?C?MEMSET

  -------         MODULE        ?C?PLDIDATA
  C:056FH         PUBLIC        ?C?PLDIDATA
  -------         ENDMOD        ?C?PLDIDATA

  -------         MODULE        ?C?PLDPDATA
  C:0578H         PUBLIC        ?C?PLDPDATA
  -------         ENDMOD        ?C?PLDPDATA

  -------         MODULE        ?C?PLDCODE
  C:0581H         PUBLIC        ?C?PLDCODE
  -------         ENDMOD        ?C?PLDCODE

*** WARNING L16: UNCALLED SEGMENT, IGNORED FOR OVERLAY PROCESS
    SEGMENT: ?PR?TK_PARAM_INIT?TK_SET

*** WARNING L16: UNCALLED SEGMENT, IGNORED FOR OVERLAY PROCESS
    SEGMENT: ?PR?P03_OUTPUT_CONFIG?MY_GPIO

*** WARNING L16: UNCALLED SEGMENT, IGNORED FOR OVERLAY PROCESS
    SEGMENT: ?PR?P23_INPUT_CONFIG?MY_GPIO

*** WARNING L16: UNCALLED SEGMENT, IGNORED FOR OVERLAY PROCESS
    SEGMENT: ?PR?_PUTCHAR?UART0

*** WARNING L16: UNCALLED SEGMENT, IGNORED FOR OVERLAY PROCESS
    SEGMENT: ?PR?_UART0_SEND_BUFF?UART0

*** WARNING L16: UNCALLED SEGMENT, IGNORED FOR OVERLAY PROCESS
    SEGMENT: ?PR?AIP1302_UPDATE_ALL_DATA?AIP1302

*** WARNING L16: UNCALLED SEGMENT, IGNORED FOR OVERLAY PROCESS
    SEGMENT: ?PR?PIN_LEVEL_SCAN?PIN_LEVEL_SCAN

*** WARNING L16: UNCALLED SEGMENT, IGNORED FOR OVERLAY PROCESS
    SEGMENT: ?PR?TEMP_OF_WATER_SCAN?TEMP_OF_WATER

*** WARNING L16: UNCALLED SEGMENT, IGNORED FOR OVERLAY PROCESS
    SEGMENT: ?PR?TOUCH_KEY_HANDLE?TOUCH_KEY

*** WARNING L16: UNCALLED SEGMENT, IGNORED FOR OVERLAY PROCESS
    SEGMENT: ?PR?__TK_MS_HANDLER?TK_LIB

Program Size: data=73.5 xdata=1317 code=14512
LINK/LOCATE RUN COMPLETE.  10 WARNING(S),  0 ERROR(S)
