BL51 BANKED LINKER/LOCATER V6.22.4.0                                                    05/27/2025  16:56:46  PAGE 1


BL51 BANKED LINKER/LOCATER V6.22.4.0, INVOKED BY:
C:\KEIL_V5\C51\BIN\BL51.EXE .\Release\Objects\STARTUP.obj, .\Release\Objects\system.obj, ..\..\User\lib\tk_simplify_algo
>> rithm_V1.0.0.LIB, .\Release\Objects\tk_set.obj, .\Release\Objects\my_gpio.obj, .\Release\Objects\tmr0.obj, .\Release\
>> Objects\tmr1.obj, .\Release\Objects\tmr2.obj, .\Release\Objects\uart0.obj, .\Release\Objects\adc.obj, .\Release\Objec
>> ts\flash.obj, .\Release\Objects\aip1302.obj, .\Release\Objects\uart1.obj, .\Release\Objects\key_driver.obj, .\Release
>> \Objects\main.obj, .\Release\Objects\fun_info.obj, .\Release\Objects\send_data.obj, .\Release\Objects\pin_level_scan.
>> obj, .\Release\Objects\speed_scan.obj, .\Release\Objects\engine_speed_scan.obj, .\Release\Objects\mileage.obj, .\Rele
>> ase\Objects\instruction.obj, .\Release\Objects\ad_key.obj, .\Release\Objects\fuel_capacity.obj, .\Release\Objects\tem
>> p_of_water.obj, .\Release\Objects\battery.obj, .\Release\Objects\touch_key.obj TO .\Release\Objects\Project PRINT (.\
>> Release\Listings\Project.m51) RAMSIZE (256) CODE (0X0000-0X3EEF) XDATA (0X6000-0X66FF)


MEMORY MODEL: LARGE


INPUT MODULES INCLUDED:
  .\Release\Objects\STARTUP.obj (?C_STARTUP)
  .\Release\Objects\system.obj (SYSTEM)
  .\Release\Objects\tk_set.obj (TK_SET)
  .\Release\Objects\my_gpio.obj (MY_GPIO)
  .\Release\Objects\tmr0.obj (TMR0)
  .\Release\Objects\tmr1.obj (TMR1)
  .\Release\Objects\tmr2.obj (TMR2)
  .\Release\Objects\uart0.obj (UART0)
  .\Release\Objects\adc.obj (ADC)
  .\Release\Objects\flash.obj (FLASH)
  .\Release\Objects\aip1302.obj (AIP1302)
  .\Release\Objects\uart1.obj (UART1)
  .\Release\Objects\key_driver.obj (KEY_DRIVER)
  .\Release\Objects\main.obj (MAIN)
  .\Release\Objects\fun_info.obj (FUN_INFO)
  .\Release\Objects\send_data.obj (SEND_DATA)
  .\Release\Objects\pin_level_scan.obj (PIN_LEVEL_SCAN)
  .\Release\Objects\speed_scan.obj (SPEED_SCAN)
  .\Release\Objects\engine_speed_scan.obj (ENGINE_SPEED_SCAN)
  .\Release\Objects\mileage.obj (MILEAGE)
  .\Release\Objects\instruction.obj (INSTRUCTION)
  .\Release\Objects\ad_key.obj (AD_KEY)
  .\Release\Objects\fuel_capacity.obj (FUEL_CAPACITY)
  .\Release\Objects\temp_of_water.obj (TEMP_OF_WATER)
  .\Release\Objects\battery.obj (BATTERY)
  .\Release\Objects\touch_key.obj (TOUCH_KEY)
  ..\..\User\lib\tk_simplify_algorithm_V1.0.0.LIB (TK_LIB)
  C:\KEIL_V5\C51\LIB\C51L.LIB (?C_INIT)
  C:\KEIL_V5\C51\LIB\C51L.LIB (?C?COPY)
  C:\KEIL_V5\C51\LIB\C51L.LIB (?C?CLDPTR)
  C:\KEIL_V5\C51\LIB\C51L.LIB (?C?CLDOPTR)
  C:\KEIL_V5\C51\LIB\C51L.LIB (?C?CILDOPTR)
  C:\KEIL_V5\C51\LIB\C51L.LIB (?C?CSTPTR)
  C:\KEIL_V5\C51\LIB\C51L.LIB (?C?CSTOPTR)
  C:\KEIL_V5\C51\LIB\C51L.LIB (?C?IMUL)
  C:\KEIL_V5\C51\LIB\C51L.LIB (?C?UIDIV)
  C:\KEIL_V5\C51\LIB\C51L.LIB (?C?IILDX)
  C:\KEIL_V5\C51\LIB\C51L.LIB (?C?LADD)
  C:\KEIL_V5\C51\LIB\C51L.LIB (?C?LSUB)
  C:\KEIL_V5\C51\LIB\C51L.LIB (?C?LMUL)
  C:\KEIL_V5\C51\LIB\C51L.LIB (?C?ULDIV)
  C:\KEIL_V5\C51\LIB\C51L.LIB (?C?LNOT)
BL51 BANKED LINKER/LOCATER V6.22.4.0                                                  05/27/2025  16:56:46  PAGE 2


  C:\KEIL_V5\C51\LIB\C51L.LIB (?C?LNEG)
  C:\KEIL_V5\C51\LIB\C51L.LIB (?C?SLCMP)
  C:\KEIL_V5\C51\LIB\C51L.LIB (?C?ULCMP)
  C:\KEIL_V5\C51\LIB\C51L.LIB (?C?ULSHR)
  C:\KEIL_V5\C51\LIB\C51L.LIB (?C?LSHL)
  C:\KEIL_V5\C51\LIB\C51L.LIB (?C?LLDXDATA)
  C:\KEIL_V5\C51\LIB\C51L.LIB (?C?LLDCODE)
  C:\KEIL_V5\C51\LIB\C51L.LIB (?C?LLDXDATA0)
  C:\KEIL_V5\C51\LIB\C51L.LIB (?C?LSTXDATA)
  C:\KEIL_V5\C51\LIB\C51L.LIB (?C?LSTKXDATA)
  C:\KEIL_V5\C51\LIB\C51L.LIB (?C?OFFXADD)
  C:\KEIL_V5\C51\LIB\C51L.LIB (?C?PLDXDATA)
  C:\KEIL_V5\C51\LIB\C51L.LIB (?C?PLDIXDATA)
  C:\KEIL_V5\C51\LIB\C51L.LIB (?C?PSTXDATA)
  C:\KEIL_V5\C51\LIB\C51L.LIB (?C?PLDOPTR)
  C:\KEIL_V5\C51\LIB\C51L.LIB (?C?CCASE)
  C:\KEIL_V5\C51\LIB\C51L.LIB (?C?ICALL)
  C:\KEIL_V5\C51\LIB\C51L.LIB (?C?LIMUL)
  C:\KEIL_V5\C51\LIB\C51L.LIB (?C?MEMSET)
  C:\KEIL_V5\C51\LIB\C51L.LIB (?C?PLDIDATA)
  C:\KEIL_V5\C51\LIB\C51L.LIB (?C?PLDPDATA)
  C:\KEIL_V5\C51\LIB\C51L.LIB (?C?PLDCODE)


LINK MAP OF MODULE:  .\Release\Objects\Project (?C_STARTUP)


            TYPE    BASE      LENGTH    RELOCATION   SEGMENT NAME
            -----------------------------------------------------

            * * * * * * *   D A T A   M E M O R Y   * * * * * * *
            REG     0000H     0008H     ABSOLUTE     "REG BANK 0"
            DATA    0008H     0004H     ABSOLUTE     
            DATA    000CH     0004H     ABSOLUTE     
            DATA    0010H     0004H     ABSOLUTE     
            DATA    0014H     0004H     ABSOLUTE     
            DATA    0018H     0004H     ABSOLUTE     
            DATA    001CH     0004H     ABSOLUTE     
            BIT     0020H.0   0002H.3   UNIT         ?BI?INSTRUCTION
            BIT     0022H.3   0000H.2   UNIT         ?BI?TMR2
            BIT     0022H.5   0000H.2   UNIT         ?BI?TK_LIB
            BIT     0022H.7   0000H.1   UNIT         ?BI?UART0
            BIT     0023H.0   0000H.1   UNIT         ?BI?SPEED_SCAN
            BIT     0023H.1   0000H.1   UNIT         ?BI?ENGINE_SPEED_SCAN
            BIT     0023H.2   0000H.1   UNIT         _BIT_GROUP_
                    0023H.3   0000H.5                *** GAP ***
            DATA    0024H     0008H     UNIT         _DATA_GROUP_
                    002CH     0004H                  *** GAP ***
            DATA    0030H     0004H     ABSOLUTE     
            DATA    0034H     0004H     ABSOLUTE     
            DATA    0038H     0004H     ABSOLUTE     
            DATA    003CH     0004H     ABSOLUTE     
                    0040H     0010H                  *** GAP ***
            DATA    0050H     0002H     ABSOLUTE     
            DATA    0052H     0002H     ABSOLUTE     
            DATA    0054H     0002H     ABSOLUTE     
                    0056H     000AH                  *** GAP ***
BL51 BANKED LINKER/LOCATER V6.22.4.0                                                  05/27/2025  16:56:46  PAGE 3


            DATA    0060H     0001H     ABSOLUTE     
            DATA    0061H     0001H     ABSOLUTE     
            DATA    0062H     0001H     ABSOLUTE     
            DATA    0063H     0001H     ABSOLUTE     
            DATA    0064H     0001H     ABSOLUTE     
            DATA    0065H     0001H     ABSOLUTE     
            DATA    0066H     0001H     ABSOLUTE     
            IDATA   0067H     0001H     UNIT         ?STACK

            * * * * * * *  X D A T A   M E M O R Y  * * * * * * *
                    0000H     6000H                  *** GAP ***
            XDATA   6000H     0004H     ABSOLUTE     
            XDATA   6004H     0004H     ABSOLUTE     
            XDATA   6008H     0004H     ABSOLUTE     
            XDATA   600CH     0004H     UNIT         ?XD?TMR0
            XDATA   6010H     0004H     ABSOLUTE     
            XDATA   6014H     0004H     ABSOLUTE     
            XDATA   6018H     0394H     UNIT         ?XD?TK_LIB
            XDATA   63ACH     0045H     UNIT         ?XD?AD_KEY
            XDATA   63F1H     003DH     UNIT         ?XD?UART0
            XDATA   642EH     0023H     UNIT         ?XD?FUN_INFO
            XDATA   6451H     001FH     UNIT         ?XD?TOUCH_KEY
            XDATA   6470H     0019H     UNIT         _XDATA_GROUP_
            XDATA   6489H     0018H     UNIT         ?XD?TK_SET
            XDATA   64A1H     0012H     UNIT         ?XD?MILEAGE
            XDATA   64B3H     0011H     UNIT         ?XD?SPEED_SCAN
            XDATA   64C4H     0011H     UNIT         ?XD?ENGINE_SPEED_SCAN
            XDATA   64D5H     000DH     UNIT         ?XD?FUEL_CAPACITY
            XDATA   64E2H     000CH     UNIT         ?XD?TEMP_OF_WATER
            XDATA   64EEH     000CH     UNIT         ?XD?BATTERY
            XDATA   64FAH     0009H     UNIT         ?XD?INSTRUCTION
            XDATA   6503H     0008H     UNIT         ?XD?TMR1
            XDATA   650BH     0007H     UNIT         ?XD?AIP1302_UPDATE_ALL_DATA?AIP1302
            XDATA   6512H     0004H     UNIT         ?XD?KEY_DRIVER
            XDATA   6516H     0003H     UNIT         ?XD?_UART0_SEND_BUFF?UART0
            XDATA   6519H     0002H     UNIT         ?XD?ADC
            XDATA   651BH     0002H     UNIT         ?XD?PIN_LEVEL_SCAN
            XDATA   651DH     0002H     UNIT         ?XD?___TOUCH_KEY_GET_EVENT?TOUCH_KEY
            XDATA   651FH     0002H     UNIT         ?XD?__TK_LIB_INIT?TK_LIB
            XDATA   6521H     0001H     UNIT         ?XD?_PUTCHAR?UART0

            * * * * * * *   C O D E   M E M O R Y   * * * * * * *
            CODE    0000H     0003H     ABSOLUTE     
            CODE    0003H     000CH     ABSOLUTE     
            CODE    000FH     000FH     UNIT         ?PR?AIP1302_IS_RUNNING?AIP1302
            CODE    001EH     0003H     ABSOLUTE     
            CODE    0021H     0003H     ABSOLUTE     
            CODE    0024H     0003H     ABSOLUTE     
            CODE    0027H     0023H     UNIT         ?PR?_UART0_SEND_BUFF?UART0
                    004AH     0001H                  *** GAP ***
            CODE    004BH     0003H     ABSOLUTE     
            CODE    004EH     000FH     UNIT         ?PR?AD_KEY
            CODE    005DH     0003H     ABSOLUTE     
            CODE    0060H     052DH     UNIT         ?C?LIB_CODE
            CODE    058DH     033FH     UNIT         ?PR?__TK_DATA_PROCESS?TK_LIB
            CODE    08CCH     025BH     UNIT         ?PR?FUEL_CAPACITY_SCAN?FUEL_CAPACITY
            CODE    0B27H     0252H     UNIT         ?PR?___TK_MODE_CARRY_FUNC?TK_LIB
BL51 BANKED LINKER/LOCATER V6.22.4.0                                                  05/27/2025  16:56:46  PAGE 4


            CODE    0D79H     021DH     UNIT         ?C_INITSEG
            CODE    0F96H     020EH     UNIT         ?PR?INSTRUCTION_HANDLE?INSTRUCTION
            CODE    11A4H     0201H     UNIT         ?PR?_SEND_DATA?SEND_DATA
            CODE    13A5H     01D3H     UNIT         ?PR?HEART_BEAT_HANDLE?TMR1
            CODE    1578H     01B9H     UNIT         ?PR?__TK_BUTTON_DECIDE?TK_LIB
            CODE    1731H     01B5H     UNIT         ?PR?___TK_LIB_I_ADJUST?TK_LIB
            CODE    18E6H     0193H     UNIT         ?PR?_KEY_DRIVER_SCAN?KEY_DRIVER
            CODE    1A79H     013CH     UNIT         ?PR?TK_GPIO_CONFIG?TK_SET
            CODE    1BB5H     0138H     UNIT         ?PR?UART0_IRQHANDLER?UART0
            CODE    1CEDH     0134H     UNIT         ?PR?INSTRUCTION_SCAN?INSTRUCTION
            CODE    1E21H     0124H     UNIT         ?PR?UART0_SCAN_HANDLE?UART0
            CODE    1F45H     00DCH     UNIT         ?PR?SYSTEM_INIT?SYSTEM
            CODE    2021H     00D4H     UNIT         ?PR?ADC_GETVAL?ADC
            CODE    20F5H     00D4H     UNIT         ?PR?SPEED_SCAN?SPEED_SCAN
            CODE    21C9H     00D0H     UNIT         ?PR?TEMP_OF_WATER_SCAN?TEMP_OF_WATER
            CODE    2299H     00CAH     UNIT         ?PR?MILEAGE_SCAN?MILEAGE
            CODE    2363H     00C0H     UNIT         ?PR?BATTERY_SCAN?BATTERY
            CODE    2423H     00BAH     UNIT         ?PR?AD_KEY_HANDLE?AD_KEY
            CODE    24DDH     00AFH     UNIT         ?PR?_AIP1302_WRITE_BYTE?AIP1302
            CODE    258CH     00ACH     UNIT         ?PR?ENGINE_SPEED_SCAN?ENGINE_SPEED_SCAN
            CODE    2638H     00A8H     UNIT         ?PR?PIN_LEVEL_SCAN?PIN_LEVEL_SCAN
            CODE    26E0H     009BH     UNIT         ?PR?__TK_LIB_INIT?TK_LIB
            CODE    277BH     0093H     UNIT         ?PR?__TK_BASELINE_INIT?TK_LIB
            CODE    280EH     0092H     UNIT         ?PR?TK_PARAM_INIT?TK_SET
            CODE    28A0H     0092H     UNIT         ?PR?___AIP1302_READ_BYTE?AIP1302
            CODE    2932H     0090H     UNIT         ?PR?___AIP1302_WRITE_BYTE?AIP1302
            CODE    29C2H     008CH     UNIT         ?C_C51STARTUP
            CODE    2A4EH     0084H     UNIT         ?PR?___TK_SET_NEXT_CH?TK_LIB
            CODE    2AD2H     0083H     UNIT         ?PR?TIMR2_IRQHANDLER?TMR2
            CODE    2B55H     007EH     UNIT         ?PR?__TK_BASELINE_UPDATE?TK_LIB
            CODE    2BD3H     007EH     UNIT         ?PR?__TK_LONG_KEY_CLEAR?TK_LIB
            CODE    2C51H     0075H     UNIT         ?PR?__TK_HANDLER?TK_LIB
            CODE    2CC6H     006EH     UNIT         ?PR?___AIP1302_CONVERT_READ_BYTE?AIP1302
            CODE    2D34H     0062H     UNIT         ?PR?TMR1
            CODE    2D96H     0062H     UNIT         ?PR?__TK_I_SOURCE_ADJUST?TK_LIB
            CODE    2DF8H     005EH     UNIT         ?PR?AIP1302_CONFIG?AIP1302
            CODE    2E56H     005AH     UNIT         ?PR?TIMR1_IRQHANDLER?TMR1
            CODE    2EB0H     0059H     UNIT         ?PR?UART0
            CODE    2F09H     004FH     UNIT         ?PR?TK_INIT?TK_SET
            CODE    2F58H     004FH     UNIT         ?PR?TIMR0_IRQHANDLER?TMR0
            CODE    2FA7H     004CH     UNIT         ?PR?___CONVER_CUR_AD_TO_AD_KEY?AD_KEY
            CODE    2FF3H     004AH     UNIT         ?PR?MAIN?MAIN
            CODE    303DH     0046H     UNIT         ?PR?AIP1302_READ_ALL?AIP1302
            CODE    3083H     0045H     UNIT         ?PR?TK_IRQHANDLER?TK_SET
            CODE    30C8H     0040H     UNIT         ?PR?TMR2_CONFIG?TMR2
            CODE    3108H     003FH     UNIT         ?PR?AIP1302_UPDATE_ALL_DATA?AIP1302
            CODE    3147H     003FH     UNIT         ?PR?AIP1302_UPDATE_TIME?AIP1302
            CODE    3186H     003EH     UNIT         ?PR?SEND_DATA
            CODE    31C4H     003EH     UNIT         ?PR?INSTRUCTION
            CODE    3202H     003DH     UNIT         ?PR?TMR1_CONFIG?TMR1
            CODE    323FH     003DH     UNIT         ?PR?__TK_MODE_CONFIG?TK_LIB
            CODE    327CH     003CH     UNIT         ?PR?TMR0_CONFIG?TMR0
            CODE    32B8H     003AH     UNIT         ?PR?USER_INIT?MAIN
            CODE    32F2H     0037H     UNIT         ?PR?_ADC_SEL_PIN?ADC
            CODE    3329H     0037H     UNIT         ?PR?_FLASH_WRITE?FLASH
            CODE    3360H     0035H     UNIT         ?PR?___TOUCH_KEY_GET_EVENT?TOUCH_KEY
            CODE    3395H     0034H     UNIT         ?PR?_FLASH_READ?FLASH
BL51 BANKED LINKER/LOCATER V6.22.4.0                                                  05/27/2025  16:56:46  PAGE 5


            CODE    33C9H     0032H     UNIT         ?PR?AD_KEY_GET_KEY_ID?AD_KEY
            CODE    33FBH     002EH     UNIT         ?PR?AIP1302
            CODE    3429H     002BH     UNIT         ?PR?UART0_CONFIG?UART0
            CODE    3454H     002BH     UNIT         ?PR?PIN_LEVEL_SCAN_CONFIG?PIN_LEVEL_SCAN
            CODE    347FH     002BH     UNIT         ?PR?MILEAGE
            CODE    34AAH     0028H     UNIT         ?PR?FUEL_CAPACITY
            CODE    34D2H     0023H     UNIT         ?PR?ADC_SINGLE_CONVERT?ADC
            CODE    34F5H     0023H     UNIT         ?PR?___AD_KEY_GET_EVENT?AD_KEY
            CODE    3518H     0022H     UNIT         ?PR?ADC_CONFIG?ADC
            CODE    353AH     0021H     UNIT         ?PR?KEY_DRIVER
            CODE    355BH     0020H     UNIT         ?PR?TOUCH_KEY_GET_KEY_ID?TOUCH_KEY
            CODE    357BH     0020H     UNIT         ?PR?__TK_SCAN?TK_LIB
            CODE    359BH     001FH     UNIT         ?PR?TOUCH_KEY
            CODE    35BAH     001EH     UNIT         ?CO?TK_SET
            CODE    35D8H     001EH     UNIT         ?PR?TMR2
            CODE    35F6H     001EH     UNIT         ?PR?TEMP_OF_WATER
            CODE    3614H     001BH     UNIT         ?PR?_DELAY_MS?SYSTEM
            CODE    362FH     001BH     UNIT         ?PR?ADC
            CODE    364AH     001AH     UNIT         ?PR?_REVERSE_U8?AIP1302
            CODE    3664H     0018H     UNIT         ?PR?TK_SET
            CODE    367CH     0018H     UNIT         ?PR?FUN_INFO_INIT?FUN_INFO
            CODE    3694H     0016H     UNIT         ?PR?_AIP1302_READ_BYTE?AIP1302
            CODE    36AAH     0016H     UNIT         ?PR?SPEED_SCAN
            CODE    36C0H     0016H     UNIT         ?PR?TOUCH_KEY_HANDLE?TOUCH_KEY
            CODE    36D6H     0011H     UNIT         ?PR?TMR2_ENABLE?TMR2
            CODE    36E7H     0011H     UNIT         ?PR?_FLASH_ERASE_SECTOR?FLASH
            CODE    36F8H     0010H     UNIT         ?PR?P03_OUTPUT_CONFIG?MY_GPIO
            CODE    3708H     0010H     UNIT         ?PR?TMR0_DISABLE?TMR0
            CODE    3718H     0010H     UNIT         ?PR?TMR1_ENABLE?TMR1
            CODE    3728H     0010H     UNIT         ?PR?_CONVER_ADC_VAL_TO_VOLTAGE?BATTERY
            CODE    3738H     000EH     UNIT         ?PR?_PUTCHAR?UART0
            CODE    3746H     000EH     UNIT         ?PR?FUN_INFO_SAVE?FUN_INFO
            CODE    3754H     000EH     UNIT         ?PR?_CONVER_VOLTAGE_OF_BATTERY_TO_PERCENTAGE?BATTERY
            CODE    3762H     000DH     UNIT         ?PR?P06_INPUT_CONFIG?MY_GPIO
            CODE    376FH     000DH     UNIT         ?PR?P07_INPUT_CONFIG?MY_GPIO
            CODE    377CH     000DH     UNIT         ?PR?P10_INPUT_CONFIG?MY_GPIO
            CODE    3789H     000DH     UNIT         ?PR?P13_INPUT_CONFIG?MY_GPIO
            CODE    3796H     000DH     UNIT         ?PR?P14_INPUT_CONFIG?MY_GPIO
            CODE    37A3H     000DH     UNIT         ?PR?P21_INPUT_CONFIG?MY_GPIO
            CODE    37B0H     000DH     UNIT         ?PR?P22_INPUT_CONFIG?MY_GPIO
            CODE    37BDH     000DH     UNIT         ?PR?P23_INPUT_CONFIG?MY_GPIO
            CODE    37CAH     000DH     UNIT         ?PR?P25_INPUT_CONFIG?MY_GPIO
            CODE    37D7H     000DH     UNIT         ?PR?P27_INPUT_CONFIG?MY_GPIO
            CODE    37E4H     000DH     UNIT         ?PR?P30_INPUT_CONFIG?MY_GPIO
            CODE    37F1H     000DH     UNIT         ?PR?_UART0_SENDBYTE?UART0
            CODE    37FEH     000DH     UNIT         ?PR?SPEED_SCAN_CONFIG?SPEED_SCAN
            CODE    380BH     000CH     UNIT         ?PR?TMR0_ENABLE?TMR0
            CODE    3817H     000CH     UNIT         ?PR?FUN_INFO
            CODE    3823H     000BH     UNIT         ?PR?_DELAY?SYSTEM
            CODE    382EH     0008H     UNIT         ?PR?TMR0
            CODE    3836H     0007H     UNIT         ?PR?ENGINE_SPEED_SCAN_CONFIG?ENGINE_SPEED_SCAN
            CODE    383DH     0005H     UNIT         ?PR?__TK_MS_HANDLER?TK_LIB



OVERLAY MAP OF MODULE:   .\Release\Objects\Project (?C_STARTUP)

BL51 BANKED LINKER/LOCATER V6.22.4.0                                                  05/27/2025  16:56:46  PAGE 6



SEGMENT                                             BIT_GROUP          DATA_GROUP          XDATA_GROUP
  +--> CALLED SEGMENT                            START    LENGTH     START    LENGTH     START    LENGTH
--------------------------------------------------------------------------------------------------------
?C_C51STARTUP                                    -----    -----      -----    -----      -----    -----
  +--> ?PR?MAIN?MAIN
  +--> ?C_INITSEG

?PR?MAIN?MAIN                                    -----    -----      -----    -----      -----    -----
  +--> ?PR?SYSTEM_INIT?SYSTEM
  +--> ?PR?USER_INIT?MAIN
  +--> ?PR?_DELAY_MS?SYSTEM
  +--> ?PR?_KEY_DRIVER_SCAN?KEY_DRIVER
  +--> ?PR?AD_KEY_HANDLE?AD_KEY
  +--> ?PR?SPEED_SCAN?SPEED_SCAN
  +--> ?PR?MILEAGE_SCAN?MILEAGE
  +--> ?PR?ENGINE_SPEED_SCAN?ENGINE_SPEED_SCAN
  +--> ?PR?FUEL_CAPACITY_SCAN?FUEL_CAPACITY
  +--> ?PR?BATTERY_SCAN?BATTERY
  +--> ?PR?UART0_SCAN_HANDLE?UART0
  +--> ?PR?INSTRUCTION_SCAN?INSTRUCTION
  +--> ?PR?INSTRUCTION_HANDLE?INSTRUCTION
  +--> ?PR?HEART_BEAT_HANDLE?TMR1

?PR?SYSTEM_INIT?SYSTEM                           -----    -----      -----    -----      -----    -----
  +--> ?PR?_DELAY?SYSTEM
  +--> ?PR?_DELAY_MS?SYSTEM

?PR?_DELAY_MS?SYSTEM                             -----    -----      -----    -----      -----    -----
  +--> ?PR?_DELAY?SYSTEM

?PR?USER_INIT?MAIN                               -----    -----      -----    -----      -----    -----
  +--> ?PR?FUN_INFO_INIT?FUN_INFO
  +--> ?PR?TMR0_CONFIG?TMR0
  +--> ?PR?UART0_CONFIG?UART0
  +--> ?PR?PIN_LEVEL_SCAN_CONFIG?PIN_LEVEL_SCAN
  +--> ?PR?TMR1_CONFIG?TMR1
  +--> ?PR?SPEED_SCAN_CONFIG?SPEED_SCAN
  +--> ?PR?ENGINE_SPEED_SCAN_CONFIG?ENGINE_S...
  +--> ?PR?ADC_CONFIG?ADC
  +--> ?PR?AIP1302_CONFIG?AIP1302
  +--> ?PR?TMR2_CONFIG?TMR2
  +--> ?PR?TMR1_ENABLE?TMR1
  +--> ?PR?TMR2_ENABLE?TMR2
  +--> ?PR?_DELAY_MS?SYSTEM

?PR?FUN_INFO_INIT?FUN_INFO                       -----    -----      -----    -----      -----    -----
  +--> ?PR?FUN_INFO
  +--> ?PR?_FLASH_READ?FLASH

?PR?_FLASH_READ?FLASH                            -----    -----      -----    -----      6470H    0005H

?PR?TMR0_CONFIG?TMR0                             -----    -----      -----    -----      -----    -----
  +--> ?PR?TMR0

?PR?PIN_LEVEL_SCAN_CONFIG?PIN_LEVEL_SCAN         -----    -----      -----    -----      -----    -----
  +--> ?PR?P21_INPUT_CONFIG?MY_GPIO
BL51 BANKED LINKER/LOCATER V6.22.4.0                                                  05/27/2025  16:56:46  PAGE 7


  +--> ?PR?P22_INPUT_CONFIG?MY_GPIO
  +--> ?PR?P25_INPUT_CONFIG?MY_GPIO
  +--> ?PR?P27_INPUT_CONFIG?MY_GPIO
  +--> ?PR?P30_INPUT_CONFIG?MY_GPIO
  +--> ?PR?P14_INPUT_CONFIG?MY_GPIO
  +--> ?PR?P13_INPUT_CONFIG?MY_GPIO
  +--> ?PR?P10_INPUT_CONFIG?MY_GPIO
  +--> ?PR?P07_INPUT_CONFIG?MY_GPIO
  +--> ?PR?P06_INPUT_CONFIG?MY_GPIO

?PR?ADC_CONFIG?ADC                               -----    -----      -----    -----      -----    -----
  +--> ?PR?ADC

?PR?AIP1302_CONFIG?AIP1302                       -----    -----      -----    -----      -----    -----
  +--> ?PR?AIP1302
  +--> ?PR?AIP1302_IS_RUNNING?AIP1302
  +--> ?PR?_AIP1302_WRITE_BYTE?AIP1302
  +--> ?PR?AIP1302_READ_ALL?AIP1302

?PR?AIP1302_IS_RUNNING?AIP1302                   -----    -----      -----    -----      -----    -----
  +--> ?PR?___AIP1302_READ_BYTE?AIP1302

?PR?___AIP1302_READ_BYTE?AIP1302                 -----    -----      -----    -----      6475H    0003H
  +--> ?PR?AIP1302
  +--> ?PR?_DELAY?SYSTEM

?PR?_AIP1302_WRITE_BYTE?AIP1302                  -----    -----      -----    -----      647BH    0004H
  +--> ?PR?___AIP1302_WRITE_BYTE?AIP1302

?PR?___AIP1302_WRITE_BYTE?AIP1302                -----    -----      -----    -----      647FH    0003H
  +--> ?PR?AIP1302
  +--> ?PR?_DELAY?SYSTEM

?PR?AIP1302_READ_ALL?AIP1302                     -----    -----      -----    -----      -----    -----
  +--> ?PR?_AIP1302_READ_BYTE?AIP1302

?PR?_AIP1302_READ_BYTE?AIP1302                   -----    -----      -----    -----      6474H    0001H
  +--> ?PR?___AIP1302_READ_BYTE?AIP1302
  +--> ?PR?___AIP1302_CONVERT_READ_BYTE?AIP1302

?PR?___AIP1302_CONVERT_READ_BYTE?AIP1302         -----    -----      -----    -----      6475H    0003H
  +--> ?PR?_REVERSE_U8?AIP1302

?PR?_KEY_DRIVER_SCAN?KEY_DRIVER                  -----    -----      -----    -----      6470H    0002H
  +--> ?PR?KEY_DRIVER

?PR?AD_KEY_HANDLE?AD_KEY                         -----    -----      -----    -----      -----    -----
  +--> ?PR?___AD_KEY_GET_EVENT?AD_KEY
  +--> ?PR?_SEND_DATA?SEND_DATA

?PR?___AD_KEY_GET_EVENT?AD_KEY                   -----    -----      -----    -----      -----    -----
  +--> ?PR?AD_KEY

?PR?_SEND_DATA?SEND_DATA                         -----    -----      -----    -----      6474H    0009H
  +--> ?PR?_UART0_SENDBYTE?UART0
  +--> ?PR?SEND_DATA
  +--> ?PR?_DELAY_MS?SYSTEM
BL51 BANKED LINKER/LOCATER V6.22.4.0                                                  05/27/2025  16:56:46  PAGE 8



?PR?SPEED_SCAN?SPEED_SCAN                        -----    -----      -----    -----      6470H    0004H
  +--> ?PR?SPEED_SCAN

?PR?MILEAGE_SCAN?MILEAGE                         -----    -----      -----    -----      -----    -----
  +--> ?PR?MILEAGE
  +--> ?PR?FUN_INFO_SAVE?FUN_INFO

?PR?FUN_INFO_SAVE?FUN_INFO                       -----    -----      -----    -----      -----    -----
  +--> ?PR?_FLASH_ERASE_SECTOR?FLASH
  +--> ?PR?FUN_INFO
  +--> ?PR?_FLASH_WRITE?FLASH

?PR?_FLASH_WRITE?FLASH                           -----    -----      -----    -----      6474H    0005H

?PR?ENGINE_SPEED_SCAN?ENGINE_SPEED_SCAN          -----    -----      -----    -----      6470H    0004H

?PR?FUEL_CAPACITY_SCAN?FUEL_CAPACITY             -----    -----      -----    -----      -----    -----
  +--> ?PR?_ADC_SEL_PIN?ADC
  +--> ?PR?ADC_GETVAL?ADC
  +--> ?PR?FUEL_CAPACITY

?PR?_ADC_SEL_PIN?ADC                             -----    -----      -----    -----      -----    -----
  +--> ?PR?ADC
  +--> ?PR?_DELAY_MS?SYSTEM

?PR?ADC_GETVAL?ADC                               -----    -----      -----    -----      6472H    000BH
  +--> ?PR?ADC_SINGLE_CONVERT?ADC
  +--> ?PR?ADC

?PR?BATTERY_SCAN?BATTERY                         -----    -----      -----    -----      6470H    0002H
  +--> ?PR?_ADC_SEL_PIN?ADC
  +--> ?PR?ADC_GETVAL?ADC
  +--> ?PR?_CONVER_ADC_VAL_TO_VOLTAGE?BATTERY
  +--> ?PR?_CONVER_VOLTAGE_OF_BATTERY_TO_PER...

?PR?UART0_SCAN_HANDLE?UART0                      0023H.2  0000H.1    -----    -----      6470H    0003H
  +--> ?PR?TMR0_DISABLE?TMR0
  +--> ?PR?UART0

?PR?TMR0_DISABLE?TMR0                            -----    -----      -----    -----      -----    -----
  +--> ?PR?TMR0

?PR?INSTRUCTION_SCAN?INSTRUCTION                 -----    -----      -----    -----      6470H    0001H
  +--> ?PR?INSTRUCTION

?PR?INSTRUCTION_HANDLE?INSTRUCTION               -----    -----      -----    -----      6470H    0004H
  +--> ?PR?INSTRUCTION
  +--> ?PR?_SEND_DATA?SEND_DATA
  +--> ?PR?AIP1302_READ_ALL?AIP1302
  +--> ?PR?AIP1302_UPDATE_TIME?AIP1302
  +--> ?PR?FUN_INFO_SAVE?FUN_INFO

?PR?AIP1302_UPDATE_TIME?AIP1302                  -----    -----      -----    -----      6474H    0007H
  +--> ?PR?_AIP1302_WRITE_BYTE?AIP1302

?PR?HEART_BEAT_HANDLE?TMR1                       -----    -----      -----    -----      6470H    0008H
BL51 BANKED LINKER/LOCATER V6.22.4.0                                                  05/27/2025  16:56:46  PAGE 9


  +--> ?PR?TMR1

?C_INITSEG                                       -----    -----      -----    -----      -----    -----
  +--> ?PR?AD_KEY_GET_KEY_ID?AD_KEY
  +--> ?PR?TOUCH_KEY_GET_KEY_ID?TOUCH_KEY

?PR?AD_KEY_GET_KEY_ID?AD_KEY                     -----    -----      -----    -----      6470H    0002H
  +--> ?PR?_ADC_SEL_PIN?ADC
  +--> ?PR?ADC_SINGLE_CONVERT?ADC
  +--> ?PR?___CONVER_CUR_AD_TO_AD_KEY?AD_KEY

?PR?___CONVER_CUR_AD_TO_AD_KEY?AD_KEY            -----    -----      -----    -----      6472H    0002H

?PR?TOUCH_KEY_GET_KEY_ID?TOUCH_KEY               -----    -----      -----    -----      -----    -----
  +--> ?PR?__TK_SCAN?TK_LIB
  +--> ?PR?TOUCH_KEY

?PR?__TK_SCAN?TK_LIB                             -----    -----      -----    -----      -----    -----
  +--> ?PR?__TK_BUTTON_DECIDE?TK_LIB
  +--> ?PR?___TK_SET_NEXT_CH?TK_LIB

?PR?__TK_BUTTON_DECIDE?TK_LIB                    -----    -----      -----    -----      -----    -----
  +--> ?CO?TK_SET
  +--> ?PR?___TK_MODE_CARRY_FUNC?TK_LIB

?PR?___TK_MODE_CARRY_FUNC?TK_LIB                 -----    -----      -----    -----      6470H    0001H
  +--> ?CO?TK_SET
  +--> ?PR?__TK_BASELINE_UPDATE?TK_LIB

?PR?__TK_BASELINE_UPDATE?TK_LIB                  -----    -----      -----    -----      -----    -----
  +--> ?CO?TK_SET

*** NEW ROOT ***************************************************

?PR?TK_IRQHANDLER?TK_SET                         -----    -----      -----    -----      -----    -----
  +--> ?PR?__TK_HANDLER?TK_LIB

?PR?__TK_HANDLER?TK_LIB                          -----    -----      -----    -----      -----    -----
  +--> ?CO?TK_SET
  +--> ?PR?__TK_MODE_CONFIG?TK_LIB
  +--> ?PR?__TK_I_SOURCE_ADJUST?TK_LIB
  +--> ?PR?__TK_BASELINE_INIT?TK_LIB
  +--> ?PR?___TK_SET_NEXT_CH?TK_LIB

?PR?__TK_MODE_CONFIG?TK_LIB                      -----    -----      -----    -----      -----    -----
  +--> ?PR?___TK_SET_NEXT_CH?TK_LIB

?PR?__TK_I_SOURCE_ADJUST?TK_LIB                  -----    -----      -----    -----      6482H    0001H
  +--> ?CO?TK_SET
  +--> ?PR?___TK_LIB_I_ADJUST?TK_LIB
  +--> ?PR?__TK_MODE_CONFIG?TK_LIB
  +--> ?PR?___TK_SET_NEXT_CH?TK_LIB

?PR?___TK_LIB_I_ADJUST?TK_LIB                    -----    -----      0024H    0008H      6483H    0005H
  +--> ?CO?TK_SET

?PR?__TK_BASELINE_INIT?TK_LIB                    -----    -----      -----    -----      -----    -----
BL51 BANKED LINKER/LOCATER V6.22.4.0                                                  05/27/2025  16:56:46  PAGE 10


  +--> ?CO?TK_SET
  +--> ?PR?___TK_SET_NEXT_CH?TK_LIB

*** NEW ROOT ***************************************************

?PR?TIMR1_IRQHANDLER?TMR1                        -----    -----      -----    -----      -----    -----
  +--> ?PR?TMR1

*** NEW ROOT ***************************************************

?PR?TIMR2_IRQHANDLER?TMR2                        -----    -----      -----    -----      -----    -----
  +--> ?PR?TMR2

*** NEW ROOT ***************************************************

?PR?UART0_IRQHANDLER?UART0                       -----    -----      -----    -----      6488H    0001H
  +--> ?PR?UART0
  +--> ?PR?TMR0_DISABLE?TMR0
  +--> ?PR?TMR0_ENABLE?TMR0

?PR?TMR0_ENABLE?TMR0                             -----    -----      -----    -----      -----    -----
  +--> ?PR?TMR0



SYMBOL TABLE OF MODULE:  .\Release\Objects\Project (?C_STARTUP)

  VALUE           TYPE          NAME
  ----------------------------------

  -------         MODULE        ?C_STARTUP
  C:29C2H         SEGMENT       ?C_C51STARTUP
  I:0067H         SEGMENT       ?STACK
  C:0000H         PUBLIC        ?C_STARTUP
  D:00E0H         SYMBOL        ACC
  D:00F0H         SYMBOL        B
  D:0083H         SYMBOL        DPH
  D:0082H         SYMBOL        DPL
  N:0000H         SYMBOL        IBPSTACK
  N:0100H         SYMBOL        IBPSTACKTOP
  N:0080H         SYMBOL        IDATALEN
  C:29C5H         SYMBOL        IDATALOOP
  N:0000H         SYMBOL        PBPSTACK
  N:0100H         SYMBOL        PBPSTACKTOP
  N:0000H         SYMBOL        PDATALEN
  N:0000H         SYMBOL        PDATASTART
  N:0000H         SYMBOL        PPAGE
  N:0000H         SYMBOL        PPAGEENABLE
  D:00A0H         SYMBOL        PPAGE_SFR
  D:0081H         SYMBOL        SP
  C:29C2H         SYMBOL        STARTUP1
  N:0000H         SYMBOL        XBPSTACK
  N:0000H         SYMBOL        XBPSTACKTOP
  N:0000H         SYMBOL        XDATALEN
  N:0000H         SYMBOL        XDATASTART
  C:0000H         LINE#         126
  C:29C2H         LINE#         133
BL51 BANKED LINKER/LOCATER V6.22.4.0                                                  05/27/2025  16:56:46  PAGE 11


  C:29C4H         LINE#         134
  C:29C5H         LINE#         135
  C:29C6H         LINE#         136
  C:29C8H         LINE#         185
  C:29CBH         LINE#         196
  -------         ENDMOD        ?C_STARTUP

  -------         MODULE        SYSTEM
  C:0000H         SYMBOL        _ICE_DUMMY_
  D:00D9H         PUBLIC        WDT_KEY
  D:00A7H         PUBLIC        FLASH_TIMEREG0
  D:00ACH         PUBLIC        FLASH_TIMEREG1
  C:3823H         PUBLIC        _delay
  C:3614H         PUBLIC        _delay_ms
  C:1F45H         PUBLIC        system_init
  -------         PROC          _DELAY
  D:0006H         SYMBOL        cnt
  C:3823H         LINE#         37
  C:3823H         LINE#         38
  C:3823H         LINE#         39
  C:382DH         LINE#         40
  C:382DH         LINE#         41
  C:382DH         LINE#         42
  -------         ENDPROC       _DELAY
  -------         PROC          _DELAY_MS
  D:0002H         SYMBOL        ms
  C:3614H         LINE#         49
  C:3618H         LINE#         50
  C:3618H         LINE#         51
  C:3622H         LINE#         52
  C:3622H         LINE#         53
  C:3625H         LINE#         56
  C:362CH         LINE#         57
  C:362EH         LINE#         58
  -------         ENDPROC       _DELAY_MS
  -------         PROC          SYSTEM_INIT
  -------         DO            
  D:0007H         SYMBOL        i
  -------         ENDDO         
  C:1F45H         LINE#         65
  C:1F45H         LINE#         66
  C:1F45H         LINE#         69
  C:1F4CH         LINE#         70
  C:1F59H         LINE#         71
  C:1F5CH         LINE#         74
  C:1F5FH         LINE#         75
  C:1F65H         LINE#         76
  C:1F6BH         LINE#         77
  C:1F71H         LINE#         78
  C:1F77H         LINE#         79
  C:1F7EH         LINE#         83
  C:1F80H         LINE#         84
  C:1F80H         LINE#         85
  C:1F8DH         LINE#         86
  C:1F92H         LINE#         88
  C:2020H         LINE#         89
  -------         ENDPROC       SYSTEM_INIT
BL51 BANKED LINKER/LOCATER V6.22.4.0                                                  05/27/2025  16:56:46  PAGE 12


  -------         ENDMOD        SYSTEM

  -------         MODULE        TK_SET
  C:0000H         SYMBOL        _ICE_DUMMY_
  D:00A8H         PUBLIC        IE0
  D:00A9H         PUBLIC        IE1
  D:00AAH         PUBLIC        IE2
  D:00ABH         PUBLIC        IE3
  B:00A8H.7       PUBLIC        IE_EA
  D:00B8H         PUBLIC        IP0
  D:00B1H         PUBLIC        IP1
  D:00B2H         PUBLIC        IP2
  D:00B3H         PUBLIC        IP3
  D:00B4H         PUBLIC        IP4
  D:00B5H         PUBLIC        IP5
  D:00B6H         PUBLIC        IP6
  D:00B7H         PUBLIC        IP7
  C:280EH         PUBLIC        tk_param_init
  X:6489H         PUBLIC        __tk_update_cnt
  X:648BH         PUBLIC        __tk_confirm_cnt
  X:648DH         PUBLIC        __tk_leave_cnt
  X:648FH         PUBLIC        __tk_ch_index
  X:6491H         PUBLIC        __tk_ch_fth
  X:6495H         PUBLIC        __tk_i_set
  X:6000H         PUBLIC        __tk_ch_data_0
  X:6004H         PUBLIC        __tk_ch_data_1
  X:6008H         PUBLIC        __tk_ch_data_2
  X:6010H         PUBLIC        __tk_ch_data_3
  X:6014H         PUBLIC        __tk_ch_data_4
  X:6499H         PUBLIC        __tk_ch_data_5
  X:649DH         PUBLIC        __tk_ch_data_6
  C:35BAH         PUBLIC        __tk_adjust_line
  C:35BEH         PUBLIC        __tk_adjust_time
  C:35C0H         PUBLIC        __tk_adjust_diff_valu
  C:35C2H         PUBLIC        __tk_adjust_en
  C:35C3H         PUBLIC        __tk_valid_time
  C:35C5H         PUBLIC        __tk_long_key_time
  C:35CFH         PUBLIC        __tk_use_num
  C:35C9H         PUBLIC        __tk_cs_en
  C:35CBH         PUBLIC        __tk_nm_num
  C:35CAH         PUBLIC        __tk_tp_en
  C:35CCH         PUBLIC        __tk_base_update_cnt
  C:35CEH         PUBLIC        __tk_cm_valu
  C:35C7H         PUBLIC        __tk_noise_value
  C:35CDH         PUBLIC        __tk_nm_cm_value
  C:35D0H         SYMBOL        TK_CH_EN_BUG
  C:1A79H         PUBLIC        tk_gpio_config
  C:3083H         PUBLIC        TK_IRQHandler
  C:2F09H         PUBLIC        tk_init
  C:3664H         SYMBOL        Com0055
  C:3664H         SYMBOL        L?0086
  C:3664H         SYMBOL        L?0087
  C:3666H         SYMBOL        L?0088
  C:3669H         SYMBOL        L?0089
  C:3672H         SYMBOL        L?0090
  C:3674H         SYMBOL        L?0091
  -------         PROC          COM0055
BL51 BANKED LINKER/LOCATER V6.22.4.0                                                  05/27/2025  16:56:46  PAGE 13


  -------         ENDPROC       COM0055
  -------         PROC          TK_GPIO_CONFIG
  -------         DO            
  D:0007H         SYMBOL        i
  -------         ENDDO         
  C:1A79H         LINE#         262
  C:1A79H         LINE#         263
  C:1A79H         LINE#         264
  C:1A7BH         LINE#         266
  C:1A7BH         LINE#         267
  C:1A7BH         LINE#         269
  C:1A83H         LINE#         270
  C:1A83H         LINE#         271
  C:1A8BH         LINE#         272
  C:1A8BH         LINE#         273
  C:1AA0H         LINE#         274
  C:1AB0H         LINE#         275
  C:1AB3H         LINE#         277
  C:1AB3H         LINE#         278
  C:1AC8H         LINE#         279
  C:1AD8H         LINE#         280
  C:1AD8H         LINE#         281
  C:1ADBH         LINE#         282
  C:1AEBH         LINE#         283
  C:1AEBH         LINE#         284
  C:1AF3H         LINE#         285
  C:1AF3H         LINE#         286
  C:1B0AH         LINE#         287
  C:1B1CH         LINE#         288
  C:1B1FH         LINE#         290
  C:1B1FH         LINE#         291
  C:1B36H         LINE#         292
  C:1B48H         LINE#         293
  C:1B48H         LINE#         294
  C:1B4BH         LINE#         296
  C:1B4BH         LINE#         297
  C:1B53H         LINE#         298
  C:1B53H         LINE#         299
  C:1B6AH         LINE#         300
  C:1B7CH         LINE#         301
  C:1B7EH         LINE#         303
  C:1B7EH         LINE#         304
  C:1B95H         LINE#         305
  C:1BABH         LINE#         306
  C:1BABH         LINE#         307
  C:1BABH         LINE#         308
  C:1BB4H         LINE#         309
  -------         ENDPROC       TK_GPIO_CONFIG
  -------         PROC          TK_IRQHANDLER
  C:3083H         LINE#         316
  C:30A0H         LINE#         318
  C:30A0H         LINE#         319
  C:30A6H         LINE#         320
  C:30A6H         LINE#         321
  C:30AAH         LINE#         322
  C:30ADH         LINE#         323
  C:30ADH         LINE#         324
BL51 BANKED LINKER/LOCATER V6.22.4.0                                                  05/27/2025  16:56:46  PAGE 14


  C:30ADH         LINE#         325
  -------         ENDPROC       TK_IRQHANDLER
  -------         PROC          TK_INIT
  C:2F09H         LINE#         332
  C:2F09H         LINE#         333
  C:2F09H         LINE#         334
  C:2F0BH         LINE#         335
  C:2F0EH         LINE#         336
  C:2F11H         LINE#         337
  C:2F18H         LINE#         338
  C:2F1BH         LINE#         339
  C:2F20H         LINE#         340
  C:2F24H         LINE#         341
  C:2F29H         LINE#         342
  C:2F2DH         LINE#         343
  C:2F32H         LINE#         344
  C:2F36H         LINE#         345
  C:2F3BH         LINE#         346
  C:2F3FH         LINE#         347
  C:2F42H         LINE#         348
  C:2F44H         LINE#         349
  C:2F46H         LINE#         350
  C:2F4BH         LINE#         351
  C:2F4FH         LINE#         352
  C:2F53H         LINE#         353
  C:2F57H         LINE#         354
  -------         ENDPROC       TK_INIT
  -------         PROC          TK_PARAM_INIT
  -------         DO            
  D:0003H         SYMBOL        i
  -------         ENDDO         
  C:280EH         LINE#         403
  C:280EH         LINE#         404
  C:280EH         LINE#         405
  C:2810H         LINE#         408
  C:2810H         LINE#         409
  C:2810H         LINE#         410
  C:282EH         LINE#         411
  C:2854H         LINE#         412
  C:2866H         LINE#         413
  C:288EH         LINE#         414
  C:2897H         LINE#         417
  C:289AH         LINE#         420
  C:289DH         LINE#         423
  -------         ENDPROC       TK_PARAM_INIT
  -------         ENDMOD        TK_SET

  -------         MODULE        MY_GPIO
  C:0000H         SYMBOL        _ICE_DUMMY_
  C:36F8H         PUBLIC        p03_output_config
  C:3762H         PUBLIC        p06_input_config
  C:376FH         PUBLIC        p07_input_config
  C:377CH         PUBLIC        p10_input_config
  C:3789H         PUBLIC        p13_input_config
  C:3796H         PUBLIC        p14_input_config
  C:37A3H         PUBLIC        p21_input_config
  C:37B0H         PUBLIC        p22_input_config
BL51 BANKED LINKER/LOCATER V6.22.4.0                                                  05/27/2025  16:56:46  PAGE 15


  C:37BDH         PUBLIC        p23_input_config
  C:37CAH         PUBLIC        p25_input_config
  C:37D7H         PUBLIC        p27_input_config
  C:37E4H         PUBLIC        p30_input_config
  -------         PROC          P03_OUTPUT_CONFIG
  C:36F8H         LINE#         67
  C:36F8H         LINE#         68
  C:36F8H         LINE#         69
  C:36FEH         LINE#         70
  C:3702H         LINE#         72
  C:3707H         LINE#         73
  -------         ENDPROC       P03_OUTPUT_CONFIG
  -------         PROC          P06_INPUT_CONFIG
  C:3762H         LINE#         90
  C:3762H         LINE#         91
  C:3762H         LINE#         93
  C:3768H         LINE#         95
  C:376EH         LINE#         96
  -------         ENDPROC       P06_INPUT_CONFIG
  -------         PROC          P07_INPUT_CONFIG
  C:376FH         LINE#         99
  C:376FH         LINE#         100
  C:376FH         LINE#         102
  C:3775H         LINE#         104
  C:377BH         LINE#         105
  -------         ENDPROC       P07_INPUT_CONFIG
  -------         PROC          P10_INPUT_CONFIG
  C:377CH         LINE#         108
  C:377CH         LINE#         109
  C:377CH         LINE#         111
  C:3782H         LINE#         113
  C:3788H         LINE#         114
  -------         ENDPROC       P10_INPUT_CONFIG
  -------         PROC          P13_INPUT_CONFIG
  C:3789H         LINE#         117
  C:3789H         LINE#         118
  C:3789H         LINE#         120
  C:378FH         LINE#         122
  C:3795H         LINE#         123
  -------         ENDPROC       P13_INPUT_CONFIG
  -------         PROC          P14_INPUT_CONFIG
  C:3796H         LINE#         126
  C:3796H         LINE#         127
  C:3796H         LINE#         129
  C:379CH         LINE#         131
  C:37A2H         LINE#         132
  -------         ENDPROC       P14_INPUT_CONFIG
  -------         PROC          P21_INPUT_CONFIG
  C:37A3H         LINE#         144
  C:37A3H         LINE#         145
  C:37A3H         LINE#         147
  C:37A9H         LINE#         149
  C:37AFH         LINE#         150
  -------         ENDPROC       P21_INPUT_CONFIG
  -------         PROC          P22_INPUT_CONFIG
  C:37B0H         LINE#         153
  C:37B0H         LINE#         154
BL51 BANKED LINKER/LOCATER V6.22.4.0                                                  05/27/2025  16:56:46  PAGE 16


  C:37B0H         LINE#         156
  C:37B6H         LINE#         158
  C:37BCH         LINE#         159
  -------         ENDPROC       P22_INPUT_CONFIG
  -------         PROC          P23_INPUT_CONFIG
  C:37BDH         LINE#         162
  C:37BDH         LINE#         163
  C:37BDH         LINE#         165
  C:37C3H         LINE#         167
  C:37C9H         LINE#         168
  -------         ENDPROC       P23_INPUT_CONFIG
  -------         PROC          P25_INPUT_CONFIG
  C:37CAH         LINE#         171
  C:37CAH         LINE#         172
  C:37CAH         LINE#         174
  C:37D0H         LINE#         176
  C:37D6H         LINE#         177
  -------         ENDPROC       P25_INPUT_CONFIG
  -------         PROC          P27_INPUT_CONFIG
  C:37D7H         LINE#         180
  C:37D7H         LINE#         181
  C:37D7H         LINE#         183
  C:37DDH         LINE#         185
  C:37E3H         LINE#         186
  -------         ENDPROC       P27_INPUT_CONFIG
  -------         PROC          P30_INPUT_CONFIG
  C:37E4H         LINE#         189
  C:37E4H         LINE#         190
  C:37E4H         LINE#         192
  C:37EAH         LINE#         194
  C:37F0H         LINE#         195
  -------         ENDPROC       P30_INPUT_CONFIG
  -------         ENDMOD        MY_GPIO

  -------         MODULE        TMR0
  C:0000H         SYMBOL        _ICE_DUMMY_
  D:00A8H         PUBLIC        IE0
  D:00A9H         PUBLIC        IE1
  D:00AAH         PUBLIC        IE2
  D:00ABH         PUBLIC        IE3
  B:00A8H.7       PUBLIC        IE_EA
  D:00B8H         PUBLIC        IP0
  D:00B1H         PUBLIC        IP1
  D:00B2H         PUBLIC        IP2
  D:00B3H         PUBLIC        IP3
  D:00B4H         PUBLIC        IP4
  D:00B5H         PUBLIC        IP5
  D:00B6H         PUBLIC        IP6
  D:00B7H         PUBLIC        IP7
  X:600CH         PUBLIC        tmr0_cnt
  C:327CH         PUBLIC        tmr0_config
  C:380BH         PUBLIC        tmr0_enable
  C:3708H         PUBLIC        tmr0_disable
  C:2F58H         PUBLIC        TIMR0_IRQHandler
  C:382EH         SYMBOL        Com004E
  C:382EH         SYMBOL        L?0079
  C:382EH         SYMBOL        L?0080
BL51 BANKED LINKER/LOCATER V6.22.4.0                                                  05/27/2025  16:56:46  PAGE 17


  -------         PROC          COM004E
  -------         ENDPROC       COM004E
  -------         PROC          TMR0_CONFIG
  C:327CH         LINE#         13
  C:327CH         LINE#         14
  C:327CH         LINE#         15
  C:3282H         LINE#         16
  C:3285H         LINE#         17
  C:3287H         LINE#         20
  C:328BH         LINE#         21
  C:328DH         LINE#         23
  C:3293H         LINE#         24
  C:3297H         LINE#         25
  C:329BH         LINE#         26
  C:329FH         LINE#         28
  C:32A4H         LINE#         29
  C:32A8H         LINE#         31
  C:32ADH         LINE#         32
  C:32B1H         LINE#         34
  C:32B1H         LINE#         35
  C:32B7H         LINE#         36
  -------         ENDPROC       TMR0_CONFIG
  -------         PROC          TMR0_ENABLE
  C:380BH         LINE#         41
  C:380BH         LINE#         42
  C:380BH         LINE#         44
  C:380BH         LINE#         45
  C:3811H         LINE#         47
  C:3814H         LINE#         48
  C:3816H         LINE#         49
  -------         ENDPROC       TMR0_ENABLE
  -------         PROC          TMR0_DISABLE
  C:3708H         LINE#         54
  C:3708H         LINE#         55
  C:3708H         LINE#         57
  C:3708H         LINE#         58
  C:370EH         LINE#         61
  C:3712H         LINE#         62
  C:3714H         LINE#         64
  C:3717H         LINE#         65
  -------         ENDPROC       TMR0_DISABLE
  -------         PROC          TIMR0_IRQHANDLER
  C:2F58H         LINE#         68
  C:2F6FH         LINE#         71
  C:2F6FH         LINE#         77
  C:2F75H         LINE#         78
  C:2F75H         LINE#         79
  C:2F79H         LINE#         80
  C:2F92H         LINE#         82
  C:2F92H         LINE#         86
  C:2F92H         LINE#         87
  -------         ENDPROC       TIMR0_IRQHANDLER
  -------         ENDMOD        TMR0

  -------         MODULE        TMR1
  C:0000H         SYMBOL        _ICE_DUMMY_
  D:00A8H         PUBLIC        IE0
BL51 BANKED LINKER/LOCATER V6.22.4.0                                                  05/27/2025  16:56:46  PAGE 18


  D:00A9H         PUBLIC        IE1
  D:00AAH         PUBLIC        IE2
  D:00ABH         PUBLIC        IE3
  B:00A8H.7       PUBLIC        IE_EA
  D:00B8H         PUBLIC        IP0
  D:00B1H         PUBLIC        IP1
  D:00B2H         PUBLIC        IP2
  D:00B3H         PUBLIC        IP3
  D:00B4H         PUBLIC        IP4
  D:00B5H         PUBLIC        IP5
  D:00B6H         PUBLIC        IP6
  D:00B7H         PUBLIC        IP7
  D:00D1H         PUBLIC        TMR_ALLCON
  C:3202H         PUBLIC        tmr1_config
  C:3718H         PUBLIC        tmr1_enable
  C:13A5H         PUBLIC        heart_beat_handle
  X:6507H         PUBLIC        tmr1_cnt
  C:2E56H         PUBLIC        TIMR1_IRQHandler
  C:2D34H         SYMBOL        Com0055
  C:2D34H         SYMBOL        L?0086
  C:2D43H         SYMBOL        L?0087
  C:2D4CH         SYMBOL        L?0088
  C:2D5DH         SYMBOL        L?0089
  C:2D64H         SYMBOL        L?0090
  C:2D67H         SYMBOL        L?0091
  C:2D6DH         SYMBOL        L?0092
  C:2D6DH         SYMBOL        L?0093
  C:2D75H         SYMBOL        L?0094
  C:2D75H         SYMBOL        L?0095
  C:2D7BH         SYMBOL        L?0096
  C:2D8CH         SYMBOL        L?0097
  -------         PROC          COM0055
  -------         ENDPROC       COM0055
  -------         PROC          TMR1_CONFIG
  C:3202H         LINE#         15
  C:3202H         LINE#         16
  C:3202H         LINE#         17
  C:3208H         LINE#         18
  C:320BH         LINE#         19
  C:320DH         LINE#         21
  C:3210H         LINE#         23
  C:3216H         LINE#         24
  C:321AH         LINE#         25
  C:321EH         LINE#         26
  C:3222H         LINE#         28
  C:3227H         LINE#         29
  C:322BH         LINE#         32
  C:3230H         LINE#         33
  C:3234H         LINE#         35
  C:323AH         LINE#         36
  C:323EH         LINE#         37
  -------         ENDPROC       TMR1_CONFIG
  -------         PROC          TMR1_ENABLE
  C:3718H         LINE#         42
  C:3718H         LINE#         43
  C:3718H         LINE#         45
  C:371EH         LINE#         46
BL51 BANKED LINKER/LOCATER V6.22.4.0                                                  05/27/2025  16:56:46  PAGE 19


  C:3722H         LINE#         48
  C:3725H         LINE#         49
  C:3727H         LINE#         50
  -------         ENDPROC       TMR1_ENABLE
  -------         PROC          HEART_BEAT_HANDLE
  -------         DO            
  X:6503H         SYMBOL        old_time_ms_cnt
  X:6470H         SYMBOL        cur_time_ms_cnt
  X:6474H         SYMBOL        diff_ms_cnt
  -------         ENDDO         
  C:13A5H         LINE#         68
  C:13A5H         LINE#         69
  C:13A5H         LINE#         71
  C:13B1H         LINE#         72
  C:13BBH         LINE#         73
  C:13C5H         LINE#         74
  C:13DAH         LINE#         75
  C:13E4H         LINE#         77
  C:13F4H         LINE#         78
  C:13F4H         LINE#         80
  C:1400H         LINE#         81
  C:1400H         LINE#         83
  C:140FH         LINE#         84
  C:140FH         LINE#         86
  C:1415H         LINE#         87
  C:1426H         LINE#         88
  C:1426H         LINE#         89
  C:1432H         LINE#         90
  C:1439H         LINE#         95
  C:1445H         LINE#         96
  C:144FH         LINE#         97
  C:1451H         LINE#         98
  C:1451H         LINE#         99
  C:1451H         LINE#         101
  C:1460H         LINE#         102
  C:1460H         LINE#         104
  C:1466H         LINE#         105
  C:1477H         LINE#         106
  C:1477H         LINE#         107
  C:1483H         LINE#         108
  C:148AH         LINE#         113
  C:1496H         LINE#         114
  C:14A0H         LINE#         115
  C:14A2H         LINE#         116
  C:14A2H         LINE#         117
  C:14A2H         LINE#         119
  C:14ADH         LINE#         120
  C:14ADH         LINE#         122
  C:14BCH         LINE#         123
  C:14BCH         LINE#         125
  C:14C7H         LINE#         126
  C:14C7H         LINE#         128
  C:14D6H         LINE#         129
  C:14D6H         LINE#         131
  C:14DDH         LINE#         132
  C:14DDH         LINE#         134
  C:14E3H         LINE#         135
BL51 BANKED LINKER/LOCATER V6.22.4.0                                                  05/27/2025  16:56:46  PAGE 20


  C:14F4H         LINE#         136
  C:14F4H         LINE#         138
  C:14F8H         LINE#         139
  C:14FCH         LINE#         140
  C:14FCH         LINE#         141
  C:14FCH         LINE#         143
  C:1503H         LINE#         144
  C:1503H         LINE#         147
  C:1509H         LINE#         148
  C:151AH         LINE#         149
  C:151AH         LINE#         151
  C:151EH         LINE#         152
  C:1522H         LINE#         153
  C:1522H         LINE#         154
  C:1522H         LINE#         156
  C:1529H         LINE#         157
  C:1529H         LINE#         160
  C:152FH         LINE#         161
  C:1540H         LINE#         162
  C:1540H         LINE#         164
  C:1544H         LINE#         165
  C:1548H         LINE#         166
  C:1548H         LINE#         167
  C:1548H         LINE#         169
  C:1553H         LINE#         170
  C:1553H         LINE#         171
  C:155DH         LINE#         172
  C:155DH         LINE#         174
  C:156BH         LINE#         175
  C:156BH         LINE#         176
  C:1577H         LINE#         177
  C:1577H         LINE#         178
  -------         ENDPROC       HEART_BEAT_HANDLE
  -------         PROC          TIMR1_IRQHANDLER
  C:2E56H         LINE#         181
  C:2E6DH         LINE#         184
  C:2E6DH         LINE#         205
  C:2E73H         LINE#         206
  C:2E73H         LINE#         207
  C:2E77H         LINE#         209
  C:2E83H         LINE#         211
  C:2E83H         LINE#         231
  C:2E8CH         LINE#         232
  C:2E8CH         LINE#         233
  C:2E8FH         LINE#         234
  C:2E8FH         LINE#         236
  C:2E98H         LINE#         237
  C:2E98H         LINE#         238
  C:2E9BH         LINE#         239
  C:2E9BH         LINE#         240
  C:2E9BH         LINE#         241
  C:2E9BH         LINE#         245
  C:2E9BH         LINE#         246
  -------         ENDPROC       TIMR1_IRQHANDLER
  -------         ENDMOD        TMR1

  -------         MODULE        TMR2
BL51 BANKED LINKER/LOCATER V6.22.4.0                                                  05/27/2025  16:56:46  PAGE 21


  C:0000H         SYMBOL        _ICE_DUMMY_
  D:00A8H         PUBLIC        IE0
  D:00A9H         PUBLIC        IE1
  D:00AAH         PUBLIC        IE2
  D:00ABH         PUBLIC        IE3
  B:00A8H.7       PUBLIC        IE_EA
  D:00B8H         PUBLIC        IP0
  D:00B1H         PUBLIC        IP1
  D:00B2H         PUBLIC        IP2
  D:00B3H         PUBLIC        IP3
  D:00B4H         PUBLIC        IP4
  D:00B5H         PUBLIC        IP5
  D:00B6H         PUBLIC        IP6
  D:00B7H         PUBLIC        IP7
  B:0080H.2       PUBLIC        P02
  B:0090H.5       PUBLIC        P15
  D:00D1H         PUBLIC        TMR_ALLCON
  C:30C8H         PUBLIC        tmr2_config
  C:36D6H         PUBLIC        tmr2_enable
  C:2AD2H         PUBLIC        TIMR2_IRQHandler
  C:35D8H         SYMBOL        Com004B
  C:35D8H         SYMBOL        L?0076
  C:35E9H         SYMBOL        L?0077
  -------         PROC          COM004B
  -------         ENDPROC       COM004B
  -------         PROC          TMR2_CONFIG
  C:30C8H         LINE#         14
  C:30C8H         LINE#         15
  C:30C8H         LINE#         16
  C:30CEH         LINE#         17
  C:30D1H         LINE#         18
  C:30D3H         LINE#         21
  C:30D6H         LINE#         23
  C:30DDH         LINE#         24
  C:30DFH         LINE#         25
  C:30E3H         LINE#         26
  C:30E7H         LINE#         29
  C:30EDH         LINE#         30
  C:30F3H         LINE#         32
  C:30FAH         LINE#         33
  C:30FEH         LINE#         34
  C:3103H         LINE#         35
  C:3107H         LINE#         36
  -------         ENDPROC       TMR2_CONFIG
  -------         PROC          TMR2_ENABLE
  C:36D6H         LINE#         41
  C:36D6H         LINE#         42
  C:36D6H         LINE#         44
  C:36DDH         LINE#         45
  C:36E1H         LINE#         47
  C:36E4H         LINE#         48
  C:36E6H         LINE#         49
  -------         ENDPROC       TMR2_ENABLE
  -------         PROC          TIMR2_IRQHANDLER
  -------         DO            
  B:0022H.3       SYMBOL        last_engine_speed_scan_level
  B:0022H.4       SYMBOL        last_speed_scan_level
BL51 BANKED LINKER/LOCATER V6.22.4.0                                                  05/27/2025  16:56:46  PAGE 22


  -------         ENDDO         
  C:2AD2H         LINE#         68
  C:2AEFH         LINE#         75
  C:2AEFH         LINE#         80
  C:2AF6H         LINE#         81
  C:2AF6H         LINE#         82
  C:2AFAH         LINE#         84
  C:2AFDH         LINE#         85
  C:2AFDH         LINE#         86
  C:2B00H         LINE#         87
  C:2B00H         LINE#         89
  C:2B08H         LINE#         90
  C:2B08H         LINE#         91
  C:2B14H         LINE#         92
  C:2B14H         LINE#         93
  C:2B14H         LINE#         95
  C:2B16H         LINE#         96
  C:2B18H         LINE#         98
  C:2B18H         LINE#         100
  C:2B1AH         LINE#         101
  C:2B1AH         LINE#         103
  C:2B1DH         LINE#         104
  C:2B1DH         LINE#         105
  C:2B20H         LINE#         106
  C:2B20H         LINE#         108
  C:2B28H         LINE#         109
  C:2B28H         LINE#         110
  C:2B34H         LINE#         111
  C:2B34H         LINE#         112
  C:2B34H         LINE#         114
  C:2B36H         LINE#         115
  C:2B38H         LINE#         117
  C:2B38H         LINE#         119
  C:2B3AH         LINE#         120
  C:2B3AH         LINE#         121
  C:2B3AH         LINE#         125
  C:2B3AH         LINE#         126
  -------         ENDPROC       TIMR2_IRQHANDLER
  -------         ENDMOD        TMR2

  -------         MODULE        UART0
  C:0000H         SYMBOL        _ICE_DUMMY_
  D:00A8H         PUBLIC        IE0
  D:00A9H         PUBLIC        IE1
  D:00AAH         PUBLIC        IE2
  D:00ABH         PUBLIC        IE3
  B:00A8H.7       PUBLIC        IE_EA
  D:00B8H         PUBLIC        IP0
  D:00B1H         PUBLIC        IP1
  D:00B2H         PUBLIC        IP2
  D:00B3H         PUBLIC        IP3
  D:00B4H         PUBLIC        IP4
  D:00B5H         PUBLIC        IP5
  D:00B6H         PUBLIC        IP6
  D:00B7H         PUBLIC        IP7
  D:00D2H         PUBLIC        UART0_CON0
  D:00D4H         PUBLIC        UART0_STA
BL51 BANKED LINKER/LOCATER V6.22.4.0                                                  05/27/2025  16:56:46  PAGE 23


  D:00D5H         PUBLIC        UART0_BAUD0
  D:00D6H         PUBLIC        UART0_BAUD1
  D:00D7H         PUBLIC        UART0_DATA
  C:3738H         PUBLIC        _putchar
  X:63F1H         PUBLIC        uart0_recv_buf
  X:641EH         PUBLIC        uart0_recv_len
  X:6421H         PUBLIC        recved_flagbuf
  X:6424H         PUBLIC        recv_frame_cnt
  X:6425H         PUBLIC        flagbuf_valid_instruction
  C:3429H         PUBLIC        uart0_config
  C:37F1H         PUBLIC        _uart0_sendbyte
  C:0027H         PUBLIC        _uart0_send_buff
  C:1E21H         PUBLIC        uart0_scan_handle
  B:0022H.7       SYMBOL        flag_is_recving_data
  X:6428H         SYMBOL        frame_len
  X:6429H         SYMBOL        cur_recv_len
  X:642AH         SYMBOL        blank_index
  C:1BB5H         PUBLIC        UART0_IRQHandler
  C:2EB0H         SYMBOL        Com005E
  C:2EB0H         SYMBOL        L?0095
  C:2EB9H         SYMBOL        L?0096
  C:2EC1H         SYMBOL        L?0097
  C:2EC8H         SYMBOL        L?0098
  C:2ED0H         SYMBOL        L?0099
  C:2EE2H         SYMBOL        L?0100
  C:2EE5H         SYMBOL        L?0101
  C:2EEDH         SYMBOL        L?0102
  C:2EF9H         SYMBOL        L?0103
  C:2F03H         SYMBOL        L?0104
  -------         PROC          COM005E
  -------         ENDPROC       COM005E
  -------         PROC          _PUTCHAR
  X:6521H         SYMBOL        c
  C:3738H         LINE#         29
  C:373DH         LINE#         30
  C:373DH         LINE#         31
  C:3740H         LINE#         32
  C:3745H         LINE#         33
  -------         ENDPROC       _PUTCHAR
  -------         PROC          UART0_CONFIG
  C:3429H         LINE#         38
  C:3429H         LINE#         39
  C:3429H         LINE#         41
  C:342FH         LINE#         42
  C:3433H         LINE#         43
  C:3437H         LINE#         44
  C:343EH         LINE#         45
  C:3445H         LINE#         59
  C:3448H         LINE#         60
  C:344AH         LINE#         62
  C:344DH         LINE#         63
  C:3450H         LINE#         64
  C:3453H         LINE#         69
  -------         ENDPROC       UART0_CONFIG
  -------         PROC          UART0_IRQHANDLER
  -------         DO            
  X:6488H         SYMBOL        uart0_tmp_val
BL51 BANKED LINKER/LOCATER V6.22.4.0                                                  05/27/2025  16:56:46  PAGE 24


  -------         ENDDO         
  C:1BB5H         LINE#         72
  C:1BD2H         LINE#         74
  C:1BD7H         LINE#         77
  C:1BD7H         LINE#         82
  C:1BDFH         LINE#         83
  C:1BDFH         LINE#         85
  C:1BE2H         LINE#         87
  C:1BF2H         LINE#         89
  C:1BF2H         LINE#         93
  C:1BF2H         LINE#         94
  C:1BF2H         LINE#         95
  C:1BF5H         LINE#         97
  C:1BF5H         LINE#         100
  C:1BFCH         LINE#         101
  C:1BFCH         LINE#         104
  C:1BFEH         LINE#         105
  C:1BFEH         LINE#         106
  C:1C01H         LINE#         107
  C:1C04H         LINE#         108
  C:1C0EH         LINE#         109
  C:1C11H         LINE#         110
  C:1C11H         LINE#         112
  C:1C18H         LINE#         113
  C:1C18H         LINE#         115
  C:1C20H         LINE#         118
  C:1C20H         LINE#         121
  C:1C29H         LINE#         122
  C:1C29H         LINE#         124
  C:1C58H         LINE#         126
  C:1C62H         LINE#         129
  C:1C6FH         LINE#         131
  C:1C6FH         LINE#         133
  C:1C82H         LINE#         135
  C:1C84H         LINE#         136
  C:1C84H         LINE#         137
  C:1C87H         LINE#         139
  C:1C8DH         LINE#         140
  C:1C93H         LINE#         142
  C:1CACH         LINE#         143
  C:1CBBH         LINE#         144
  C:1CBBH         LINE#         145
  C:1CC5H         LINE#         146
  C:1CC5H         LINE#         171
  C:1CC5H         LINE#         172
  C:1CC8H         LINE#         173
  C:1CD2H         LINE#         174
  C:1CD2H         LINE#         176
  C:1CD2H         LINE#         177
  C:1CD2H         LINE#         179
  C:1CD2H         LINE#         184
  C:1CD2H         LINE#         188
  C:1CD2H         LINE#         189
  -------         ENDPROC       UART0_IRQHANDLER
  -------         PROC          _UART0_SENDBYTE
  D:0007H         SYMBOL        senddata
  C:37F1H         LINE#         192
BL51 BANKED LINKER/LOCATER V6.22.4.0                                                  05/27/2025  16:56:46  PAGE 25


  C:37F1H         LINE#         193
  C:37F1H         LINE#         194
  C:37F6H         LINE#         196
  C:37F8H         LINE#         197
  C:37FDH         LINE#         199
  -------         ENDPROC       _UART0_SENDBYTE
  -------         PROC          _UART0_SEND_BUFF
  X:6516H         SYMBOL        buf
  D:0005H         SYMBOL        len
  -------         DO            
  D:0006H         SYMBOL        i
  -------         ENDDO         
  C:0027H         LINE#         203
  C:002DH         LINE#         204
  C:002DH         LINE#         205
  C:002FH         LINE#         206
  C:0034H         LINE#         207
  C:0034H         LINE#         208
  C:0046H         LINE#         209
  C:0049H         LINE#         210
  -------         ENDPROC       _UART0_SEND_BUFF
  -------         PROC          UART0_SCAN_HANDLE
  -------         DO            
  X:6470H         SYMBOL        i
  X:6471H         SYMBOL        checksum
  B:0023H.2       SYMBOL        __flag_is_crc_or_len_err
  -------         DO            
  X:6472H         SYMBOL        __loop_crc_cnt
  -------         ENDDO         
  -------         ENDDO         
  C:1E21H         LINE#         215
  C:1E21H         LINE#         216
  C:1E21H         LINE#         217
  C:1E26H         LINE#         218
  C:1E28H         LINE#         219
  C:1E2AH         LINE#         223
  C:1E3BH         LINE#         224
  C:1E3BH         LINE#         228
  C:1E3EH         LINE#         229
  C:1E48H         LINE#         232
  C:1E4DH         LINE#         233
  C:1E51H         LINE#         234
  C:1E54H         LINE#         268
  C:1E54H         LINE#         272
  C:1E66H         LINE#         273
  C:1E66H         LINE#         274
  C:1E72H         LINE#         275
  C:1E72H         LINE#         279
  C:1E8FH         LINE#         280
  C:1E8FH         LINE#         289
  C:1E98H         LINE#         290
  C:1E98H         LINE#         291
  C:1EA9H         LINE#         294
  C:1EA9H         LINE#         296
  C:1EA9H         LINE#         297
  C:1EAEH         LINE#         298
  C:1EB2H         LINE#         299
BL51 BANKED LINKER/LOCATER V6.22.4.0                                                  05/27/2025  16:56:46  PAGE 26


  C:1EC3H         LINE#         300
  C:1EC3H         LINE#         301
  C:1EDFH         LINE#         302
  C:1EE5H         LINE#         305
  C:1EEAH         LINE#         306
  C:1F09H         LINE#         307
  C:1F09H         LINE#         309
  C:1F0BH         LINE#         310
  C:1F0BH         LINE#         311
  C:1F0BH         LINE#         313
  C:1F0EH         LINE#         314
  C:1F0EH         LINE#         340
  C:1F10H         LINE#         341
  C:1F1AH         LINE#         342
  C:1F1AH         LINE#         343
  C:1F2BH         LINE#         344
  C:1F2BH         LINE#         347
  C:1F3BH         LINE#         348
  C:1F3BH         LINE#         349
  C:1F44H         LINE#         350
  -------         ENDPROC       UART0_SCAN_HANDLE
  -------         ENDMOD        UART0

  -------         MODULE        ADC
  C:0000H         SYMBOL        _ICE_DUMMY_
  D:0091H         PUBLIC        ADC_CFG2
  D:0093H         PUBLIC        ADC_DATAH0
  D:0094H         PUBLIC        ADC_DATAL0
  D:0099H         PUBLIC        ADC_CHS0
  X:6519H         PUBLIC        adc_val
  C:3518H         PUBLIC        adc_config
  C:32F2H         PUBLIC        _adc_sel_pin
  C:34D2H         PUBLIC        adc_single_convert
  C:2021H         PUBLIC        adc_getval
  C:362FH         SYMBOL        Com0012
  C:362FH         SYMBOL        L?0019
  C:362FH         SYMBOL        L?0020
  C:363BH         SYMBOL        L?0021
  C:3644H         SYMBOL        L?0022
  -------         PROC          COM0012
  -------         ENDPROC       COM0012
  -------         PROC          ADC_CONFIG
  C:3518H         LINE#         7
  C:3518H         LINE#         8
  C:3518H         LINE#         10
  C:351EH         LINE#         12
  C:3522H         LINE#         14
  C:3527H         LINE#         18
  C:352DH         LINE#         19
  C:3530H         LINE#         26
  C:3530H         LINE#         27
  C:3533H         LINE#         28
  C:3539H         LINE#         31
  -------         ENDPROC       ADC_CONFIG
  -------         PROC          _ADC_SEL_PIN
  D:0007H         SYMBOL        adc_pin
  C:32F2H         LINE#         35
BL51 BANKED LINKER/LOCATER V6.22.4.0                                                  05/27/2025  16:56:46  PAGE 27


  C:32F2H         LINE#         36
  C:32F2H         LINE#         37
  C:32FEH         LINE#         38
  C:32FEH         LINE#         39
  C:32FEH         LINE#         40
  C:3305H         LINE#         41
  C:3309H         LINE#         42
  C:330CH         LINE#         43
  C:330EH         LINE#         46
  C:330EH         LINE#         47
  C:330EH         LINE#         48
  C:3311H         LINE#         49
  C:3314H         LINE#         51
  C:3316H         LINE#         53
  C:3316H         LINE#         54
  C:3316H         LINE#         55
  C:3319H         LINE#         56
  C:331CH         LINE#         57
  C:331CH         LINE#         59
  C:331CH         LINE#         63
  C:331CH         LINE#         64
  C:331CH         LINE#         66
  C:3322H         LINE#         69
  -------         ENDPROC       _ADC_SEL_PIN
  -------         PROC          ADC_SINGLE_CONVERT
  C:34D2H         LINE#         73
  C:34D2H         LINE#         74
  C:34D2H         LINE#         75
  C:34D8H         LINE#         76
  C:34DEH         LINE#         78
  C:34E1H         LINE#         79
  C:34F4H         LINE#         80
  -------         ENDPROC       ADC_SINGLE_CONVERT
  -------         PROC          ADC_GETVAL
  -------         DO            
  X:6472H         SYMBOL        adc_val_tmp
  X:6474H         SYMBOL        adc_val_sum
  X:6478H         SYMBOL        get_adcmax
  X:647AH         SYMBOL        get_adcmin
  X:647CH         SYMBOL        i
  -------         ENDDO         
  C:2021H         LINE#         83
  C:2021H         LINE#         84
  C:2021H         LINE#         85
  C:2028H         LINE#         86
  C:2030H         LINE#         87
  C:2037H         LINE#         88
  C:203DH         LINE#         89
  C:2040H         LINE#         91
  C:2041H         LINE#         92
  C:2041H         LINE#         93
  C:204CH         LINE#         94
  C:2055H         LINE#         95
  C:2055H         LINE#         96
  C:206BH         LINE#         97
  C:2073H         LINE#         98
  C:2082H         LINE#         99
BL51 BANKED LINKER/LOCATER V6.22.4.0                                                  05/27/2025  16:56:46  PAGE 28


  C:2091H         LINE#         100
  C:20A9H         LINE#         101
  C:20B5H         LINE#         103
  C:20CDH         LINE#         104
  C:20E4H         LINE#         105
  C:20F4H         LINE#         107
  C:20F4H         LINE#         108
  -------         ENDPROC       ADC_GETVAL
  -------         ENDMOD        ADC

  -------         MODULE        FLASH
  C:0000H         SYMBOL        _ICE_DUMMY_
  D:00A4H         PUBLIC        FLASH_CON
  D:00A5H         PUBLIC        FLASH_STA
  D:00A6H         PUBLIC        FLASH_DATA
  D:00AEH         PUBLIC        FLASH_PASSWORD
  D:00AFH         PUBLIC        FLASH_ADDR
  C:36E7H         PUBLIC        _flash_erase_sector
  C:3329H         PUBLIC        _flash_write
  C:3395H         PUBLIC        _flash_read
  -------         PROC          _FLASH_ERASE_SECTOR
  D:0007H         SYMBOL        addr
  C:36E7H         LINE#         11
  C:36E7H         LINE#         12
  C:36E7H         LINE#         13
  C:36EAH         LINE#         14
  C:36ECH         LINE#         15
  C:36EFH         LINE#         16
  C:36F2H         LINE#         18
  C:36F7H         LINE#         20
  -------         ENDPROC       _FLASH_ERASE_SECTOR
  -------         PROC          _FLASH_WRITE
  D:0007H         SYMBOL        addr
  X:6475H         SYMBOL        p_data
  X:6478H         SYMBOL        len
  C:3329H         LINE#         29
  C:332FH         LINE#         30
  C:332FH         LINE#         31
  C:3332H         LINE#         32
  C:3334H         LINE#         34
  C:333DH         LINE#         35
  C:333DH         LINE#         36
  C:3342H         LINE#         38
  C:3351H         LINE#         39
  C:3354H         LINE#         40
  C:3357H         LINE#         42
  C:335DH         LINE#         43
  C:335FH         LINE#         44
  -------         ENDPROC       _FLASH_WRITE
  -------         PROC          _FLASH_READ
  D:0007H         SYMBOL        addr
  X:6471H         SYMBOL        p_data
  X:6474H         SYMBOL        len
  C:3395H         LINE#         53
  C:339BH         LINE#         54
  C:339BH         LINE#         55
  C:33A1H         LINE#         56
BL51 BANKED LINKER/LOCATER V6.22.4.0                                                  05/27/2025  16:56:46  PAGE 29


  C:33A1H         LINE#         57
  C:33C0H         LINE#         58
  C:33C6H         LINE#         59
  C:33C8H         LINE#         60
  -------         ENDPROC       _FLASH_READ
  -------         ENDMOD        FLASH

  -------         MODULE        AIP1302
  C:0000H         SYMBOL        _ICE_DUMMY_
  B:0090H.6       PUBLIC        P16
  B:0090H.7       PUBLIC        P17
  B:00A0H.4       PUBLIC        P24
  C:28A0H         PUBLIC        ___aip1302_read_byte
  C:000FH         PUBLIC        aip1302_is_running
  C:2DF8H         PUBLIC        aip1302_config
  C:3694H         PUBLIC        _aip1302_read_byte
  C:24DDH         PUBLIC        _aip1302_write_byte
  C:3147H         PUBLIC        aip1302_update_time
  C:303DH         PUBLIC        aip1302_read_all
  C:3108H         PUBLIC        aip1302_update_all_data
  C:364AH         SYMBOL        _reverse_u8
  C:2CC6H         SYMBOL        ___aip1302_convert_read_byte
  C:2932H         SYMBOL        ___aip1302_write_byte
  C:33FBH         SYMBOL        Com0043
  C:33FBH         SYMBOL        L?0068
  C:33FDH         SYMBOL        L?0069
  C:340DH         SYMBOL        L?0073
  C:3418H         SYMBOL        L?0074
  C:3422H         SYMBOL        L?0075
  -------         PROC          COM0043
  -------         ENDPROC       COM0043
  -------         PROC          AIP1302_CONFIG
  -------         DO            
  D:0007H         SYMBOL        ret
  -------         ENDDO         
  C:2DF8H         LINE#         6
  C:2DF8H         LINE#         7
  C:2DF8H         LINE#         8
  C:2DFAH         LINE#         12
  C:2E00H         LINE#         13
  C:2E04H         LINE#         14
  C:2E09H         LINE#         16
  C:2E0DH         LINE#         17
  C:2E11H         LINE#         18
  C:2E16H         LINE#         20
  C:2E16H         LINE#         21
  C:2E16H         LINE#         22
  C:2E19H         LINE#         24
  C:2E1BH         LINE#         25
  C:2E1DH         LINE#         30
  C:2E20H         LINE#         31
  C:2E23H         LINE#         32
  C:2E23H         LINE#         35
  C:2E23H         LINE#         37
  C:2E23H         LINE#         41
  C:2E29H         LINE#         42
  C:2E30H         LINE#         43
BL51 BANKED LINKER/LOCATER V6.22.4.0                                                  05/27/2025  16:56:46  PAGE 30


  C:2E37H         LINE#         44
  C:2E3EH         LINE#         45
  C:2E45H         LINE#         46
  C:2E4CH         LINE#         47
  C:2E53H         LINE#         48
  C:2E53H         LINE#         51
  -------         ENDPROC       AIP1302_CONFIG
  -------         PROC          _REVERSE_U8
  D:0007H         SYMBOL        arg
  -------         DO            
  D:0006H         SYMBOL        tmp
  D:0005H         SYMBOL        i
  -------         ENDDO         
  C:364AH         LINE#         55
  C:364AH         LINE#         56
  C:364AH         LINE#         58
  C:364CH         LINE#         61
  C:364CH         LINE#         62
  C:364CH         LINE#         63
  C:3650H         LINE#         64
  C:3654H         LINE#         65
  C:3654H         LINE#         66
  C:3658H         LINE#         67
  C:3658H         LINE#         69
  C:3658H         LINE#         70
  C:3658H         LINE#         71
  C:365CH         LINE#         72
  C:3661H         LINE#         74
  C:3663H         LINE#         75
  -------         ENDPROC       _REVERSE_U8
  -------         PROC          ___AIP1302_CONVERT_READ_BYTE
  D:0004H         SYMBOL        cmd
  D:0005H         SYMBOL        byte
  -------         DO            
  D:0007H         SYMBOL        tmp
  X:6475H         SYMBOL        i
  -------         DO            
  X:6476H         SYMBOL        tens_place
  X:6477H         SYMBOL        one_place
  -------         ENDDO         
  -------         ENDDO         
  C:2CC6H         LINE#         78
  C:2CC8H         LINE#         79
  C:2CC8H         LINE#         80
  C:2CC9H         LINE#         81
  C:2CCDH         LINE#         84
  C:2CD2H         LINE#         93
  C:2CF0H         LINE#         94
  C:2CF0H         LINE#         95
  C:2CF5H         LINE#         96
  C:2CF7H         LINE#         99
  C:2D00H         LINE#         100
  C:2D00H         LINE#         103
  C:2D04H         LINE#         104
  C:2D06H         LINE#         105
  C:2D0FH         LINE#         106
  C:2D0FH         LINE#         108
BL51 BANKED LINKER/LOCATER V6.22.4.0                                                  05/27/2025  16:56:46  PAGE 31


  C:2D13H         LINE#         109
  C:2D15H         LINE#         110
  C:2D19H         LINE#         111
  C:2D19H         LINE#         113
  C:2D1DH         LINE#         114
  C:2D1DH         LINE#         116
  C:2D26H         LINE#         117
  C:2D2CH         LINE#         118
  C:2D33H         LINE#         119
  C:2D33H         LINE#         121
  C:2D33H         LINE#         122
  -------         ENDPROC       ___AIP1302_CONVERT_READ_BYTE
  C:2914H         SYMBOL        L?0070
  C:291EH         SYMBOL        L?0071
  -------         PROC          ___AIP1302_READ_BYTE
  X:6475H         SYMBOL        cmd
  -------         DO            
  X:6476H         SYMBOL        recv_data
  X:6477H         SYMBOL        i
  -------         ENDDO         
  C:28A0H         LINE#         125
  C:28A5H         LINE#         126
  C:28A5H         LINE#         127
  C:28A8H         LINE#         128
  C:28A8H         LINE#         131
  C:28A8H         LINE#         132
  C:28A8H         LINE#         133
  C:28ABH         LINE#         135
  C:28ABH         LINE#         136
  C:28ABH         LINE#         137
  C:28ABH         LINE#         138
  C:28B1H         LINE#         140
  C:28B6H         LINE#         141
  C:28B6H         LINE#         142
  C:28B6H         LINE#         143
  C:28B9H         LINE#         144
  C:28CCH         LINE#         145
  C:28CCH         LINE#         146
  C:28CEH         LINE#         147
  C:28D0H         LINE#         149
  C:28D0H         LINE#         150
  C:28D2H         LINE#         151
  C:28D2H         LINE#         152
  C:28D9H         LINE#         154
  C:28D9H         LINE#         155
  C:28D9H         LINE#         156
  C:28DEH         LINE#         159
  C:28E4H         LINE#         160
  C:28EAH         LINE#         162
  C:28EFH         LINE#         163
  C:28EFH         LINE#         164
  C:28F6H         LINE#         165
  C:28F6H         LINE#         166
  C:28F9H         LINE#         167
  C:28FCH         LINE#         168
  C:28FCH         LINE#         169
  C:2903H         LINE#         170
BL51 BANKED LINKER/LOCATER V6.22.4.0                                                  05/27/2025  16:56:46  PAGE 32


  C:2903H         LINE#         172
  C:2903H         LINE#         173
  C:2903H         LINE#         174
  C:2903H         LINE#         175
  C:2903H         LINE#         176
  C:2908H         LINE#         178
  C:290AH         LINE#         179
  C:290CH         LINE#         180
  C:290EH         LINE#         182
  C:2913H         LINE#         183
  -------         ENDPROC       ___AIP1302_READ_BYTE
  -------         PROC          _AIP1302_READ_BYTE
  X:6474H         SYMBOL        cmd
  -------         DO            
  D:0006H         SYMBOL        recv_data
  -------         ENDDO         
  C:3694H         LINE#         192
  C:3699H         LINE#         193
  C:3699H         LINE#         194
  C:369BH         LINE#         195
  C:36A0H         LINE#         196
  -------         ENDPROC       _AIP1302_READ_BYTE
  C:29A7H         SYMBOL        L?0066
  C:29B8H         SYMBOL        L?0072
  -------         PROC          ___AIP1302_WRITE_BYTE
  X:647FH         SYMBOL        cmd
  X:6480H         SYMBOL        byte
  -------         DO            
  X:6481H         SYMBOL        i
  -------         ENDDO         
  C:2932H         LINE#         206
  C:293AH         LINE#         207
  C:293AH         LINE#         208
  C:293BH         LINE#         211
  C:293BH         LINE#         212
  C:293BH         LINE#         213
  C:293EH         LINE#         215
  C:293EH         LINE#         216
  C:293EH         LINE#         217
  C:293EH         LINE#         218
  C:2944H         LINE#         220
  C:2949H         LINE#         221
  C:2949H         LINE#         222
  C:2949H         LINE#         223
  C:294CH         LINE#         224
  C:295FH         LINE#         225
[...]
BL51 BANKED LINKER/LOCATER V6.22.4.0                                                  05/27/2025  16:56:46  PAGE 58


  C:3267H         LINE#         272
  C:3277H         LINE#         273
  -------         ENDPROC       __TK_MODE_CONFIG
  -------         PROC          ___TK_MODE_CARRY_FUNC
  X:6470H         SYMBOL        ch_index
  C:0B27H         LINE#         283
  C:0B2CH         LINE#         284
  C:0B2CH         LINE#         285
  C:0B3AH         LINE#         286
  C:0B46H         LINE#         288
  C:0B59H         LINE#         289
  C:0B69H         LINE#         291
  C:0B74H         LINE#         292
  C:0B9DH         LINE#         293
  C:0BCEH         LINE#         294
  C:0C0EH         LINE#         295
  C:0C3EH         LINE#         296
  C:0C64H         LINE#         297
  C:0C80H         LINE#         299
  C:0C9BH         LINE#         300
  C:0CB2H         LINE#         301
  C:0CBFH         LINE#         302
  C:0CBFH         LINE#         304
  C:0CD7H         LINE#         305
  C:0CE8H         LINE#         306
  C:0CEBH         LINE#         307
  C:0CF3H         LINE#         308
  C:0D07H         LINE#         309
  C:0D1AH         LINE#         310
  C:0D1FH         LINE#         311
  C:0D22H         LINE#         312
  C:0D25H         LINE#         313
  C:0D28H         LINE#         314
  C:0D28H         LINE#         315
  C:0D29H         LINE#         321
  C:0D2CH         LINE#         322
  C:0D59H         LINE#         323
  C:0D78H         LINE#         324
  C:0D78H         LINE#         325
  C:0D78H         LINE#         326
  -------         ENDPROC       ___TK_MODE_CARRY_FUNC
  -------         PROC          __TK_DATA_PROCESS
  C:058DH         LINE#         333
  C:058DH         LINE#         334
  C:058DH         LINE#         335
  C:059FH         LINE#         338
  C:05B8H         LINE#         339
  C:05BBH         LINE#         341
  C:05D1H         LINE#         342
  C:05D4H         LINE#         347
  C:0606H         LINE#         348
  C:0613H         LINE#         349
  C:0616H         LINE#         350
  C:0619H         LINE#         351
  C:0619H         LINE#         352
  C:061BH         LINE#         353
  C:061EH         LINE#         354
BL51 BANKED LINKER/LOCATER V6.22.4.0                                                  05/27/2025  16:56:46  PAGE 59


  C:061EH         LINE#         356
  C:0623H         LINE#         357
  C:0634H         LINE#         358
  C:0645H         LINE#         359
  C:0648H         LINE#         363
  C:065EH         LINE#         364
  C:0661H         LINE#         365
  C:0671H         LINE#         366
  C:0691H         LINE#         369
  C:06A8H         LINE#         370
  C:06ABH         LINE#         371
  C:06BBH         LINE#         372
  C:06DBH         LINE#         377
  C:06DBH         LINE#         378
  C:06F9H         LINE#         380
  C:0733H         LINE#         381
  C:0733H         LINE#         382
  C:0733H         LINE#         383
  C:076AH         LINE#         384
  C:0778H         LINE#         385
  C:0790H         LINE#         386
  C:079DH         LINE#         387
  C:07C1H         LINE#         388
  C:07E5H         LINE#         389
  C:07E5H         LINE#         390
  C:07E7H         LINE#         391
  C:07F4H         LINE#         392
  C:07F4H         LINE#         397
  C:0816H         LINE#         398
  C:0819H         LINE#         399
  C:0829H         LINE#         401
  C:0841H         LINE#         402
  C:0844H         LINE#         404
  C:085BH         LINE#         405
  C:085EH         LINE#         409
  C:087FH         LINE#         410
  C:0882H         LINE#         411
  C:0892H         LINE#         413
  C:08AAH         LINE#         414
  C:08ADH         LINE#         416
  C:08C3H         LINE#         417
  C:08C6H         LINE#         422
  C:08CBH         LINE#         423
  -------         ENDPROC       __TK_DATA_PROCESS
  -------         PROC          __TK_BUTTON_DECIDE
  C:1578H         LINE#         430
  C:1578H         LINE#         431
  C:1578H         LINE#         432
  C:158AH         LINE#         433
  C:15A8H         LINE#         434
  C:15DAH         LINE#         435
  C:15E7H         LINE#         436
  C:15ECH         LINE#         437
  C:1661H         LINE#         438
  C:1661H         LINE#         439
  C:166EH         LINE#         440
  C:167CH         LINE#         442
BL51 BANKED LINKER/LOCATER V6.22.4.0                                                  05/27/2025  16:56:46  PAGE 60


  C:1690H         LINE#         443
  C:169DH         LINE#         444
  C:16CAH         LINE#         445
  C:16EEH         LINE#         446
  C:171CH         LINE#         447
  C:171CH         LINE#         448
  C:171EH         LINE#         449
  C:172BH         LINE#         450
  C:172BH         LINE#         451
  C:1730H         LINE#         452
  -------         ENDPROC       __TK_BUTTON_DECIDE
  -------         PROC          __TK_BASELINE_UPDATE
  C:2B55H         LINE#         459
  C:2B55H         LINE#         460
  C:2B55H         LINE#         461
  C:2B64H         LINE#         462
  C:2B75H         LINE#         463
  C:2B86H         LINE#         464
  C:2BAAH         LINE#         465
  C:2BCEH         LINE#         466
  C:2BD2H         LINE#         467
  -------         ENDPROC       __TK_BASELINE_UPDATE
  -------         PROC          __TK_BASELINE_INIT
  -------         DO            
  X:6018H         SYMBOL        init_flag
  -------         ENDDO         
  C:277BH         LINE#         474
  C:277BH         LINE#         475
  C:277BH         LINE#         478
  C:278AH         LINE#         479
  C:279AH         LINE#         480
  C:27A3H         LINE#         481
  C:27C8H         LINE#         482
  C:27C8H         LINE#         483
  C:27EDH         LINE#         484
  C:27EDH         LINE#         485
  C:27F1H         LINE#         487
  C:27FEH         LINE#         488
  C:2801H         LINE#         489
  C:2803H         LINE#         490
  C:2809H         LINE#         491
  C:2809H         LINE#         493
  -------         ENDPROC       __TK_BASELINE_INIT
  -------         PROC          __TK_LONG_KEY_CLEAR
  -------         DO            
  X:6019H         SYMBOL        __tk_long_cnt
  -------         ENDDO         
  C:2BD3H         LINE#         501
  C:2BD3H         LINE#         502
  C:2BD3H         LINE#         505
  C:2BE6H         LINE#         506
  C:2BF4H         LINE#         507
  C:2C0EH         LINE#         508
  C:2C12H         LINE#         509
  C:2C1AH         LINE#         510
  C:2C22H         LINE#         511
  C:2C2AH         LINE#         512
BL51 BANKED LINKER/LOCATER V6.22.4.0                                                  05/27/2025  16:56:46  PAGE 61


  C:2C2CH         LINE#         513
  C:2C2FH         LINE#         514
  C:2C46H         LINE#         515
  C:2C48H         LINE#         516
  C:2C48H         LINE#         517
  C:2C49H         LINE#         518
  C:2C50H         LINE#         519
  C:2C50H         LINE#         520
  -------         ENDPROC       __TK_LONG_KEY_CLEAR
  -------         PROC          ___TK_LIB_I_ADJUST
  X:6483H         SYMBOL        i_ch
  X:6484H         SYMBOL        adjust_line
  -------         DO            
  X:601BH         SYMBOL        sta_finish
  X:601CH         SYMBOL        n_sta
  X:601DH         SYMBOL        p_sta
  X:601EH         SYMBOL        min_iset
  X:601FH         SYMBOL        min_diff
  D:0024H         SYMBOL        diff
  D:0028H         SYMBOL        temp
  -------         ENDDO         
  C:1731H         LINE#         528
  C:1736H         LINE#         529
  C:1736H         LINE#         537
  C:1749H         LINE#         538
  C:174EH         LINE#         539
  C:1752H         LINE#         540
  C:175BH         LINE#         541
  C:175EH         LINE#         542
  C:1761H         LINE#         545
  C:179EH         LINE#         546
  C:17C9H         LINE#         547
  C:17DFH         LINE#         548
  C:17DFH         LINE#         550
  C:17F6H         LINE#         551
  C:180CH         LINE#         552
  C:180FH         LINE#         553
  C:1811H         LINE#         555
  C:1824H         LINE#         557
  C:1840H         LINE#         558
  C:1853H         LINE#         559
  C:1856H         LINE#         560
  C:1856H         LINE#         561
  C:1858H         LINE#         563
  C:1874H         LINE#         564
  C:1887H         LINE#         565
  C:188DH         LINE#         566
  C:188DH         LINE#         567
  C:188DH         LINE#         568
  C:188DH         LINE#         569
  C:189BH         LINE#         570
  C:189FH         LINE#         571
  C:18A1H         LINE#         572
  C:18A6H         LINE#         573
  C:18A6H         LINE#         575
  C:18AEH         LINE#         576
  C:18C7H         LINE#         577
BL51 BANKED LINKER/LOCATER V6.22.4.0                                                  05/27/2025  16:56:46  PAGE 62


  C:18CFH         LINE#         578
  C:18D5H         LINE#         579
  C:18DAH         LINE#         580
  C:18DCH         LINE#         581
  C:18E0H         LINE#         582
  C:18E3H         LINE#         583
  C:18E3H         LINE#         585
  C:18E5H         LINE#         586
  -------         ENDPROC       ___TK_LIB_I_ADJUST
  -------         PROC          __TK_I_SOURCE_ADJUST
  -------         DO            
  X:6482H         SYMBOL        result
  -------         ENDDO         
  C:2D96H         LINE#         593
  C:2D96H         LINE#         594
  C:2D96H         LINE#         595
  C:2D9BH         LINE#         597
  C:2DB4H         LINE#         598
  C:2DB6H         LINE#         600
  C:2DBBH         LINE#         601
  C:2DBEH         LINE#         602
  C:2DC4H         LINE#         603
  C:2DC4H         LINE#         605
  C:2DD0H         LINE#         606
  C:2DD3H         LINE#         607
  C:2DD6H         LINE#         608
  C:2DD6H         LINE#         609
  C:2DD6H         LINE#         611
  C:2DEDH         LINE#         612
  C:2DEFH         LINE#         613
  C:2DF2H         LINE#         614
  C:2DF2H         LINE#         615
  C:2DF7H         LINE#         616
  C:2DF7H         LINE#         617
  -------         ENDPROC       __TK_I_SOURCE_ADJUST
  -------         PROC          ___TK_SET_NEXT_CH
  D:0007H         SYMBOL        kick_type
  C:2A4EH         LINE#         625
  C:2A4EH         LINE#         626
  C:2A4EH         LINE#         627
  C:2A51H         LINE#         629
  C:2A6FH         LINE#         630
  C:2A75H         LINE#         631
  C:2A79H         LINE#         632
  C:2A7DH         LINE#         633
  C:2A81H         LINE#         634
  C:2A85H         LINE#         636
  C:2A9FH         LINE#         638
  C:2AAFH         LINE#         639
  C:2AAFH         LINE#         640
  C:2AB1H         LINE#         642
  C:2ACBH         LINE#         643
  C:2AD1H         LINE#         644
  C:2AD1H         LINE#         645
  -------         ENDPROC       ___TK_SET_NEXT_CH
  -------         PROC          __TK_LIB_INIT
  -------         DO            
BL51 BANKED LINKER/LOCATER V6.22.4.0                                                  05/27/2025  16:56:46  PAGE 63


  X:651FH         SYMBOL        i
  -------         ENDDO         
  C:26E0H         LINE#         652
  C:26E0H         LINE#         653
  C:26E0H         LINE#         655
  C:2728H         LINE#         656
  C:2736H         LINE#         658
  C:2739H         LINE#         659
  C:2741H         LINE#         660
  C:2743H         LINE#         661
  C:2745H         LINE#         662
  C:274DH         LINE#         663
  C:2755H         LINE#         664
  C:275DH         LINE#         665
  C:2773H         LINE#         666
  C:2776H         LINE#         667
  -------         ENDPROC       __TK_LIB_INIT
  -------         PROC          __TK_HANDLER
  C:2C51H         LINE#         675
  C:2C51H         LINE#         676
  C:2C51H         LINE#         677
  C:2C56H         LINE#         678
  C:2C5AH         LINE#         679
  C:2C81H         LINE#         682
  C:2C84H         LINE#         683
  C:2C8BH         LINE#         684
  C:2C8DH         LINE#         685
  C:2C90H         LINE#         686
  C:2C90H         LINE#         687
  C:2C93H         LINE#         688
  C:2C93H         LINE#         689
  C:2C93H         LINE#         690
  C:2C95H         LINE#         691
  C:2CA1H         LINE#         692
  C:2CB1H         LINE#         693
  C:2CB4H         LINE#         694
  C:2CB9H         LINE#         696
  C:2CBCH         LINE#         697
  C:2CBCH         LINE#         699
  C:2CBFH         LINE#         700
  C:2CBFH         LINE#         701
  C:2CC0H         LINE#         702
  C:2CC5H         LINE#         703
  C:2CC5H         LINE#         704
  C:2CC5H         LINE#         705
  -------         ENDPROC       __TK_HANDLER
  -------         PROC          __TK_MS_HANDLER
  C:383DH         LINE#         712
  C:383DH         LINE#         713
  C:383DH         LINE#         714
  C:383FH         LINE#         716
  -------         ENDPROC       __TK_MS_HANDLER
  -------         PROC          __TK_SCAN
  C:357BH         LINE#         724
  C:357BH         LINE#         725
  C:357BH         LINE#         727
  C:3580H         LINE#         730
BL51 BANKED LINKER/LOCATER V6.22.4.0                                                  05/27/2025  16:56:46  PAGE 64


  C:358CH         LINE#         735
  C:358FH         LINE#         739
  C:3592H         LINE#         740
  C:3597H         LINE#         741
  C:359AH         LINE#         742
  C:359AH         LINE#         743
  -------         ENDPROC       __TK_SCAN
  -------         ENDMOD        TK_LIB

  -------         MODULE        ?C?COPY
  C:0130H         PUBLIC        ?C?COPY
  -------         ENDMOD        ?C?COPY

  -------         MODULE        ?C?CLDPTR
  C:0156H         PUBLIC        ?C?CLDPTR
  -------         ENDMOD        ?C?CLDPTR

  -------         MODULE        ?C?CLDOPTR
  C:016FH         PUBLIC        ?C?CLDOPTR
  -------         ENDMOD        ?C?CLDOPTR

  -------         MODULE        ?C?CILDOPTR
  C:019CH         PUBLIC        ?C?CILDOPTR
  -------         ENDMOD        ?C?CILDOPTR

  -------         MODULE        ?C?CSTPTR
  C:01CFH         PUBLIC        ?C?CSTPTR
  -------         ENDMOD        ?C?CSTPTR

  -------         MODULE        ?C?CSTOPTR
  C:01E1H         PUBLIC        ?C?CSTOPTR
  -------         ENDMOD        ?C?CSTOPTR

  -------         MODULE        ?C?IMUL
  C:0203H         PUBLIC        ?C?IMUL
  -------         ENDMOD        ?C?IMUL

  -------         MODULE        ?C?UIDIV
  C:0215H         PUBLIC        ?C?UIDIV
  -------         ENDMOD        ?C?UIDIV

  -------         MODULE        ?C?IILDX
  C:026AH         PUBLIC        ?C?IILDX
  -------         ENDMOD        ?C?IILDX

  -------         MODULE        ?C?LADD
  C:0280H         PUBLIC        ?C?LADD
  -------         ENDMOD        ?C?LADD

  -------         MODULE        ?C?LSUB
  C:028DH         PUBLIC        ?C?LSUB
  -------         ENDMOD        ?C?LSUB

  -------         MODULE        ?C?LMUL
  C:029BH         PUBLIC        ?C?LMUL
  -------         ENDMOD        ?C?LMUL

BL51 BANKED LINKER/LOCATER V6.22.4.0                                                  05/27/2025  16:56:46  PAGE 65


  -------         MODULE        ?C?ULDIV
  C:0326H         PUBLIC        ?C?ULDIV
  -------         ENDMOD        ?C?ULDIV

  -------         MODULE        ?C?LNOT
  C:03B8H         PUBLIC        ?C?LNOT
  -------         ENDMOD        ?C?LNOT

  -------         MODULE        ?C?LNEG
  C:03C5H         PUBLIC        ?C?LNEG
  -------         ENDMOD        ?C?LNEG

  -------         MODULE        ?C?SLCMP
  C:03D3H         PUBLIC        ?C?SLCMP
  -------         ENDMOD        ?C?SLCMP

  -------         MODULE        ?C?ULCMP
  C:03E9H         PUBLIC        ?C?ULCMP
  -------         ENDMOD        ?C?ULCMP

  -------         MODULE        ?C?ULSHR
  C:03FAH         PUBLIC        ?C?ULSHR
  -------         ENDMOD        ?C?ULSHR

  -------         MODULE        ?C?LSHL
  C:040DH         PUBLIC        ?C?LSHL
  -------         ENDMOD        ?C?LSHL

  -------         MODULE        ?C?LLDXDATA
  C:0420H         PUBLIC        ?C?LLDXDATA
  -------         ENDMOD        ?C?LLDXDATA

  -------         MODULE        ?C?LLDCODE
  C:042CH         PUBLIC        ?C?LLDCODE
  -------         ENDMOD        ?C?LLDCODE

  -------         MODULE        ?C?LLDXDATA0
  C:043CH         PUBLIC        ?C?LLDXDATA0
  -------         ENDMOD        ?C?LLDXDATA0

  -------         MODULE        ?C?LSTXDATA
  C:0448H         PUBLIC        ?C?LSTXDATA
  -------         ENDMOD        ?C?LSTXDATA

  -------         MODULE        ?C?LSTKXDATA
  C:0454H         PUBLIC        ?C?LSTKXDATA
  -------         ENDMOD        ?C?LSTKXDATA

  -------         MODULE        ?C?OFFXADD
  C:0485H         PUBLIC        ?C?OFFXADD
  -------         ENDMOD        ?C?OFFXADD

  -------         MODULE        ?C?PLDXDATA
  C:0491H         PUBLIC        ?C?PLDXDATA
  -------         ENDMOD        ?C?PLDXDATA

  -------         MODULE        ?C?PLDIXDATA
BL51 BANKED LINKER/LOCATER V6.22.4.0                                                  05/27/2025  16:56:46  PAGE 66


  C:049AH         PUBLIC        ?C?PLDIXDATA
  -------         ENDMOD        ?C?PLDIXDATA

  -------         MODULE        ?C?PSTXDATA
  C:04B1H         PUBLIC        ?C?PSTXDATA
  -------         ENDMOD        ?C?PSTXDATA

  -------         MODULE        ?C?PLDOPTR
  C:04BAH         PUBLIC        ?C?PLDOPTR
  -------         ENDMOD        ?C?PLDOPTR

  -------         MODULE        ?C?CCASE
  C:04EAH         PUBLIC        ?C?CCASE
  -------         ENDMOD        ?C?CCASE

  -------         MODULE        ?C?ICALL
  C:0510H         PUBLIC        ?C?ICALL
  C:0514H         PUBLIC        ?C?ICALL2
  -------         ENDMOD        ?C?ICALL

  -------         MODULE        ?C?LIMUL
  C:0516H         PUBLIC        ?C?LIMUL
  -------         ENDMOD        ?C?LIMUL

  -------         MODULE        ?C?MEMSET
  C:0543H         PUBLIC        ?C?MEMSET
  -------         ENDMOD        ?C?MEMSET

  -------         MODULE        ?C?PLDIDATA
  C:056FH         PUBLIC        ?C?PLDIDATA
  -------         ENDMOD        ?C?PLDIDATA

  -------         MODULE        ?C?PLDPDATA
  C:0578H         PUBLIC        ?C?PLDPDATA
  -------         ENDMOD        ?C?PLDPDATA

  -------         MODULE        ?C?PLDCODE
  C:0581H         PUBLIC        ?C?PLDCODE
  -------         ENDMOD        ?C?PLDCODE

*** WARNING L16: UNCALLED SEGMENT, IGNORED FOR OVERLAY PROCESS
    SEGMENT: ?PR?TK_PARAM_INIT?TK_SET

*** WARNING L16: UNCALLED SEGMENT, IGNORED FOR OVERLAY PROCESS
    SEGMENT: ?PR?P03_OUTPUT_CONFIG?MY_GPIO

*** WARNING L16: UNCALLED SEGMENT, IGNORED FOR OVERLAY PROCESS
    SEGMENT: ?PR?P23_INPUT_CONFIG?MY_GPIO

*** WARNING L16: UNCALLED SEGMENT, IGNORED FOR OVERLAY PROCESS
    SEGMENT: ?PR?_PUTCHAR?UART0

*** WARNING L16: UNCALLED SEGMENT, IGNORED FOR OVERLAY PROCESS
    SEGMENT: ?PR?_UART0_SEND_BUFF?UART0

*** WARNING L16: UNCALLED SEGMENT, IGNORED FOR OVERLAY PROCESS
    SEGMENT: ?PR?AIP1302_UPDATE_ALL_DATA?AIP1302
BL51 BANKED LINKER/LOCATER V6.22.4.0                                                  05/27/2025  16:56:46  PAGE 67



*** WARNING L16: UNCALLED SEGMENT, IGNORED FOR OVERLAY PROCESS
    SEGMENT: ?PR?PIN_LEVEL_SCAN?PIN_LEVEL_SCAN

*** WARNING L16: UNCALLED SEGMENT, IGNORED FOR OVERLAY PROCESS
    SEGMENT: ?PR?TEMP_OF_WATER_SCAN?TEMP_OF_WATER

*** WARNING L16: UNCALLED SEGMENT, IGNORED FOR OVERLAY PROCESS
    SEGMENT: ?PR?TOUCH_KEY_HANDLE?TOUCH_KEY

*** WARNING L16: UNCALLED SEGMENT, IGNORED FOR OVERLAY PROCESS
    SEGMENT: ?PR?__TK_MS_HANDLER?TK_LIB

Program Size: data=73.3 xdata=1314 code=14401
LINK/LOCATE RUN COMPLETE.  10 WARNING(S),  0 ERROR(S)
