BL51 BANKED LINKER/LOCATER V6.22.4.0                                                    06/11/2025  15:14:21  PAGE 1


BL51 BANKED LINKER/LOCATER V6.22.4.0, INVOKED BY:
C:\KEIL_V5\C51\BIN\BL51.EXE .\Release\Objects\STARTUP.obj, .\Release\Objects\system.obj, ..\..\User\lib\tk_simplify_algo
>> rithm_V1.0.0.LIB, .\Release\Objects\tk_set.obj, .\Release\Objects\my_gpio.obj, .\Release\Objects\tmr0.obj, .\Release\
>> Objects\tmr1.obj, .\Release\Objects\tmr2.obj, .\Release\Objects\uart0.obj, .\Release\Objects\adc.obj, .\Release\Objec
>> ts\flash.obj, .\Release\Objects\aip1302.obj, .\Release\Objects\uart1.obj, .\Release\Objects\key_driver.obj, .\Release
>> \Objects\main.obj, .\Release\Objects\fun_info.obj, .\Release\Objects\send_data.obj, .\Release\Objects\pin_level_scan.
>> obj, .\Release\Objects\speed_scan.obj, .\Release\Objects\engine_speed_scan.obj, .\Release\Objects\mileage.obj, .\Rele
>> ase\Objects\instruction.obj, .\Release\Objects\ad_key.obj, .\Release\Objects\fuel_capacity.obj, .\Release\Objects\tem
>> p_of_water.obj, .\Release\Objects\battery.obj, .\Release\Objects\touch_key.obj TO .\Release\Objects\Project PRINT (.\
>> Release\Listings\Project.m51) RAMSIZE (256) CODE (0X0000-0X3EEF) XDATA (0X6000-0X66FF)


MEMORY MODEL: LARGE


INPUT MODULES INCLUDED:
  .\Release\Objects\STARTUP.obj (?C_STARTUP)
  .\Release\Objects\system.obj (SYSTEM)
  .\Release\Objects\tk_set.obj (TK_SET)
  .\Release\Objects\my_gpio.obj (MY_GPIO)
  .\Release\Objects\tmr0.obj (TMR0)
  .\Release\Objects\tmr1.obj (TMR1)
  .\Release\Objects\tmr2.obj (TMR2)
  .\Release\Objects\uart0.obj (UART0)
  .\Release\Objects\adc.obj (ADC)
  .\Release\Objects\flash.obj (FLASH)
  .\Release\Objects\aip1302.obj (AIP1302)
  .\Release\Objects\uart1.obj (UART1)
  .\Release\Objects\key_driver.obj (KEY_DRIVER)
  .\Release\Objects\main.obj (MAIN)
  .\Release\Objects\fun_info.obj (FUN_INFO)
  .\Release\Objects\send_data.obj (SEND_DATA)
  .\Release\Objects\pin_level_scan.obj (PIN_LEVEL_SCAN)
  .\Release\Objects\speed_scan.obj (SPEED_SCAN)
  .\Release\Objects\engine_speed_scan.obj (ENGINE_SPEED_SCAN)
  .\Release\Objects\mileage.obj (MILEAGE)
  .\Release\Objects\instruction.obj (INSTRUCTION)
  .\Release\Objects\ad_key.obj (AD_KEY)
  .\Release\Objects\fuel_capacity.obj (FUEL_CAPACITY)
  .\Release\Objects\temp_of_water.obj (TEMP_OF_WATER)
  .\Release\Objects\battery.obj (BATTERY)
  .\Release\Objects\touch_key.obj (TOUCH_KEY)
  ..\..\User\lib\tk_simplify_algorithm_V1.0.0.LIB (TK_LIB)
  C:\KEIL_V5\C51\LIB\C51L.LIB (?C_INIT)
  C:\KEIL_V5\C51\LIB\C51L.LIB (?C?COPY)
  C:\KEIL_V5\C51\LIB\C51L.LIB (?C?CLDPTR)
  C:\KEIL_V5\C51\LIB\C51L.LIB (?C?CLDOPTR)
  C:\KEIL_V5\C51\LIB\C51L.LIB (?C?CILDOPTR)
  C:\KEIL_V5\C51\LIB\C51L.LIB (?C?CSTPTR)
  C:\KEIL_V5\C51\LIB\C51L.LIB (?C?CSTOPTR)
  C:\KEIL_V5\C51\LIB\C51L.LIB (?C?IMUL)
  C:\KEIL_V5\C51\LIB\C51L.LIB (?C?UIDIV)
  C:\KEIL_V5\C51\LIB\C51L.LIB (?C?IILDX)
  C:\KEIL_V5\C51\LIB\C51L.LIB (?C?LADD)
  C:\KEIL_V5\C51\LIB\C51L.LIB (?C?LSUB)
  C:\KEIL_V5\C51\LIB\C51L.LIB (?C?LMUL)
  C:\KEIL_V5\C51\LIB\C51L.LIB (?C?ULDIV)
  C:\KEIL_V5\C51\LIB\C51L.LIB (?C?LNOT)
BL51 BANKED LINKER/LOCATER V6.22.4.0                                                  06/11/2025  15:14:21  PAGE 2


  C:\KEIL_V5\C51\LIB\C51L.LIB (?C?LNEG)
  C:\KEIL_V5\C51\LIB\C51L.LIB (?C?SLCMP)
  C:\KEIL_V5\C51\LIB\C51L.LIB (?C?ULCMP)
  C:\KEIL_V5\C51\LIB\C51L.LIB (?C?ULSHR)
  C:\KEIL_V5\C51\LIB\C51L.LIB (?C?LSHL)
  C:\KEIL_V5\C51\LIB\C51L.LIB (?C?LLDXDATA)
  C:\KEIL_V5\C51\LIB\C51L.LIB (?C?LLDCODE)
  C:\KEIL_V5\C51\LIB\C51L.LIB (?C?LLDXDATA0)
  C:\KEIL_V5\C51\LIB\C51L.LIB (?C?LSTXDATA)
  C:\KEIL_V5\C51\LIB\C51L.LIB (?C?LSTKXDATA)
  C:\KEIL_V5\C51\LIB\C51L.LIB (?C?OFFXADD)
  C:\KEIL_V5\C51\LIB\C51L.LIB (?C?PLDXDATA)
  C:\KEIL_V5\C51\LIB\C51L.LIB (?C?PLDIXDATA)
  C:\KEIL_V5\C51\LIB\C51L.LIB (?C?PSTXDATA)
  C:\KEIL_V5\C51\LIB\C51L.LIB (?C?PLDOPTR)
  C:\KEIL_V5\C51\LIB\C51L.LIB (?C?CCASE)
  C:\KEIL_V5\C51\LIB\C51L.LIB (?C?ICALL)
  C:\KEIL_V5\C51\LIB\C51L.LIB (?C?LIMUL)
  C:\KEIL_V5\C51\LIB\C51L.LIB (PRINTF)
  C:\KEIL_V5\C51\LIB\C51L.LIB (?C?MEMSET)
  C:\KEIL_V5\C51\LIB\C51L.LIB (?C?PLDIDATA)
  C:\KEIL_V5\C51\LIB\C51L.LIB (?C?PLDPDATA)
  C:\KEIL_V5\C51\LIB\C51L.LIB (?C?PLDCODE)


LINK MAP OF MODULE:  .\Release\Objects\Project (?C_STARTUP)


            TYPE    BASE      LENGTH    RELOCATION   SEGMENT NAME
            -----------------------------------------------------

            * * * * * * *   D A T A   M E M O R Y   * * * * * * *
            REG     0000H     0008H     ABSOLUTE     "REG BANK 0"
            DATA    0008H     0004H     ABSOLUTE     
            DATA    000CH     0004H     ABSOLUTE     
            DATA    0010H     0004H     ABSOLUTE     
            DATA    0014H     0004H     ABSOLUTE     
            DATA    0018H     0004H     ABSOLUTE     
            DATA    001CH     0004H     ABSOLUTE     
            BIT     0020H.0   0002H.5   UNIT         ?BI?INSTRUCTION
            BIT     0022H.5   0001H.1   UNIT         _BIT_GROUP_
            BIT     0023H.6   0000H.2   UNIT         ?BI?TMR2
            BIT     0024H.0   0000H.2   UNIT         ?BI?TK_LIB
            BIT     0024H.2   0000H.1   UNIT         ?BI?UART0
            BIT     0024H.3   0000H.1   UNIT         ?BI?SPEED_SCAN
            BIT     0024H.4   0000H.1   UNIT         ?BI?ENGINE_SPEED_SCAN
            BIT     0024H.5   0000H.1   UNIT         ?BI?FUEL_CAPACITY
                    0024H.6   000BH.2                *** GAP ***
            DATA    0030H     0004H     ABSOLUTE     
            DATA    0034H     0004H     ABSOLUTE     
            DATA    0038H     0004H     ABSOLUTE     
            DATA    003CH     0004H     ABSOLUTE     
            DATA    0040H     000DH     UNIT         _DATA_GROUP_
                    004DH     0003H                  *** GAP ***
            DATA    0050H     0002H     ABSOLUTE     
            DATA    0052H     0002H     ABSOLUTE     
            DATA    0054H     0002H     ABSOLUTE     
BL51 BANKED LINKER/LOCATER V6.22.4.0                                                  06/11/2025  15:14:21  PAGE 3


                    0056H     000AH                  *** GAP ***
            DATA    0060H     0001H     ABSOLUTE     
            DATA    0061H     0001H     ABSOLUTE     
            DATA    0062H     0001H     ABSOLUTE     
            DATA    0063H     0001H     ABSOLUTE     
            DATA    0064H     0001H     ABSOLUTE     
            DATA    0065H     0001H     ABSOLUTE     
            DATA    0066H     0001H     ABSOLUTE     
            IDATA   0067H     0001H     UNIT         ?STACK

            * * * * * * *  X D A T A   M E M O R Y  * * * * * * *
                    0000H     6000H                  *** GAP ***
            XDATA   6000H     0004H     ABSOLUTE     
            XDATA   6004H     0004H     ABSOLUTE     
            XDATA   6008H     0004H     ABSOLUTE     
            XDATA   600CH     0004H     UNIT         ?XD?TMR0
            XDATA   6010H     0004H     ABSOLUTE     
            XDATA   6014H     0004H     ABSOLUTE     
            XDATA   6018H     0394H     UNIT         ?XD?TK_LIB
            XDATA   63ACH     0045H     UNIT         ?XD?AD_KEY
            XDATA   63F1H     003DH     UNIT         ?XD?UART0
            XDATA   642EH     0034H     UNIT         _XDATA_GROUP_
            XDATA   6462H     0027H     UNIT         ?XD?FUN_INFO
            XDATA   6489H     001FH     UNIT         ?XD?TOUCH_KEY
            XDATA   64A8H     0018H     UNIT         ?XD?TK_SET
            XDATA   64C0H     0012H     UNIT         ?XD?MILEAGE
            XDATA   64D2H     0010H     UNIT         ?XD?SPEED_SCAN
            XDATA   64E2H     0010H     UNIT         ?XD?ENGINE_SPEED_SCAN
            XDATA   64F2H     000DH     UNIT         ?XD?FUEL_CAPACITY
            XDATA   64FFH     000CH     UNIT         ?XD?TEMP_OF_WATER
            XDATA   650BH     000CH     UNIT         ?XD?BATTERY
            XDATA   6517H     0009H     UNIT         ?XD?INSTRUCTION
            XDATA   6520H     0008H     UNIT         ?XD?TMR1
            XDATA   6528H     0007H     UNIT         ?XD?AIP1302_UPDATE_ALL_DATA?AIP1302
            XDATA   652FH     0004H     UNIT         ?XD?KEY_DRIVER
            XDATA   6533H     0003H     UNIT         ?XD?TMR2
            XDATA   6536H     0003H     UNIT         ?XD?_UART0_SEND_BUFF?UART0
            XDATA   6539H     0002H     UNIT         ?XD?ADC
            XDATA   653BH     0002H     UNIT         ?XD?PIN_LEVEL_SCAN
            XDATA   653DH     0002H     UNIT         ?XD?__TK_LIB_INIT?TK_LIB
            XDATA   653FH     0001H     UNIT         ?XD?___TOUCH_KEY_GET_EVENT?TOUCH_KEY

            * * * * * * *   C O D E   M E M O R Y   * * * * * * *
            CODE    0000H     0003H     ABSOLUTE     
            CODE    0003H     000CH     ABSOLUTE     
            CODE    000FH     000FH     UNIT         ?PR?AIP1302_IS_RUNNING?AIP1302
            CODE    001EH     0003H     ABSOLUTE     
            CODE    0021H     0003H     ABSOLUTE     
            CODE    0024H     0003H     ABSOLUTE     
            CODE    0027H     0023H     UNIT         ?PR?_UART0_SEND_BUFF?UART0
                    004AH     0001H                  *** GAP ***
            CODE    004BH     0003H     ABSOLUTE     
            CODE    004EH     000FH     UNIT         ?PR?AD_KEY
            CODE    005DH     0003H     ABSOLUTE     
            CODE    0060H     052DH     UNIT         ?C?LIB_CODE
            CODE    058DH     0365H     UNIT         ?PR?PRINTF?PRINTF
            CODE    08F2H     033FH     UNIT         ?PR?__TK_DATA_PROCESS?TK_LIB
BL51 BANKED LINKER/LOCATER V6.22.4.0                                                  06/11/2025  15:14:21  PAGE 4


            CODE    0C31H     0252H     UNIT         ?PR?___TK_MODE_CARRY_FUNC?TK_LIB
            CODE    0E83H     0247H     UNIT         ?PR?INSTRUCTION_HANDLE?INSTRUCTION
            CODE    10CAH     0228H     UNIT         ?C_INITSEG
            CODE    12F2H     0206H     UNIT         ?PR?_SEND_DATA?SEND_DATA
            CODE    14F8H     01B9H     UNIT         ?PR?__TK_BUTTON_DECIDE?TK_LIB
            CODE    16B1H     01B5H     UNIT         ?PR?___TK_LIB_I_ADJUST?TK_LIB
            CODE    1866H     0193H     UNIT         ?PR?_KEY_DRIVER_SCAN?KEY_DRIVER
            CODE    19F9H     014EH     UNIT         ?PR?INSTRUCTION_SCAN?INSTRUCTION
            CODE    1B47H     013CH     UNIT         ?PR?TK_GPIO_CONFIG?TK_SET
            CODE    1C83H     0138H     UNIT         ?PR?UART0_IRQHANDLER?UART0
            CODE    1DBBH     0130H     UNIT         ?PR?HEART_BEAT_HANDLE?TMR1
            CODE    1EEBH     0124H     UNIT         ?PR?UART0_SCAN_HANDLE?UART0
            CODE    200FH     00EDH     UNIT         ?PR?TIMR2_IRQHANDLER?TMR2
            CODE    20FCH     00DCH     UNIT         ?PR?SYSTEM_INIT?SYSTEM
            CODE    21D8H     00D8H     UNIT         ?PR?MILEAGE_SCAN?MILEAGE
            CODE    22B0H     00D4H     UNIT         ?PR?ADC_GETVAL?ADC
            CODE    2384H     00D0H     UNIT         ?PR?SPEED_SCAN?SPEED_SCAN
            CODE    2454H     00D0H     UNIT         ?PR?TEMP_OF_WATER_SCAN?TEMP_OF_WATER
            CODE    2524H     00C0H     UNIT         ?PR?BATTERY_SCAN?BATTERY
            CODE    25E4H     00BAH     UNIT         ?PR?AD_KEY_HANDLE?AD_KEY
            CODE    269EH     00B0H     UNIT         ?PR?ENGINE_SPEED_SCAN?ENGINE_SPEED_SCAN
            CODE    274EH     00AFH     UNIT         ?PR?_AIP1302_WRITE_BYTE?AIP1302
            CODE    27FDH     00A8H     UNIT         ?PR?PIN_LEVEL_SCAN?PIN_LEVEL_SCAN
            CODE    28A5H     009BH     UNIT         ?PR?__TK_LIB_INIT?TK_LIB
            CODE    2940H     0093H     UNIT         ?PR?__TK_BASELINE_INIT?TK_LIB
            CODE    29D3H     0092H     UNIT         ?PR?TK_PARAM_INIT?TK_SET
            CODE    2A65H     0092H     UNIT         ?PR?___AIP1302_READ_BYTE?AIP1302
            CODE    2AF7H     0090H     UNIT         ?PR?___AIP1302_WRITE_BYTE?AIP1302
            CODE    2B87H     008CH     UNIT         ?C_C51STARTUP
            CODE    2C13H     0088H     UNIT         ?PR?FUEL_CAPACITY_SCAN?FUEL_CAPACITY
            CODE    2C9BH     0084H     UNIT         ?PR?___TK_SET_NEXT_CH?TK_LIB
            CODE    2D1FH     007EH     UNIT         ?PR?__TK_BASELINE_UPDATE?TK_LIB
            CODE    2D9DH     007EH     UNIT         ?PR?__TK_LONG_KEY_CLEAR?TK_LIB
            CODE    2E1BH     0075H     UNIT         ?PR?__TK_HANDLER?TK_LIB
            CODE    2E90H     006EH     UNIT         ?PR?___AIP1302_CONVERT_READ_BYTE?AIP1302
            CODE    2EFEH     0062H     UNIT         ?PR?__TK_I_SOURCE_ADJUST?TK_LIB
            CODE    2F60H     005EH     UNIT         ?PR?AIP1302_CONFIG?AIP1302
            CODE    2FBEH     005AH     UNIT         ?PR?TIMR1_IRQHANDLER?TMR1
            CODE    3018H     0059H     UNIT         ?PR?UART0
            CODE    3071H     004FH     UNIT         ?PR?TK_INIT?TK_SET
            CODE    30C0H     004FH     UNIT         ?PR?TIMR0_IRQHANDLER?TMR0
            CODE    310FH     004CH     UNIT         ?PR?___CONVER_CUR_AD_TO_AD_KEY?AD_KEY
            CODE    315BH     004BH     UNIT         ?PR?TMR1
            CODE    31A6H     004AH     UNIT         ?PR?MAIN?MAIN
            CODE    31F0H     0048H     UNIT         ?PR?INSTRUCTION
            CODE    3238H     0046H     UNIT         ?PR?AIP1302_READ_ALL?AIP1302
            CODE    327EH     0045H     UNIT         ?PR?TK_IRQHANDLER?TK_SET
            CODE    32C3H     0040H     UNIT         ?PR?TMR2_CONFIG?TMR2
            CODE    3303H     003FH     UNIT         ?PR?AIP1302_UPDATE_ALL_DATA?AIP1302
            CODE    3342H     003FH     UNIT         ?PR?AIP1302_UPDATE_TIME?AIP1302
            CODE    3381H     003FH     UNIT         ?PR?UPDATE_ENGINE_SPEED_SCAN_DATA?ENGINE_SPEED_SCAN
            CODE    33C0H     003EH     UNIT         ?PR?SEND_DATA
            CODE    33FEH     003DH     UNIT         ?PR?TMR1_CONFIG?TMR1
            CODE    343BH     003DH     UNIT         ?PR?__TK_MODE_CONFIG?TK_LIB
            CODE    3478H     003CH     UNIT         ?PR?TMR0_CONFIG?TMR0
            CODE    34B4H     003AH     UNIT         ?PR?USER_INIT?MAIN
            CODE    34EEH     0039H     UNIT         ?PR?UPDATE_SPEED_SCAN_DATA?SPEED_SCAN
BL51 BANKED LINKER/LOCATER V6.22.4.0                                                  06/11/2025  15:14:21  PAGE 5


            CODE    3527H     0037H     UNIT         ?PR?_ADC_SEL_PIN?ADC
            CODE    355EH     0037H     UNIT         ?PR?_FLASH_WRITE?FLASH
            CODE    3595H     0034H     UNIT         ?PR?_FLASH_READ?FLASH
            CODE    35C9H     0032H     UNIT         ?PR?AD_KEY_GET_KEY_ID?AD_KEY
            CODE    35FBH     002EH     UNIT         ?PR?AIP1302
            CODE    3629H     002DH     UNIT         ?CO?ENGINE_SPEED_SCAN
            CODE    3656H     002CH     UNIT         ?PR?___TOUCH_KEY_GET_EVENT?TOUCH_KEY
            CODE    3682H     002BH     UNIT         ?PR?UART0_CONFIG?UART0
            CODE    36ADH     002BH     UNIT         ?PR?PIN_LEVEL_SCAN_CONFIG?PIN_LEVEL_SCAN
            CODE    36D8H     002BH     UNIT         ?PR?MILEAGE
            CODE    3703H     0023H     UNIT         ?PR?ADC_SINGLE_CONVERT?ADC
            CODE    3726H     0023H     UNIT         ?PR?___AD_KEY_GET_EVENT?AD_KEY
            CODE    3749H     0022H     UNIT         ?PR?ADC_CONFIG?ADC
            CODE    376BH     0021H     UNIT         ?PR?KEY_DRIVER
            CODE    378CH     0020H     UNIT         ?PR?TOUCH_KEY_GET_KEY_ID?TOUCH_KEY
            CODE    37ACH     0020H     UNIT         ?PR?__TK_SCAN?TK_LIB
            CODE    37CCH     001FH     UNIT         ?PR?TMR2
            CODE    37EBH     001FH     UNIT         ?PR?TOUCH_KEY
            CODE    380AH     001EH     UNIT         ?CO?TK_SET
            CODE    3828H     001EH     UNIT         ?PR?TEMP_OF_WATER
            CODE    3846H     001BH     UNIT         ?PR?_DELAY_MS?SYSTEM
            CODE    3861H     001BH     UNIT         ?PR?ADC
            CODE    387CH     001AH     UNIT         ?PR?_REVERSE_U8?AIP1302
            CODE    3896H     0018H     UNIT         ?PR?TK_SET
            CODE    38AEH     0018H     UNIT         ?PR?FUN_INFO_INIT?FUN_INFO
            CODE    38C6H     0016H     UNIT         ?PR?_AIP1302_READ_BYTE?AIP1302
            CODE    38DCH     0016H     UNIT         ?PR?TOUCH_KEY_HANDLE?TOUCH_KEY
            CODE    38F2H     0011H     UNIT         ?PR?TMR2_ENABLE?TMR2
            CODE    3903H     0011H     UNIT         ?PR?_FLASH_ERASE_SECTOR?FLASH
            CODE    3914H     0010H     UNIT         ?PR?P03_OUTPUT_CONFIG?MY_GPIO
            CODE    3924H     0010H     UNIT         ?PR?TMR0_DISABLE?TMR0
            CODE    3934H     0010H     UNIT         ?PR?TMR1_ENABLE?TMR1
            CODE    3944H     0010H     UNIT         ?PR?_CONVER_ADC_VAL_TO_VOLTAGE?BATTERY
            CODE    3954H     000EH     UNIT         ?PR?_PUTCHAR?UART0
            CODE    3962H     000EH     UNIT         ?PR?FUN_INFO_SAVE?FUN_INFO
            CODE    3970H     000EH     UNIT         ?PR?_CONVER_VOLTAGE_OF_BATTERY_TO_PERCENTAGE?BATTERY
            CODE    397EH     000DH     UNIT         ?PR?P06_INPUT_CONFIG?MY_GPIO
            CODE    398BH     000DH     UNIT         ?PR?P07_INPUT_CONFIG?MY_GPIO
            CODE    3998H     000DH     UNIT         ?PR?P10_INPUT_CONFIG?MY_GPIO
            CODE    39A5H     000DH     UNIT         ?PR?P13_INPUT_CONFIG?MY_GPIO
            CODE    39B2H     000DH     UNIT         ?PR?P14_INPUT_CONFIG?MY_GPIO
            CODE    39BFH     000DH     UNIT         ?PR?P21_INPUT_CONFIG?MY_GPIO
            CODE    39CCH     000DH     UNIT         ?PR?P22_INPUT_CONFIG?MY_GPIO
            CODE    39D9H     000DH     UNIT         ?PR?P23_INPUT_CONFIG?MY_GPIO
            CODE    39E6H     000DH     UNIT         ?PR?P25_INPUT_CONFIG?MY_GPIO
            CODE    39F3H     000DH     UNIT         ?PR?P27_INPUT_CONFIG?MY_GPIO
            CODE    3A00H     000DH     UNIT         ?PR?P30_INPUT_CONFIG?MY_GPIO
            CODE    3A0DH     000DH     UNIT         ?PR?_UART0_SENDBYTE?UART0
            CODE    3A1AH     000DH     UNIT         ?PR?SPEED_SCAN_CONFIG?SPEED_SCAN
            CODE    3A27H     000DH     UNIT         ?PR?ENGINE_SPEED_SCAN_CONFIG?ENGINE_SPEED_SCAN
            CODE    3A34H     000CH     UNIT         ?PR?TMR0_ENABLE?TMR0
            CODE    3A40H     000CH     UNIT         ?PR?FUN_INFO
            CODE    3A4CH     000CH     UNIT         ?PR?SPEED_SCAN
            CODE    3A58H     000BH     UNIT         ?PR?_DELAY?SYSTEM
            CODE    3A63H     000AH     UNIT         ?PR?FUEL_CAPACITY
            CODE    3A6DH     0008H     UNIT         ?PR?TMR0
            CODE    3A75H     0006H     UNIT         ?PR?ENGINE_SPEED_SCAN
BL51 BANKED LINKER/LOCATER V6.22.4.0                                                  06/11/2025  15:14:21  PAGE 6


            CODE    3A7BH     0005H     UNIT         ?PR?__TK_MS_HANDLER?TK_LIB



OVERLAY MAP OF MODULE:   .\Release\Objects\Project (?C_STARTUP)


SEGMENT                                             BIT_GROUP          DATA_GROUP          XDATA_GROUP
  +--> CALLED SEGMENT                            START    LENGTH     START    LENGTH     START    LENGTH
--------------------------------------------------------------------------------------------------------
?C_C51STARTUP                                    -----    -----      -----    -----      -----    -----
  +--> ?PR?MAIN?MAIN
  +--> ?C_INITSEG

?PR?MAIN?MAIN                                    -----    -----      -----    -----      -----    -----
  +--> ?PR?SYSTEM_INIT?SYSTEM
  +--> ?PR?USER_INIT?MAIN
  +--> ?PR?_DELAY_MS?SYSTEM
  +--> ?PR?_KEY_DRIVER_SCAN?KEY_DRIVER
  +--> ?PR?AD_KEY_HANDLE?AD_KEY
  +--> ?PR?SPEED_SCAN?SPEED_SCAN
  +--> ?PR?MILEAGE_SCAN?MILEAGE
  +--> ?PR?ENGINE_SPEED_SCAN?ENGINE_SPEED_SCAN
  +--> ?PR?FUEL_CAPACITY_SCAN?FUEL_CAPACITY
  +--> ?PR?BATTERY_SCAN?BATTERY
  +--> ?PR?UART0_SCAN_HANDLE?UART0
  +--> ?PR?INSTRUCTION_SCAN?INSTRUCTION
  +--> ?PR?INSTRUCTION_HANDLE?INSTRUCTION
  +--> ?PR?HEART_BEAT_HANDLE?TMR1

?PR?SYSTEM_INIT?SYSTEM                           -----    -----      -----    -----      -----    -----
  +--> ?PR?_DELAY?SYSTEM
  +--> ?PR?_DELAY_MS?SYSTEM

?PR?_DELAY_MS?SYSTEM                             -----    -----      -----    -----      -----    -----
  +--> ?PR?_DELAY?SYSTEM

?PR?USER_INIT?MAIN                               -----    -----      -----    -----      -----    -----
  +--> ?PR?FUN_INFO_INIT?FUN_INFO
  +--> ?PR?TMR0_CONFIG?TMR0
  +--> ?PR?UART0_CONFIG?UART0
  +--> ?PR?PIN_LEVEL_SCAN_CONFIG?PIN_LEVEL_SCAN
  +--> ?PR?TMR1_CONFIG?TMR1
  +--> ?PR?SPEED_SCAN_CONFIG?SPEED_SCAN
  +--> ?PR?ENGINE_SPEED_SCAN_CONFIG?ENGINE_S...
  +--> ?PR?ADC_CONFIG?ADC
  +--> ?PR?AIP1302_CONFIG?AIP1302
  +--> ?PR?TMR2_CONFIG?TMR2
  +--> ?PR?TMR1_ENABLE?TMR1
  +--> ?PR?TMR2_ENABLE?TMR2
  +--> ?PR?_DELAY_MS?SYSTEM

?PR?FUN_INFO_INIT?FUN_INFO                       -----    -----      -----    -----      -----    -----
  +--> ?PR?FUN_INFO
  +--> ?PR?_FLASH_READ?FLASH

?PR?_FLASH_READ?FLASH                            -----    -----      -----    -----      642EH    0005H
BL51 BANKED LINKER/LOCATER V6.22.4.0                                                  06/11/2025  15:14:21  PAGE 7



?PR?TMR0_CONFIG?TMR0                             -----    -----      -----    -----      -----    -----
  +--> ?PR?TMR0

?PR?PIN_LEVEL_SCAN_CONFIG?PIN_LEVEL_SCAN         -----    -----      -----    -----      -----    -----
  +--> ?PR?P21_INPUT_CONFIG?MY_GPIO
  +--> ?PR?P22_INPUT_CONFIG?MY_GPIO
  +--> ?PR?P25_INPUT_CONFIG?MY_GPIO
  +--> ?PR?P27_INPUT_CONFIG?MY_GPIO
  +--> ?PR?P30_INPUT_CONFIG?MY_GPIO
  +--> ?PR?P14_INPUT_CONFIG?MY_GPIO
  +--> ?PR?P13_INPUT_CONFIG?MY_GPIO
  +--> ?PR?P10_INPUT_CONFIG?MY_GPIO
  +--> ?PR?P07_INPUT_CONFIG?MY_GPIO
  +--> ?PR?P06_INPUT_CONFIG?MY_GPIO

?PR?ADC_CONFIG?ADC                               -----    -----      -----    -----      -----    -----
  +--> ?PR?ADC

?PR?AIP1302_CONFIG?AIP1302                       -----    -----      -----    -----      -----    -----
  +--> ?PR?AIP1302
  +--> ?PR?AIP1302_IS_RUNNING?AIP1302
  +--> ?PR?_AIP1302_WRITE_BYTE?AIP1302
  +--> ?PR?AIP1302_READ_ALL?AIP1302

?PR?AIP1302_IS_RUNNING?AIP1302                   -----    -----      -----    -----      -----    -----
  +--> ?PR?___AIP1302_READ_BYTE?AIP1302

?PR?___AIP1302_READ_BYTE?AIP1302                 -----    -----      -----    -----      6433H    0003H
  +--> ?PR?AIP1302
  +--> ?PR?_DELAY?SYSTEM

?PR?_AIP1302_WRITE_BYTE?AIP1302                  -----    -----      -----    -----      6439H    0004H
  +--> ?PR?___AIP1302_WRITE_BYTE?AIP1302

?PR?___AIP1302_WRITE_BYTE?AIP1302                -----    -----      -----    -----      643DH    0003H
  +--> ?PR?AIP1302
  +--> ?PR?_DELAY?SYSTEM

?PR?AIP1302_READ_ALL?AIP1302                     -----    -----      -----    -----      -----    -----
  +--> ?PR?_AIP1302_READ_BYTE?AIP1302

?PR?_AIP1302_READ_BYTE?AIP1302                   -----    -----      -----    -----      6432H    0001H
  +--> ?PR?___AIP1302_READ_BYTE?AIP1302
  +--> ?PR?___AIP1302_CONVERT_READ_BYTE?AIP1302

?PR?___AIP1302_CONVERT_READ_BYTE?AIP1302         -----    -----      -----    -----      6433H    0003H
  +--> ?PR?_REVERSE_U8?AIP1302

?PR?_KEY_DRIVER_SCAN?KEY_DRIVER                  -----    -----      -----    -----      642EH    0002H
  +--> ?PR?KEY_DRIVER

?PR?AD_KEY_HANDLE?AD_KEY                         -----    -----      -----    -----      -----    -----
  +--> ?PR?___AD_KEY_GET_EVENT?AD_KEY
  +--> ?PR?_SEND_DATA?SEND_DATA

?PR?___AD_KEY_GET_EVENT?AD_KEY                   -----    -----      -----    -----      -----    -----
BL51 BANKED LINKER/LOCATER V6.22.4.0                                                  06/11/2025  15:14:21  PAGE 8


  +--> ?PR?AD_KEY

?PR?_SEND_DATA?SEND_DATA                         -----    -----      -----    -----      6432H    0009H
  +--> ?PR?_UART0_SENDBYTE?UART0
  +--> ?PR?SEND_DATA
  +--> ?PR?_DELAY_MS?SYSTEM

?PR?SPEED_SCAN?SPEED_SCAN                        -----    -----      -----    -----      642EH    0008H
  +--> ?PR?SPEED_SCAN

?PR?MILEAGE_SCAN?MILEAGE                         -----    -----      -----    -----      -----    -----
  +--> ?PR?MILEAGE
  +--> ?PR?FUN_INFO_SAVE?FUN_INFO

?PR?FUN_INFO_SAVE?FUN_INFO                       -----    -----      -----    -----      -----    -----
  +--> ?PR?_FLASH_ERASE_SECTOR?FLASH
  +--> ?PR?FUN_INFO
  +--> ?PR?_FLASH_WRITE?FLASH

?PR?_FLASH_WRITE?FLASH                           -----    -----      -----    -----      6432H    0005H

?PR?ENGINE_SPEED_SCAN?ENGINE_SPEED_SCAN          -----    -----      -----    -----      642EH    0004H
  +--> ?PR?ENGINE_SPEED_SCAN
  +--> ?CO?ENGINE_SPEED_SCAN
  +--> ?PR?PRINTF?PRINTF

?PR?PRINTF?PRINTF                                0022H.5  0001H.1    0040H    0005H      6432H    0028H
  +--> ?PR?_PUTCHAR?UART0

?PR?_PUTCHAR?UART0                               -----    -----      -----    -----      645AH    0001H
  +--> ?PR?_UART0_SENDBYTE?UART0

?PR?FUEL_CAPACITY_SCAN?FUEL_CAPACITY             -----    -----      -----    -----      -----    -----
  +--> ?PR?_ADC_SEL_PIN?ADC
  +--> ?PR?ADC_GETVAL?ADC
  +--> ?PR?FUEL_CAPACITY

?PR?_ADC_SEL_PIN?ADC                             -----    -----      -----    -----      -----    -----
  +--> ?PR?ADC
  +--> ?PR?_DELAY_MS?SYSTEM

?PR?ADC_GETVAL?ADC                               -----    -----      -----    -----      6430H    000BH
  +--> ?PR?ADC_SINGLE_CONVERT?ADC
  +--> ?PR?ADC

?PR?BATTERY_SCAN?BATTERY                         -----    -----      -----    -----      642EH    0002H
  +--> ?PR?_ADC_SEL_PIN?ADC
  +--> ?PR?ADC_GETVAL?ADC
  +--> ?PR?_CONVER_ADC_VAL_TO_VOLTAGE?BATTERY
  +--> ?PR?_CONVER_VOLTAGE_OF_BATTERY_TO_PER...

?PR?UART0_SCAN_HANDLE?UART0                      0022H.5  0000H.1    -----    -----      642EH    0003H
  +--> ?PR?TMR0_DISABLE?TMR0
  +--> ?PR?UART0

?PR?TMR0_DISABLE?TMR0                            -----    -----      -----    -----      -----    -----
  +--> ?PR?TMR0
BL51 BANKED LINKER/LOCATER V6.22.4.0                                                  06/11/2025  15:14:21  PAGE 9



?PR?INSTRUCTION_SCAN?INSTRUCTION                 -----    -----      -----    -----      642EH    0001H
  +--> ?PR?INSTRUCTION

?PR?INSTRUCTION_HANDLE?INSTRUCTION               -----    -----      -----    -----      642EH    0004H
  +--> ?PR?INSTRUCTION
  +--> ?PR?_SEND_DATA?SEND_DATA
  +--> ?PR?AIP1302_READ_ALL?AIP1302
  +--> ?PR?AIP1302_UPDATE_TIME?AIP1302
  +--> ?PR?FUN_INFO_SAVE?FUN_INFO

?PR?AIP1302_UPDATE_TIME?AIP1302                  -----    -----      -----    -----      6432H    0007H
  +--> ?PR?_AIP1302_WRITE_BYTE?AIP1302

?PR?HEART_BEAT_HANDLE?TMR1                       -----    -----      -----    -----      642EH    0008H
  +--> ?PR?TMR1

?C_INITSEG                                       -----    -----      -----    -----      -----    -----
  +--> ?PR?AD_KEY_GET_KEY_ID?AD_KEY
  +--> ?PR?TOUCH_KEY_GET_KEY_ID?TOUCH_KEY

?PR?AD_KEY_GET_KEY_ID?AD_KEY                     -----    -----      -----    -----      642EH    0002H
  +--> ?PR?_ADC_SEL_PIN?ADC
  +--> ?PR?ADC_SINGLE_CONVERT?ADC
  +--> ?PR?___CONVER_CUR_AD_TO_AD_KEY?AD_KEY

?PR?___CONVER_CUR_AD_TO_AD_KEY?AD_KEY            -----    -----      -----    -----      6430H    0002H

?PR?TOUCH_KEY_GET_KEY_ID?TOUCH_KEY               -----    -----      -----    -----      -----    -----
  +--> ?PR?__TK_SCAN?TK_LIB
  +--> ?PR?TOUCH_KEY

?PR?__TK_SCAN?TK_LIB                             -----    -----      -----    -----      -----    -----
  +--> ?PR?__TK_BUTTON_DECIDE?TK_LIB
  +--> ?PR?___TK_SET_NEXT_CH?TK_LIB

?PR?__TK_BUTTON_DECIDE?TK_LIB                    -----    -----      -----    -----      -----    -----
  +--> ?CO?TK_SET
  +--> ?PR?___TK_MODE_CARRY_FUNC?TK_LIB

?PR?___TK_MODE_CARRY_FUNC?TK_LIB                 -----    -----      -----    -----      642EH    0001H
  +--> ?CO?TK_SET
  +--> ?PR?__TK_BASELINE_UPDATE?TK_LIB

?PR?__TK_BASELINE_UPDATE?TK_LIB                  -----    -----      -----    -----      -----    -----
  +--> ?CO?TK_SET

*** NEW ROOT ***************************************************

?PR?TK_IRQHANDLER?TK_SET                         -----    -----      -----    -----      -----    -----
  +--> ?PR?__TK_HANDLER?TK_LIB

?PR?__TK_HANDLER?TK_LIB                          -----    -----      -----    -----      -----    -----
  +--> ?CO?TK_SET
  +--> ?PR?__TK_MODE_CONFIG?TK_LIB
  +--> ?PR?__TK_I_SOURCE_ADJUST?TK_LIB
  +--> ?PR?__TK_BASELINE_INIT?TK_LIB
BL51 BANKED LINKER/LOCATER V6.22.4.0                                                  06/11/2025  15:14:21  PAGE 10


  +--> ?PR?___TK_SET_NEXT_CH?TK_LIB

?PR?__TK_MODE_CONFIG?TK_LIB                      -----    -----      -----    -----      -----    -----
  +--> ?PR?___TK_SET_NEXT_CH?TK_LIB

?PR?__TK_I_SOURCE_ADJUST?TK_LIB                  -----    -----      -----    -----      645BH    0001H
  +--> ?CO?TK_SET
  +--> ?PR?___TK_LIB_I_ADJUST?TK_LIB
  +--> ?PR?__TK_MODE_CONFIG?TK_LIB
  +--> ?PR?___TK_SET_NEXT_CH?TK_LIB

?PR?___TK_LIB_I_ADJUST?TK_LIB                    -----    -----      0045H    0008H      645CH    0005H
  +--> ?CO?TK_SET

?PR?__TK_BASELINE_INIT?TK_LIB                    -----    -----      -----    -----      -----    -----
  +--> ?CO?TK_SET
  +--> ?PR?___TK_SET_NEXT_CH?TK_LIB

*** NEW ROOT ***************************************************

?PR?TIMR1_IRQHANDLER?TMR1                        -----    -----      -----    -----      -----    -----
  +--> ?PR?TMR1

*** NEW ROOT ***************************************************

?PR?TIMR2_IRQHANDLER?TMR2                        -----    -----      -----    -----      -----    -----
  +--> ?PR?TMR2
  +--> ?PR?UPDATE_ENGINE_SPEED_SCAN_DATA?ENG...
  +--> ?PR?UPDATE_SPEED_SCAN_DATA?SPEED_SCAN

?PR?UPDATE_SPEED_SCAN_DATA?SPEED_SCAN            -----    -----      -----    -----      -----    -----
  +--> ?PR?SPEED_SCAN

*** NEW ROOT ***************************************************

?PR?UART0_IRQHANDLER?UART0                       -----    -----      -----    -----      6461H    0001H
  +--> ?PR?UART0
  +--> ?PR?TMR0_DISABLE?TMR0
  +--> ?PR?TMR0_ENABLE?TMR0

?PR?TMR0_ENABLE?TMR0                             -----    -----      -----    -----      -----    -----
  +--> ?PR?TMR0



SYMBOL TABLE OF MODULE:  .\Release\Objects\Project (?C_STARTUP)

  VALUE           TYPE          NAME
  ----------------------------------

  -------         MODULE        ?C_STARTUP
  C:2B87H         SEGMENT       ?C_C51STARTUP
  I:0067H         SEGMENT       ?STACK
  C:0000H         PUBLIC        ?C_STARTUP
  D:00E0H         SYMBOL        ACC
  D:00F0H         SYMBOL        B
  D:0083H         SYMBOL        DPH
BL51 BANKED LINKER/LOCATER V6.22.4.0                                                  06/11/2025  15:14:21  PAGE 11


  D:0082H         SYMBOL        DPL
  N:0000H         SYMBOL        IBPSTACK
  N:0100H         SYMBOL        IBPSTACKTOP
  N:0080H         SYMBOL        IDATALEN
  C:2B8AH         SYMBOL        IDATALOOP
  N:0000H         SYMBOL        PBPSTACK
  N:0100H         SYMBOL        PBPSTACKTOP
  N:0000H         SYMBOL        PDATALEN
  N:0000H         SYMBOL        PDATASTART
  N:0000H         SYMBOL        PPAGE
  N:0000H         SYMBOL        PPAGEENABLE
  D:00A0H         SYMBOL        PPAGE_SFR
  D:0081H         SYMBOL        SP
  C:2B87H         SYMBOL        STARTUP1
  N:0000H         SYMBOL        XBPSTACK
  N:0000H         SYMBOL        XBPSTACKTOP
  N:0000H         SYMBOL        XDATALEN
  N:0000H         SYMBOL        XDATASTART
  C:0000H         LINE#         126
  C:2B87H         LINE#         133
  C:2B89H         LINE#         134
  C:2B8AH         LINE#         135
  C:2B8BH         LINE#         136
  C:2B8DH         LINE#         185
  C:2B90H         LINE#         196
  -------         ENDMOD        ?C_STARTUP

  -------         MODULE        SYSTEM
  C:0000H         SYMBOL        _ICE_DUMMY_
  D:00D9H         PUBLIC        WDT_KEY
  D:00A7H         PUBLIC        FLASH_TIMEREG0
  D:00ACH         PUBLIC        FLASH_TIMEREG1
  C:3A58H         PUBLIC        _delay
  C:3846H         PUBLIC        _delay_ms
  C:20FCH         PUBLIC        system_init
  -------         PROC          _DELAY
  D:0006H         SYMBOL        cnt
  C:3A58H         LINE#         37
  C:3A58H         LINE#         38
  C:3A58H         LINE#         39
  C:3A62H         LINE#         40
  C:3A62H         LINE#         41
  C:3A62H         LINE#         42
  -------         ENDPROC       _DELAY
  -------         PROC          _DELAY_MS
  D:0002H         SYMBOL        ms
  C:3846H         LINE#         49
  C:384AH         LINE#         50
  C:384AH         LINE#         51
  C:3854H         LINE#         52
  C:3854H         LINE#         53
  C:3857H         LINE#         56
  C:385EH         LINE#         57
  C:3860H         LINE#         58
  -------         ENDPROC       _DELAY_MS
  -------         PROC          SYSTEM_INIT
  -------         DO            
BL51 BANKED LINKER/LOCATER V6.22.4.0                                                  06/11/2025  15:14:21  PAGE 12


  D:0007H         SYMBOL        i
  -------         ENDDO         
  C:20FCH         LINE#         65
  C:20FCH         LINE#         66
  C:20FCH         LINE#         69
  C:2103H         LINE#         70
  C:2110H         LINE#         71
  C:2113H         LINE#         74
  C:2116H         LINE#         75
  C:211CH         LINE#         76
  C:2122H         LINE#         77
  C:2128H         LINE#         78
  C:212EH         LINE#         79
  C:2135H         LINE#         83
  C:2137H         LINE#         84
  C:2137H         LINE#         85
  C:2144H         LINE#         86
  C:2149H         LINE#         88
  C:21D7H         LINE#         89
  -------         ENDPROC       SYSTEM_INIT
  -------         ENDMOD        SYSTEM

  -------         MODULE        TK_SET
  C:0000H         SYMBOL        _ICE_DUMMY_
  D:00A8H         PUBLIC        IE0
  D:00A9H         PUBLIC        IE1
  D:00AAH         PUBLIC        IE2
  D:00ABH         PUBLIC        IE3
  B:00A8H.7       PUBLIC        IE_EA
  D:00B8H         PUBLIC        IP0
  D:00B1H         PUBLIC        IP1
  D:00B2H         PUBLIC        IP2
  D:00B3H         PUBLIC        IP3
  D:00B4H         PUBLIC        IP4
  D:00B5H         PUBLIC        IP5
  D:00B6H         PUBLIC        IP6
  D:00B7H         PUBLIC        IP7
  C:29D3H         PUBLIC        tk_param_init
  X:64A8H         PUBLIC        __tk_update_cnt
  X:64AAH         PUBLIC        __tk_confirm_cnt
  X:64ACH         PUBLIC        __tk_leave_cnt
  X:64AEH         PUBLIC        __tk_ch_index
  X:64B0H         PUBLIC        __tk_ch_fth
  X:64B4H         PUBLIC        __tk_i_set
  X:6000H         PUBLIC        __tk_ch_data_0
  X:6004H         PUBLIC        __tk_ch_data_1
  X:6008H         PUBLIC        __tk_ch_data_2
  X:6010H         PUBLIC        __tk_ch_data_3
  X:6014H         PUBLIC        __tk_ch_data_4
  X:64B8H         PUBLIC        __tk_ch_data_5
  X:64BCH         PUBLIC        __tk_ch_data_6
  C:380AH         PUBLIC        __tk_adjust_line
  C:380EH         PUBLIC        __tk_adjust_time
  C:3810H         PUBLIC        __tk_adjust_diff_valu
  C:3812H         PUBLIC        __tk_adjust_en
  C:3813H         PUBLIC        __tk_valid_time
  C:3815H         PUBLIC        __tk_long_key_time
BL51 BANKED LINKER/LOCATER V6.22.4.0                                                  06/11/2025  15:14:21  PAGE 13


  C:381FH         PUBLIC        __tk_use_num
  C:3819H         PUBLIC        __tk_cs_en
  C:381BH         PUBLIC        __tk_nm_num
  C:381AH         PUBLIC        __tk_tp_en
  C:381CH         PUBLIC        __tk_base_update_cnt
  C:381EH         PUBLIC        __tk_cm_valu
  C:3817H         PUBLIC        __tk_noise_value
  C:381DH         PUBLIC        __tk_nm_cm_value
  C:3820H         SYMBOL        TK_CH_EN_BUG
  C:1B47H         PUBLIC        tk_gpio_config
  C:327EH         PUBLIC        TK_IRQHandler
  C:3071H         PUBLIC        tk_init
  C:3896H         SYMBOL        Com0055
  C:3896H         SYMBOL        L?0086
  C:3896H         SYMBOL        L?0087
  C:3898H         SYMBOL        L?0088
  C:389BH         SYMBOL        L?0089
  C:38A4H         SYMBOL        L?0090
  C:38A6H         SYMBOL        L?0091
  -------         PROC          COM0055
  -------         ENDPROC       COM0055
  -------         PROC          TK_GPIO_CONFIG
  -------         DO            
  D:0007H         SYMBOL        i
  -------         ENDDO         
  C:1B47H         LINE#         262
  C:1B47H         LINE#         263
  C:1B47H         LINE#         264
  C:1B49H         LINE#         266
  C:1B49H         LINE#         267
  C:1B49H         LINE#         269
  C:1B51H         LINE#         270
  C:1B51H         LINE#         271
  C:1B59H         LINE#         272
  C:1B59H         LINE#         273
  C:1B6EH         LINE#         274
  C:1B7EH         LINE#         275
  C:1B81H         LINE#         277
  C:1B81H         LINE#         278
  C:1B96H         LINE#         279
  C:1BA6H         LINE#         280
  C:1BA6H         LINE#         281
  C:1BA9H         LINE#         282
  C:1BB9H         LINE#         283
  C:1BB9H         LINE#         284
  C:1BC1H         LINE#         285
  C:1BC1H         LINE#         286
  C:1BD8H         LINE#         287
  C:1BEAH         LINE#         288
  C:1BEDH         LINE#         290
  C:1BEDH         LINE#         291
  C:1C04H         LINE#         292
  C:1C16H         LINE#         293
  C:1C16H         LINE#         294
  C:1C19H         LINE#         296
  C:1C19H         LINE#         297
  C:1C21H         LINE#         298
BL51 BANKED LINKER/LOCATER V6.22.4.0                                                  06/11/2025  15:14:21  PAGE 14


  C:1C21H         LINE#         299
  C:1C38H         LINE#         300
  C:1C4AH         LINE#         301
  C:1C4CH         LINE#         303
  C:1C4CH         LINE#         304
  C:1C63H         LINE#         305
  C:1C79H         LINE#         306
  C:1C79H         LINE#         307
  C:1C79H         LINE#         308
  C:1C82H         LINE#         309
  -------         ENDPROC       TK_GPIO_CONFIG
  -------         PROC          TK_IRQHANDLER
  C:327EH         LINE#         316
  C:329BH         LINE#         318
  C:329BH         LINE#         319
  C:32A1H         LINE#         320
  C:32A1H         LINE#         321
  C:32A5H         LINE#         322
  C:32A8H         LINE#         323
  C:32A8H         LINE#         324
  C:32A8H         LINE#         325
  -------         ENDPROC       TK_IRQHANDLER
  -------         PROC          TK_INIT
  C:3071H         LINE#         332
  C:3071H         LINE#         333
  C:3071H         LINE#         334
  C:3073H         LINE#         335
  C:3076H         LINE#         336
  C:3079H         LINE#         337
  C:3080H         LINE#         338
  C:3083H         LINE#         339
  C:3088H         LINE#         340
  C:308CH         LINE#         341
  C:3091H         LINE#         342
  C:3095H         LINE#         343
  C:309AH         LINE#         344
  C:309EH         LINE#         345
  C:30A3H         LINE#         346
  C:30A7H         LINE#         347
  C:30AAH         LINE#         348
  C:30ACH         LINE#         349
  C:30AEH         LINE#         350
  C:30B3H         LINE#         351
  C:30B7H         LINE#         352
  C:30BBH         LINE#         353
  C:30BFH         LINE#         354
  -------         ENDPROC       TK_INIT
  -------         PROC          TK_PARAM_INIT
  -------         DO            
  D:0003H         SYMBOL        i
  -------         ENDDO         
  C:29D3H         LINE#         403
  C:29D3H         LINE#         404
  C:29D3H         LINE#         405
  C:29D5H         LINE#         408
  C:29D5H         LINE#         409
  C:29D5H         LINE#         410
BL51 BANKED LINKER/LOCATER V6.22.4.0                                                  06/11/2025  15:14:21  PAGE 15


  C:29F3H         LINE#         411
  C:2A19H         LINE#         412
  C:2A2BH         LINE#         413
  C:2A53H         LINE#         414
  C:2A5CH         LINE#         417
  C:2A5FH         LINE#         420
  C:2A62H         LINE#         423
  -------         ENDPROC       TK_PARAM_INIT
  -------         ENDMOD        TK_SET

  -------         MODULE        MY_GPIO
  C:0000H         SYMBOL        _ICE_DUMMY_
  C:3914H         PUBLIC        p03_output_config
  C:397EH         PUBLIC        p06_input_config
  C:398BH         PUBLIC        p07_input_config
  C:3998H         PUBLIC        p10_input_config
  C:39A5H         PUBLIC        p13_input_config
  C:39B2H         PUBLIC        p14_input_config
  C:39BFH         PUBLIC        p21_input_config
  C:39CCH         PUBLIC        p22_input_config
  C:39D9H         PUBLIC        p23_input_config
  C:39E6H         PUBLIC        p25_input_config
  C:39F3H         PUBLIC        p27_input_config
  C:3A00H         PUBLIC        p30_input_config
  -------         PROC          P03_OUTPUT_CONFIG
  C:3914H         LINE#         67
  C:3914H         LINE#         68
  C:3914H         LINE#         69
  C:391AH         LINE#         70
  C:391EH         LINE#         72
  C:3923H         LINE#         73
  -------         ENDPROC       P03_OUTPUT_CONFIG
  -------         PROC          P06_INPUT_CONFIG
  C:397EH         LINE#         90
  C:397EH         LINE#         91
  C:397EH         LINE#         93
  C:3984H         LINE#         95
  C:398AH         LINE#         96
  -------         ENDPROC       P06_INPUT_CONFIG
  -------         PROC          P07_INPUT_CONFIG
  C:398BH         LINE#         99
  C:398BH         LINE#         100
  C:398BH         LINE#         102
  C:3991H         LINE#         104
  C:3997H         LINE#         105
  -------         ENDPROC       P07_INPUT_CONFIG
  -------         PROC          P10_INPUT_CONFIG
  C:3998H         LINE#         108
  C:3998H         LINE#         109
  C:3998H         LINE#         111
  C:399EH         LINE#         113
  C:39A4H         LINE#         114
  -------         ENDPROC       P10_INPUT_CONFIG
  -------         PROC          P13_INPUT_CONFIG
  C:39A5H         LINE#         117
  C:39A5H         LINE#         118
  C:39A5H         LINE#         120
BL51 BANKED LINKER/LOCATER V6.22.4.0                                                  06/11/2025  15:14:21  PAGE 16


  C:39ABH         LINE#         122
  C:39B1H         LINE#         123
  -------         ENDPROC       P13_INPUT_CONFIG
  -------         PROC          P14_INPUT_CONFIG
  C:39B2H         LINE#         126
  C:39B2H         LINE#         127
  C:39B2H         LINE#         129
  C:39B8H         LINE#         131
  C:39BEH         LINE#         132
  -------         ENDPROC       P14_INPUT_CONFIG
  -------         PROC          P21_INPUT_CONFIG
  C:39BFH         LINE#         144
  C:39BFH         LINE#         145
  C:39BFH         LINE#         147
  C:39C5H         LINE#         149
  C:39CBH         LINE#         150
  -------         ENDPROC       P21_INPUT_CONFIG
  -------         PROC          P22_INPUT_CONFIG
  C:39CCH         LINE#         153
  C:39CCH         LINE#         154
  C:39CCH         LINE#         156
  C:39D2H         LINE#         158
  C:39D8H         LINE#         159
  -------         ENDPROC       P22_INPUT_CONFIG
  -------         PROC          P23_INPUT_CONFIG
  C:39D9H         LINE#         162
  C:39D9H         LINE#         163
  C:39D9H         LINE#         165
  C:39DFH         LINE#         167
  C:39E5H         LINE#         168
  -------         ENDPROC       P23_INPUT_CONFIG
  -------         PROC          P25_INPUT_CONFIG
  C:39E6H         LINE#         171
  C:39E6H         LINE#         172
  C:39E6H         LINE#         174
  C:39ECH         LINE#         176
  C:39F2H         LINE#         177
  -------         ENDPROC       P25_INPUT_CONFIG
  -------         PROC          P27_INPUT_CONFIG
  C:39F3H         LINE#         180
  C:39F3H         LINE#         181
  C:39F3H         LINE#         183
  C:39F9H         LINE#         185
  C:39FFH         LINE#         186
  -------         ENDPROC       P27_INPUT_CONFIG
  -------         PROC          P30_INPUT_CONFIG
  C:3A00H         LINE#         189
  C:3A00H         LINE#         190
  C:3A00H         LINE#         192
  C:3A06H         LINE#         194
  C:3A0CH         LINE#         195
  -------         ENDPROC       P30_INPUT_CONFIG
  -------         ENDMOD        MY_GPIO

  -------         MODULE        TMR0
  C:0000H         SYMBOL        _ICE_DUMMY_
  D:00A8H         PUBLIC        IE0
BL51 BANKED LINKER/LOCATER V6.22.4.0                                                  06/11/2025  15:14:21  PAGE 17


  D:00A9H         PUBLIC        IE1
  D:00AAH         PUBLIC        IE2
  D:00ABH         PUBLIC        IE3
  B:00A8H.7       PUBLIC        IE_EA
  D:00B8H         PUBLIC        IP0
  D:00B1H         PUBLIC        IP1
  D:00B2H         PUBLIC        IP2
  D:00B3H         PUBLIC        IP3
  D:00B4H         PUBLIC        IP4
  D:00B5H         PUBLIC        IP5
  D:00B6H         PUBLIC        IP6
  D:00B7H         PUBLIC        IP7
  X:600CH         PUBLIC        tmr0_cnt
  C:3478H         PUBLIC        tmr0_config
  C:3A34H         PUBLIC        tmr0_enable
  C:3924H         PUBLIC        tmr0_disable
  C:30C0H         PUBLIC        TIMR0_IRQHandler
  C:3A6DH         SYMBOL        Com004E
  C:3A6DH         SYMBOL        L?0079
  C:3A6DH         SYMBOL        L?0080
  -------         PROC          COM004E
  -------         ENDPROC       COM004E
  -------         PROC          TMR0_CONFIG
  C:3478H         LINE#         13
  C:3478H         LINE#         14
  C:3478H         LINE#         15
  C:347EH         LINE#         16
  C:3481H         LINE#         17
  C:3483H         LINE#         20
  C:3487H         LINE#         21
  C:3489H         LINE#         23
  C:348FH         LINE#         24
  C:3493H         LINE#         25
  C:3497H         LINE#         26
  C:349BH         LINE#         28
  C:34A0H         LINE#         29
  C:34A4H         LINE#         31
  C:34A9H         LINE#         32
  C:34ADH         LINE#         34
  C:34ADH         LINE#         35
  C:34B3H         LINE#         36
  -------         ENDPROC       TMR0_CONFIG
  -------         PROC          TMR0_ENABLE
  C:3A34H         LINE#         41
  C:3A34H         LINE#         42
  C:3A34H         LINE#         44
  C:3A34H         LINE#         45
  C:3A3AH         LINE#         47
  C:3A3DH         LINE#         48
  C:3A3FH         LINE#         49
  -------         ENDPROC       TMR0_ENABLE
  -------         PROC          TMR0_DISABLE
  C:3924H         LINE#         54
  C:3924H         LINE#         55
  C:3924H         LINE#         57
  C:3924H         LINE#         58
  C:392AH         LINE#         61
BL51 BANKED LINKER/LOCATER V6.22.4.0                                                  06/11/2025  15:14:21  PAGE 18


  C:392EH         LINE#         62
  C:3930H         LINE#         64
  C:3933H         LINE#         65
  -------         ENDPROC       TMR0_DISABLE
  -------         PROC          TIMR0_IRQHANDLER
  C:30C0H         LINE#         68
  C:30D7H         LINE#         71
  C:30D7H         LINE#         77
  C:30DDH         LINE#         78
  C:30DDH         LINE#         79
  C:30E1H         LINE#         80
  C:30FAH         LINE#         82
  C:30FAH         LINE#         86
  C:30FAH         LINE#         87
  -------         ENDPROC       TIMR0_IRQHANDLER
  -------         ENDMOD        TMR0

  -------         MODULE        TMR1
  C:0000H         SYMBOL        _ICE_DUMMY_
  D:00A8H         PUBLIC        IE0
  D:00A9H         PUBLIC        IE1
  D:00AAH         PUBLIC        IE2
  D:00ABH         PUBLIC        IE3
  B:00A8H.7       PUBLIC        IE_EA
  D:00B8H         PUBLIC        IP0
  D:00B1H         PUBLIC        IP1
  D:00B2H         PUBLIC        IP2
  D:00B3H         PUBLIC        IP3
  D:00B4H         PUBLIC        IP4
  D:00B5H         PUBLIC        IP5
  D:00B6H         PUBLIC        IP6
  D:00B7H         PUBLIC        IP7
  D:00D1H         PUBLIC        TMR_ALLCON
  C:33FEH         PUBLIC        tmr1_config
  C:3934H         PUBLIC        tmr1_enable
  C:1DBBH         PUBLIC        heart_beat_handle
  X:6524H         PUBLIC        tmr1_cnt
  C:2FBEH         PUBLIC        TIMR1_IRQHandler
  C:315BH         SYMBOL        Com0051
  C:315BH         SYMBOL        L?0082
  C:316CH         SYMBOL        L?0083
  C:3173H         SYMBOL        L?0084
  C:3184H         SYMBOL        L?0085
  C:3187H         SYMBOL        L?0086
  C:318DH         SYMBOL        L?0087
  C:319AH         SYMBOL        L?0088
  C:319AH         SYMBOL        L?0089
  C:31A0H         SYMBOL        L?0090
  C:31A0H         SYMBOL        L?0091
  -------         PROC          COM0051
  -------         ENDPROC       COM0051
  -------         PROC          TMR1_CONFIG
  C:33FEH         LINE#         15
  C:33FEH         LINE#         16
  C:33FEH         LINE#         17
  C:3404H         LINE#         18
  C:3407H         LINE#         19
BL51 BANKED LINKER/LOCATER V6.22.4.0                                                  06/11/2025  15:14:21  PAGE 19


  C:3409H         LINE#         21
  C:340CH         LINE#         23
  C:3412H         LINE#         24
  C:3416H         LINE#         25
  C:341AH         LINE#         26
  C:341EH         LINE#         28
  C:3423H         LINE#         29
  C:3427H         LINE#         32
  C:342CH         LINE#         33
  C:3430H         LINE#         35
  C:3436H         LINE#         36
  C:343AH         LINE#         37
  -------         ENDPROC       TMR1_CONFIG
  -------         PROC          TMR1_ENABLE
  C:3934H         LINE#         42
  C:3934H         LINE#         43
  C:3934H         LINE#         45
  C:393AH         LINE#         46
  C:393EH         LINE#         48
  C:3941H         LINE#         49
  C:3943H         LINE#         50
  -------         ENDPROC       TMR1_ENABLE
  -------         PROC          HEART_BEAT_HANDLE
  -------         DO            
  X:6520H         SYMBOL        old_time_ms_cnt
  X:642EH         SYMBOL        cur_time_ms_cnt
  X:6432H         SYMBOL        diff_ms_cnt
  -------         ENDDO         
  C:1DBBH         LINE#         68
  C:1DBBH         LINE#         69
  C:1DBBH         LINE#         71
  C:1DC7H         LINE#         72
  C:1DD1H         LINE#         73
  C:1DDBH         LINE#         74
  C:1DF0H         LINE#         75
  C:1DFAH         LINE#         77
  C:1E07H         LINE#         78
  C:1E07H         LINE#         80
  C:1E10H         LINE#         81
  C:1E10H         LINE#         123
  C:1E1BH         LINE#         124
  C:1E1BH         LINE#         126
  C:1E2AH         LINE#         127
  C:1E2AH         LINE#         129
  C:1E35H         LINE#         130
  C:1E35H         LINE#         132
  C:1E44H         LINE#         133
  C:1E44H         LINE#         135
  C:1E4BH         LINE#         136
  C:1E4BH         LINE#         138
  C:1E54H         LINE#         139
  C:1E63H         LINE#         140
  C:1E63H         LINE#         142
  C:1E67H         LINE#         143
  C:1E6BH         LINE#         144
  C:1E6BH         LINE#         145
  C:1E6BH         LINE#         147
BL51 BANKED LINKER/LOCATER V6.22.4.0                                                  06/11/2025  15:14:21  PAGE 20


  C:1E72H         LINE#         148
  C:1E72H         LINE#         151
  C:1E7BH         LINE#         152
  C:1E8AH         LINE#         153
  C:1E8AH         LINE#         155
  C:1E8EH         LINE#         156
  C:1E92H         LINE#         157
  C:1E92H         LINE#         158
  C:1E92H         LINE#         160
  C:1E99H         LINE#         161
  C:1E99H         LINE#         164
  C:1EA2H         LINE#         165
  C:1EB1H         LINE#         166
  C:1EB1H         LINE#         168
  C:1EB5H         LINE#         169
  C:1EB9H         LINE#         170
  C:1EB9H         LINE#         171
  C:1EB9H         LINE#         173
  C:1EC6H         LINE#         174
  C:1EC6H         LINE#         175
  C:1ED0H         LINE#         176
  C:1ED0H         LINE#         178
  C:1EDEH         LINE#         179
  C:1EDEH         LINE#         180
  C:1EEAH         LINE#         181
  C:1EEAH         LINE#         182
  -------         ENDPROC       HEART_BEAT_HANDLE
  -------         PROC          TIMR1_IRQHANDLER
  C:2FBEH         LINE#         185
  C:2FD5H         LINE#         188
  C:2FD5H         LINE#         209
  C:2FDBH         LINE#         210
  C:2FDBH         LINE#         211
  C:2FDFH         LINE#         213
  C:2FEBH         LINE#         215
  C:2FEBH         LINE#         235
  C:2FF4H         LINE#         236
  C:2FF4H         LINE#         237
  C:2FF7H         LINE#         238
  C:2FF7H         LINE#         240
  C:3000H         LINE#         241
  C:3000H         LINE#         242
  C:3003H         LINE#         243
  C:3003H         LINE#         244
  C:3003H         LINE#         245
  C:3003H         LINE#         249
  C:3003H         LINE#         250
  -------         ENDPROC       TIMR1_IRQHANDLER
  -------         ENDMOD        TMR1

  -------         MODULE        TMR2
  C:0000H         SYMBOL        _ICE_DUMMY_
  D:00A8H         PUBLIC        IE0
  D:00A9H         PUBLIC        IE1
  D:00AAH         PUBLIC        IE2
  D:00ABH         PUBLIC        IE3
  B:00A8H.7       PUBLIC        IE_EA
BL51 BANKED LINKER/LOCATER V6.22.4.0                                                  06/11/2025  15:14:21  PAGE 21


  D:00B8H         PUBLIC        IP0
  D:00B1H         PUBLIC        IP1
  D:00B2H         PUBLIC        IP2
  D:00B3H         PUBLIC        IP3
  D:00B4H         PUBLIC        IP4
  D:00B5H         PUBLIC        IP5
  D:00B6H         PUBLIC        IP6
  D:00B7H         PUBLIC        IP7
  B:0080H.2       PUBLIC        P02
  B:0090H.5       PUBLIC        P15
  D:00D1H         PUBLIC        TMR_ALLCON
  C:32C3H         PUBLIC        tmr2_config
  C:38F2H         PUBLIC        tmr2_enable
  C:200FH         PUBLIC        TIMR2_IRQHandler
  C:37CCH         SYMBOL        Com004D
  C:37CCH         SYMBOL        L?0078
  C:37CCH         SYMBOL        L?0079
  C:37DDH         SYMBOL        L?0080
  -------         PROC          COM004D
  -------         ENDPROC       COM004D
  -------         PROC          TMR2_CONFIG
  C:32C3H         LINE#         14
  C:32C3H         LINE#         15
  C:32C3H         LINE#         16
  C:32C9H         LINE#         17
  C:32CCH         LINE#         18
  C:32CEH         LINE#         21
  C:32D1H         LINE#         23
  C:32D8H         LINE#         24
  C:32DAH         LINE#         25
  C:32DEH         LINE#         26
  C:32E2H         LINE#         29
  C:32E8H         LINE#         30
  C:32EEH         LINE#         32
  C:32F5H         LINE#         33
  C:32F9H         LINE#         34
  C:32FEH         LINE#         35
  C:3302H         LINE#         36
  -------         ENDPROC       TMR2_CONFIG
  -------         PROC          TMR2_ENABLE
  C:38F2H         LINE#         41
  C:38F2H         LINE#         42
  C:38F2H         LINE#         44
  C:38F9H         LINE#         45
  C:38FDH         LINE#         47
  C:3900H         LINE#         48
  C:3902H         LINE#         49
  -------         ENDPROC       TMR2_ENABLE
  -------         PROC          TIMR2_IRQHANDLER
  -------         DO            
  B:0023H.6       SYMBOL        last_engine_speed_scan_level
  B:0023H.7       SYMBOL        last_speed_scan_level
  -------         DO            
  X:6533H         SYMBOL        cnt
  X:6534H         SYMBOL        cnt
  -------         ENDDO         
  -------         DO            
BL51 BANKED LINKER/LOCATER V6.22.4.0                                                  06/11/2025  15:14:21  PAGE 22


  X:6534H         SYMBOL        cnt
  -------         ENDDO         
  -------         ENDDO         
  C:200FH         LINE#         70
  C:202CH         LINE#         77
  C:202CH         LINE#         82
  C:2036H         LINE#         83
  C:2036H         LINE#         84
  C:203AH         LINE#         86
  C:203AH         LINE#         88
  C:2040H         LINE#         89
  C:2046H         LINE#         90
  C:2046H         LINE#         91
  C:2048H         LINE#         92
  C:2054H         LINE#         94
  C:205FH         LINE#         96
  C:205FH         LINE#         97
  C:2069H         LINE#         98
  C:206BH         LINE#         99
  C:206BH         LINE#         100
  C:206BH         LINE#         101
  C:206BH         LINE#         103
  C:206EH         LINE#         104
  C:206EH         LINE#         105
  C:2071H         LINE#         106
  C:2071H         LINE#         112
  C:207DH         LINE#         113
  C:2080H         LINE#         114
  C:2080H         LINE#         116
  C:2082H         LINE#         117
  C:2084H         LINE#         119
  C:2084H         LINE#         121
  C:2086H         LINE#         122
  C:2086H         LINE#         124
  C:2086H         LINE#         126
  C:2090H         LINE#         127
  C:209FH         LINE#         128
  C:209FH         LINE#         129
  C:20A3H         LINE#         130
  C:20AFH         LINE#         133
  C:20BAH         LINE#         135
  C:20BAH         LINE#         136
  C:20C4H         LINE#         137
  C:20C6H         LINE#         138
  C:20C6H         LINE#         139
  C:20C6H         LINE#         140
  C:20C6H         LINE#         142
  C:20C9H         LINE#         143
  C:20C9H         LINE#         144
  C:20CCH         LINE#         145
  C:20CCH         LINE#         154
  C:20D8H         LINE#         155
  C:20DBH         LINE#         156
  C:20DBH         LINE#         158
  C:20DDH         LINE#         159
  C:20DFH         LINE#         161
  C:20DFH         LINE#         163
BL51 BANKED LINKER/LOCATER V6.22.4.0                                                  06/11/2025  15:14:21  PAGE 23


  C:20E1H         LINE#         164
  C:20E1H         LINE#         165
  C:20E1H         LINE#         169
  C:20E1H         LINE#         170
  -------         ENDPROC       TIMR2_IRQHANDLER
  -------         ENDMOD        TMR2

  -------         MODULE        UART0
  C:0000H         SYMBOL        _ICE_DUMMY_
  D:00A8H         PUBLIC        IE0
  D:00A9H         PUBLIC        IE1
  D:00AAH         PUBLIC        IE2
  D:00ABH         PUBLIC        IE3
  B:00A8H.7       PUBLIC        IE_EA
  D:00B8H         PUBLIC        IP0
  D:00B1H         PUBLIC        IP1
  D:00B2H         PUBLIC        IP2
  D:00B3H         PUBLIC        IP3
  D:00B4H         PUBLIC        IP4
  D:00B5H         PUBLIC        IP5
  D:00B6H         PUBLIC        IP6
  D:00B7H         PUBLIC        IP7
  D:00D2H         PUBLIC        UART0_CON0
  D:00D4H         PUBLIC        UART0_STA
  D:00D5H         PUBLIC        UART0_BAUD0
  D:00D6H         PUBLIC        UART0_BAUD1
  D:00D7H         PUBLIC        UART0_DATA
  C:3954H         PUBLIC        _putchar
  X:63F1H         PUBLIC        uart0_recv_buf
  X:641EH         PUBLIC        uart0_recv_len
  X:6421H         PUBLIC        recved_flagbuf
  X:6424H         PUBLIC        recv_frame_cnt
  X:6425H         PUBLIC        flagbuf_valid_instruction
  C:3682H         PUBLIC        uart0_config
  C:3A0DH         PUBLIC        _uart0_sendbyte
  C:0027H         PUBLIC        _uart0_send_buff
  C:1EEBH         PUBLIC        uart0_scan_handle
  B:0024H.2       SYMBOL        flag_is_recving_data
  X:6428H         SYMBOL        frame_len
  X:6429H         SYMBOL        cur_recv_len
  X:642AH         SYMBOL        blank_index
  C:1C83H         PUBLIC        UART0_IRQHandler
  C:3018H         SYMBOL        Com005E
  C:3018H         SYMBOL        L?0095
  C:3021H         SYMBOL        L?0096
  C:3029H         SYMBOL        L?0097
  C:3030H         SYMBOL        L?0098
  C:3038H         SYMBOL        L?0099
  C:304AH         SYMBOL        L?0100
  C:304DH         SYMBOL        L?0101
  C:3055H         SYMBOL        L?0102
  C:3061H         SYMBOL        L?0103
  C:306BH         SYMBOL        L?0104
  -------         PROC          COM005E
  -------         ENDPROC       COM005E
  -------         PROC          _PUTCHAR
  X:645AH         SYMBOL        c
BL51 BANKED LINKER/LOCATER V6.22.4.0                                                  06/11/2025  15:14:21  PAGE 24


  C:3954H         LINE#         29
  C:3959H         LINE#         30
  C:3959H         LINE#         31
  C:395CH         LINE#         32
  C:3961H         LINE#         33
  -------         ENDPROC       _PUTCHAR
  -------         PROC          UART0_CONFIG
  C:3682H         LINE#         38
  C:3682H         LINE#         39
  C:3682H         LINE#         41
  C:3688H         LINE#         42
  C:368CH         LINE#         43
  C:3690H         LINE#         44
  C:3697H         LINE#         45
  C:369EH         LINE#         63
  C:36A1H         LINE#         64
  C:36A3H         LINE#         66
  C:36A6H         LINE#         67
  C:36A9H         LINE#         68
  C:36ACH         LINE#         73
  -------         ENDPROC       UART0_CONFIG
  -------         PROC          UART0_IRQHANDLER
  -------         DO            
  X:6461H         SYMBOL        uart0_tmp_val
  -------         ENDDO         
  C:1C83H         LINE#         76
  C:1CA0H         LINE#         78
  C:1CA5H         LINE#         81
  C:1CA5H         LINE#         86
  C:1CADH         LINE#         87
  C:1CADH         LINE#         89
  C:1CB0H         LINE#         91
  C:1CC0H         LINE#         93
  C:1CC0H         LINE#         97
  C:1CC0H         LINE#         98
  C:1CC0H         LINE#         99
  C:1CC3H         LINE#         101
  C:1CC3H         LINE#         104
  C:1CCAH         LINE#         105
  C:1CCAH         LINE#         108
  C:1CCCH         LINE#         109
  C:1CCCH         LINE#         110
  C:1CCFH         LINE#         111
  C:1CD2H         LINE#         112
  C:1CDCH         LINE#         113
  C:1CDFH         LINE#         114
  C:1CDFH         LINE#         116
  C:1CE6H         LINE#         117
  C:1CE6H         LINE#         119
  C:1CEEH         LINE#         122
  C:1CEEH         LINE#         125
  C:1CF7H         LINE#         126
  C:1CF7H         LINE#         128
  C:1D26H         LINE#         130
  C:1D30H         LINE#         133
  C:1D3DH         LINE#         135
  C:1D3DH         LINE#         137
BL51 BANKED LINKER/LOCATER V6.22.4.0                                                  06/11/2025  15:14:21  PAGE 25


  C:1D50H         LINE#         139
  C:1D52H         LINE#         140
  C:1D52H         LINE#         141
  C:1D55H         LINE#         143
  C:1D5BH         LINE#         144
  C:1D61H         LINE#         146
  C:1D7AH         LINE#         147
  C:1D89H         LINE#         148
  C:1D89H         LINE#         149
  C:1D93H         LINE#         150
  C:1D93H         LINE#         175
  C:1D93H         LINE#         176
  C:1D96H         LINE#         177
  C:1DA0H         LINE#         178
  C:1DA0H         LINE#         180
  C:1DA0H         LINE#         181
  C:1DA0H         LINE#         183
  C:1DA0H         LINE#         188
  C:1DA0H         LINE#         192
  C:1DA0H         LINE#         193
  -------         ENDPROC       UART0_IRQHANDLER
  -------         PROC          _UART0_SENDBYTE
  D:0007H         SYMBOL        senddata
  C:3A0DH         LINE#         196
  C:3A0DH         LINE#         197
  C:3A0DH         LINE#         198
  C:3A12H         LINE#         200
  C:3A14H         LINE#         201
  C:3A19H         LINE#         203
  -------         ENDPROC       _UART0_SENDBYTE
  -------         PROC          _UART0_SEND_BUFF
  X:6536H         SYMBOL        buf
  D:0005H         SYMBOL        len
  -------         DO            
  D:0006H         SYMBOL        i
  -------         ENDDO         
  C:0027H         LINE#         207
  C:002DH         LINE#         208
  C:002DH         LINE#         209
  C:002FH         LINE#         210
  C:0034H         LINE#         211
  C:0034H         LINE#         212
  C:0046H         LINE#         213
  C:0049H         LINE#         214
  -------         ENDPROC       _UART0_SEND_BUFF
  -------         PROC          UART0_SCAN_HANDLE
  -------         DO            
  X:642EH         SYMBOL        i
  X:642FH         SYMBOL        checksum
  B:0022H.5       SYMBOL        __flag_is_crc_or_len_err
  -------         DO            
  X:6430H         SYMBOL        __loop_crc_cnt
  -------         ENDDO         
  -------         ENDDO         
  C:1EEBH         LINE#         219
  C:1EEBH         LINE#         220
  C:1EEBH         LINE#         221
BL51 BANKED LINKER/LOCATER V6.22.4.0                                                  06/11/2025  15:14:21  PAGE 26


  C:1EF0H         LINE#         222
  C:1EF2H         LINE#         223
  C:1EF4H         LINE#         227
  C:1F05H         LINE#         228
  C:1F05H         LINE#         232
  C:1F08H         LINE#         233
  C:1F12H         LINE#         236
  C:1F17H         LINE#         237
  C:1F1BH         LINE#         238
  C:1F1EH         LINE#         266
  C:1F1EH         LINE#         270
  C:1F30H         LINE#         271
  C:1F30H         LINE#         272
  C:1F3CH         LINE#         273
  C:1F3CH         LINE#         277
  C:1F59H         LINE#         278
  C:1F59H         LINE#         285
  C:1F62H         LINE#         286
  C:1F62H         LINE#         287
  C:1F73H         LINE#         290
  C:1F73H         LINE#         292
  C:1F73H         LINE#         293
  C:1F78H         LINE#         294
  C:1F7CH         LINE#         295
  C:1F8DH         LINE#         296
  C:1F8DH         LINE#         297
  C:1FA9H         LINE#         298
  C:1FAFH         LINE#         301
  C:1FB4H         LINE#         302
  C:1FD3H         LINE#         303
  C:1FD3H         LINE#         305
  C:1FD5H         LINE#         306
  C:1FD5H         LINE#         307
  C:1FD5H         LINE#         309
  C:1FD8H         LINE#         310
  C:1FD8H         LINE#         331
  C:1FDAH         LINE#         332
  C:1FE4H         LINE#         333
  C:1FE4H         LINE#         334
  C:1FF5H         LINE#         335
  C:1FF5H         LINE#         338
  C:2005H         LINE#         339
  C:2005H         LINE#         340
  C:200EH         LINE#         341
  -------         ENDPROC       UART0_SCAN_HANDLE
  -------         ENDMOD        UART0

  -------         MODULE        ADC
  C:0000H         SYMBOL        _ICE_DUMMY_
  D:0091H         PUBLIC        ADC_CFG2
  D:0093H         PUBLIC        ADC_DATAH0
  D:0094H         PUBLIC        ADC_DATAL0
  D:0099H         PUBLIC        ADC_CHS0
  X:6539H         PUBLIC        adc_val
  C:3749H         PUBLIC        adc_config
  C:3527H         PUBLIC        _adc_sel_pin
  C:3703H         PUBLIC        adc_single_convert
BL51 BANKED LINKER/LOCATER V6.22.4.0                                                  06/11/2025  15:14:21  PAGE 27


  C:22B0H         PUBLIC        adc_getval
  C:3861H         SYMBOL        Com0012
  C:3861H         SYMBOL        L?0019
  C:3861H         SYMBOL        L?0020
  C:386DH         SYMBOL        L?0021
  C:3876H         SYMBOL        L?0022
  -------         PROC          COM0012
  -------         ENDPROC       COM0012
  -------         PROC          ADC_CONFIG
  C:3749H         LINE#         7
  C:3749H         LINE#         8
  C:3749H         LINE#         10
  C:374FH         LINE#         12
  C:3753H         LINE#         14
  C:3758H         LINE#         18
  C:375EH         LINE#         19
  C:3761H         LINE#         26
  C:3761H         LINE#         27
  C:3764H         LINE#         28
  C:376AH         LINE#         31
  -------         ENDPROC       ADC_CONFIG
  -------         PROC          _ADC_SEL_PIN
  D:0007H         SYMBOL        adc_pin
  C:3527H         LINE#         35
  C:3527H         LINE#         36
  C:3527H         LINE#         37
  C:3533H         LINE#         38
  C:3533H         LINE#         39
  C:3533H         LINE#         40
  C:353AH         LINE#         41
  C:353EH         LINE#         42
  C:3541H         LINE#         43
  C:3543H         LINE#         46
  C:3543H         LINE#         47
  C:3543H         LINE#         48
  C:3546H         LINE#         49
  C:3549H         LINE#         51
  C:354BH         LINE#         53
  C:354BH         LINE#         54
  C:354BH         LINE#         55
  C:354EH         LINE#         56
  C:3551H         LINE#         57
  C:3551H         LINE#         59
  C:3551H         LINE#         63
  C:3551H         LINE#         64
  C:3551H         LINE#         66
  C:3557H         LINE#         69
  -------         ENDPROC       _ADC_SEL_PIN
  -------         PROC          ADC_SINGLE_CONVERT
  C:3703H         LINE#         73
  C:3703H         LINE#         74
  C:3703H         LINE#         75
  C:3709H         LINE#         76
  C:370FH         LINE#         78
  C:3712H         LINE#         79
  C:3725H         LINE#         80
  -------         ENDPROC       ADC_SINGLE_CONVERT
BL51 BANKED LINKER/LOCATER V6.22.4.0                                                  06/11/2025  15:14:21  PAGE 28


  -------         PROC          ADC_GETVAL
  -------         DO            
  X:6430H         SYMBOL        adc_val_tmp
  X:6432H         SYMBOL        adc_val_sum
  X:6436H         SYMBOL        get_adcmax
  X:6438H         SYMBOL        get_adcmin
  X:643AH         SYMBOL        i
  -------         ENDDO         
  C:22B0H         LINE#         83
  C:22B0H         LINE#         84
  C:22B0H         LINE#         85
  C:22B7H         LINE#         86
  C:22BFH         LINE#         87
  C:22C6H         LINE#         88
  C:22CCH         LINE#         89
  C:22CFH         LINE#         91
  C:22D0H         LINE#         92
  C:22D0H         LINE#         93
  C:22DBH         LINE#         94
  C:22E4H         LINE#         95
  C:22E4H         LINE#         96
  C:22FAH         LINE#         97
  C:2302H         LINE#         98
  C:2311H         LINE#         99
  C:2320H         LINE#         100
  C:2338H         LINE#         101
  C:2344H         LINE#         103
  C:235CH         LINE#         104
  C:2373H         LINE#         105
  C:2383H         LINE#         107
  C:2383H         LINE#         108
  -------         ENDPROC       ADC_GETVAL
  -------         ENDMOD        ADC

  -------         MODULE        FLASH
  C:0000H         SYMBOL        _ICE_DUMMY_
  D:00A4H         PUBLIC        FLASH_CON
  D:00A5H         PUBLIC        FLASH_STA
  D:00A6H         PUBLIC        FLASH_DATA
  D:00AEH         PUBLIC        FLASH_PASSWORD
  D:00AFH         PUBLIC        FLASH_ADDR
  C:3903H         PUBLIC        _flash_erase_sector
  C:355EH         PUBLIC        _flash_write
  C:3595H         PUBLIC        _flash_read
  -------         PROC          _FLASH_ERASE_SECTOR
  D:0007H         SYMBOL        addr
  C:3903H         LINE#         11
  C:3903H         LINE#         12
  C:3903H         LINE#         13
  C:3906H         LINE#         14
  C:3908H         LINE#         15
  C:390BH         LINE#         16
  C:390EH         LINE#         18
  C:3913H         LINE#         20
  -------         ENDPROC       _FLASH_ERASE_SECTOR
  -------         PROC          _FLASH_WRITE
  D:0007H         SYMBOL        addr
BL51 BANKED LINKER/LOCATER V6.22.4.0                                                  06/11/2025  15:14:21  PAGE 29


  X:6433H         SYMBOL        p_data
  X:6436H         SYMBOL        len
  C:355EH         LINE#         29
  C:3564H         LINE#         30
  C:3564H         LINE#         31
  C:3567H         LINE#         32
  C:3569H         LINE#         34
  C:3572H         LINE#         35
  C:3572H         LINE#         36
  C:3577H         LINE#         38
  C:3586H         LINE#         39
  C:3589H         LINE#         40
  C:358CH         LINE#         42
  C:3592H         LINE#         43
  C:3594H         LINE#         44
  -------         ENDPROC       _FLASH_WRITE
  -------         PROC          _FLASH_READ
  D:0007H         SYMBOL        addr
  X:642FH         SYMBOL        p_data
  X:6432H         SYMBOL        len
  C:3595H         LINE#         53
  C:359BH         LINE#         54
  C:359BH         LINE#         55
  C:35A1H         LINE#         56
  C:35A1H         LINE#         57
  C:35C0H         LINE#         58
  C:35C6H         LINE#         59
  C:35C8H         LINE#         60
  -------         ENDPROC       _FLASH_READ
  -------         ENDMOD        FLASH

  -------         MODULE        AIP1302
  C:0000H         SYMBOL        _ICE_DUMMY_
  B:0090H.6       PUBLIC        P16
  B:0090H.7       PUBLIC        P17
  B:00A0H.4       PUBLIC        P24
  C:2A65H         PUBLIC        ___aip1302_read_byte
  C:000FH         PUBLIC        aip1302_is_running
  C:2F60H         PUBLIC        aip1302_config
  C:38C6H         PUBLIC        _aip1302_read_byte
  C:274EH         PUBLIC        _aip1302_write_byte
  C:3342H         PUBLIC        aip1302_update_time
  C:3238H         PUBLIC        aip1302_read_all
  C:3303H         PUBLIC        aip1302_update_all_data
  C:387CH         SYMBOL        _reverse_u8
  C:2E90H         SYMBOL        ___aip1302_convert_read_byte
  C:2AF7H         SYMBOL        ___aip1302_write_byte
  C:35FBH         SYMBOL        Com0043
  C:35FBH         SYMBOL        L?0068
  C:35FDH         SYMBOL        L?0069
  C:360DH         SYMBOL        L?0073
  C:3618H         SYMBOL        L?0074
  C:3622H         SYMBOL        L?0075
  -------         PROC          COM0043
  -------         ENDPROC       COM0043
  -------         PROC          AIP1302_CONFIG
  -------         DO            
BL51 BANKED LINKER/LOCATER V6.22.4.0                                                  06/11/2025  15:14:21  PAGE 30


  D:0007H         SYMBOL        ret
  -------         ENDDO         
  C:2F60H         LINE#         6
  C:2F60H         LINE#         7
  C:2F60H         LINE#         8
  C:2F62H         LINE#         12
  C:2F68H         LINE#         13
  C:2F6CH         LINE#         14
  C:2F71H         LINE#         16
  C:2F75H         LINE#         17
  C:2F79H         LINE#         18
  C:2F7EH         LINE#         20
  C:2F7EH         LINE#         21
  C:2F7EH         LINE#         22
  C:2F81H         LINE#         24
  C:2F83H         LINE#         25
  C:2F85H         LINE#         30
  C:2F88H         LINE#         31
  C:2F8BH         LINE#         32
  C:2F8BH         LINE#         35
  C:2F8BH         LINE#         37
  C:2F8BH         LINE#         41
  C:2F91H         LINE#         42
  C:2F98H         LINE#         43
  C:2F9FH         LINE#         44
  C:2FA6H         LINE#         45
  C:2FADH         LINE#         46
  C:2FB4H         LINE#         47
  C:2FBBH         LINE#         48
  C:2FBBH         LINE#         51
  -------         ENDPROC       AIP1302_CONFIG
  -------         PROC          _REVERSE_U8
  D:0007H         SYMBOL        arg
  -------         DO            
  D:0006H         SYMBOL        tmp
  D:0005H         SYMBOL        i
  -------         ENDDO         
  C:387CH         LINE#         55
  C:387CH         LINE#         56
  C:387CH         LINE#         58
  C:387EH         LINE#         61
  C:387EH         LINE#         62
  C:387EH         LINE#         63
  C:3882H         LINE#         64
  C:3886H         LINE#         65
  C:3886H         LINE#         66
  C:388AH         LINE#         67
  C:388AH         LINE#         69
  C:388AH         LINE#         70
  C:388AH         LINE#         71
  C:388EH         LINE#         72
  C:3893H         LINE#         74
  C:3895H         LINE#         75
  -------         ENDPROC       _REVERSE_U8
  -------         PROC          ___AIP1302_CONVERT_READ_BYTE
  D:0004H         SYMBOL        cmd
  D:0005H         SYMBOL        byte
BL51 BANKED LINKER/LOCATER V6.22.4.0                                                  06/11/2025  15:14:21  PAGE 31


  -------         DO            
  D:0007H         SYMBOL        tmp
  X:6433H         SYMBOL        i
  -------         DO            
  X:6434H         SYMBOL        tens_place
  X:6435H         SYMBOL        one_place
  -------         ENDDO         
  -------         ENDDO         
  C:2E90H         LINE#         78
  C:2E92H         LINE#         79
  C:2E92H         LINE#         80
  C:2E93H         LINE#         81
  C:2E97H         LINE#         84
  C:2E9CH         LINE#         93
  C:2EBAH         LINE#         94
  C:2EBAH         LINE#         95
  C:2EBFH         LINE#         96
  C:2EC1H         LINE#         99
  C:2ECAH         LINE#         100
  C:2ECAH         LINE#         103
  C:2ECEH         LINE#         104
  C:2ED0H         LINE#         105
  C:2ED9H         LINE#         106
  C:2ED9H         LINE#         108
  C:2EDDH         LINE#         109
  C:2EDFH         LINE#         110
  C:2EE3H         LINE#         111
  C:2EE3H         LINE#         113
  C:2EE7H         LINE#         114
  C:2EE7H         LINE#         116
  C:2EF0H         LINE#         117
  C:2EF6H         LINE#         118
  C:2EFDH         LINE#         119
  C:2EFDH         LINE#         121
  C:2EFDH         LINE#         122
  -------         ENDPROC       ___AIP1302_CONVERT_READ_BYTE
  C:2AD9H         SYMBOL        L?0070
  C:2AE3H         SYMBOL        L?0071
  -------         PROC          ___AIP1302_READ_BYTE
  X:6433H         SYMBOL        cmd
  -------         DO            
  X:6434H         SYMBOL        recv_data
  X:6435H         SYMBOL        i
  -------         ENDDO         
  C:2A65H         LINE#         125
  C:2A6AH         LINE#         126
  C:2A6AH         LINE#         127
  C:2A6DH         LINE#         128
  C:2A6DH         LINE#         131
  C:2A6DH         LINE#         132
  C:2A6DH         LINE#         133
  C:2A70H         LINE#         135
  C:2A70H         LINE#         136
  C:2A70H         LINE#         137
  C:2A70H         LINE#         138
  C:2A76H         LINE#         140
  C:2A7BH         LINE#         141
BL51 BANKED LINKER/LOCATER V6.22.4.0                                                  06/11/2025  15:14:21  PAGE 32


  C:2A7BH         LINE#         142
  C:2A7BH         LINE#         143
  C:2A7EH         LINE#         144
  C:2A91H         LINE#         145
  C:2A91H         LINE#         146
  C:2A93H         LINE#         147
  C:2A95H         LINE#         149
  C:2A95H         LINE#         150
  C:2A97H         LINE#         151
  C:2A97H         LINE#         152
  C:2A9EH         LINE#         154
  C:2A9EH         LINE#         155
  C:2A9EH         LINE#         156
  C:2AA3H         LINE#         159
  C:2AA9H         LINE#         160
  C:2AAFH         LINE#         162
  C:2AB4H         LINE#         163
  C:2AB4H         LINE#         164
  C:2ABBH         LINE#         165
  C:2ABBH         LINE#         166
  C:2ABEH         LINE#         167
  C:2AC1H         LINE#         168
  C:2AC1H         LINE#         169
  C:2AC8H         LINE#         170
  C:2AC8H         LINE#         172
  C:2AC8H         LINE#         173
  C:2AC8H         LINE#         174
  C:2AC8H         LINE#         175
  C:2AC8H         LINE#         176
  C:2ACDH         LINE#         178
  C:2ACFH         LINE#         179
  C:2AD1H         LINE#         180
  C:2AD3H         LINE#         182
  C:2AD8H         LINE#         183
  -------         ENDPROC       ___AIP1302_READ_BYTE
  -------         PROC          _AIP1302_READ_BYTE
  X:6432H         SYMBOL        cmd
  -------         DO            
  D:0006H         SYMBOL        recv_data
[...]


  C:0C44H         LINE#         286
  C:0C50H         LINE#         288
  C:0C63H         LINE#         289
  C:0C73H         LINE#         291
  C:0C7EH         LINE#         292
  C:0CA7H         LINE#         293
  C:0CD8H         LINE#         294
  C:0D18H         LINE#         295
  C:0D48H         LINE#         296
  C:0D6EH         LINE#         297
  C:0D8AH         LINE#         299
  C:0DA5H         LINE#         300
  C:0DBCH         LINE#         301
  C:0DC9H         LINE#         302
  C:0DC9H         LINE#         304
  C:0DE1H         LINE#         305
  C:0DF2H         LINE#         306
  C:0DF5H         LINE#         307
  C:0DFDH         LINE#         308
  C:0E11H         LINE#         309
  C:0E24H         LINE#         310
  C:0E29H         LINE#         311
  C:0E2CH         LINE#         312
  C:0E2FH         LINE#         313
  C:0E32H         LINE#         314
  C:0E32H         LINE#         315
  C:0E33H         LINE#         321
  C:0E36H         LINE#         322
  C:0E63H         LINE#         323
  C:0E82H         LINE#         324
  C:0E82H         LINE#         325
  C:0E82H         LINE#         326
  -------         ENDPROC       ___TK_MODE_CARRY_FUNC
  -------         PROC          __TK_DATA_PROCESS
  C:08F2H         LINE#         333
  C:08F2H         LINE#         334
  C:08F2H         LINE#         335
  C:0904H         LINE#         338
  C:091DH         LINE#         339
  C:0920H         LINE#         341
  C:0936H         LINE#         342
  C:0939H         LINE#         347
  C:096BH         LINE#         348
  C:0978H         LINE#         349
  C:097BH         LINE#         350
  C:097EH         LINE#         351
  C:097EH         LINE#         352
  C:0980H         LINE#         353
  C:0983H         LINE#         354
  C:0983H         LINE#         356
  C:0988H         LINE#         357
  C:0999H         LINE#         358
  C:09AAH         LINE#         359
  C:09ADH         LINE#         363
  C:09C3H         LINE#         364
  C:09C6H         LINE#         365
  C:09D6H         LINE#         366
BL51 BANKED LINKER/LOCATER V6.22.4.0                                                  06/11/2025  15:14:21  PAGE 59


  C:09F6H         LINE#         369
  C:0A0DH         LINE#         370
  C:0A10H         LINE#         371
  C:0A20H         LINE#         372
  C:0A40H         LINE#         377
  C:0A40H         LINE#         378
  C:0A5EH         LINE#         380
  C:0A98H         LINE#         381
  C:0A98H         LINE#         382
  C:0A98H         LINE#         383
  C:0ACFH         LINE#         384
  C:0ADDH         LINE#         385
  C:0AF5H         LINE#         386
  C:0B02H         LINE#         387
  C:0B26H         LINE#         388
  C:0B4AH         LINE#         389
  C:0B4AH         LINE#         390
  C:0B4CH         LINE#         391
  C:0B59H         LINE#         392
  C:0B59H         LINE#         397
  C:0B7BH         LINE#         398
  C:0B7EH         LINE#         399
  C:0B8EH         LINE#         401
  C:0BA6H         LINE#         402
  C:0BA9H         LINE#         404
  C:0BC0H         LINE#         405
  C:0BC3H         LINE#         409
  C:0BE4H         LINE#         410
  C:0BE7H         LINE#         411
  C:0BF7H         LINE#         413
  C:0C0FH         LINE#         414
  C:0C12H         LINE#         416
  C:0C28H         LINE#         417
  C:0C2BH         LINE#         422
  C:0C30H         LINE#         423
  -------         ENDPROC       __TK_DATA_PROCESS
  -------         PROC          __TK_BUTTON_DECIDE
  C:14F8H         LINE#         430
  C:14F8H         LINE#         431
  C:14F8H         LINE#         432
  C:150AH         LINE#         433
  C:1528H         LINE#         434
  C:155AH         LINE#         435
  C:1567H         LINE#         436
  C:156CH         LINE#         437
  C:15E1H         LINE#         438
  C:15E1H         LINE#         439
  C:15EEH         LINE#         440
  C:15FCH         LINE#         442
  C:1610H         LINE#         443
  C:161DH         LINE#         444
  C:164AH         LINE#         445
  C:166EH         LINE#         446
  C:169CH         LINE#         447
  C:169CH         LINE#         448
  C:169EH         LINE#         449
  C:16ABH         LINE#         450
BL51 BANKED LINKER/LOCATER V6.22.4.0                                                  06/11/2025  15:14:21  PAGE 60


  C:16ABH         LINE#         451
  C:16B0H         LINE#         452
  -------         ENDPROC       __TK_BUTTON_DECIDE
  -------         PROC          __TK_BASELINE_UPDATE
  C:2D1FH         LINE#         459
  C:2D1FH         LINE#         460
  C:2D1FH         LINE#         461
  C:2D2EH         LINE#         462
  C:2D3FH         LINE#         463
  C:2D50H         LINE#         464
  C:2D74H         LINE#         465
  C:2D98H         LINE#         466
  C:2D9CH         LINE#         467
  -------         ENDPROC       __TK_BASELINE_UPDATE
  -------         PROC          __TK_BASELINE_INIT
  -------         DO            
  X:6018H         SYMBOL        init_flag
  -------         ENDDO         
  C:2940H         LINE#         474
  C:2940H         LINE#         475
  C:2940H         LINE#         478
  C:294FH         LINE#         479
  C:295FH         LINE#         480
  C:2968H         LINE#         481
  C:298DH         LINE#         482
  C:298DH         LINE#         483
  C:29B2H         LINE#         484
  C:29B2H         LINE#         485
  C:29B6H         LINE#         487
  C:29C3H         LINE#         488
  C:29C6H         LINE#         489
  C:29C8H         LINE#         490
  C:29CEH         LINE#         491
  C:29CEH         LINE#         493
  -------         ENDPROC       __TK_BASELINE_INIT
  -------         PROC          __TK_LONG_KEY_CLEAR
  -------         DO            
  X:6019H         SYMBOL        __tk_long_cnt
  -------         ENDDO         
  C:2D9DH         LINE#         501
  C:2D9DH         LINE#         502
  C:2D9DH         LINE#         505
  C:2DB0H         LINE#         506
  C:2DBEH         LINE#         507
  C:2DD8H         LINE#         508
  C:2DDCH         LINE#         509
  C:2DE4H         LINE#         510
  C:2DECH         LINE#         511
  C:2DF4H         LINE#         512
  C:2DF6H         LINE#         513
  C:2DF9H         LINE#         514
  C:2E10H         LINE#         515
  C:2E12H         LINE#         516
  C:2E12H         LINE#         517
  C:2E13H         LINE#         518
  C:2E1AH         LINE#         519
  C:2E1AH         LINE#         520
BL51 BANKED LINKER/LOCATER V6.22.4.0                                                  06/11/2025  15:14:21  PAGE 61


  -------         ENDPROC       __TK_LONG_KEY_CLEAR
  -------         PROC          ___TK_LIB_I_ADJUST
  X:645CH         SYMBOL        i_ch
  X:645DH         SYMBOL        adjust_line
  -------         DO            
  X:601BH         SYMBOL        sta_finish
  X:601CH         SYMBOL        n_sta
  X:601DH         SYMBOL        p_sta
  X:601EH         SYMBOL        min_iset
  X:601FH         SYMBOL        min_diff
  D:0045H         SYMBOL        diff
  D:0049H         SYMBOL        temp
  -------         ENDDO         
  C:16B1H         LINE#         528
  C:16B6H         LINE#         529
  C:16B6H         LINE#         537
  C:16C9H         LINE#         538
  C:16CEH         LINE#         539
  C:16D2H         LINE#         540
  C:16DBH         LINE#         541
  C:16DEH         LINE#         542
  C:16E1H         LINE#         545
  C:171EH         LINE#         546
  C:1749H         LINE#         547
  C:175FH         LINE#         548
  C:175FH         LINE#         550
  C:1776H         LINE#         551
  C:178CH         LINE#         552
  C:178FH         LINE#         553
  C:1791H         LINE#         555
  C:17A4H         LINE#         557
  C:17C0H         LINE#         558
  C:17D3H         LINE#         559
  C:17D6H         LINE#         560
  C:17D6H         LINE#         561
  C:17D8H         LINE#         563
  C:17F4H         LINE#         564
  C:1807H         LINE#         565
  C:180DH         LINE#         566
  C:180DH         LINE#         567
  C:180DH         LINE#         568
  C:180DH         LINE#         569
  C:181BH         LINE#         570
  C:181FH         LINE#         571
  C:1821H         LINE#         572
  C:1826H         LINE#         573
  C:1826H         LINE#         575
  C:182EH         LINE#         576
  C:1847H         LINE#         577
  C:184FH         LINE#         578
  C:1855H         LINE#         579
  C:185AH         LINE#         580
  C:185CH         LINE#         581
  C:1860H         LINE#         582
  C:1863H         LINE#         583
  C:1863H         LINE#         585
  C:1865H         LINE#         586
BL51 BANKED LINKER/LOCATER V6.22.4.0                                                  06/11/2025  15:14:21  PAGE 62


  -------         ENDPROC       ___TK_LIB_I_ADJUST
  -------         PROC          __TK_I_SOURCE_ADJUST
  -------         DO            
  X:645BH         SYMBOL        result
  -------         ENDDO         
  C:2EFEH         LINE#         593
  C:2EFEH         LINE#         594
  C:2EFEH         LINE#         595
  C:2F03H         LINE#         597
  C:2F1CH         LINE#         598
  C:2F1EH         LINE#         600
  C:2F23H         LINE#         601
  C:2F26H         LINE#         602
  C:2F2CH         LINE#         603
  C:2F2CH         LINE#         605
  C:2F38H         LINE#         606
  C:2F3BH         LINE#         607
  C:2F3EH         LINE#         608
  C:2F3EH         LINE#         609
  C:2F3EH         LINE#         611
  C:2F55H         LINE#         612
  C:2F57H         LINE#         613
  C:2F5AH         LINE#         614
  C:2F5AH         LINE#         615
  C:2F5FH         LINE#         616
  C:2F5FH         LINE#         617
  -------         ENDPROC       __TK_I_SOURCE_ADJUST
  -------         PROC          ___TK_SET_NEXT_CH
  D:0007H         SYMBOL        kick_type
  C:2C9BH         LINE#         625
  C:2C9BH         LINE#         626
  C:2C9BH         LINE#         627
  C:2C9EH         LINE#         629
  C:2CBCH         LINE#         630
  C:2CC2H         LINE#         631
  C:2CC6H         LINE#         632
  C:2CCAH         LINE#         633
  C:2CCEH         LINE#         634
  C:2CD2H         LINE#         636
  C:2CECH         LINE#         638
  C:2CFCH         LINE#         639
  C:2CFCH         LINE#         640
  C:2CFEH         LINE#         642
  C:2D18H         LINE#         643
  C:2D1EH         LINE#         644
  C:2D1EH         LINE#         645
  -------         ENDPROC       ___TK_SET_NEXT_CH
  -------         PROC          __TK_LIB_INIT
  -------         DO            
  X:653DH         SYMBOL        i
  -------         ENDDO         
  C:28A5H         LINE#         652
  C:28A5H         LINE#         653
  C:28A5H         LINE#         655
  C:28EDH         LINE#         656
  C:28FBH         LINE#         658
  C:28FEH         LINE#         659
BL51 BANKED LINKER/LOCATER V6.22.4.0                                                  06/11/2025  15:14:21  PAGE 63


  C:2906H         LINE#         660
  C:2908H         LINE#         661
  C:290AH         LINE#         662
  C:2912H         LINE#         663
  C:291AH         LINE#         664
  C:2922H         LINE#         665
  C:2938H         LINE#         666
  C:293BH         LINE#         667
  -------         ENDPROC       __TK_LIB_INIT
  -------         PROC          __TK_HANDLER
  C:2E1BH         LINE#         675
  C:2E1BH         LINE#         676
  C:2E1BH         LINE#         677
  C:2E20H         LINE#         678
  C:2E24H         LINE#         679
  C:2E4BH         LINE#         682
  C:2E4EH         LINE#         683
  C:2E55H         LINE#         684
  C:2E57H         LINE#         685
  C:2E5AH         LINE#         686
  C:2E5AH         LINE#         687
  C:2E5DH         LINE#         688
  C:2E5DH         LINE#         689
  C:2E5DH         LINE#         690
  C:2E5FH         LINE#         691
  C:2E6BH         LINE#         692
  C:2E7BH         LINE#         693
  C:2E7EH         LINE#         694
  C:2E83H         LINE#         696
  C:2E86H         LINE#         697
  C:2E86H         LINE#         699
  C:2E89H         LINE#         700
  C:2E89H         LINE#         701
  C:2E8AH         LINE#         702
  C:2E8FH         LINE#         703
  C:2E8FH         LINE#         704
  C:2E8FH         LINE#         705
  -------         ENDPROC       __TK_HANDLER
  -------         PROC          __TK_MS_HANDLER
  C:3A7BH         LINE#         712
  C:3A7BH         LINE#         713
  C:3A7BH         LINE#         714
  C:3A7DH         LINE#         716
  -------         ENDPROC       __TK_MS_HANDLER
  -------         PROC          __TK_SCAN
  C:37ACH         LINE#         724
  C:37ACH         LINE#         725
  C:37ACH         LINE#         727
  C:37B1H         LINE#         730
  C:37BDH         LINE#         735
  C:37C0H         LINE#         739
  C:37C3H         LINE#         740
  C:37C8H         LINE#         741
  C:37CBH         LINE#         742
  C:37CBH         LINE#         743
  -------         ENDPROC       __TK_SCAN
  -------         ENDMOD        TK_LIB
BL51 BANKED LINKER/LOCATER V6.22.4.0                                                  06/11/2025  15:14:21  PAGE 64



  -------         MODULE        ?C?COPY
  C:0130H         PUBLIC        ?C?COPY
  -------         ENDMOD        ?C?COPY

  -------         MODULE        ?C?CLDPTR
  C:0156H         PUBLIC        ?C?CLDPTR
  -------         ENDMOD        ?C?CLDPTR

  -------         MODULE        ?C?CLDOPTR
  C:016FH         PUBLIC        ?C?CLDOPTR
  -------         ENDMOD        ?C?CLDOPTR

  -------         MODULE        ?C?CILDOPTR
  C:019CH         PUBLIC        ?C?CILDOPTR
  -------         ENDMOD        ?C?CILDOPTR

  -------         MODULE        ?C?CSTPTR
  C:01CFH         PUBLIC        ?C?CSTPTR
  -------         ENDMOD        ?C?CSTPTR

  -------         MODULE        ?C?CSTOPTR
  C:01E1H         PUBLIC        ?C?CSTOPTR
  -------         ENDMOD        ?C?CSTOPTR

  -------         MODULE        ?C?IMUL
  C:0203H         PUBLIC        ?C?IMUL
  -------         ENDMOD        ?C?IMUL

  -------         MODULE        ?C?UIDIV
  C:0215H         PUBLIC        ?C?UIDIV
  -------         ENDMOD        ?C?UIDIV

  -------         MODULE        ?C?IILDX
  C:026AH         PUBLIC        ?C?IILDX
  -------         ENDMOD        ?C?IILDX

  -------         MODULE        ?C?LADD
  C:0280H         PUBLIC        ?C?LADD
  -------         ENDMOD        ?C?LADD

  -------         MODULE        ?C?LSUB
  C:028DH         PUBLIC        ?C?LSUB
  -------         ENDMOD        ?C?LSUB

  -------         MODULE        ?C?LMUL
  C:029BH         PUBLIC        ?C?LMUL
  -------         ENDMOD        ?C?LMUL

  -------         MODULE        ?C?ULDIV
  C:0326H         PUBLIC        ?C?ULDIV
  -------         ENDMOD        ?C?ULDIV

  -------         MODULE        ?C?LNOT
  C:03B8H         PUBLIC        ?C?LNOT
  -------         ENDMOD        ?C?LNOT

BL51 BANKED LINKER/LOCATER V6.22.4.0                                                  06/11/2025  15:14:21  PAGE 65


  -------         MODULE        ?C?LNEG
  C:03C5H         PUBLIC        ?C?LNEG
  -------         ENDMOD        ?C?LNEG

  -------         MODULE        ?C?SLCMP
  C:03D3H         PUBLIC        ?C?SLCMP
  -------         ENDMOD        ?C?SLCMP

  -------         MODULE        ?C?ULCMP
  C:03E9H         PUBLIC        ?C?ULCMP
  -------         ENDMOD        ?C?ULCMP

  -------         MODULE        ?C?ULSHR
  C:03FAH         PUBLIC        ?C?ULSHR
  -------         ENDMOD        ?C?ULSHR

  -------         MODULE        ?C?LSHL
  C:040DH         PUBLIC        ?C?LSHL
  -------         ENDMOD        ?C?LSHL

  -------         MODULE        ?C?LLDXDATA
  C:0420H         PUBLIC        ?C?LLDXDATA
  -------         ENDMOD        ?C?LLDXDATA

  -------         MODULE        ?C?LLDCODE
  C:042CH         PUBLIC        ?C?LLDCODE
  -------         ENDMOD        ?C?LLDCODE

  -------         MODULE        ?C?LLDXDATA0
  C:043CH         PUBLIC        ?C?LLDXDATA0
  -------         ENDMOD        ?C?LLDXDATA0

  -------         MODULE        ?C?LSTXDATA
  C:0448H         PUBLIC        ?C?LSTXDATA
  -------         ENDMOD        ?C?LSTXDATA

  -------         MODULE        ?C?LSTKXDATA
  C:0454H         PUBLIC        ?C?LSTKXDATA
  -------         ENDMOD        ?C?LSTKXDATA

  -------         MODULE        ?C?OFFXADD
  C:0485H         PUBLIC        ?C?OFFXADD
  -------         ENDMOD        ?C?OFFXADD

  -------         MODULE        ?C?PLDXDATA
  C:0491H         PUBLIC        ?C?PLDXDATA
  -------         ENDMOD        ?C?PLDXDATA

  -------         MODULE        ?C?PLDIXDATA
  C:049AH         PUBLIC        ?C?PLDIXDATA
  -------         ENDMOD        ?C?PLDIXDATA

  -------         MODULE        ?C?PSTXDATA
  C:04B1H         PUBLIC        ?C?PSTXDATA
  -------         ENDMOD        ?C?PSTXDATA

  -------         MODULE        ?C?PLDOPTR
BL51 BANKED LINKER/LOCATER V6.22.4.0                                                  06/11/2025  15:14:21  PAGE 66


  C:04BAH         PUBLIC        ?C?PLDOPTR
  -------         ENDMOD        ?C?PLDOPTR

  -------         MODULE        ?C?CCASE
  C:04EAH         PUBLIC        ?C?CCASE
  -------         ENDMOD        ?C?CCASE

  -------         MODULE        ?C?ICALL
  C:0510H         PUBLIC        ?C?ICALL
  C:0514H         PUBLIC        ?C?ICALL2
  -------         ENDMOD        ?C?ICALL

  -------         MODULE        ?C?LIMUL
  C:0516H         PUBLIC        ?C?LIMUL
  -------         ENDMOD        ?C?LIMUL

  -------         MODULE        PRINTF
  X:6432H         PUBLIC        ?_PRINTF517?BYTE
  X:6432H         PUBLIC        ?_PRINTF?BYTE
  X:6432H         PUBLIC        ?_SPRINTF517?BYTE
  X:6432H         PUBLIC        ?_SPRINTF?BYTE
  C:05F8H         PUBLIC        _PRINTF
  C:05F8H         PUBLIC        _PRINTF517
  C:05F2H         PUBLIC        _SPRINTF
  C:05F2H         PUBLIC        _SPRINTF517
  -------         ENDMOD        PRINTF

  -------         MODULE        ?C?MEMSET
  C:0543H         PUBLIC        ?C?MEMSET
  -------         ENDMOD        ?C?MEMSET

  -------         MODULE        ?C?PLDIDATA
  C:056FH         PUBLIC        ?C?PLDIDATA
  -------         ENDMOD        ?C?PLDIDATA

  -------         MODULE        ?C?PLDPDATA
  C:0578H         PUBLIC        ?C?PLDPDATA
  -------         ENDMOD        ?C?PLDPDATA

  -------         MODULE        ?C?PLDCODE
  C:0581H         PUBLIC        ?C?PLDCODE
  -------         ENDMOD        ?C?PLDCODE

*** WARNING L16: UNCALLED SEGMENT, IGNORED FOR OVERLAY PROCESS
    SEGMENT: ?PR?TK_PARAM_INIT?TK_SET

*** WARNING L16: UNCALLED SEGMENT, IGNORED FOR OVERLAY PROCESS
    SEGMENT: ?PR?P03_OUTPUT_CONFIG?MY_GPIO

*** WARNING L16: UNCALLED SEGMENT, IGNORED FOR OVERLAY PROCESS
    SEGMENT: ?PR?P23_INPUT_CONFIG?MY_GPIO

*** WARNING L16: UNCALLED SEGMENT, IGNORED FOR OVERLAY PROCESS
    SEGMENT: ?PR?_UART0_SEND_BUFF?UART0

*** WARNING L16: UNCALLED SEGMENT, IGNORED FOR OVERLAY PROCESS
    SEGMENT: ?PR?AIP1302_UPDATE_ALL_DATA?AIP1302
BL51 BANKED LINKER/LOCATER V6.22.4.0                                                  06/11/2025  15:14:21  PAGE 67



*** WARNING L16: UNCALLED SEGMENT, IGNORED FOR OVERLAY PROCESS
    SEGMENT: ?PR?PIN_LEVEL_SCAN?PIN_LEVEL_SCAN

*** WARNING L16: UNCALLED SEGMENT, IGNORED FOR OVERLAY PROCESS
    SEGMENT: ?PR?TEMP_OF_WATER_SCAN?TEMP_OF_WATER

*** WARNING L16: UNCALLED SEGMENT, IGNORED FOR OVERLAY PROCESS
    SEGMENT: ?PR?TOUCH_KEY_HANDLE?TOUCH_KEY

*** WARNING L16: UNCALLED SEGMENT, IGNORED FOR OVERLAY PROCESS
    SEGMENT: ?PR?__TK_MS_HANDLER?TK_LIB

Program Size: data=79.6 xdata=1344 code=14975
LINK/LOCATE RUN COMPLETE.  9 WARNING(S),  0 ERROR(S)
