BL51 BANKED LINKER/LOCATER V6.22.4.0                                                    05/26/2025  16:52:39  PAGE 1


BL51 BANKED LINKER/LOCATER V6.22.4.0, INVOKED BY:
C:\KEIL_V5\C51\BIN\BL51.EXE .\Release\Objects\STARTUP.obj, .\Release\Objects\system.obj, ..\..\User\lib\tk_simplify_algo
>> rithm_V1.0.0.LIB, .\Release\Objects\tk_set.obj, .\Release\Objects\my_gpio.obj, .\Release\Objects\tmr0.obj, .\Release\
>> Objects\tmr1.obj, .\Release\Objects\tmr2.obj, .\Release\Objects\uart0.obj, .\Release\Objects\adc.obj, .\Release\Objec
>> ts\flash.obj, .\Release\Objects\aip1302.obj, .\Release\Objects\uart1.obj, .\Release\Objects\key_driver.obj, .\Release
>> \Objects\main.obj, .\Release\Objects\fun_info.obj, .\Release\Objects\send_data.obj, .\Release\Objects\pin_level_scan.
>> obj, .\Release\Objects\speed_scan.obj, .\Release\Objects\engine_speed_scan.obj, .\Release\Objects\mileage.obj, .\Rele
>> ase\Objects\instruction.obj, .\Release\Objects\ad_key.obj, .\Release\Objects\fuel_capacity.obj, .\Release\Objects\tem
>> p_of_water.obj, .\Release\Objects\battery.obj, .\Release\Objects\touch_key.obj TO .\Release\Objects\Project PRINT (.\
>> Release\Listings\Project.m51) RAMSIZE (256) CODE (0X0000-0X3EEF) XDATA (0X6000-0X66FF)


MEMORY MODEL: LARGE


INPUT MODULES INCLUDED:
  .\Release\Objects\STARTUP.obj (?C_STARTUP)
  .\Release\Objects\system.obj (SYSTEM)
  .\Release\Objects\tk_set.obj (TK_SET)
  .\Release\Objects\my_gpio.obj (MY_GPIO)
  .\Release\Objects\tmr0.obj (TMR0)
  .\Release\Objects\tmr1.obj (TMR1)
  .\Release\Objects\tmr2.obj (TMR2)
  .\Release\Objects\uart0.obj (UART0)
  .\Release\Objects\adc.obj (ADC)
  .\Release\Objects\flash.obj (FLASH)
  .\Release\Objects\aip1302.obj (AIP1302)
  .\Release\Objects\uart1.obj (UART1)
  .\Release\Objects\key_driver.obj (KEY_DRIVER)
  .\Release\Objects\main.obj (MAIN)
  .\Release\Objects\fun_info.obj (FUN_INFO)
  .\Release\Objects\send_data.obj (SEND_DATA)
  .\Release\Objects\pin_level_scan.obj (PIN_LEVEL_SCAN)
  .\Release\Objects\speed_scan.obj (SPEED_SCAN)
  .\Release\Objects\engine_speed_scan.obj (ENGINE_SPEED_SCAN)
  .\Release\Objects\mileage.obj (MILEAGE)
  .\Release\Objects\instruction.obj (INSTRUCTION)
  .\Release\Objects\ad_key.obj (AD_KEY)
  .\Release\Objects\fuel_capacity.obj (FUEL_CAPACITY)
  .\Release\Objects\temp_of_water.obj (TEMP_OF_WATER)
  .\Release\Objects\battery.obj (BATTERY)
  .\Release\Objects\touch_key.obj (TOUCH_KEY)
  ..\..\User\lib\tk_simplify_algorithm_V1.0.0.LIB (TK_LIB)
  C:\KEIL_V5\C51\LIB\C51L.LIB (?C_INIT)
  C:\KEIL_V5\C51\LIB\C51L.LIB (?C?COPY)
  C:\KEIL_V5\C51\LIB\C51L.LIB (?C?CLDPTR)
  C:\KEIL_V5\C51\LIB\C51L.LIB (?C?CLDOPTR)
  C:\KEIL_V5\C51\LIB\C51L.LIB (?C?CILDOPTR)
  C:\KEIL_V5\C51\LIB\C51L.LIB (?C?CSTPTR)
  C:\KEIL_V5\C51\LIB\C51L.LIB (?C?CSTOPTR)
  C:\KEIL_V5\C51\LIB\C51L.LIB (?C?IMUL)
  C:\KEIL_V5\C51\LIB\C51L.LIB (?C?UIDIV)
  C:\KEIL_V5\C51\LIB\C51L.LIB (?C?IILDX)
  C:\KEIL_V5\C51\LIB\C51L.LIB (?C?LADD)
  C:\KEIL_V5\C51\LIB\C51L.LIB (?C?LSUB)
  C:\KEIL_V5\C51\LIB\C51L.LIB (?C?LMUL)
  C:\KEIL_V5\C51\LIB\C51L.LIB (?C?ULDIV)
  C:\KEIL_V5\C51\LIB\C51L.LIB (?C?LNOT)
BL51 BANKED LINKER/LOCATER V6.22.4.0                                                  05/26/2025  16:52:39  PAGE 2


  C:\KEIL_V5\C51\LIB\C51L.LIB (?C?LNEG)
  C:\KEIL_V5\C51\LIB\C51L.LIB (?C?SLCMP)
  C:\KEIL_V5\C51\LIB\C51L.LIB (?C?ULCMP)
  C:\KEIL_V5\C51\LIB\C51L.LIB (?C?ULSHR)
  C:\KEIL_V5\C51\LIB\C51L.LIB (?C?LSHL)
  C:\KEIL_V5\C51\LIB\C51L.LIB (?C?LLDXDATA)
  C:\KEIL_V5\C51\LIB\C51L.LIB (?C?LLDCODE)
  C:\KEIL_V5\C51\LIB\C51L.LIB (?C?LLDXDATA0)
  C:\KEIL_V5\C51\LIB\C51L.LIB (?C?LSTXDATA)
  C:\KEIL_V5\C51\LIB\C51L.LIB (?C?LSTKXDATA)
  C:\KEIL_V5\C51\LIB\C51L.LIB (?C?OFFXADD)
  C:\KEIL_V5\C51\LIB\C51L.LIB (?C?PLDXDATA)
  C:\KEIL_V5\C51\LIB\C51L.LIB (?C?PLDIXDATA)
  C:\KEIL_V5\C51\LIB\C51L.LIB (?C?PSTXDATA)
  C:\KEIL_V5\C51\LIB\C51L.LIB (?C?PLDOPTR)
  C:\KEIL_V5\C51\LIB\C51L.LIB (?C?CCASE)
  C:\KEIL_V5\C51\LIB\C51L.LIB (?C?ICALL)
  C:\KEIL_V5\C51\LIB\C51L.LIB (?C?LIMUL)
  C:\KEIL_V5\C51\LIB\C51L.LIB (PRINTF)
  C:\KEIL_V5\C51\LIB\C51L.LIB (?C?MEMSET)
  C:\KEIL_V5\C51\LIB\C51L.LIB (?C?PLDIDATA)
  C:\KEIL_V5\C51\LIB\C51L.LIB (?C?PLDPDATA)
  C:\KEIL_V5\C51\LIB\C51L.LIB (?C?PLDCODE)


LINK MAP OF MODULE:  .\Release\Objects\Project (?C_STARTUP)


            TYPE    BASE      LENGTH    RELOCATION   SEGMENT NAME
            -----------------------------------------------------

            * * * * * * *   D A T A   M E M O R Y   * * * * * * *
            REG     0000H     0008H     ABSOLUTE     "REG BANK 0"
            DATA    0008H     0004H     ABSOLUTE     
            DATA    000CH     0004H     ABSOLUTE     
            DATA    0010H     0004H     ABSOLUTE     
            DATA    0014H     0004H     ABSOLUTE     
            DATA    0018H     0004H     ABSOLUTE     
            DATA    001CH     0004H     ABSOLUTE     
            BIT     0020H.0   0002H.3   UNIT         ?BI?INSTRUCTION
            BIT     0022H.3   0001H.1   UNIT         _BIT_GROUP_
            BIT     0023H.4   0000H.2   UNIT         ?BI?TMR2
            BIT     0023H.6   0000H.2   UNIT         ?BI?TK_LIB
            BIT     0024H.0   0000H.1   UNIT         ?BI?UART0_SCAN_HANDLE?UART0
            BIT     0024H.1   0000H.1   UNIT         ?BI?UART0
            BIT     0024H.2   0000H.1   UNIT         ?BI?SPEED_SCAN
            BIT     0024H.3   0000H.1   UNIT         ?BI?ENGINE_SPEED_SCAN
                    0024H.4   000BH.4                *** GAP ***
            DATA    0030H     0004H     ABSOLUTE     
            DATA    0034H     0004H     ABSOLUTE     
            DATA    0038H     0004H     ABSOLUTE     
            DATA    003CH     0004H     ABSOLUTE     
            DATA    0040H     000DH     UNIT         _DATA_GROUP_
                    004DH     0003H                  *** GAP ***
            DATA    0050H     0002H     ABSOLUTE     
            DATA    0052H     0002H     ABSOLUTE     
            DATA    0054H     0002H     ABSOLUTE     
BL51 BANKED LINKER/LOCATER V6.22.4.0                                                  05/26/2025  16:52:39  PAGE 3


                    0056H     000AH                  *** GAP ***
            DATA    0060H     0001H     ABSOLUTE     
            DATA    0061H     0001H     ABSOLUTE     
            DATA    0062H     0001H     ABSOLUTE     
            DATA    0063H     0001H     ABSOLUTE     
            DATA    0064H     0001H     ABSOLUTE     
            DATA    0065H     0001H     ABSOLUTE     
            DATA    0066H     0001H     ABSOLUTE     
            IDATA   0067H     0001H     UNIT         ?STACK

            * * * * * * *  X D A T A   M E M O R Y  * * * * * * *
                    0000H     6000H                  *** GAP ***
            XDATA   6000H     0004H     ABSOLUTE     
            XDATA   6004H     0004H     ABSOLUTE     
            XDATA   6008H     0004H     ABSOLUTE     
            XDATA   600CH     0004H     UNIT         ?XD?TMR0
            XDATA   6010H     0004H     ABSOLUTE     
            XDATA   6014H     0004H     ABSOLUTE     
            XDATA   6018H     0394H     UNIT         ?XD?TK_LIB
            XDATA   63ACH     0045H     UNIT         ?XD?AD_KEY
            XDATA   63F1H     0030H     UNIT         _XDATA_GROUP_
            XDATA   6421H     0023H     UNIT         ?XD?FUN_INFO
            XDATA   6444H     001FH     UNIT         ?XD?TOUCH_KEY
            XDATA   6463H     001EH     UNIT         ?XD?UART0
            XDATA   6481H     0018H     UNIT         ?XD?TK_SET
            XDATA   6499H     0012H     UNIT         ?XD?MILEAGE
            XDATA   64ABH     0011H     UNIT         ?XD?SPEED_SCAN
            XDATA   64BCH     0011H     UNIT         ?XD?ENGINE_SPEED_SCAN
            XDATA   64CDH     000DH     UNIT         ?XD?FUEL_CAPACITY
            XDATA   64DAH     000CH     UNIT         ?XD?TEMP_OF_WATER
            XDATA   64E6H     000CH     UNIT         ?XD?BATTERY
            XDATA   64F2H     000BH     UNIT         ?XD?ADC_GETVAL?ADC
            XDATA   64FDH     0009H     UNIT         ?XD?_SEND_DATA?SEND_DATA
            XDATA   6506H     0009H     UNIT         ?XD?INSTRUCTION
            XDATA   650FH     0008H     UNIT         ?XD?TMR1
            XDATA   6517H     0007H     UNIT         ?XD?AIP1302_UPDATE_ALL_DATA?AIP1302
            XDATA   651EH     0007H     UNIT         ?XD?AIP1302_UPDATE_TIME?AIP1302
            XDATA   6525H     0005H     UNIT         ?XD?_FLASH_WRITE?FLASH
            XDATA   652AH     0004H     UNIT         ?XD?KEY_DRIVER
            XDATA   652EH     0004H     UNIT         ?XD?SPEED_SCAN?SPEED_SCAN
            XDATA   6532H     0004H     UNIT         ?XD?ENGINE_SPEED_SCAN?ENGINE_SPEED_SCAN
            XDATA   6536H     0004H     UNIT         ?XD?INSTRUCTION_HANDLE?INSTRUCTION
            XDATA   653AH     0003H     UNIT         ?XD?UART0_SCAN_HANDLE?UART0
            XDATA   653DH     0003H     UNIT         ?XD?AIP1302
            XDATA   6540H     0002H     UNIT         ?XD?ADC
            XDATA   6542H     0002H     UNIT         ?XD?_KEY_DRIVER_SCAN?KEY_DRIVER
            XDATA   6544H     0002H     UNIT         ?XD?PIN_LEVEL_SCAN
            XDATA   6546H     0002H     UNIT         ?XD?BATTERY_SCAN?BATTERY
            XDATA   6548H     0002H     UNIT         ?XD?___TOUCH_KEY_GET_EVENT?TOUCH_KEY
            XDATA   654AH     0002H     UNIT         ?XD?__TK_LIB_INIT?TK_LIB
            XDATA   654CH     0001H     UNIT         ?XD?INSTRUCTION_SCAN?INSTRUCTION

            * * * * * * *   C O D E   M E M O R Y   * * * * * * *
            CODE    0000H     0003H     ABSOLUTE     
            CODE    0003H     000CH     ABSOLUTE     
            CODE    000FH     000FH     UNIT         ?PR?AIP1302_IS_RUNNING?AIP1302
            CODE    001EH     0003H     ABSOLUTE     
BL51 BANKED LINKER/LOCATER V6.22.4.0                                                  05/26/2025  16:52:39  PAGE 4


            CODE    0021H     0003H     ABSOLUTE     
            CODE    0024H     0003H     ABSOLUTE     
            CODE    0027H     0023H     UNIT         ?PR?ADC_SINGLE_CONVERT?ADC
                    004AH     0001H                  *** GAP ***
            CODE    004BH     0003H     ABSOLUTE     
            CODE    004EH     000FH     UNIT         ?PR?AD_KEY
            CODE    005DH     0003H     ABSOLUTE     
            CODE    0060H     052DH     UNIT         ?C?LIB_CODE
            CODE    058DH     0365H     UNIT         ?PR?PRINTF?PRINTF
            CODE    08F2H     033FH     UNIT         ?PR?__TK_DATA_PROCESS?TK_LIB
            CODE    0C31H     025BH     UNIT         ?PR?FUEL_CAPACITY_SCAN?FUEL_CAPACITY
            CODE    0E8CH     0252H     UNIT         ?PR?___TK_MODE_CARRY_FUNC?TK_LIB
            CODE    10DEH     020EH     UNIT         ?PR?INSTRUCTION_HANDLE?INSTRUCTION
            CODE    12ECH     0206H     UNIT         ?C_INITSEG
            CODE    14F2H     0200H     UNIT         ?PR?_SEND_DATA?SEND_DATA
            CODE    16F2H     01D3H     UNIT         ?PR?HEART_BEAT_HANDLE?TMR1
            CODE    18C5H     01B9H     UNIT         ?PR?__TK_BUTTON_DECIDE?TK_LIB
            CODE    1A7EH     01B5H     UNIT         ?PR?___TK_LIB_I_ADJUST?TK_LIB
            CODE    1C33H     01A5H     UNIT         ?PR?_KEY_DRIVER_SCAN?KEY_DRIVER
            CODE    1DD8H     013CH     UNIT         ?PR?TK_GPIO_CONFIG?TK_SET
            CODE    1F14H     0138H     UNIT         ?PR?UART0_IRQHANDLER?UART0
            CODE    204CH     0134H     UNIT         ?PR?INSTRUCTION_SCAN?INSTRUCTION
            CODE    2180H     0124H     UNIT         ?PR?UART0_SCAN_HANDLE?UART0
            CODE    22A4H     00E0H     UNIT         ?PR?AIP1302_TEST?AIP1302
            CODE    2384H     00DCH     UNIT         ?PR?SYSTEM_INIT?SYSTEM
            CODE    2460H     00D4H     UNIT         ?PR?ADC_GETVAL?ADC
            CODE    2534H     00D4H     UNIT         ?PR?SPEED_SCAN?SPEED_SCAN
            CODE    2608H     00D0H     UNIT         ?PR?TEMP_OF_WATER_SCAN?TEMP_OF_WATER
            CODE    26D8H     00CAH     UNIT         ?PR?MILEAGE_SCAN?MILEAGE
            CODE    27A2H     00C0H     UNIT         ?PR?BATTERY_SCAN?BATTERY
            CODE    2862H     00BCH     UNIT         ?CO?TOUCH_KEY
            CODE    291EH     00AFH     UNIT         ?PR?_AIP1302_WRITE_BYTE?AIP1302
            CODE    29CDH     00ACH     UNIT         ?PR?ENGINE_SPEED_SCAN?ENGINE_SPEED_SCAN
            CODE    2A79H     00A8H     UNIT         ?PR?PIN_LEVEL_SCAN?PIN_LEVEL_SCAN
            CODE    2B21H     009BH     UNIT         ?PR?__TK_LIB_INIT?TK_LIB
            CODE    2BBCH     0093H     UNIT         ?PR?__TK_BASELINE_INIT?TK_LIB
            CODE    2C4FH     0092H     UNIT         ?PR?TK_PARAM_INIT?TK_SET
            CODE    2CE1H     0092H     UNIT         ?PR?___AIP1302_READ_BYTE?AIP1302
            CODE    2D73H     0090H     UNIT         ?PR?___AIP1302_WRITE_BYTE?AIP1302
            CODE    2E03H     0090H     UNIT         ?PR?TOUCH_KEY_HANDLE?TOUCH_KEY
            CODE    2E93H     008CH     UNIT         ?C_C51STARTUP
            CODE    2F1FH     0084H     UNIT         ?PR?___TK_SET_NEXT_CH?TK_LIB
            CODE    2FA3H     0083H     UNIT         ?PR?TIMR2_IRQHANDLER?TMR2
            CODE    3026H     007EH     UNIT         ?PR?__TK_BASELINE_UPDATE?TK_LIB
            CODE    30A4H     007EH     UNIT         ?PR?__TK_LONG_KEY_CLEAR?TK_LIB
            CODE    3122H     0075H     UNIT         ?PR?__TK_HANDLER?TK_LIB
            CODE    3197H     0071H     UNIT         ?PR?AIP1302_CONFIG?AIP1302
            CODE    3208H     006EH     UNIT         ?PR?___AIP1302_CONVERT_READ_BYTE?AIP1302
            CODE    3276H     0067H     UNIT         ?CO?AIP1302
            CODE    32DDH     0062H     UNIT         ?PR?TMR1
            CODE    333FH     0062H     UNIT         ?PR?__TK_I_SOURCE_ADJUST?TK_LIB
            CODE    33A1H     005AH     UNIT         ?PR?TIMR1_IRQHANDLER?TMR1
            CODE    33FBH     0059H     UNIT         ?PR?UART0
            CODE    3454H     004FH     UNIT         ?PR?TK_INIT?TK_SET
            CODE    34A3H     004FH     UNIT         ?PR?TIMR0_IRQHANDLER?TMR0
            CODE    34F2H     004CH     UNIT         ?PR?___CONVER_CUR_AD_TO_AD_KEY?AD_KEY
            CODE    353EH     0046H     UNIT         ?PR?AIP1302_READ_ALL?AIP1302
BL51 BANKED LINKER/LOCATER V6.22.4.0                                                  05/26/2025  16:52:39  PAGE 5


            CODE    3584H     0045H     UNIT         ?PR?TK_IRQHANDLER?TK_SET
            CODE    35C9H     0042H     UNIT         ?PR?_ADC_SEL_PIN?ADC
            CODE    360BH     0040H     UNIT         ?PR?TMR2_CONFIG?TMR2
            CODE    364BH     003FH     UNIT         ?PR?AIP1302_UPDATE_ALL_DATA?AIP1302
            CODE    368AH     003FH     UNIT         ?PR?AIP1302_UPDATE_TIME?AIP1302
            CODE    36C9H     003EH     UNIT         ?PR?SEND_DATA
            CODE    3707H     003EH     UNIT         ?PR?INSTRUCTION
            CODE    3745H     003DH     UNIT         ?PR?TMR1_CONFIG?TMR1
            CODE    3782H     003DH     UNIT         ?PR?__TK_MODE_CONFIG?TK_LIB
            CODE    37BFH     003CH     UNIT         ?PR?TMR0_CONFIG?TMR0
            CODE    37FBH     003AH     UNIT         ?PR?USER_INIT?MAIN
            CODE    3835H     0037H     UNIT         ?PR?_FLASH_WRITE?FLASH
            CODE    386CH     0035H     UNIT         ?PR?___TOUCH_KEY_GET_EVENT?TOUCH_KEY
            CODE    38A1H     0034H     UNIT         ?PR?_FLASH_READ?FLASH
            CODE    38D5H     0032H     UNIT         ?PR?MAIN?MAIN
            CODE    3907H     0032H     UNIT         ?PR?AD_KEY_GET_KEY_ID?AD_KEY
            CODE    3939H     002EH     UNIT         ?PR?AIP1302
            CODE    3967H     002BH     UNIT         ?PR?UART0_CONFIG?UART0
            CODE    3992H     002BH     UNIT         ?PR?PIN_LEVEL_SCAN_CONFIG?PIN_LEVEL_SCAN
            CODE    39BDH     002BH     UNIT         ?PR?MILEAGE
            CODE    39E8H     0028H     UNIT         ?PR?FUEL_CAPACITY
            CODE    3A10H     0023H     UNIT         ?PR?___AD_KEY_GET_EVENT?AD_KEY
            CODE    3A33H     0023H     UNIT         ?PR?AD_KEY_HANDLE?AD_KEY
            CODE    3A56H     0021H     UNIT         ?PR?KEY_DRIVER
            CODE    3A77H     0020H     UNIT         ?PR?TOUCH_KEY_GET_KEY_ID?TOUCH_KEY
            CODE    3A97H     0020H     UNIT         ?PR?__TK_SCAN?TK_LIB
            CODE    3AB7H     001FH     UNIT         ?PR?TOUCH_KEY
            CODE    3AD6H     001EH     UNIT         ?CO?TK_SET
            CODE    3AF4H     001EH     UNIT         ?PR?TMR2
            CODE    3B12H     001EH     UNIT         ?PR?TEMP_OF_WATER
            CODE    3B30H     001DH     UNIT         ?PR?ADC_CONFIG?ADC
            CODE    3B4DH     001BH     UNIT         ?PR?_DELAY_MS?SYSTEM
            CODE    3B68H     001BH     UNIT         ?PR?ADC
            CODE    3B83H     001AH     UNIT         ?PR?_REVERSE_U8?AIP1302
            CODE    3B9DH     0018H     UNIT         ?PR?TK_SET
            CODE    3BB5H     0018H     UNIT         ?PR?FUN_INFO_INIT?FUN_INFO
            CODE    3BCDH     0017H     UNIT         ?PR?_CONVER_VOLTAGE_OF_BATTERY_TO_PERCENTAGE?BATTERY
            CODE    3BE4H     0016H     UNIT         ?PR?_AIP1302_READ_BYTE?AIP1302
            CODE    3BFAH     0016H     UNIT         ?PR?SPEED_SCAN
            CODE    3C10H     0011H     UNIT         ?PR?TMR2_ENABLE?TMR2
            CODE    3C21H     0011H     UNIT         ?PR?_FLASH_ERASE_SECTOR?FLASH
            CODE    3C32H     0010H     UNIT         ?PR?P03_OUTPUT_CONFIG?MY_GPIO
            CODE    3C42H     0010H     UNIT         ?PR?TMR0_DISABLE?TMR0
            CODE    3C52H     0010H     UNIT         ?PR?TMR1_ENABLE?TMR1
            CODE    3C62H     0010H     UNIT         ?PR?_CONVER_ADC_VAL_TO_VOLTAGE?BATTERY
            CODE    3C72H     000EH     UNIT         ?PR?_PUTCHAR?UART0
            CODE    3C80H     000EH     UNIT         ?PR?FUN_INFO_SAVE?FUN_INFO
            CODE    3C8EH     000DH     UNIT         ?PR?P06_INPUT_CONFIG?MY_GPIO
            CODE    3C9BH     000DH     UNIT         ?PR?P07_INPUT_CONFIG?MY_GPIO
            CODE    3CA8H     000DH     UNIT         ?PR?P10_INPUT_CONFIG?MY_GPIO
            CODE    3CB5H     000DH     UNIT         ?PR?P13_INPUT_CONFIG?MY_GPIO
            CODE    3CC2H     000DH     UNIT         ?PR?P14_INPUT_CONFIG?MY_GPIO
            CODE    3CCFH     000DH     UNIT         ?PR?P21_INPUT_CONFIG?MY_GPIO
            CODE    3CDCH     000DH     UNIT         ?PR?P22_INPUT_CONFIG?MY_GPIO
            CODE    3CE9H     000DH     UNIT         ?PR?P23_INPUT_CONFIG?MY_GPIO
            CODE    3CF6H     000DH     UNIT         ?PR?P25_INPUT_CONFIG?MY_GPIO
            CODE    3D03H     000DH     UNIT         ?PR?P27_INPUT_CONFIG?MY_GPIO
BL51 BANKED LINKER/LOCATER V6.22.4.0                                                  05/26/2025  16:52:39  PAGE 6


            CODE    3D10H     000DH     UNIT         ?PR?P30_INPUT_CONFIG?MY_GPIO
            CODE    3D1DH     000DH     UNIT         ?PR?_UART0_SENDBYTE?UART0
            CODE    3D2AH     000DH     UNIT         ?PR?SPEED_SCAN_CONFIG?SPEED_SCAN
            CODE    3D37H     000DH     UNIT         ?CO?AD_KEY
            CODE    3D44H     000CH     UNIT         ?PR?TMR0_ENABLE?TMR0
            CODE    3D50H     000CH     UNIT         ?PR?FUN_INFO
            CODE    3D5CH     000BH     UNIT         ?PR?_DELAY?SYSTEM
            CODE    3D67H     000BH     UNIT         ?CO?MAIN
            CODE    3D72H     0008H     UNIT         ?PR?TMR0
            CODE    3D7AH     0007H     UNIT         ?PR?ENGINE_SPEED_SCAN_CONFIG?ENGINE_SPEED_SCAN
            CODE    3D81H     0005H     UNIT         ?PR?__TK_MS_HANDLER?TK_LIB



OVERLAY MAP OF MODULE:   .\Release\Objects\Project (?C_STARTUP)


SEGMENT                                             BIT_GROUP          DATA_GROUP          XDATA_GROUP
  +--> CALLED SEGMENT                            START    LENGTH     START    LENGTH     START    LENGTH
--------------------------------------------------------------------------------------------------------
?C_C51STARTUP                                    -----    -----      -----    -----      -----    -----
  +--> ?PR?MAIN?MAIN
  +--> ?C_INITSEG

?PR?MAIN?MAIN                                    -----    -----      -----    -----      -----    -----
  +--> ?PR?SYSTEM_INIT?SYSTEM
  +--> ?PR?USER_INIT?MAIN
  +--> ?CO?MAIN
  +--> ?PR?PRINTF?PRINTF
  +--> ?PR?_DELAY_MS?SYSTEM
  +--> ?PR?AIP1302_TEST?AIP1302
  +--> ?PR?HEART_BEAT_HANDLE?TMR1

?PR?SYSTEM_INIT?SYSTEM                           -----    -----      -----    -----      -----    -----
  +--> ?PR?_DELAY?SYSTEM
  +--> ?PR?_DELAY_MS?SYSTEM

?PR?_DELAY_MS?SYSTEM                             -----    -----      -----    -----      -----    -----
  +--> ?PR?_DELAY?SYSTEM

?PR?USER_INIT?MAIN                               -----    -----      -----    -----      -----    -----
  +--> ?PR?FUN_INFO_INIT?FUN_INFO
  +--> ?PR?TMR0_CONFIG?TMR0
  +--> ?PR?UART0_CONFIG?UART0
  +--> ?PR?PIN_LEVEL_SCAN_CONFIG?PIN_LEVEL_SCAN
  +--> ?PR?TMR1_CONFIG?TMR1
  +--> ?PR?SPEED_SCAN_CONFIG?SPEED_SCAN
  +--> ?PR?ENGINE_SPEED_SCAN_CONFIG?ENGINE_S...
  +--> ?PR?ADC_CONFIG?ADC
  +--> ?PR?AIP1302_CONFIG?AIP1302
  +--> ?PR?TMR2_CONFIG?TMR2
  +--> ?PR?TMR1_ENABLE?TMR1
  +--> ?PR?TMR2_ENABLE?TMR2
  +--> ?PR?_DELAY_MS?SYSTEM

?PR?FUN_INFO_INIT?FUN_INFO                       -----    -----      -----    -----      -----    -----
  +--> ?PR?FUN_INFO
BL51 BANKED LINKER/LOCATER V6.22.4.0                                                  05/26/2025  16:52:39  PAGE 7


  +--> ?PR?_FLASH_READ?FLASH

?PR?_FLASH_READ?FLASH                            -----    -----      -----    -----      63F1H    0005H

?PR?TMR0_CONFIG?TMR0                             -----    -----      -----    -----      -----    -----
  +--> ?PR?TMR0

?PR?PIN_LEVEL_SCAN_CONFIG?PIN_LEVEL_SCAN         -----    -----      -----    -----      -----    -----
  +--> ?PR?P21_INPUT_CONFIG?MY_GPIO
  +--> ?PR?P22_INPUT_CONFIG?MY_GPIO
  +--> ?PR?P25_INPUT_CONFIG?MY_GPIO
  +--> ?PR?P27_INPUT_CONFIG?MY_GPIO
  +--> ?PR?P30_INPUT_CONFIG?MY_GPIO
  +--> ?PR?P14_INPUT_CONFIG?MY_GPIO
  +--> ?PR?P13_INPUT_CONFIG?MY_GPIO
  +--> ?PR?P10_INPUT_CONFIG?MY_GPIO
  +--> ?PR?P07_INPUT_CONFIG?MY_GPIO
  +--> ?PR?P06_INPUT_CONFIG?MY_GPIO

?PR?ADC_CONFIG?ADC                               -----    -----      -----    -----      -----    -----
  +--> ?PR?ADC

?PR?AIP1302_CONFIG?AIP1302                       -----    -----      -----    -----      -----    -----
  +--> ?PR?AIP1302
  +--> ?PR?AIP1302_IS_RUNNING?AIP1302
  +--> ?CO?AIP1302
  +--> ?PR?PRINTF?PRINTF
  +--> ?PR?_AIP1302_WRITE_BYTE?AIP1302
  +--> ?PR?AIP1302_READ_ALL?AIP1302

?PR?AIP1302_IS_RUNNING?AIP1302                   -----    -----      -----    -----      -----    -----
  +--> ?PR?___AIP1302_READ_BYTE?AIP1302

?PR?___AIP1302_READ_BYTE?AIP1302                 -----    -----      -----    -----      63F2H    0003H
  +--> ?PR?AIP1302
  +--> ?PR?_DELAY?SYSTEM

?PR?PRINTF?PRINTF                                0022H.3  0001H.1    0040H    0005H      63F1H    0028H
  +--> ?PR?_PUTCHAR?UART0

?PR?_PUTCHAR?UART0                               -----    -----      -----    -----      6419H    0001H
  +--> ?PR?_UART0_SENDBYTE?UART0

?PR?_AIP1302_WRITE_BYTE?AIP1302                  -----    -----      -----    -----      63F1H    0004H
  +--> ?PR?___AIP1302_WRITE_BYTE?AIP1302

?PR?___AIP1302_WRITE_BYTE?AIP1302                -----    -----      -----    -----      63F5H    0003H
  +--> ?PR?AIP1302
  +--> ?PR?_DELAY?SYSTEM

?PR?AIP1302_READ_ALL?AIP1302                     -----    -----      -----    -----      -----    -----
  +--> ?PR?_AIP1302_READ_BYTE?AIP1302

?PR?_AIP1302_READ_BYTE?AIP1302                   -----    -----      -----    -----      63F1H    0001H
  +--> ?PR?___AIP1302_READ_BYTE?AIP1302
  +--> ?PR?___AIP1302_CONVERT_READ_BYTE?AIP1302

BL51 BANKED LINKER/LOCATER V6.22.4.0                                                  05/26/2025  16:52:39  PAGE 8


?PR?___AIP1302_CONVERT_READ_BYTE?AIP1302         -----    -----      -----    -----      63F2H    0003H
  +--> ?PR?_REVERSE_U8?AIP1302

?PR?AIP1302_TEST?AIP1302                         -----    -----      -----    -----      -----    -----
  +--> ?PR?_AIP1302_READ_BYTE?AIP1302
  +--> ?CO?AIP1302
  +--> ?PR?PRINTF?PRINTF
  +--> ?PR?_AIP1302_WRITE_BYTE?AIP1302

?PR?HEART_BEAT_HANDLE?TMR1                       -----    -----      -----    -----      63F1H    0008H
  +--> ?PR?TMR1

?C_INITSEG                                       -----    -----      -----    -----      -----    -----
  +--> ?PR?AD_KEY_GET_KEY_ID?AD_KEY
  +--> ?PR?TOUCH_KEY_GET_KEY_ID?TOUCH_KEY

?PR?AD_KEY_GET_KEY_ID?AD_KEY                     -----    -----      -----    -----      63F1H    0002H
  +--> ?PR?_ADC_SEL_PIN?ADC
  +--> ?PR?ADC_SINGLE_CONVERT?ADC
  +--> ?PR?___CONVER_CUR_AD_TO_AD_KEY?AD_KEY

?PR?_ADC_SEL_PIN?ADC                             -----    -----      -----    -----      -----    -----
  +--> ?PR?ADC
  +--> ?PR?_DELAY_MS?SYSTEM

?PR?___CONVER_CUR_AD_TO_AD_KEY?AD_KEY            -----    -----      -----    -----      63F3H    0002H

?PR?TOUCH_KEY_GET_KEY_ID?TOUCH_KEY               -----    -----      -----    -----      -----    -----
  +--> ?PR?__TK_SCAN?TK_LIB
  +--> ?PR?TOUCH_KEY

?PR?__TK_SCAN?TK_LIB                             -----    -----      -----    -----      -----    -----
  +--> ?PR?__TK_BUTTON_DECIDE?TK_LIB
  +--> ?PR?___TK_SET_NEXT_CH?TK_LIB

?PR?__TK_BUTTON_DECIDE?TK_LIB                    -----    -----      -----    -----      -----    -----
  +--> ?CO?TK_SET
  +--> ?PR?___TK_MODE_CARRY_FUNC?TK_LIB

?PR?___TK_MODE_CARRY_FUNC?TK_LIB                 -----    -----      -----    -----      63F1H    0001H
  +--> ?CO?TK_SET
  +--> ?PR?__TK_BASELINE_UPDATE?TK_LIB

?PR?__TK_BASELINE_UPDATE?TK_LIB                  -----    -----      -----    -----      -----    -----
  +--> ?CO?TK_SET

*** NEW ROOT ***************************************************

?PR?TK_IRQHANDLER?TK_SET                         -----    -----      -----    -----      -----    -----
  +--> ?PR?__TK_HANDLER?TK_LIB

?PR?__TK_HANDLER?TK_LIB                          -----    -----      -----    -----      -----    -----
  +--> ?CO?TK_SET
  +--> ?PR?__TK_MODE_CONFIG?TK_LIB
  +--> ?PR?__TK_I_SOURCE_ADJUST?TK_LIB
  +--> ?PR?__TK_BASELINE_INIT?TK_LIB
  +--> ?PR?___TK_SET_NEXT_CH?TK_LIB
BL51 BANKED LINKER/LOCATER V6.22.4.0                                                  05/26/2025  16:52:39  PAGE 9



?PR?__TK_MODE_CONFIG?TK_LIB                      -----    -----      -----    -----      -----    -----
  +--> ?PR?___TK_SET_NEXT_CH?TK_LIB

?PR?__TK_I_SOURCE_ADJUST?TK_LIB                  -----    -----      -----    -----      641AH    0001H
  +--> ?CO?TK_SET
  +--> ?PR?___TK_LIB_I_ADJUST?TK_LIB
  +--> ?PR?__TK_MODE_CONFIG?TK_LIB
  +--> ?PR?___TK_SET_NEXT_CH?TK_LIB

?PR?___TK_LIB_I_ADJUST?TK_LIB                    -----    -----      0045H    0008H      641BH    0005H
  +--> ?CO?TK_SET

?PR?__TK_BASELINE_INIT?TK_LIB                    -----    -----      -----    -----      -----    -----
  +--> ?CO?TK_SET
  +--> ?PR?___TK_SET_NEXT_CH?TK_LIB

*** NEW ROOT ***************************************************

?PR?TIMR1_IRQHANDLER?TMR1                        -----    -----      -----    -----      -----    -----
  +--> ?PR?TMR1

*** NEW ROOT ***************************************************

?PR?TIMR2_IRQHANDLER?TMR2                        -----    -----      -----    -----      -----    -----
  +--> ?PR?TMR2

*** NEW ROOT ***************************************************

?PR?UART0_IRQHANDLER?UART0                       -----    -----      -----    -----      6420H    0001H
  +--> ?PR?UART0
  +--> ?PR?TMR0_DISABLE?TMR0
  +--> ?PR?TMR0_ENABLE?TMR0

?PR?TMR0_DISABLE?TMR0                            -----    -----      -----    -----      -----    -----
  +--> ?PR?TMR0

?PR?TMR0_ENABLE?TMR0                             -----    -----      -----    -----      -----    -----
  +--> ?PR?TMR0



SYMBOL TABLE OF MODULE:  .\Release\Objects\Project (?C_STARTUP)

  VALUE           TYPE          NAME
  ----------------------------------

  -------         MODULE        ?C_STARTUP
  C:2E93H         SEGMENT       ?C_C51STARTUP
  I:0067H         SEGMENT       ?STACK
  C:0000H         PUBLIC        ?C_STARTUP
  D:00E0H         SYMBOL        ACC
  D:00F0H         SYMBOL        B
  D:0083H         SYMBOL        DPH
  D:0082H         SYMBOL        DPL
  N:0000H         SYMBOL        IBPSTACK
  N:0100H         SYMBOL        IBPSTACKTOP
BL51 BANKED LINKER/LOCATER V6.22.4.0                                                  05/26/2025  16:52:39  PAGE 10


  N:0080H         SYMBOL        IDATALEN
  C:2E96H         SYMBOL        IDATALOOP
  N:0000H         SYMBOL        PBPSTACK
  N:0100H         SYMBOL        PBPSTACKTOP
  N:0000H         SYMBOL        PDATALEN
  N:0000H         SYMBOL        PDATASTART
  N:0000H         SYMBOL        PPAGE
  N:0000H         SYMBOL        PPAGEENABLE
  D:00A0H         SYMBOL        PPAGE_SFR
  D:0081H         SYMBOL        SP
  C:2E93H         SYMBOL        STARTUP1
  N:0000H         SYMBOL        XBPSTACK
  N:0000H         SYMBOL        XBPSTACKTOP
  N:0000H         SYMBOL        XDATALEN
  N:0000H         SYMBOL        XDATASTART
  C:0000H         LINE#         126
  C:2E93H         LINE#         133
  C:2E95H         LINE#         134
  C:2E96H         LINE#         135
  C:2E97H         LINE#         136
  C:2E99H         LINE#         185
  C:2E9CH         LINE#         196
  -------         ENDMOD        ?C_STARTUP

  -------         MODULE        SYSTEM
  C:0000H         SYMBOL        _ICE_DUMMY_
  D:00D9H         PUBLIC        WDT_KEY
  D:00A7H         PUBLIC        FLASH_TIMEREG0
  D:00ACH         PUBLIC        FLASH_TIMEREG1
  C:3D5CH         PUBLIC        _delay
  C:3B4DH         PUBLIC        _delay_ms
  C:2384H         PUBLIC        system_init
  -------         PROC          _DELAY
  D:0006H         SYMBOL        cnt
  C:3D5CH         LINE#         37
  C:3D5CH         LINE#         38
  C:3D5CH         LINE#         39
  C:3D66H         LINE#         40
  C:3D66H         LINE#         41
  C:3D66H         LINE#         42
  -------         ENDPROC       _DELAY
  -------         PROC          _DELAY_MS
  D:0002H         SYMBOL        ms
  C:3B4DH         LINE#         49
  C:3B51H         LINE#         50
  C:3B51H         LINE#         51
  C:3B5BH         LINE#         52
  C:3B5BH         LINE#         53
  C:3B5EH         LINE#         56
  C:3B65H         LINE#         57
  C:3B67H         LINE#         58
  -------         ENDPROC       _DELAY_MS
  -------         PROC          SYSTEM_INIT
  -------         DO            
  D:0007H         SYMBOL        i
  -------         ENDDO         
  C:2384H         LINE#         65
BL51 BANKED LINKER/LOCATER V6.22.4.0                                                  05/26/2025  16:52:39  PAGE 11


  C:2384H         LINE#         66
  C:2384H         LINE#         69
  C:238BH         LINE#         70
  C:2398H         LINE#         71
  C:239BH         LINE#         74
  C:239EH         LINE#         75
  C:23A4H         LINE#         76
  C:23AAH         LINE#         77
  C:23B0H         LINE#         78
  C:23B6H         LINE#         79
  C:23BDH         LINE#         83
  C:23BFH         LINE#         84
  C:23BFH         LINE#         85
  C:23CCH         LINE#         86
  C:23D1H         LINE#         88
  C:245FH         LINE#         89
  -------         ENDPROC       SYSTEM_INIT
  -------         ENDMOD        SYSTEM

  -------         MODULE        TK_SET
  C:0000H         SYMBOL        _ICE_DUMMY_
  D:00A8H         PUBLIC        IE0
  D:00A9H         PUBLIC        IE1
  D:00AAH         PUBLIC        IE2
  D:00ABH         PUBLIC        IE3
  B:00A8H.7       PUBLIC        IE_EA
  D:00B8H         PUBLIC        IP0
  D:00B1H         PUBLIC        IP1
  D:00B2H         PUBLIC        IP2
  D:00B3H         PUBLIC        IP3
  D:00B4H         PUBLIC        IP4
  D:00B5H         PUBLIC        IP5
  D:00B6H         PUBLIC        IP6
  D:00B7H         PUBLIC        IP7
  C:2C4FH         PUBLIC        tk_param_init
  X:6481H         PUBLIC        __tk_update_cnt
  X:6483H         PUBLIC        __tk_confirm_cnt
  X:6485H         PUBLIC        __tk_leave_cnt
  X:6487H         PUBLIC        __tk_ch_index
  X:6489H         PUBLIC        __tk_ch_fth
  X:648DH         PUBLIC        __tk_i_set
  X:6000H         PUBLIC        __tk_ch_data_0
  X:6004H         PUBLIC        __tk_ch_data_1
  X:6008H         PUBLIC        __tk_ch_data_2
  X:6010H         PUBLIC        __tk_ch_data_3
  X:6014H         PUBLIC        __tk_ch_data_4
  X:6491H         PUBLIC        __tk_ch_data_5
  X:6495H         PUBLIC        __tk_ch_data_6
  C:3AD6H         PUBLIC        __tk_adjust_line
  C:3ADAH         PUBLIC        __tk_adjust_time
  C:3ADCH         PUBLIC        __tk_adjust_diff_valu
  C:3ADEH         PUBLIC        __tk_adjust_en
  C:3ADFH         PUBLIC        __tk_valid_time
  C:3AE1H         PUBLIC        __tk_long_key_time
  C:3AEBH         PUBLIC        __tk_use_num
  C:3AE5H         PUBLIC        __tk_cs_en
  C:3AE7H         PUBLIC        __tk_nm_num
BL51 BANKED LINKER/LOCATER V6.22.4.0                                                  05/26/2025  16:52:39  PAGE 12


  C:3AE6H         PUBLIC        __tk_tp_en
  C:3AE8H         PUBLIC        __tk_base_update_cnt
  C:3AEAH         PUBLIC        __tk_cm_valu
  C:3AE3H         PUBLIC        __tk_noise_value
  C:3AE9H         PUBLIC        __tk_nm_cm_value
  C:3AECH         SYMBOL        TK_CH_EN_BUG
  C:1DD8H         PUBLIC        tk_gpio_config
  C:3584H         PUBLIC        TK_IRQHandler
  C:3454H         PUBLIC        tk_init
  C:3B9DH         SYMBOL        Com0055
  C:3B9DH         SYMBOL        L?0086
  C:3B9DH         SYMBOL        L?0087
  C:3B9FH         SYMBOL        L?0088
  C:3BA2H         SYMBOL        L?0089
  C:3BABH         SYMBOL        L?0090
  C:3BADH         SYMBOL        L?0091
  -------         PROC          COM0055
  -------         ENDPROC       COM0055
  -------         PROC          TK_GPIO_CONFIG
  -------         DO            
  D:0007H         SYMBOL        i
  -------         ENDDO         
  C:1DD8H         LINE#         262
  C:1DD8H         LINE#         263
  C:1DD8H         LINE#         264
  C:1DDAH         LINE#         266
  C:1DDAH         LINE#         267
  C:1DDAH         LINE#         269
  C:1DE2H         LINE#         270
  C:1DE2H         LINE#         271
  C:1DEAH         LINE#         272
  C:1DEAH         LINE#         273
  C:1DFFH         LINE#         274
  C:1E0FH         LINE#         275
  C:1E12H         LINE#         277
  C:1E12H         LINE#         278
  C:1E27H         LINE#         279
  C:1E37H         LINE#         280
  C:1E37H         LINE#         281
  C:1E3AH         LINE#         282
  C:1E4AH         LINE#         283
  C:1E4AH         LINE#         284
  C:1E52H         LINE#         285
  C:1E52H         LINE#         286
  C:1E69H         LINE#         287
  C:1E7BH         LINE#         288
  C:1E7EH         LINE#         290
  C:1E7EH         LINE#         291
  C:1E95H         LINE#         292
  C:1EA7H         LINE#         293
  C:1EA7H         LINE#         294
  C:1EAAH         LINE#         296
  C:1EAAH         LINE#         297
  C:1EB2H         LINE#         298
  C:1EB2H         LINE#         299
  C:1EC9H         LINE#         300
  C:1EDBH         LINE#         301
BL51 BANKED LINKER/LOCATER V6.22.4.0                                                  05/26/2025  16:52:39  PAGE 13


  C:1EDDH         LINE#         303
  C:1EDDH         LINE#         304
  C:1EF4H         LINE#         305
  C:1F0AH         LINE#         306
  C:1F0AH         LINE#         307
  C:1F0AH         LINE#         308
  C:1F13H         LINE#         309
  -------         ENDPROC       TK_GPIO_CONFIG
  -------         PROC          TK_IRQHANDLER
  C:3584H         LINE#         316
  C:35A1H         LINE#         318
  C:35A1H         LINE#         319
  C:35A7H         LINE#         320
  C:35A7H         LINE#         321
  C:35ABH         LINE#         322
  C:35AEH         LINE#         323
  C:35AEH         LINE#         324
  C:35AEH         LINE#         325
  -------         ENDPROC       TK_IRQHANDLER
  -------         PROC          TK_INIT
  C:3454H         LINE#         332
  C:3454H         LINE#         333
  C:3454H         LINE#         334
  C:3456H         LINE#         335
  C:3459H         LINE#         336
  C:345CH         LINE#         337
  C:3463H         LINE#         338
  C:3466H         LINE#         339
  C:346BH         LINE#         340
  C:346FH         LINE#         341
  C:3474H         LINE#         342
  C:3478H         LINE#         343
  C:347DH         LINE#         344
  C:3481H         LINE#         345
  C:3486H         LINE#         346
  C:348AH         LINE#         347
  C:348DH         LINE#         348
  C:348FH         LINE#         349
  C:3491H         LINE#         350
  C:3496H         LINE#         351
  C:349AH         LINE#         352
  C:349EH         LINE#         353
  C:34A2H         LINE#         354
  -------         ENDPROC       TK_INIT
  -------         PROC          TK_PARAM_INIT
  -------         DO            
  D:0003H         SYMBOL        i
  -------         ENDDO         
  C:2C4FH         LINE#         403
  C:2C4FH         LINE#         404
  C:2C4FH         LINE#         405
  C:2C51H         LINE#         408
  C:2C51H         LINE#         409
  C:2C51H         LINE#         410
  C:2C6FH         LINE#         411
  C:2C95H         LINE#         412
  C:2CA7H         LINE#         413
BL51 BANKED LINKER/LOCATER V6.22.4.0                                                  05/26/2025  16:52:39  PAGE 14


  C:2CCFH         LINE#         414
  C:2CD8H         LINE#         417
  C:2CDBH         LINE#         420
  C:2CDEH         LINE#         423
  -------         ENDPROC       TK_PARAM_INIT
  -------         ENDMOD        TK_SET

  -------         MODULE        MY_GPIO
  C:0000H         SYMBOL        _ICE_DUMMY_
  C:3C32H         PUBLIC        p03_output_config
  C:3C8EH         PUBLIC        p06_input_config
  C:3C9BH         PUBLIC        p07_input_config
  C:3CA8H         PUBLIC        p10_input_config
  C:3CB5H         PUBLIC        p13_input_config
  C:3CC2H         PUBLIC        p14_input_config
  C:3CCFH         PUBLIC        p21_input_config
  C:3CDCH         PUBLIC        p22_input_config
  C:3CE9H         PUBLIC        p23_input_config
  C:3CF6H         PUBLIC        p25_input_config
  C:3D03H         PUBLIC        p27_input_config
  C:3D10H         PUBLIC        p30_input_config
  -------         PROC          P03_OUTPUT_CONFIG
  C:3C32H         LINE#         67
  C:3C32H         LINE#         68
  C:3C32H         LINE#         69
  C:3C38H         LINE#         70
  C:3C3CH         LINE#         72
  C:3C41H         LINE#         73
  -------         ENDPROC       P03_OUTPUT_CONFIG
  -------         PROC          P06_INPUT_CONFIG
  C:3C8EH         LINE#         90
  C:3C8EH         LINE#         91
  C:3C8EH         LINE#         93
  C:3C94H         LINE#         95
  C:3C9AH         LINE#         96
  -------         ENDPROC       P06_INPUT_CONFIG
  -------         PROC          P07_INPUT_CONFIG
  C:3C9BH         LINE#         99
  C:3C9BH         LINE#         100
  C:3C9BH         LINE#         102
  C:3CA1H         LINE#         104
  C:3CA7H         LINE#         105
  -------         ENDPROC       P07_INPUT_CONFIG
  -------         PROC          P10_INPUT_CONFIG
  C:3CA8H         LINE#         108
  C:3CA8H         LINE#         109
  C:3CA8H         LINE#         111
  C:3CAEH         LINE#         113
  C:3CB4H         LINE#         114
  -------         ENDPROC       P10_INPUT_CONFIG
  -------         PROC          P13_INPUT_CONFIG
  C:3CB5H         LINE#         117
  C:3CB5H         LINE#         118
  C:3CB5H         LINE#         120
  C:3CBBH         LINE#         122
  C:3CC1H         LINE#         123
  -------         ENDPROC       P13_INPUT_CONFIG
BL51 BANKED LINKER/LOCATER V6.22.4.0                                                  05/26/2025  16:52:39  PAGE 15


  -------         PROC          P14_INPUT_CONFIG
  C:3CC2H         LINE#         126
  C:3CC2H         LINE#         127
  C:3CC2H         LINE#         129
  C:3CC8H         LINE#         131
  C:3CCEH         LINE#         132
  -------         ENDPROC       P14_INPUT_CONFIG
  -------         PROC          P21_INPUT_CONFIG
  C:3CCFH         LINE#         144
  C:3CCFH         LINE#         145
  C:3CCFH         LINE#         147
  C:3CD5H         LINE#         149
  C:3CDBH         LINE#         150
  -------         ENDPROC       P21_INPUT_CONFIG
  -------         PROC          P22_INPUT_CONFIG
  C:3CDCH         LINE#         153
  C:3CDCH         LINE#         154
  C:3CDCH         LINE#         156
  C:3CE2H         LINE#         158
  C:3CE8H         LINE#         159
  -------         ENDPROC       P22_INPUT_CONFIG
  -------         PROC          P23_INPUT_CONFIG
  C:3CE9H         LINE#         162
  C:3CE9H         LINE#         163
  C:3CE9H         LINE#         165
  C:3CEFH         LINE#         167
  C:3CF5H         LINE#         168
  -------         ENDPROC       P23_INPUT_CONFIG
  -------         PROC          P25_INPUT_CONFIG
  C:3CF6H         LINE#         171
  C:3CF6H         LINE#         172
  C:3CF6H         LINE#         174
  C:3CFCH         LINE#         176
  C:3D02H         LINE#         177
  -------         ENDPROC       P25_INPUT_CONFIG
  -------         PROC          P27_INPUT_CONFIG
  C:3D03H         LINE#         180
  C:3D03H         LINE#         181
  C:3D03H         LINE#         183
  C:3D09H         LINE#         185
  C:3D0FH         LINE#         186
  -------         ENDPROC       P27_INPUT_CONFIG
  -------         PROC          P30_INPUT_CONFIG
  C:3D10H         LINE#         189
  C:3D10H         LINE#         190
  C:3D10H         LINE#         192
  C:3D16H         LINE#         194
  C:3D1CH         LINE#         195
  -------         ENDPROC       P30_INPUT_CONFIG
  -------         ENDMOD        MY_GPIO

  -------         MODULE        TMR0
  C:0000H         SYMBOL        _ICE_DUMMY_
  D:00A8H         PUBLIC        IE0
  D:00A9H         PUBLIC        IE1
  D:00AAH         PUBLIC        IE2
  D:00ABH         PUBLIC        IE3
BL51 BANKED LINKER/LOCATER V6.22.4.0                                                  05/26/2025  16:52:39  PAGE 16


  B:00A8H.7       PUBLIC        IE_EA
  D:00B8H         PUBLIC        IP0
  D:00B1H         PUBLIC        IP1
  D:00B2H         PUBLIC        IP2
  D:00B3H         PUBLIC        IP3
  D:00B4H         PUBLIC        IP4
  D:00B5H         PUBLIC        IP5
  D:00B6H         PUBLIC        IP6
  D:00B7H         PUBLIC        IP7
  X:600CH         PUBLIC        tmr0_cnt
  C:37BFH         PUBLIC        tmr0_config
  C:3D44H         PUBLIC        tmr0_enable
  C:3C42H         PUBLIC        tmr0_disable
  C:34A3H         PUBLIC        TIMR0_IRQHandler
  C:3D72H         SYMBOL        Com004E
  C:3D72H         SYMBOL        L?0079
  C:3D72H         SYMBOL        L?0080
  -------         PROC          COM004E
  -------         ENDPROC       COM004E
  -------         PROC          TMR0_CONFIG
  C:37BFH         LINE#         13
  C:37BFH         LINE#         14
  C:37BFH         LINE#         15
  C:37C5H         LINE#         16
  C:37C8H         LINE#         17
  C:37CAH         LINE#         20
  C:37CEH         LINE#         21
  C:37D0H         LINE#         23
  C:37D6H         LINE#         24
  C:37DAH         LINE#         25
  C:37DEH         LINE#         26
  C:37E2H         LINE#         28
  C:37E7H         LINE#         29
  C:37EBH         LINE#         31
  C:37F0H         LINE#         32
  C:37F4H         LINE#         34
  C:37F4H         LINE#         35
  C:37FAH         LINE#         36
  -------         ENDPROC       TMR0_CONFIG
  -------         PROC          TMR0_ENABLE
  C:3D44H         LINE#         41
  C:3D44H         LINE#         42
  C:3D44H         LINE#         44
  C:3D44H         LINE#         45
  C:3D4AH         LINE#         47
  C:3D4DH         LINE#         48
  C:3D4FH         LINE#         49
  -------         ENDPROC       TMR0_ENABLE
  -------         PROC          TMR0_DISABLE
  C:3C42H         LINE#         54
  C:3C42H         LINE#         55
  C:3C42H         LINE#         57
  C:3C42H         LINE#         58
  C:3C48H         LINE#         61
  C:3C4CH         LINE#         62
  C:3C4EH         LINE#         64
  C:3C51H         LINE#         65
BL51 BANKED LINKER/LOCATER V6.22.4.0                                                  05/26/2025  16:52:39  PAGE 17


  -------         ENDPROC       TMR0_DISABLE
  -------         PROC          TIMR0_IRQHANDLER
  C:34A3H         LINE#         68
  C:34BAH         LINE#         71
  C:34BAH         LINE#         77
  C:34C0H         LINE#         78
  C:34C0H         LINE#         79
  C:34C4H         LINE#         80
  C:34DDH         LINE#         82
  C:34DDH         LINE#         86
  C:34DDH         LINE#         87
  -------         ENDPROC       TIMR0_IRQHANDLER
  -------         ENDMOD        TMR0

  -------         MODULE        TMR1
  C:0000H         SYMBOL        _ICE_DUMMY_
  D:00A8H         PUBLIC        IE0
  D:00A9H         PUBLIC        IE1
  D:00AAH         PUBLIC        IE2
  D:00ABH         PUBLIC        IE3
  B:00A8H.7       PUBLIC        IE_EA
  D:00B8H         PUBLIC        IP0
  D:00B1H         PUBLIC        IP1
  D:00B2H         PUBLIC        IP2
  D:00B3H         PUBLIC        IP3
  D:00B4H         PUBLIC        IP4
  D:00B5H         PUBLIC        IP5
  D:00B6H         PUBLIC        IP6
  D:00B7H         PUBLIC        IP7
  D:00D1H         PUBLIC        TMR_ALLCON
  C:3745H         PUBLIC        tmr1_config
  C:3C52H         PUBLIC        tmr1_enable
  C:16F2H         PUBLIC        heart_beat_handle
  X:6513H         PUBLIC        tmr1_cnt
  C:33A1H         PUBLIC        TIMR1_IRQHandler
  C:32DDH         SYMBOL        Com0055
  C:32DDH         SYMBOL        L?0086
  C:32ECH         SYMBOL        L?0087
  C:32F5H         SYMBOL        L?0088
  C:3306H         SYMBOL        L?0089
  C:330DH         SYMBOL        L?0090
  C:3310H         SYMBOL        L?0091
  C:3316H         SYMBOL        L?0092
  C:3316H         SYMBOL        L?0093
  C:331EH         SYMBOL        L?0094
  C:331EH         SYMBOL        L?0095
  C:3324H         SYMBOL        L?0096
  C:3335H         SYMBOL        L?0097
  -------         PROC          COM0055
  -------         ENDPROC       COM0055
  -------         PROC          TMR1_CONFIG
  C:3745H         LINE#         15
  C:3745H         LINE#         16
  C:3745H         LINE#         17
  C:374BH         LINE#         18
  C:374EH         LINE#         19
  C:3750H         LINE#         21
BL51 BANKED LINKER/LOCATER V6.22.4.0                                                  05/26/2025  16:52:39  PAGE 18


  C:3753H         LINE#         23
  C:3759H         LINE#         24
  C:375DH         LINE#         25
  C:3761H         LINE#         26
  C:3765H         LINE#         28
  C:376AH         LINE#         29
  C:376EH         LINE#         32
  C:3773H         LINE#         33
  C:3777H         LINE#         35
  C:377DH         LINE#         36
  C:3781H         LINE#         37
  -------         ENDPROC       TMR1_CONFIG
  -------         PROC          TMR1_ENABLE
  C:3C52H         LINE#         42
  C:3C52H         LINE#         43
  C:3C52H         LINE#         45
  C:3C58H         LINE#         46
  C:3C5CH         LINE#         48
  C:3C5FH         LINE#         49
  C:3C61H         LINE#         50
  -------         ENDPROC       TMR1_ENABLE
  -------         PROC          HEART_BEAT_HANDLE
  -------         DO            
  X:650FH         SYMBOL        old_time_ms_cnt
  X:63F1H         SYMBOL        cur_time_ms_cnt
  X:63F5H         SYMBOL        diff_ms_cnt
  -------         ENDDO         
  C:16F2H         LINE#         68
  C:16F2H         LINE#         69
  C:16F2H         LINE#         71
  C:16FEH         LINE#         72
  C:1708H         LINE#         73
  C:1712H         LINE#         74
  C:1727H         LINE#         75
  C:1731H         LINE#         77
  C:1741H         LINE#         78
  C:1741H         LINE#         80
  C:174DH         LINE#         81
  C:174DH         LINE#         83
  C:175CH         LINE#         84
  C:175CH         LINE#         86
  C:1762H         LINE#         87
  C:1773H         LINE#         88
  C:1773H         LINE#         89
  C:177FH         LINE#         90
  C:1786H         LINE#         95
  C:1792H         LINE#         96
  C:179CH         LINE#         97
  C:179EH         LINE#         98
  C:179EH         LINE#         99
  C:179EH         LINE#         101
  C:17ADH         LINE#         102
  C:17ADH         LINE#         104
  C:17B3H         LINE#         105
  C:17C4H         LINE#         106
  C:17C4H         LINE#         107
  C:17D0H         LINE#         108
BL51 BANKED LINKER/LOCATER V6.22.4.0                                                  05/26/2025  16:52:39  PAGE 19


  C:17D7H         LINE#         113
  C:17E3H         LINE#         114
  C:17EDH         LINE#         115
  C:17EFH         LINE#         116
  C:17EFH         LINE#         117
  C:17EFH         LINE#         119
  C:17FAH         LINE#         120
  C:17FAH         LINE#         122
  C:1809H         LINE#         123
  C:1809H         LINE#         125
  C:1814H         LINE#         126
  C:1814H         LINE#         128
  C:1823H         LINE#         129
  C:1823H         LINE#         131
  C:182AH         LINE#         132
  C:182AH         LINE#         134
  C:1830H         LINE#         135
  C:1841H         LINE#         136
  C:1841H         LINE#         138
  C:1845H         LINE#         139
  C:1849H         LINE#         140
  C:1849H         LINE#         141
  C:1849H         LINE#         143
  C:1850H         LINE#         144
  C:1850H         LINE#         147
  C:1856H         LINE#         148
  C:1867H         LINE#         149
  C:1867H         LINE#         151
  C:186BH         LINE#         152
  C:186FH         LINE#         153
  C:186FH         LINE#         154
  C:186FH         LINE#         156
  C:1876H         LINE#         157
  C:1876H         LINE#         160
  C:187CH         LINE#         161
  C:188DH         LINE#         162
  C:188DH         LINE#         164
  C:1891H         LINE#         165
  C:1895H         LINE#         166
  C:1895H         LINE#         167
  C:1895H         LINE#         169
  C:18A0H         LINE#         170
  C:18A0H         LINE#         171
  C:18AAH         LINE#         172
  C:18AAH         LINE#         174
  C:18B8H         LINE#         175
  C:18B8H         LINE#         176
  C:18C4H         LINE#         177
  C:18C4H         LINE#         178
  -------         ENDPROC       HEART_BEAT_HANDLE
  -------         PROC          TIMR1_IRQHANDLER
  C:33A1H         LINE#         181
  C:33B8H         LINE#         184
  C:33B8H         LINE#         205
  C:33BEH         LINE#         206
  C:33BEH         LINE#         207
  C:33C2H         LINE#         209
BL51 BANKED LINKER/LOCATER V6.22.4.0                                                  05/26/2025  16:52:39  PAGE 20


  C:33CEH         LINE#         211
  C:33CEH         LINE#         231
  C:33D7H         LINE#         232
  C:33D7H         LINE#         233
  C:33DAH         LINE#         234
  C:33DAH         LINE#         236
  C:33E3H         LINE#         237
  C:33E3H         LINE#         238
  C:33E6H         LINE#         239
  C:33E6H         LINE#         240
  C:33E6H         LINE#         241
  C:33E6H         LINE#         245
  C:33E6H         LINE#         246
  -------         ENDPROC       TIMR1_IRQHANDLER
  -------         ENDMOD        TMR1

  -------         MODULE        TMR2
  C:0000H         SYMBOL        _ICE_DUMMY_
  D:00A8H         PUBLIC        IE0
  D:00A9H         PUBLIC        IE1
  D:00AAH         PUBLIC        IE2
  D:00ABH         PUBLIC        IE3
  B:00A8H.7       PUBLIC        IE_EA
  D:00B8H         PUBLIC        IP0
  D:00B1H         PUBLIC        IP1
  D:00B2H         PUBLIC        IP2
  D:00B3H         PUBLIC        IP3
  D:00B4H         PUBLIC        IP4
  D:00B5H         PUBLIC        IP5
  D:00B6H         PUBLIC        IP6
  D:00B7H         PUBLIC        IP7
  B:0080H.2       PUBLIC        P02
  B:0090H.5       PUBLIC        P15
  D:00D1H         PUBLIC        TMR_ALLCON
  C:360BH         PUBLIC        tmr2_config
  C:3C10H         PUBLIC        tmr2_enable
  C:2FA3H         PUBLIC        TIMR2_IRQHandler
  C:3AF4H         SYMBOL        Com004B
  C:3AF4H         SYMBOL        L?0076
  C:3B05H         SYMBOL        L?0077
  -------         PROC          COM004B
  -------         ENDPROC       COM004B
  -------         PROC          TMR2_CONFIG
  C:360BH         LINE#         14
  C:360BH         LINE#         15
  C:360BH         LINE#         16
  C:3611H         LINE#         17
  C:3614H         LINE#         18
  C:3616H         LINE#         21
  C:3619H         LINE#         23
  C:3620H         LINE#         24
  C:3622H         LINE#         25
  C:3626H         LINE#         26
  C:362AH         LINE#         29
  C:3630H         LINE#         30
  C:3636H         LINE#         32
  C:363DH         LINE#         33
BL51 BANKED LINKER/LOCATER V6.22.4.0                                                  05/26/2025  16:52:39  PAGE 21


  C:3641H         LINE#         34
  C:3646H         LINE#         35
  C:364AH         LINE#         36
  -------         ENDPROC       TMR2_CONFIG
  -------         PROC          TMR2_ENABLE
  C:3C10H         LINE#         41
  C:3C10H         LINE#         42
  C:3C10H         LINE#         44
  C:3C17H         LINE#         45
  C:3C1BH         LINE#         47
  C:3C1EH         LINE#         48
  C:3C20H         LINE#         49
  -------         ENDPROC       TMR2_ENABLE
  -------         PROC          TIMR2_IRQHANDLER
  -------         DO            
  B:0023H.4       SYMBOL        last_engine_speed_scan_level
  B:0023H.5       SYMBOL        last_speed_scan_level
  -------         ENDDO         
  C:2FA3H         LINE#         68
  C:2FC0H         LINE#         75
  C:2FC0H         LINE#         80
  C:2FC7H         LINE#         81
  C:2FC7H         LINE#         82
  C:2FCBH         LINE#         84
  C:2FCEH         LINE#         85
  C:2FCEH         LINE#         86
  C:2FD1H         LINE#         87
  C:2FD1H         LINE#         89
  C:2FD9H         LINE#         90
  C:2FD9H         LINE#         91
  C:2FE5H         LINE#         92
  C:2FE5H         LINE#         93
  C:2FE5H         LINE#         95
  C:2FE7H         LINE#         96
  C:2FE9H         LINE#         98
  C:2FE9H         LINE#         100
  C:2FEBH         LINE#         101
  C:2FEBH         LINE#         103
  C:2FEEH         LINE#         104
  C:2FEEH         LINE#         105
  C:2FF1H         LINE#         106
  C:2FF1H         LINE#         108
  C:2FF9H         LINE#         109
  C:2FF9H         LINE#         110
  C:3005H         LINE#         111
  C:3005H         LINE#         112
  C:3005H         LINE#         114
  C:3007H         LINE#         115
  C:3009H         LINE#         117
  C:3009H         LINE#         119
  C:300BH         LINE#         120
  C:300BH         LINE#         121
  C:300BH         LINE#         125
  C:300BH         LINE#         126
  -------         ENDPROC       TIMR2_IRQHANDLER
  -------         ENDMOD        TMR2

BL51 BANKED LINKER/LOCATER V6.22.4.0                                                  05/26/2025  16:52:39  PAGE 22


  -------         MODULE        UART0
  C:0000H         SYMBOL        _ICE_DUMMY_
  D:00A8H         PUBLIC        IE0
  D:00A9H         PUBLIC        IE1
  D:00AAH         PUBLIC        IE2
  D:00ABH         PUBLIC        IE3
  B:00A8H.7       PUBLIC        IE_EA
  D:00B8H         PUBLIC        IP0
  D:00B1H         PUBLIC        IP1
  D:00B2H         PUBLIC        IP2
  D:00B3H         PUBLIC        IP3
  D:00B4H         PUBLIC        IP4
  D:00B5H         PUBLIC        IP5
  D:00B6H         PUBLIC        IP6
  D:00B7H         PUBLIC        IP7
  D:00D2H         PUBLIC        UART0_CON0
  D:00D4H         PUBLIC        UART0_STA
  D:00D5H         PUBLIC        UART0_BAUD0
  D:00D6H         PUBLIC        UART0_BAUD1
  D:00D7H         PUBLIC        UART0_DATA
  C:3C72H         PUBLIC        _putchar
  X:6463H         PUBLIC        uart0_recv_buf
  X:6477H         PUBLIC        uart0_recv_len
  X:6478H         PUBLIC        recved_flagbuf
  X:6479H         PUBLIC        recv_frame_cnt
  X:647AH         PUBLIC        flagbuf_valid_instruction
  C:3967H         PUBLIC        uart0_config
  C:3D1DH         PUBLIC        _uart0_sendbyte
  C:2180H         PUBLIC        uart0_scan_handle
  B:0024H.1       SYMBOL        flag_is_recving_data
  X:647BH         SYMBOL        frame_len
  X:647CH         SYMBOL        cur_recv_len
  X:647DH         SYMBOL        blank_index
  C:1F14H         PUBLIC        UART0_IRQHandler
  C:33FBH         SYMBOL        Com005A
  C:33FBH         SYMBOL        L?0091
  C:3404H         SYMBOL        L?0092
  C:340CH         SYMBOL        L?0093
  C:3413H         SYMBOL        L?0094
  C:341BH         SYMBOL        L?0095
  C:342DH         SYMBOL        L?0096
  C:3430H         SYMBOL        L?0097
  C:3438H         SYMBOL        L?0098
  C:3444H         SYMBOL        L?0099
  C:344EH         SYMBOL        L?0100
  -------         PROC          COM005A
  -------         ENDPROC       COM005A
  -------         PROC          _PUTCHAR
  X:6419H         SYMBOL        c
  C:3C72H         LINE#         28
  C:3C77H         LINE#         29
  C:3C77H         LINE#         30
  C:3C7AH         LINE#         31
  C:3C7FH         LINE#         32
  -------         ENDPROC       _PUTCHAR
  -------         PROC          UART0_CONFIG
  C:3967H         LINE#         36
BL51 BANKED LINKER/LOCATER V6.22.4.0                                                  05/26/2025  16:52:39  PAGE 23


  C:3967H         LINE#         37
  C:3967H         LINE#         39
  C:396DH         LINE#         40
  C:3971H         LINE#         41
  C:3975H         LINE#         42
  C:397CH         LINE#         43
  C:3983H         LINE#         57
  C:3986H         LINE#         58
  C:3988H         LINE#         60
  C:398BH         LINE#         61
  C:398EH         LINE#         62
  C:3991H         LINE#         67
  -------         ENDPROC       UART0_CONFIG
  -------         PROC          UART0_IRQHANDLER
  -------         DO            
  X:6420H         SYMBOL        uart0_tmp_val
  -------         ENDDO         
  C:1F14H         LINE#         70
  C:1F31H         LINE#         72
  C:1F36H         LINE#         75
  C:1F36H         LINE#         80
  C:1F3EH         LINE#         81
  C:1F3EH         LINE#         83
  C:1F41H         LINE#         85
  C:1F51H         LINE#         87
  C:1F51H         LINE#         91
  C:1F51H         LINE#         92
  C:1F51H         LINE#         93
  C:1F54H         LINE#         95
  C:1F54H         LINE#         98
  C:1F5BH         LINE#         99
  C:1F5BH         LINE#         102
  C:1F5DH         LINE#         103
  C:1F5DH         LINE#         104
  C:1F60H         LINE#         105
  C:1F63H         LINE#         106
  C:1F6DH         LINE#         107
  C:1F70H         LINE#         108
  C:1F70H         LINE#         110
  C:1F77H         LINE#         111
  C:1F77H         LINE#         113
  C:1F7FH         LINE#         116
  C:1F7FH         LINE#         119
  C:1F88H         LINE#         120
  C:1F88H         LINE#         122
  C:1FB7H         LINE#         124
  C:1FC1H         LINE#         127
  C:1FCEH         LINE#         129
  C:1FCEH         LINE#         131
  C:1FE1H         LINE#         133
  C:1FE3H         LINE#         134
  C:1FE3H         LINE#         135
  C:1FE6H         LINE#         137
  C:1FECH         LINE#         138
  C:1FF2H         LINE#         140
  C:200BH         LINE#         141
  C:201AH         LINE#         142
BL51 BANKED LINKER/LOCATER V6.22.4.0                                                  05/26/2025  16:52:39  PAGE 24


  C:201AH         LINE#         143
  C:2024H         LINE#         144
  C:2024H         LINE#         169
  C:2024H         LINE#         170
  C:2027H         LINE#         171
  C:2031H         LINE#         172
  C:2031H         LINE#         174
  C:2031H         LINE#         175
  C:2031H         LINE#         177
  C:2031H         LINE#         182
  C:2031H         LINE#         186
  C:2031H         LINE#         187
  -------         ENDPROC       UART0_IRQHANDLER
  -------         PROC          _UART0_SENDBYTE
  D:0007H         SYMBOL        senddata
  C:3D1DH         LINE#         190
  C:3D1DH         LINE#         191
  C:3D1DH         LINE#         192
  C:3D22H         LINE#         194
  C:3D24H         LINE#         195
  C:3D29H         LINE#         197
  -------         ENDPROC       _UART0_SENDBYTE
  -------         PROC          UART0_SCAN_HANDLE
  -------         DO            
  X:653AH         SYMBOL        i
  X:653BH         SYMBOL        checksum
  B:0024H.0       SYMBOL        __flag_is_crc_or_len_err
  -------         DO            
  X:653CH         SYMBOL        __loop_crc_cnt
  -------         ENDDO         
  -------         ENDDO         
  C:2180H         LINE#         213
  C:2180H         LINE#         214
  C:2180H         LINE#         215
  C:2185H         LINE#         216
  C:2187H         LINE#         217
  C:2189H         LINE#         221
  C:219AH         LINE#         222
  C:219AH         LINE#         226
  C:219DH         LINE#         227
  C:21A7H         LINE#         230
  C:21ACH         LINE#         231
  C:21B0H         LINE#         232
  C:21B3H         LINE#         266
  C:21B3H         LINE#         270
  C:21C5H         LINE#         271
  C:21C5H         LINE#         272
  C:21D1H         LINE#         273
  C:21D1H         LINE#         277
  C:21EEH         LINE#         278
  C:21EEH         LINE#         287
  C:21F7H         LINE#         288
  C:21F7H         LINE#         289
  C:2208H         LINE#         292
  C:2208H         LINE#         294
  C:2208H         LINE#         295
  C:220DH         LINE#         296
BL51 BANKED LINKER/LOCATER V6.22.4.0                                                  05/26/2025  16:52:39  PAGE 25


  C:2211H         LINE#         297
  C:2222H         LINE#         298
  C:2222H         LINE#         299
  C:223EH         LINE#         300
  C:2244H         LINE#         303
  C:2249H         LINE#         304
  C:2268H         LINE#         305
  C:2268H         LINE#         307
  C:226AH         LINE#         308
  C:226AH         LINE#         309
  C:226AH         LINE#         311
  C:226DH         LINE#         312
  C:226DH         LINE#         338
  C:226FH         LINE#         339
  C:2279H         LINE#         340
  C:2279H         LINE#         341
  C:228AH         LINE#         342
  C:228AH         LINE#         345
  C:229AH         LINE#         346
  C:229AH         LINE#         347
  C:22A3H         LINE#         348
  -------         ENDPROC       UART0_SCAN_HANDLE
  -------         ENDMOD        UART0

  -------         MODULE        ADC
  C:0000H         SYMBOL        _ICE_DUMMY_
  D:0093H         PUBLIC        ADC_DATAH0
  D:0094H         PUBLIC        ADC_DATAL0
  D:0099H         PUBLIC        ADC_CHS0
  X:6540H         PUBLIC        adc_val
  C:3B30H         PUBLIC        adc_config
  C:35C9H         PUBLIC        _adc_sel_pin
  C:0027H         PUBLIC        adc_single_convert
  C:2460H         PUBLIC        adc_getval
  C:3B68H         SYMBOL        Com0012
  C:3B68H         SYMBOL        L?0019
  C:3B68H         SYMBOL        L?0020
  C:3B74H         SYMBOL        L?0021
  C:3B7DH         SYMBOL        L?0022
  -------         PROC          COM0012
  -------         ENDPROC       COM0012
  -------         PROC          ADC_CONFIG
  C:3B30H         LINE#         7
  C:3B30H         LINE#         8
  C:3B30H         LINE#         10
  C:3B36H         LINE#         12
  C:3B3AH         LINE#         14
  C:3B3FH         LINE#         16
  C:3B43H         LINE#         23
  C:3B43H         LINE#         24
  C:3B46H         LINE#         25
  C:3B4CH         LINE#         28
  -------         ENDPROC       ADC_CONFIG
  -------         PROC          _ADC_SEL_PIN
  D:0007H         SYMBOL        adc_pin
  C:35C9H         LINE#         32
  C:35C9H         LINE#         33
BL51 BANKED LINKER/LOCATER V6.22.4.0                                                  05/26/2025  16:52:39  PAGE 26


  C:35C9H         LINE#         34
  C:35D8H         LINE#         35
  C:35D8H         LINE#         36
  C:35D8H         LINE#         37
  C:35DFH         LINE#         38
  C:35E3H         LINE#         39
  C:35E6H         LINE#         41
  C:35E8H         LINE#         44
  C:35E8H         LINE#         45
  C:35E8H         LINE#         46
  C:35EBH         LINE#         47
  C:35EEH         LINE#         49
  C:35F0H         LINE#         51
  C:35F0H         LINE#         52
  C:35F0H         LINE#         53
  C:35F3H         LINE#         54
  C:35F6H         LINE#         56
  C:35F8H         LINE#         58
  C:35F8H         LINE#         59
  C:35F8H         LINE#         60
  C:35FBH         LINE#         61
  C:35FEH         LINE#         63
  C:35FEH         LINE#         64
  C:35FEH         LINE#         66
  C:3604H         LINE#         69
  -------         ENDPROC       _ADC_SEL_PIN
  -------         PROC          ADC_SINGLE_CONVERT
  C:0027H         LINE#         73
  C:0027H         LINE#         74
  C:0027H         LINE#         75
  C:002DH         LINE#         76
  C:0033H         LINE#         78
  C:0036H         LINE#         79
  C:0049H         LINE#         80
  -------         ENDPROC       ADC_SINGLE_CONVERT
  -------         PROC          ADC_GETVAL
  -------         DO            
  X:64F2H         SYMBOL        adc_val_tmp
  X:64F4H         SYMBOL        adc_val_sum
  X:64F8H         SYMBOL        get_adcmax
  X:64FAH         SYMBOL        get_adcmin
  X:64FCH         SYMBOL        i
  -------         ENDDO         
  C:2460H         LINE#         83
  C:2460H         LINE#         84
  C:2460H         LINE#         85
  C:2467H         LINE#         86
  C:246FH         LINE#         87
  C:2476H         LINE#         88
  C:247CH         LINE#         89
  C:247FH         LINE#         91
  C:2480H         LINE#         92
  C:2480H         LINE#         93
  C:248BH         LINE#         94
  C:2494H         LINE#         95
  C:2494H         LINE#         96
  C:24AAH         LINE#         97
BL51 BANKED LINKER/LOCATER V6.22.4.0                                                  05/26/2025  16:52:39  PAGE 27


  C:24B2H         LINE#         98
  C:24C1H         LINE#         99
  C:24D0H         LINE#         100
  C:24E8H         LINE#         101
  C:24F4H         LINE#         103
  C:250CH         LINE#         104
  C:2523H         LINE#         105
  C:2533H         LINE#         107
  C:2533H         LINE#         108
  -------         ENDPROC       ADC_GETVAL
  -------         ENDMOD        ADC

  -------         MODULE        FLASH
  C:0000H         SYMBOL        _ICE_DUMMY_
  D:00A4H         PUBLIC        FLASH_CON
  D:00A5H         PUBLIC        FLASH_STA
  D:00A6H         PUBLIC        FLASH_DATA
  D:00AEH         PUBLIC        FLASH_PASSWORD
  D:00AFH         PUBLIC        FLASH_ADDR
  C:3C21H         PUBLIC        _flash_erase_sector
  C:3835H         PUBLIC        _flash_write
  C:38A1H         PUBLIC        _flash_read
  -------         PROC          _FLASH_ERASE_SECTOR
  D:0007H         SYMBOL        addr
  C:3C21H         LINE#         11
  C:3C21H         LINE#         12
  C:3C21H         LINE#         13
  C:3C24H         LINE#         14
  C:3C26H         LINE#         15
  C:3C29H         LINE#         16
  C:3C2CH         LINE#         18
  C:3C31H         LINE#         20
  -------         ENDPROC       _FLASH_ERASE_SECTOR
  -------         PROC          _FLASH_WRITE
  D:0007H         SYMBOL        addr
  X:6526H         SYMBOL        p_data
  X:6529H         SYMBOL        len
  C:3835H         LINE#         29
  C:383BH         LINE#         30
  C:383BH         LINE#         31
  C:383EH         LINE#         32
  C:3840H         LINE#         34
  C:3849H         LINE#         35
  C:3849H         LINE#         36
  C:384EH         LINE#         38
  C:385DH         LINE#         39
  C:3860H         LINE#         40
  C:3863H         LINE#         42
  C:3869H         LINE#         43
  C:386BH         LINE#         44
  -------         ENDPROC       _FLASH_WRITE
  -------         PROC          _FLASH_READ
  D:0007H         SYMBOL        addr
  X:63F2H         SYMBOL        p_data
  X:63F5H         SYMBOL        len
  C:38A1H         LINE#         53
  C:38A7H         LINE#         54
BL51 BANKED LINKER/LOCATER V6.22.4.0                                                  05/26/2025  16:52:39  PAGE 28


  C:38A7H         LINE#         55
  C:38ADH         LINE#         56
  C:38ADH         LINE#         57
  C:38CCH         LINE#         58
  C:38D2H         LINE#         59
  C:38D4H         LINE#         60
  -------         ENDPROC       _FLASH_READ
  -------         ENDMOD        FLASH

  -------         MODULE        AIP1302
  C:0000H         SYMBOL        _ICE_DUMMY_
  B:0090H.6       PUBLIC        P16
  B:0090H.7       PUBLIC        P17
  B:00A0H.4       PUBLIC        P24
  C:2CE1H         PUBLIC        ___aip1302_read_byte
  C:000FH         PUBLIC        aip1302_is_running
  C:3197H         PUBLIC        aip1302_config
  C:3BE4H         PUBLIC        _aip1302_read_byte
  C:291EH         PUBLIC        _aip1302_write_byte
  C:368AH         PUBLIC        aip1302_update_time
  C:353EH         PUBLIC        aip1302_read_all
  C:22A4H         PUBLIC        aip1302_test
  C:364BH         PUBLIC        aip1302_update_all_data
  C:3B83H         SYMBOL        _reverse_u8
  C:3208H         SYMBOL        ___aip1302_convert_read_byte
  C:2D73H         SYMBOL        ___aip1302_write_byte
  C:3939H         SYMBOL        Com0047
  C:3939H         SYMBOL        L?0072
  C:393BH         SYMBOL        L?0073
  C:394BH         SYMBOL        L?0078
  C:3956H         SYMBOL        L?0080
  C:3960H         SYMBOL        L?0081
  -------         PROC          COM0047
  -------         ENDPROC       COM0047
  -------         PROC          AIP1302_CONFIG
  -------         DO            
  D:0007H         SYMBOL        ret
  -------         ENDDO         
  C:3197H         LINE#         6
  C:3197H         LINE#         7
  C:3197H         LINE#         8
  C:3199H         LINE#         12
  C:319FH         LINE#         13
  C:31A3H         LINE#         14
  C:31A8H         LINE#         16
  C:31ACH         LINE#         17
  C:31B0H         LINE#         18
  C:31B5H         LINE#         20
  C:31B5H         LINE#         21
  C:31B5H         LINE#         22
  C:31B8H         LINE#         24
  C:31BAH         LINE#         25
  C:31BCH         LINE#         30
  C:31BFH         LINE#         31
  C:31C4H         LINE#         32
  C:31C4H         LINE#         34
  C:31CBH         LINE#         35
BL51 BANKED LINKER/LOCATER V6.22.4.0                                                  05/26/2025  16:52:39  PAGE 29


  C:31CDH         LINE#         37
  C:31CDH         LINE#         39
  C:31D4H         LINE#         41
  C:31DBH         LINE#         42
  C:31E2H         LINE#         43
  C:31E9H         LINE#         44
  C:31F0H         LINE#         45
  C:31F7H         LINE#         46
  C:31FEH         LINE#         47
  C:3205H         LINE#         48
  C:3205H         LINE#         51
  -------         ENDPROC       AIP1302_CONFIG
  -------         PROC          _REVERSE_U8
  D:0007H         SYMBOL        arg
  -------         DO            
  D:0006H         SYMBOL        tmp
  D:0005H         SYMBOL        i
  -------         ENDDO         
  C:3B83H         LINE#         55
  C:3B83H         LINE#         56
  C:3B83H         LINE#         58
  C:3B85H         LINE#         61
  C:3B85H         LINE#         62
  C:3B85H         LINE#         63
  C:3B89H         LINE#         64
  C:3B8DH         LINE#         65
  C:3B8DH         LINE#         66
  C:3B91H         LINE#         67
  C:3B91H         LINE#         69
  C:3B91H         LINE#         70
  C:3B91H         LINE#         71
  C:3B95H         LINE#         72
  C:3B9AH         LINE#         74
  C:3B9CH         LINE#         75
  -------         ENDPROC       _REVERSE_U8
  -------         PROC          ___AIP1302_CONVERT_READ_BYTE
  D:0004H         SYMBOL        cmd
  D:0005H         SYMBOL        byte
  -------         DO            
  D:0007H         SYMBOL        tmp
  X:63F2H         SYMBOL        i
  -------         DO            
  X:63F3H         SYMBOL        tens_place
  X:63F4H         SYMBOL        one_place
  -------         ENDDO         
  -------         ENDDO         
  C:3208H         LINE#         78
  C:320AH         LINE#         79
  C:320AH         LINE#         80
  C:320BH         LINE#         81
  C:320FH         LINE#         84
  C:3214H         LINE#         93
  C:3232H         LINE#         94
  C:3232H         LINE#         95
  C:3237H         LINE#         96
  C:3239H         LINE#         99
  C:3242H         LINE#         100
BL51 BANKED LINKER/LOCATER V6.22.4.0                                                  05/26/2025  16:52:39  PAGE 30


  C:3242H         LINE#         103
  C:3246H         LINE#         104
  C:3248H         LINE#         105
  C:3251H         LINE#         106
  C:3251H         LINE#         108
  C:3255H         LINE#         109
  C:3257H         LINE#         110
  C:325BH         LINE#         111
  C:325BH         LINE#         113
  C:325FH         LINE#         114
  C:325FH         LINE#         116
  C:3268H         LINE#         117
  C:326EH         LINE#         118
  C:3275H         LINE#         119
  C:3275H         LINE#         121
  C:3275H         LINE#         122
  -------         ENDPROC       ___AIP1302_CONVERT_READ_BYTE
  C:2D55H         SYMBOL        L?0075
  C:2D5FH         SYMBOL        L?0076
  -------         PROC          ___AIP1302_READ_BYTE
  X:63F2H         SYMBOL        cmd
  -------         DO            
  X:63F3H         SYMBOL        recv_data
  X:63F4H         SYMBOL        i
  -------         ENDDO         
  C:2CE1H         LINE#         125
  C:2CE6H         LINE#         126
  C:2CE6H         LINE#         127
  C:2CE9H         LINE#         128
  C:2CE9H         LINE#         131
  C:2CE9H         LINE#         132
  C:2CE9H         LINE#         133
  C:2CECH         LINE#         135
  C:2CECH         LINE#         136
  C:2CECH         LINE#         137
  C:2CECH         LINE#         138
  C:2CF2H         LINE#         140
  C:2CF7H         LINE#         141
  C:2CF7H         LINE#         142
  C:2CF7H         LINE#         143
  C:2CFAH         LINE#         144
  C:2D0DH         LINE#         145
  C:2D0DH         LINE#         146
  C:2D0FH         LINE#         147
  C:2D11H         LINE#         149
  C:2D11H         LINE#         150
  C:2D13H         LINE#         151
  C:2D13H         LINE#         152
  C:2D1AH         LINE#         154
  C:2D1AH         LINE#         155
  C:2D1AH         LINE#         156
  C:2D1FH         LINE#         159
  C:2D25H         LINE#         160
  C:2D2BH         LINE#         162
  C:2D30H         LINE#         163
  C:2D30H         LINE#         164
  C:2D37H         LINE#         165
BL51 BANKED LINKER/LOCATER V6.22.4.0                                                  05/26/2025  16:52:39  PAGE 31


  C:2D37H         LINE#         166
  C:2D3AH         LINE#         167
  C:2D3DH         LINE#         168
  C:2D3DH         LINE#         169
  C:2D44H         LINE#         170
  C:2D44H         LINE#         172
  C:2D44H         LINE#         173
  C:2D44H         LINE#         174
  C:2D44H         LINE#         175
  C:2D44H         LINE#         176
  C:2D49H         LINE#         178
  C:2D4BH         LINE#         179
  C:2D4DH         LINE#         180
  C:2D4FH         LINE#         182
  C:2D54H         LINE#         183
  -------         ENDPROC       ___AIP1302_READ_BYTE
  -------         PROC          _AIP1302_READ_BYTE
  X:63F1H         SYMBOL        cmd
  -------         DO            
  D:0006H         SYMBOL        recv_data
  -------         ENDDO         
  C:3BE4H         LINE#         192
  C:3BE9H         LINE#         193
  C:3BE9H         LINE#         194
  C:3BEBH         LINE#         195
  C:3BF0H         LINE#         196
  -------         ENDPROC       _AIP1302_READ_BYTE
  C:2DE8H         SYMBOL        L?0070
  C:2DF9H         SYMBOL        L?0077
  -------         PROC          ___AIP1302_WRITE_BYTE
  X:63F5H         SYMBOL        cmd
  X:63F6H         SYMBOL        byte
  -------         DO            
  X:63F7H         SYMBOL        i
  -------         ENDDO         
  C:2D73H         LINE#         206
  C:2D7BH         LINE#         207
  C:2D7BH         LINE#         208
  C:2D7CH         LINE#         211
  C:2D7CH         LINE#         212
  C:2D7CH         LINE#         213
  C:2D7FH         LINE#         215
  C:2D7FH         LINE#         216
  C:2D7FH         LINE#         217
  C:2D7FH         LINE#         218
  C:2D85H         LINE#         220
  C:2D8AH         LINE#         221
  C:2D8AH         LINE#         222
  C:2D8AH         LINE#         223
  C:2D8DH         LINE#         224
  C:2DA0H         LINE#         225
  C:2DA0H         LINE#         226
  C:2DA2H         LINE#         227
  C:2DA4H         LINE#         229
  C:2DA4H         LINE#         230
  C:2DA6H         LINE#         231
  C:2DA6H         LINE#         232
BL51 BANKED LINKER/LOCATER V6.22.4.0                                                  05/26/2025  16:52:39  PAGE 32


  C:2DA6H         LINE#         233
  C:2DA6H         LINE#         234
  C:2DA9H         LINE#         235
  C:2DAEH         LINE#         237
  C:2DB3H         LINE#         238
  C:2DB3H         LINE#         239
  C:2DB3H         LINE#         240
  C:2DB6H         LINE#         241
  C:2DCCH         LINE#         242
  C:2DCCH         LINE#         243
  C:2DCEH         LINE#         244
  C:2DD0H         LINE#         246
  C:2DD0H         LINE#         247
  C:2DD2H         LINE#         248
  C:2DD2H         LINE#         249
  C:2DD2H         LINE#         250
  C:2DD2H         LINE#         251
  C:2DD5H         LINE#         252
  C:2DDAH         LINE#         254
  C:2DDCH         LINE#         255
  C:2DE3H         LINE#         256
  C:2DE5H         LINE#         257
  C:2DE7H         LINE#         258
  -------         ENDPROC       ___AIP1302_WRITE_BYTE
  -------         PROC          AIP1302_IS_RUNNING
  -------         DO            
  D:0007H         SYMBOL        recv_data
  -------         ENDDO         
  C:000FH         LINE#         266
  C:000FH         LINE#         267
  C:000FH         LINE#         268
  C:0014H         LINE#         270
  C:0018H         LINE#         271
  C:0018H         LINE#         273
  C:001BH         LINE#         274
  C:001BH         LINE#         276
  C:001BH         LINE#         278
  C:001DH         LINE#         279
[...]
  C:108DH         LINE#         314
  C:108DH         LINE#         315
  C:108EH         LINE#         321
  C:1091H         LINE#         322
  C:10BEH         LINE#         323
  C:10DDH         LINE#         324
  C:10DDH         LINE#         325
  C:10DDH         LINE#         326
  -------         ENDPROC       ___TK_MODE_CARRY_FUNC
  -------         PROC          __TK_DATA_PROCESS
  C:08F2H         LINE#         333
  C:08F2H         LINE#         334
  C:08F2H         LINE#         335
  C:0904H         LINE#         338
  C:091DH         LINE#         339
  C:0920H         LINE#         341
  C:0936H         LINE#         342
  C:0939H         LINE#         347
  C:096BH         LINE#         348
  C:0978H         LINE#         349
  C:097BH         LINE#         350
  C:097EH         LINE#         351
  C:097EH         LINE#         352
  C:0980H         LINE#         353
  C:0983H         LINE#         354
  C:0983H         LINE#         356
  C:0988H         LINE#         357
  C:0999H         LINE#         358
  C:09AAH         LINE#         359
  C:09ADH         LINE#         363
  C:09C3H         LINE#         364
BL51 BANKED LINKER/LOCATER V6.22.4.0                                                  05/26/2025  16:52:39  PAGE 59


  C:09C6H         LINE#         365
  C:09D6H         LINE#         366
  C:09F6H         LINE#         369
  C:0A0DH         LINE#         370
  C:0A10H         LINE#         371
  C:0A20H         LINE#         372
  C:0A40H         LINE#         377
  C:0A40H         LINE#         378
  C:0A5EH         LINE#         380
  C:0A98H         LINE#         381
  C:0A98H         LINE#         382
  C:0A98H         LINE#         383
  C:0ACFH         LINE#         384
  C:0ADDH         LINE#         385
  C:0AF5H         LINE#         386
  C:0B02H         LINE#         387
  C:0B26H         LINE#         388
  C:0B4AH         LINE#         389
  C:0B4AH         LINE#         390
  C:0B4CH         LINE#         391
  C:0B59H         LINE#         392
  C:0B59H         LINE#         397
  C:0B7BH         LINE#         398
  C:0B7EH         LINE#         399
  C:0B8EH         LINE#         401
  C:0BA6H         LINE#         402
  C:0BA9H         LINE#         404
  C:0BC0H         LINE#         405
  C:0BC3H         LINE#         409
  C:0BE4H         LINE#         410
  C:0BE7H         LINE#         411
  C:0BF7H         LINE#         413
  C:0C0FH         LINE#         414
  C:0C12H         LINE#         416
  C:0C28H         LINE#         417
  C:0C2BH         LINE#         422
  C:0C30H         LINE#         423
  -------         ENDPROC       __TK_DATA_PROCESS
  -------         PROC          __TK_BUTTON_DECIDE
  C:18C5H         LINE#         430
  C:18C5H         LINE#         431
  C:18C5H         LINE#         432
  C:18D7H         LINE#         433
  C:18F5H         LINE#         434
  C:1927H         LINE#         435
  C:1934H         LINE#         436
  C:1939H         LINE#         437
  C:19AEH         LINE#         438
  C:19AEH         LINE#         439
  C:19BBH         LINE#         440
  C:19C9H         LINE#         442
  C:19DDH         LINE#         443
  C:19EAH         LINE#         444
  C:1A17H         LINE#         445
  C:1A3BH         LINE#         446
  C:1A69H         LINE#         447
  C:1A69H         LINE#         448
BL51 BANKED LINKER/LOCATER V6.22.4.0                                                  05/26/2025  16:52:39  PAGE 60


  C:1A6BH         LINE#         449
  C:1A78H         LINE#         450
  C:1A78H         LINE#         451
  C:1A7DH         LINE#         452
  -------         ENDPROC       __TK_BUTTON_DECIDE
  -------         PROC          __TK_BASELINE_UPDATE
  C:3026H         LINE#         459
  C:3026H         LINE#         460
  C:3026H         LINE#         461
  C:3035H         LINE#         462
  C:3046H         LINE#         463
  C:3057H         LINE#         464
  C:307BH         LINE#         465
  C:309FH         LINE#         466
  C:30A3H         LINE#         467
  -------         ENDPROC       __TK_BASELINE_UPDATE
  -------         PROC          __TK_BASELINE_INIT
  -------         DO            
  X:6018H         SYMBOL        init_flag
  -------         ENDDO         
  C:2BBCH         LINE#         474
  C:2BBCH         LINE#         475
  C:2BBCH         LINE#         478
  C:2BCBH         LINE#         479
  C:2BDBH         LINE#         480
  C:2BE4H         LINE#         481
  C:2C09H         LINE#         482
  C:2C09H         LINE#         483
  C:2C2EH         LINE#         484
  C:2C2EH         LINE#         485
  C:2C32H         LINE#         487
  C:2C3FH         LINE#         488
  C:2C42H         LINE#         489
  C:2C44H         LINE#         490
  C:2C4AH         LINE#         491
  C:2C4AH         LINE#         493
  -------         ENDPROC       __TK_BASELINE_INIT
  -------         PROC          __TK_LONG_KEY_CLEAR
  -------         DO            
  X:6019H         SYMBOL        __tk_long_cnt
  -------         ENDDO         
  C:30A4H         LINE#         501
  C:30A4H         LINE#         502
  C:30A4H         LINE#         505
  C:30B7H         LINE#         506
  C:30C5H         LINE#         507
  C:30DFH         LINE#         508
  C:30E3H         LINE#         509
  C:30EBH         LINE#         510
  C:30F3H         LINE#         511
  C:30FBH         LINE#         512
  C:30FDH         LINE#         513
  C:3100H         LINE#         514
  C:3117H         LINE#         515
  C:3119H         LINE#         516
  C:3119H         LINE#         517
  C:311AH         LINE#         518
BL51 BANKED LINKER/LOCATER V6.22.4.0                                                  05/26/2025  16:52:39  PAGE 61


  C:3121H         LINE#         519
  C:3121H         LINE#         520
  -------         ENDPROC       __TK_LONG_KEY_CLEAR
  -------         PROC          ___TK_LIB_I_ADJUST
  X:641BH         SYMBOL        i_ch
  X:641CH         SYMBOL        adjust_line
  -------         DO            
  X:601BH         SYMBOL        sta_finish
  X:601CH         SYMBOL        n_sta
  X:601DH         SYMBOL        p_sta
  X:601EH         SYMBOL        min_iset
  X:601FH         SYMBOL        min_diff
  D:0045H         SYMBOL        diff
  D:0049H         SYMBOL        temp
  -------         ENDDO         
  C:1A7EH         LINE#         528
  C:1A83H         LINE#         529
  C:1A83H         LINE#         537
  C:1A96H         LINE#         538
  C:1A9BH         LINE#         539
  C:1A9FH         LINE#         540
  C:1AA8H         LINE#         541
  C:1AABH         LINE#         542
  C:1AAEH         LINE#         545
  C:1AEBH         LINE#         546
  C:1B16H         LINE#         547
  C:1B2CH         LINE#         548
  C:1B2CH         LINE#         550
  C:1B43H         LINE#         551
  C:1B59H         LINE#         552
  C:1B5CH         LINE#         553
  C:1B5EH         LINE#         555
  C:1B71H         LINE#         557
  C:1B8DH         LINE#         558
  C:1BA0H         LINE#         559
  C:1BA3H         LINE#         560
  C:1BA3H         LINE#         561
  C:1BA5H         LINE#         563
  C:1BC1H         LINE#         564
  C:1BD4H         LINE#         565
  C:1BDAH         LINE#         566
  C:1BDAH         LINE#         567
  C:1BDAH         LINE#         568
  C:1BDAH         LINE#         569
  C:1BE8H         LINE#         570
  C:1BECH         LINE#         571
  C:1BEEH         LINE#         572
  C:1BF3H         LINE#         573
  C:1BF3H         LINE#         575
  C:1BFBH         LINE#         576
  C:1C14H         LINE#         577
  C:1C1CH         LINE#         578
  C:1C22H         LINE#         579
  C:1C27H         LINE#         580
  C:1C29H         LINE#         581
  C:1C2DH         LINE#         582
  C:1C30H         LINE#         583
BL51 BANKED LINKER/LOCATER V6.22.4.0                                                  05/26/2025  16:52:39  PAGE 62


  C:1C30H         LINE#         585
  C:1C32H         LINE#         586
  -------         ENDPROC       ___TK_LIB_I_ADJUST
  -------         PROC          __TK_I_SOURCE_ADJUST
  -------         DO            
  X:641AH         SYMBOL        result
  -------         ENDDO         
  C:333FH         LINE#         593
  C:333FH         LINE#         594
  C:333FH         LINE#         595
  C:3344H         LINE#         597
  C:335DH         LINE#         598
  C:335FH         LINE#         600
  C:3364H         LINE#         601
  C:3367H         LINE#         602
  C:336DH         LINE#         603
  C:336DH         LINE#         605
  C:3379H         LINE#         606
  C:337CH         LINE#         607
  C:337FH         LINE#         608
  C:337FH         LINE#         609
  C:337FH         LINE#         611
  C:3396H         LINE#         612
  C:3398H         LINE#         613
  C:339BH         LINE#         614
  C:339BH         LINE#         615
  C:33A0H         LINE#         616
  C:33A0H         LINE#         617
  -------         ENDPROC       __TK_I_SOURCE_ADJUST
  -------         PROC          ___TK_SET_NEXT_CH
  D:0007H         SYMBOL        kick_type
  C:2F1FH         LINE#         625
  C:2F1FH         LINE#         626
  C:2F1FH         LINE#         627
  C:2F22H         LINE#         629
  C:2F40H         LINE#         630
  C:2F46H         LINE#         631
  C:2F4AH         LINE#         632
  C:2F4EH         LINE#         633
  C:2F52H         LINE#         634
  C:2F56H         LINE#         636
  C:2F70H         LINE#         638
  C:2F80H         LINE#         639
  C:2F80H         LINE#         640
  C:2F82H         LINE#         642
  C:2F9CH         LINE#         643
  C:2FA2H         LINE#         644
  C:2FA2H         LINE#         645
  -------         ENDPROC       ___TK_SET_NEXT_CH
  -------         PROC          __TK_LIB_INIT
  -------         DO            
  X:654AH         SYMBOL        i
  -------         ENDDO         
  C:2B21H         LINE#         652
  C:2B21H         LINE#         653
  C:2B21H         LINE#         655
  C:2B69H         LINE#         656
BL51 BANKED LINKER/LOCATER V6.22.4.0                                                  05/26/2025  16:52:39  PAGE 63


  C:2B77H         LINE#         658
  C:2B7AH         LINE#         659
  C:2B82H         LINE#         660
  C:2B84H         LINE#         661
  C:2B86H         LINE#         662
  C:2B8EH         LINE#         663
  C:2B96H         LINE#         664
  C:2B9EH         LINE#         665
  C:2BB4H         LINE#         666
  C:2BB7H         LINE#         667
  -------         ENDPROC       __TK_LIB_INIT
  -------         PROC          __TK_HANDLER
  C:3122H         LINE#         675
  C:3122H         LINE#         676
  C:3122H         LINE#         677
  C:3127H         LINE#         678
  C:312BH         LINE#         679
  C:3152H         LINE#         682
  C:3155H         LINE#         683
  C:315CH         LINE#         684
  C:315EH         LINE#         685
  C:3161H         LINE#         686
  C:3161H         LINE#         687
  C:3164H         LINE#         688
  C:3164H         LINE#         689
  C:3164H         LINE#         690
  C:3166H         LINE#         691
  C:3172H         LINE#         692
  C:3182H         LINE#         693
  C:3185H         LINE#         694
  C:318AH         LINE#         696
  C:318DH         LINE#         697
  C:318DH         LINE#         699
  C:3190H         LINE#         700
  C:3190H         LINE#         701
  C:3191H         LINE#         702
  C:3196H         LINE#         703
  C:3196H         LINE#         704
  C:3196H         LINE#         705
  -------         ENDPROC       __TK_HANDLER
  -------         PROC          __TK_MS_HANDLER
  C:3D81H         LINE#         712
  C:3D81H         LINE#         713
  C:3D81H         LINE#         714
  C:3D83H         LINE#         716
  -------         ENDPROC       __TK_MS_HANDLER
  -------         PROC          __TK_SCAN
  C:3A97H         LINE#         724
  C:3A97H         LINE#         725
  C:3A97H         LINE#         727
  C:3A9CH         LINE#         730
  C:3AA8H         LINE#         735
  C:3AABH         LINE#         739
  C:3AAEH         LINE#         740
  C:3AB3H         LINE#         741
  C:3AB6H         LINE#         742
  C:3AB6H         LINE#         743
BL51 BANKED LINKER/LOCATER V6.22.4.0                                                  05/26/2025  16:52:39  PAGE 64


  -------         ENDPROC       __TK_SCAN
  -------         ENDMOD        TK_LIB

  -------         MODULE        ?C?COPY
  C:0130H         PUBLIC        ?C?COPY
  -------         ENDMOD        ?C?COPY

  -------         MODULE        ?C?CLDPTR
  C:0156H         PUBLIC        ?C?CLDPTR
  -------         ENDMOD        ?C?CLDPTR

  -------         MODULE        ?C?CLDOPTR
  C:016FH         PUBLIC        ?C?CLDOPTR
  -------         ENDMOD        ?C?CLDOPTR

  -------         MODULE        ?C?CILDOPTR
  C:019CH         PUBLIC        ?C?CILDOPTR
  -------         ENDMOD        ?C?CILDOPTR

  -------         MODULE        ?C?CSTPTR
  C:01CFH         PUBLIC        ?C?CSTPTR
  -------         ENDMOD        ?C?CSTPTR

  -------         MODULE        ?C?CSTOPTR
  C:01E1H         PUBLIC        ?C?CSTOPTR
  -------         ENDMOD        ?C?CSTOPTR

  -------         MODULE        ?C?IMUL
  C:0203H         PUBLIC        ?C?IMUL
  -------         ENDMOD        ?C?IMUL

  -------         MODULE        ?C?UIDIV
  C:0215H         PUBLIC        ?C?UIDIV
  -------         ENDMOD        ?C?UIDIV

  -------         MODULE        ?C?IILDX
  C:026AH         PUBLIC        ?C?IILDX
  -------         ENDMOD        ?C?IILDX

  -------         MODULE        ?C?LADD
  C:0280H         PUBLIC        ?C?LADD
  -------         ENDMOD        ?C?LADD

  -------         MODULE        ?C?LSUB
  C:028DH         PUBLIC        ?C?LSUB
  -------         ENDMOD        ?C?LSUB

  -------         MODULE        ?C?LMUL
  C:029BH         PUBLIC        ?C?LMUL
  -------         ENDMOD        ?C?LMUL

  -------         MODULE        ?C?ULDIV
  C:0326H         PUBLIC        ?C?ULDIV
  -------         ENDMOD        ?C?ULDIV

  -------         MODULE        ?C?LNOT
  C:03B8H         PUBLIC        ?C?LNOT
BL51 BANKED LINKER/LOCATER V6.22.4.0                                                  05/26/2025  16:52:39  PAGE 65


  -------         ENDMOD        ?C?LNOT

  -------         MODULE        ?C?LNEG
  C:03C5H         PUBLIC        ?C?LNEG
  -------         ENDMOD        ?C?LNEG

  -------         MODULE        ?C?SLCMP
  C:03D3H         PUBLIC        ?C?SLCMP
  -------         ENDMOD        ?C?SLCMP

  -------         MODULE        ?C?ULCMP
  C:03E9H         PUBLIC        ?C?ULCMP
  -------         ENDMOD        ?C?ULCMP

  -------         MODULE        ?C?ULSHR
  C:03FAH         PUBLIC        ?C?ULSHR
  -------         ENDMOD        ?C?ULSHR

  -------         MODULE        ?C?LSHL
  C:040DH         PUBLIC        ?C?LSHL
  -------         ENDMOD        ?C?LSHL

  -------         MODULE        ?C?LLDXDATA
  C:0420H         PUBLIC        ?C?LLDXDATA
  -------         ENDMOD        ?C?LLDXDATA

  -------         MODULE        ?C?LLDCODE
  C:042CH         PUBLIC        ?C?LLDCODE
  -------         ENDMOD        ?C?LLDCODE

  -------         MODULE        ?C?LLDXDATA0
  C:043CH         PUBLIC        ?C?LLDXDATA0
  -------         ENDMOD        ?C?LLDXDATA0

  -------         MODULE        ?C?LSTXDATA
  C:0448H         PUBLIC        ?C?LSTXDATA
  -------         ENDMOD        ?C?LSTXDATA

  -------         MODULE        ?C?LSTKXDATA
  C:0454H         PUBLIC        ?C?LSTKXDATA
  -------         ENDMOD        ?C?LSTKXDATA

  -------         MODULE        ?C?OFFXADD
  C:0485H         PUBLIC        ?C?OFFXADD
  -------         ENDMOD        ?C?OFFXADD

  -------         MODULE        ?C?PLDXDATA
  C:0491H         PUBLIC        ?C?PLDXDATA
  -------         ENDMOD        ?C?PLDXDATA

  -------         MODULE        ?C?PLDIXDATA
  C:049AH         PUBLIC        ?C?PLDIXDATA
  -------         ENDMOD        ?C?PLDIXDATA

  -------         MODULE        ?C?PSTXDATA
  C:04B1H         PUBLIC        ?C?PSTXDATA
  -------         ENDMOD        ?C?PSTXDATA
BL51 BANKED LINKER/LOCATER V6.22.4.0                                                  05/26/2025  16:52:39  PAGE 66



  -------         MODULE        ?C?PLDOPTR
  C:04BAH         PUBLIC        ?C?PLDOPTR
  -------         ENDMOD        ?C?PLDOPTR

  -------         MODULE        ?C?CCASE
  C:04EAH         PUBLIC        ?C?CCASE
  -------         ENDMOD        ?C?CCASE

  -------         MODULE        ?C?ICALL
  C:0510H         PUBLIC        ?C?ICALL
  C:0514H         PUBLIC        ?C?ICALL2
  -------         ENDMOD        ?C?ICALL

  -------         MODULE        ?C?LIMUL
  C:0516H         PUBLIC        ?C?LIMUL
  -------         ENDMOD        ?C?LIMUL

  -------         MODULE        PRINTF
  X:63F1H         PUBLIC        ?_PRINTF517?BYTE
  X:63F1H         PUBLIC        ?_PRINTF?BYTE
  X:63F1H         PUBLIC        ?_SPRINTF517?BYTE
  X:63F1H         PUBLIC        ?_SPRINTF?BYTE
  C:05F8H         PUBLIC        _PRINTF
  C:05F8H         PUBLIC        _PRINTF517
  C:05F2H         PUBLIC        _SPRINTF
  C:05F2H         PUBLIC        _SPRINTF517
  -------         ENDMOD        PRINTF

  -------         MODULE        ?C?MEMSET
  C:0543H         PUBLIC        ?C?MEMSET
  -------         ENDMOD        ?C?MEMSET

  -------         MODULE        ?C?PLDIDATA
  C:056FH         PUBLIC        ?C?PLDIDATA
  -------         ENDMOD        ?C?PLDIDATA

  -------         MODULE        ?C?PLDPDATA
  C:0578H         PUBLIC        ?C?PLDPDATA
  -------         ENDMOD        ?C?PLDPDATA

  -------         MODULE        ?C?PLDCODE
  C:0581H         PUBLIC        ?C?PLDCODE
  -------         ENDMOD        ?C?PLDCODE

*** WARNING L16: UNCALLED SEGMENT, IGNORED FOR OVERLAY PROCESS
    SEGMENT: ?PR?TK_PARAM_INIT?TK_SET

*** WARNING L16: UNCALLED SEGMENT, IGNORED FOR OVERLAY PROCESS
    SEGMENT: ?PR?P03_OUTPUT_CONFIG?MY_GPIO

*** WARNING L16: UNCALLED SEGMENT, IGNORED FOR OVERLAY PROCESS
    SEGMENT: ?PR?P23_INPUT_CONFIG?MY_GPIO

*** WARNING L16: UNCALLED SEGMENT, IGNORED FOR OVERLAY PROCESS
    SEGMENT: ?PR?UART0_SCAN_HANDLE?UART0

BL51 BANKED LINKER/LOCATER V6.22.4.0                                                  05/26/2025  16:52:39  PAGE 67


*** WARNING L16: UNCALLED SEGMENT, IGNORED FOR OVERLAY PROCESS
    SEGMENT: ?PR?AIP1302_UPDATE_ALL_DATA?AIP1302

*** WARNING L16: UNCALLED SEGMENT, IGNORED FOR OVERLAY PROCESS
    SEGMENT: ?PR?_KEY_DRIVER_SCAN?KEY_DRIVER

*** WARNING L16: UNCALLED SEGMENT, IGNORED FOR OVERLAY PROCESS
    SEGMENT: ?PR?PIN_LEVEL_SCAN?PIN_LEVEL_SCAN

*** WARNING L16: UNCALLED SEGMENT, IGNORED FOR OVERLAY PROCESS
    SEGMENT: ?PR?SPEED_SCAN?SPEED_SCAN

*** WARNING L16: UNCALLED SEGMENT, IGNORED FOR OVERLAY PROCESS
    SEGMENT: ?PR?ENGINE_SPEED_SCAN?ENGINE_SPEED_SCAN

*** WARNING L16: UNCALLED SEGMENT, IGNORED FOR OVERLAY PROCESS
    SEGMENT: ?PR?MILEAGE_SCAN?MILEAGE

*** WARNING L16: UNCALLED SEGMENT, IGNORED FOR OVERLAY PROCESS
    SEGMENT: ?PR?INSTRUCTION_SCAN?INSTRUCTION

*** WARNING L16: UNCALLED SEGMENT, IGNORED FOR OVERLAY PROCESS
    SEGMENT: ?PR?INSTRUCTION_HANDLE?INSTRUCTION

*** WARNING L16: UNCALLED SEGMENT, IGNORED FOR OVERLAY PROCESS
    SEGMENT: ?PR?AD_KEY_HANDLE?AD_KEY

*** WARNING L16: UNCALLED SEGMENT, IGNORED FOR OVERLAY PROCESS
    SEGMENT: ?PR?FUEL_CAPACITY_SCAN?FUEL_CAPACITY

*** WARNING L16: UNCALLED SEGMENT, IGNORED FOR OVERLAY PROCESS
    SEGMENT: ?PR?TEMP_OF_WATER_SCAN?TEMP_OF_WATER

*** WARNING L16: UNCALLED SEGMENT, IGNORED FOR OVERLAY PROCESS
    SEGMENT: ?PR?BATTERY_SCAN?BATTERY

*** WARNING L16: UNCALLED SEGMENT, IGNORED FOR OVERLAY PROCESS
    SEGMENT: ?PR?TOUCH_KEY_HANDLE?TOUCH_KEY

*** WARNING L16: UNCALLED SEGMENT, IGNORED FOR OVERLAY PROCESS
    SEGMENT: ?PR?__TK_MS_HANDLER?TK_LIB

Program Size: data=79.4 xdata=1357 code=15749
LINK/LOCATE RUN COMPLETE.  18 WARNING(S),  0 ERROR(S)
