BL51 BANKED LINKER/LOCATER V6.22.4.0                                                    05/20/2025  17:56:00  PAGE 1


BL51 BANKED LINKER/LOCATER V6.22.4.0, INVOKED BY:
C:\KEIL_V5\C51\BIN\BL51.EXE .\Release\Objects\STARTUP.obj, .\Release\Objects\system.obj, .\Release\Objects\my_gpio.obj, 
>> .\Release\Objects\tmr0.obj, .\Release\Objects\tmr1.obj, .\Release\Objects\tmr2.obj, .\Release\Objects\uart0.obj, .\Re
>> lease\Objects\adc.obj, .\Release\Objects\flash.obj, .\Release\Objects\aip1302.obj, .\Release\Objects\uart1.obj, .\Rel
>> ease\Objects\main.obj, .\Release\Objects\fun_info.obj, .\Release\Objects\send_data.obj, .\Release\Objects\pin_level_s
>> can.obj, .\Release\Objects\speed_scan.obj, .\Release\Objects\engine_speed_scan.obj, .\Release\Objects\mileage.obj, .\
>> Release\Objects\instruction.obj, .\Release\Objects\ad_key.obj, .\Release\Objects\fuel_capacity.obj, .\Release\Objects
>> \temp_of_water.obj, .\Release\Objects\battery.obj TO .\Release\Objects\Project PRINT (.\Release\Listings\Project.m51)
>>  RAMSIZE (256) CODE (0X0000-0X3EEF) XDATA (0X6000-0X66FF)


MEMORY MODEL: LARGE


INPUT MODULES INCLUDED:
  .\Release\Objects\STARTUP.obj (?C_STARTUP)
  .\Release\Objects\system.obj (SYSTEM)
  .\Release\Objects\my_gpio.obj (MY_GPIO)
  .\Release\Objects\tmr0.obj (TMR0)
  .\Release\Objects\tmr1.obj (TMR1)
  .\Release\Objects\tmr2.obj (TMR2)
  .\Release\Objects\uart0.obj (UART0)
  .\Release\Objects\adc.obj (ADC)
  .\Release\Objects\flash.obj (FLASH)
  .\Release\Objects\aip1302.obj (AIP1302)
  .\Release\Objects\uart1.obj (UART1)
  .\Release\Objects\main.obj (MAIN)
  .\Release\Objects\fun_info.obj (FUN_INFO)
  .\Release\Objects\send_data.obj (SEND_DATA)
  .\Release\Objects\pin_level_scan.obj (PIN_LEVEL_SCAN)
  .\Release\Objects\speed_scan.obj (SPEED_SCAN)
  .\Release\Objects\engine_speed_scan.obj (ENGINE_SPEED_SCAN)
  .\Release\Objects\mileage.obj (MILEAGE)
  .\Release\Objects\instruction.obj (INSTRUCTION)
  .\Release\Objects\ad_key.obj (AD_KEY)
  .\Release\Objects\fuel_capacity.obj (FUEL_CAPACITY)
  .\Release\Objects\temp_of_water.obj (TEMP_OF_WATER)
  .\Release\Objects\battery.obj (BATTERY)
  C:\KEIL_V5\C51\LIB\C51L.LIB (?C_INIT)
  C:\KEIL_V5\C51\LIB\C51L.LIB (?C?COPY)
  C:\KEIL_V5\C51\LIB\C51L.LIB (?C?CLDPTR)
  C:\KEIL_V5\C51\LIB\C51L.LIB (?C?CSTPTR)
  C:\KEIL_V5\C51\LIB\C51L.LIB (?C?IILDX)
  C:\KEIL_V5\C51\LIB\C51L.LIB (?C?LADD)
  C:\KEIL_V5\C51\LIB\C51L.LIB (?C?LSUB)
  C:\KEIL_V5\C51\LIB\C51L.LIB (?C?LMUL)
  C:\KEIL_V5\C51\LIB\C51L.LIB (?C?ULDIV)
  C:\KEIL_V5\C51\LIB\C51L.LIB (?C?LOR)
  C:\KEIL_V5\C51\LIB\C51L.LIB (?C?SLCMP)
  C:\KEIL_V5\C51\LIB\C51L.LIB (?C?ULCMP)
  C:\KEIL_V5\C51\LIB\C51L.LIB (?C?ULSHR)
  C:\KEIL_V5\C51\LIB\C51L.LIB (?C?LSHL)
  C:\KEIL_V5\C51\LIB\C51L.LIB (?C?LLDXDATA)
  C:\KEIL_V5\C51\LIB\C51L.LIB (?C?LLDXDATA0)
  C:\KEIL_V5\C51\LIB\C51L.LIB (?C?LSTXDATA)
  C:\KEIL_V5\C51\LIB\C51L.LIB (?C?LSTKXDATA)
  C:\KEIL_V5\C51\LIB\C51L.LIB (?C?OFFXADD)
  C:\KEIL_V5\C51\LIB\C51L.LIB (?C?PLDIXDATA)
BL51 BANKED LINKER/LOCATER V6.22.4.0                                                  05/20/2025  17:56:00  PAGE 2


  C:\KEIL_V5\C51\LIB\C51L.LIB (?C?PSTXDATA)
  C:\KEIL_V5\C51\LIB\C51L.LIB (?C?LIMUL)
  C:\KEIL_V5\C51\LIB\C51L.LIB (?C?MEMSET)


LINK MAP OF MODULE:  .\Release\Objects\Project (?C_STARTUP)


            TYPE    BASE      LENGTH    RELOCATION   SEGMENT NAME
            -----------------------------------------------------

            * * * * * * *   D A T A   M E M O R Y   * * * * * * *
            REG     0000H     0008H     ABSOLUTE     "REG BANK 0"
                    0008H     0018H                  *** GAP ***
            BIT     0020H.0   0002H.4   UNIT         ?BI?INSTRUCTION
            BIT     0022H.4   0000H.2   UNIT         ?BI?TMR2
            BIT     0022H.6   0000H.1   UNIT         ?BI?UART0
            BIT     0022H.7   0000H.1   UNIT         ?BI?SPEED_SCAN
            BIT     0023H.0   0000H.1   UNIT         ?BI?ENGINE_SPEED_SCAN
            BIT     0023H.1   0000H.1   UNIT         _BIT_GROUP_
                    0023H.2   0000H.6                *** GAP ***
            IDATA   0024H     0001H     UNIT         ?STACK

            * * * * * * *  X D A T A   M E M O R Y  * * * * * * *
                    0000H     6000H                  *** GAP ***
            XDATA   6000H     002EH     UNIT         ?XD?UART0
            XDATA   602EH     0023H     UNIT         ?XD?FUN_INFO
            XDATA   6051H     0021H     UNIT         ?XD?AD_KEY
            XDATA   6072H     0013H     UNIT         _XDATA_GROUP_
            XDATA   6085H     0012H     UNIT         ?XD?MILEAGE
            XDATA   6097H     0011H     UNIT         ?XD?SPEED_SCAN
            XDATA   60A8H     0011H     UNIT         ?XD?ENGINE_SPEED_SCAN
            XDATA   60B9H     000DH     UNIT         ?XD?FUEL_CAPACITY
            XDATA   60C6H     000CH     UNIT         ?XD?TEMP_OF_WATER
            XDATA   60D2H     000CH     UNIT         ?XD?BATTERY
            XDATA   60DEH     0009H     UNIT         ?XD?INSTRUCTION
            XDATA   60E7H     0008H     UNIT         ?XD?TMR1
            XDATA   60EFH     0004H     UNIT         ?XD?TMR0
            XDATA   60F3H     0002H     UNIT         ?XD?ADC
            XDATA   60F5H     0002H     UNIT         ?XD?PIN_LEVEL_SCAN
            XDATA   60F7H     0001H     UNIT         ?XD?_PUTCHAR?UART0

            * * * * * * *   C O D E   M E M O R Y   * * * * * * *
            CODE    0000H     0003H     ABSOLUTE     
            CODE    0003H     000CH     ABSOLUTE     
            CODE    000FH     000FH     UNIT         ?PR?AIP1302_IS_RUNNING?AIP1302
            CODE    001EH     0003H     ABSOLUTE     
            CODE    0021H     0003H     ABSOLUTE     
            CODE    0024H     0003H     ABSOLUTE     
            CODE    0027H     0023H     UNIT         ?PR?ADC_SINGLE_CONVERT?ADC
                    004AH     0001H                  *** GAP ***
            CODE    004BH     0003H     ABSOLUTE     
            CODE    004EH     03E1H     UNIT         ?PR?INSTRUCTION_HANDLE?INSTRUCTION
            CODE    042FH     03A3H     UNIT         ?C?LIB_CODE
            CODE    07D2H     0387H     UNIT         ?PR?FUEL_CAPACITY_SCAN?FUEL_CAPACITY
            CODE    0B59H     0339H     UNIT         ?PR?AD_KEY_SCAN?AD_KEY
            CODE    0E92H     0290H     UNIT         ?PR?_SEND_DATA?SEND_DATA
BL51 BANKED LINKER/LOCATER V6.22.4.0                                                  05/20/2025  17:56:00  PAGE 3


            CODE    1122H     023BH     UNIT         ?PR?HEART_BEAT_HANDLE?TMR1
            CODE    135DH     01AAH     UNIT         ?C_INITSEG
            CODE    1507H     0181H     UNIT         ?PR?UART0_SCAN_HANDLE?UART0
            CODE    1688H     0177H     UNIT         ?PR?UART0_IRQHANDLER?UART0
            CODE    17FFH     0156H     UNIT         ?PR?INSTRUCTION_SCAN?INSTRUCTION
            CODE    1955H     011EH     UNIT         ?PR?MILEAGE_SCAN?MILEAGE
            CODE    1A73H     0104H     UNIT         ?PR?TEMP_OF_WATER_SCAN?TEMP_OF_WATER
            CODE    1B77H     00F7H     UNIT         ?PR?SPEED_SCAN?SPEED_SCAN
            CODE    1C6EH     00EFH     UNIT         ?PR?ADC_GETVAL?ADC
            CODE    1D5DH     00DCH     UNIT         ?PR?SYSTEM_INIT?SYSTEM
            CODE    1E39H     00D7H     UNIT         ?PR?BATTERY_SCAN?BATTERY
            CODE    1F10H     00C0H     UNIT         ?PR?___AIP1302_WRITE_BYTE?AIP1302
            CODE    1FD0H     00BAH     UNIT         ?PR?PIN_LEVEL_SCAN?PIN_LEVEL_SCAN
            CODE    208AH     00B7H     UNIT         ?PR?___AIP1302_READ_BYTE?AIP1302
            CODE    2141H     00B1H     UNIT         ?PR?TIMR2_IRQHANDLER?TMR2
            CODE    21F2H     00AFH     UNIT         ?PR?_AIP1302_WRITE_BYTE?AIP1302
            CODE    22A1H     00ACH     UNIT         ?PR?ENGINE_SPEED_SCAN?ENGINE_SPEED_SCAN
            CODE    234DH     008CH     UNIT         ?C_C51STARTUP
            CODE    23D9H     0071H     UNIT         ?PR?___CONVER_CUR_AD_TO_AD_KEY?AD_KEY
            CODE    244AH     006EH     UNIT         ?PR?___AIP1302_CONVERT_READ_BYTE?AIP1302
            CODE    24B8H     006AH     UNIT         ?PR?AIP1302_CONFIG?AIP1302
            CODE    2522H     004FH     UNIT         ?PR?TIMR0_IRQHANDLER?TMR0
            CODE    2571H     004FH     UNIT         ?PR?TIMR1_IRQHANDLER?TMR1
            CODE    25C0H     0046H     UNIT         ?PR?AIP1302_READ_ALL?AIP1302
            CODE    2606H     0042H     UNIT         ?PR?MAIN?MAIN
            CODE    2648H     0040H     UNIT         ?PR?TMR0_CONFIG?TMR0
            CODE    2688H     0040H     UNIT         ?PR?TMR2_CONFIG?TMR2
            CODE    26C8H     003DH     UNIT         ?PR?TMR1_CONFIG?TMR1
            CODE    2705H     003BH     UNIT         ?PR?_CONVER_VOLTAGE_OF_BATTERY_TO_PERCENTAGE?BATTERY
            CODE    2740H     0037H     UNIT         ?PR?_FLASH_WRITE?FLASH
            CODE    2777H     0034H     UNIT         ?PR?_FLASH_READ?FLASH
            CODE    27ABH     002EH     UNIT         ?PR?_ADC_SEL_PIN?ADC
            CODE    27D9H     002EH     UNIT         ?PR?PIN_LEVEL_SCAN_CONFIG?PIN_LEVEL_SCAN
            CODE    2807H     002BH     UNIT         ?PR?UART0_CONFIG?UART0
            CODE    2832H     0029H     UNIT         ?PR?ADC_CONFIG?ADC
            CODE    285BH     0021H     UNIT         ?PR?AIP1302_UPDATE_DATE?AIP1302
            CODE    287CH     0021H     UNIT         ?PR?USER_INIT?MAIN
            CODE    289DH     0020H     UNIT         ?PR?FUN_INFO_INIT?FUN_INFO
            CODE    28BDH     001EH     UNIT         ?PR?AIP1302_UPDATE_TIME?AIP1302
            CODE    28DBH     001AH     UNIT         ?PR?_REVERSE_U8?AIP1302
            CODE    28F5H     0018H     UNIT         ?PR?_DELAY_MS?SYSTEM
            CODE    290DH     0016H     UNIT         ?PR?_AIP1302_READ_BYTE?AIP1302
            CODE    2923H     0016H     UNIT         ?PR?FUN_INFO_SAVE?FUN_INFO
            CODE    2939H     0014H     UNIT         ?PR?TMR0_DISABLE?TMR0
            CODE    294DH     0011H     UNIT         ?PR?TMR2_ENABLE?TMR2
            CODE    295EH     0011H     UNIT         ?PR?_FLASH_ERASE_SECTOR?FLASH
            CODE    296FH     0010H     UNIT         ?PR?P03_OUTPUT_CONFIG?MY_GPIO
            CODE    297FH     0010H     UNIT         ?PR?TMR0_ENABLE?TMR0
            CODE    298FH     0010H     UNIT         ?PR?TMR1_ENABLE?TMR1
            CODE    299FH     0010H     UNIT         ?PR?_CONVER_ADC_VAL_TO_VOLTAGE?BATTERY
            CODE    29AFH     000EH     UNIT         ?PR?_PUTCHAR?UART0
            CODE    29BDH     000DH     UNIT         ?PR?P06_INPUT_CONFIG?MY_GPIO
            CODE    29CAH     000DH     UNIT         ?PR?P07_INPUT_CONFIG?MY_GPIO
            CODE    29D7H     000DH     UNIT         ?PR?P10_INPUT_CONFIG?MY_GPIO
            CODE    29E4H     000DH     UNIT         ?PR?P13_INPUT_CONFIG?MY_GPIO
            CODE    29F1H     000DH     UNIT         ?PR?P14_INPUT_CONFIG?MY_GPIO
            CODE    29FEH     000DH     UNIT         ?PR?P21_INPUT_CONFIG?MY_GPIO
BL51 BANKED LINKER/LOCATER V6.22.4.0                                                  05/20/2025  17:56:00  PAGE 4


            CODE    2A0BH     000DH     UNIT         ?PR?P22_INPUT_CONFIG?MY_GPIO
            CODE    2A18H     000DH     UNIT         ?PR?P23_INPUT_CONFIG?MY_GPIO
            CODE    2A25H     000DH     UNIT         ?PR?P25_INPUT_CONFIG?MY_GPIO
            CODE    2A32H     000DH     UNIT         ?PR?P27_INPUT_CONFIG?MY_GPIO
            CODE    2A3FH     000DH     UNIT         ?PR?P30_INPUT_CONFIG?MY_GPIO
            CODE    2A4CH     000DH     UNIT         ?PR?_UART0_SENDBYTE?UART0
            CODE    2A59H     000DH     UNIT         ?PR?SPEED_SCAN_CONFIG?SPEED_SCAN
            CODE    2A66H     000BH     UNIT         ?PR?_DELAY?SYSTEM
            CODE    2A71H     0007H     UNIT         ?PR?ENGINE_SPEED_SCAN_CONFIG?ENGINE_SPEED_SCAN



OVERLAY MAP OF MODULE:   .\Release\Objects\Project (?C_STARTUP)


SEGMENT                                             BIT_GROUP          XDATA_GROUP
  +--> CALLED SEGMENT                            START    LENGTH     START    LENGTH
------------------------------------------------------------------------------------
?C_C51STARTUP                                    -----    -----      -----    -----
  +--> ?PR?MAIN?MAIN
  +--> ?C_INITSEG

?PR?MAIN?MAIN                                    -----    -----      -----    -----
  +--> ?PR?SYSTEM_INIT?SYSTEM
  +--> ?PR?USER_INIT?MAIN
  +--> ?PR?TMR1_ENABLE?TMR1
  +--> ?PR?TMR2_ENABLE?TMR2
  +--> ?PR?PIN_LEVEL_SCAN?PIN_LEVEL_SCAN
  +--> ?PR?AD_KEY_SCAN?AD_KEY
  +--> ?PR?ENGINE_SPEED_SCAN?ENGINE_SPEED_SCAN
  +--> ?PR?SPEED_SCAN?SPEED_SCAN
  +--> ?PR?MILEAGE_SCAN?MILEAGE
  +--> ?PR?FUEL_CAPACITY_SCAN?FUEL_CAPACITY
  +--> ?PR?TEMP_OF_WATER_SCAN?TEMP_OF_WATER
  +--> ?PR?BATTERY_SCAN?BATTERY
  +--> ?PR?UART0_SCAN_HANDLE?UART0
  +--> ?PR?INSTRUCTION_SCAN?INSTRUCTION
  +--> ?PR?INSTRUCTION_HANDLE?INSTRUCTION
  +--> ?PR?HEART_BEAT_HANDLE?TMR1

?PR?SYSTEM_INIT?SYSTEM                           -----    -----      -----    -----
  +--> ?PR?_DELAY?SYSTEM
  +--> ?PR?_DELAY_MS?SYSTEM

?PR?_DELAY_MS?SYSTEM                             -----    -----      -----    -----
  +--> ?PR?_DELAY?SYSTEM

?PR?USER_INIT?MAIN                               -----    -----      -----    -----
  +--> ?PR?AIP1302_CONFIG?AIP1302
  +--> ?PR?FUN_INFO_INIT?FUN_INFO
  +--> ?PR?TMR0_CONFIG?TMR0
  +--> ?PR?UART0_CONFIG?UART0
  +--> ?PR?PIN_LEVEL_SCAN_CONFIG?PIN_LEVEL_SCAN
  +--> ?PR?TMR1_CONFIG?TMR1
  +--> ?PR?SPEED_SCAN_CONFIG?SPEED_SCAN
  +--> ?PR?ENGINE_SPEED_SCAN_CONFIG?ENGINE_S...
  +--> ?PR?P03_OUTPUT_CONFIG?MY_GPIO
BL51 BANKED LINKER/LOCATER V6.22.4.0                                                  05/20/2025  17:56:00  PAGE 5


  +--> ?PR?ADC_CONFIG?ADC
  +--> ?PR?TMR2_CONFIG?TMR2

?PR?AIP1302_CONFIG?AIP1302                       -----    -----      -----    -----
  +--> ?PR?AIP1302_IS_RUNNING?AIP1302
  +--> ?PR?_AIP1302_WRITE_BYTE?AIP1302
  +--> ?PR?AIP1302_READ_ALL?AIP1302

?PR?AIP1302_IS_RUNNING?AIP1302                   -----    -----      -----    -----
  +--> ?PR?___AIP1302_READ_BYTE?AIP1302

?PR?___AIP1302_READ_BYTE?AIP1302                 -----    -----      6077H    0003H
  +--> ?PR?_DELAY?SYSTEM

?PR?_AIP1302_WRITE_BYTE?AIP1302                  -----    -----      607DH    0004H
  +--> ?PR?___AIP1302_WRITE_BYTE?AIP1302

?PR?___AIP1302_WRITE_BYTE?AIP1302                -----    -----      6081H    0003H
  +--> ?PR?_DELAY?SYSTEM

?PR?AIP1302_READ_ALL?AIP1302                     -----    -----      -----    -----
  +--> ?PR?_AIP1302_READ_BYTE?AIP1302

?PR?_AIP1302_READ_BYTE?AIP1302                   -----    -----      6076H    0001H
  +--> ?PR?___AIP1302_READ_BYTE?AIP1302
  +--> ?PR?___AIP1302_CONVERT_READ_BYTE?AIP1302

?PR?___AIP1302_CONVERT_READ_BYTE?AIP1302         -----    -----      6077H    0003H
  +--> ?PR?_REVERSE_U8?AIP1302

?PR?FUN_INFO_INIT?FUN_INFO                       -----    -----      -----    -----
  +--> ?PR?_FLASH_READ?FLASH

?PR?_FLASH_READ?FLASH                            -----    -----      6072H    0005H

?PR?PIN_LEVEL_SCAN_CONFIG?PIN_LEVEL_SCAN         -----    -----      -----    -----
  +--> ?PR?P21_INPUT_CONFIG?MY_GPIO
  +--> ?PR?P22_INPUT_CONFIG?MY_GPIO
  +--> ?PR?P23_INPUT_CONFIG?MY_GPIO
  +--> ?PR?P25_INPUT_CONFIG?MY_GPIO
  +--> ?PR?P27_INPUT_CONFIG?MY_GPIO
  +--> ?PR?P30_INPUT_CONFIG?MY_GPIO
  +--> ?PR?P14_INPUT_CONFIG?MY_GPIO
  +--> ?PR?P13_INPUT_CONFIG?MY_GPIO
  +--> ?PR?P10_INPUT_CONFIG?MY_GPIO
  +--> ?PR?P07_INPUT_CONFIG?MY_GPIO
  +--> ?PR?P06_INPUT_CONFIG?MY_GPIO

?PR?AD_KEY_SCAN?AD_KEY                           -----    -----      6072H    0002H
  +--> ?PR?_ADC_SEL_PIN?ADC
  +--> ?PR?ADC_SINGLE_CONVERT?ADC
  +--> ?PR?___CONVER_CUR_AD_TO_AD_KEY?AD_KEY
  +--> ?PR?_SEND_DATA?SEND_DATA
  +--> ?PR?_DELAY_MS?SYSTEM

?PR?_ADC_SEL_PIN?ADC                             -----    -----      -----    -----
  +--> ?PR?_DELAY_MS?SYSTEM
BL51 BANKED LINKER/LOCATER V6.22.4.0                                                  05/20/2025  17:56:00  PAGE 6



?PR?___CONVER_CUR_AD_TO_AD_KEY?AD_KEY            -----    -----      6074H    0002H

?PR?_SEND_DATA?SEND_DATA                         -----    -----      6076H    0009H
  +--> ?PR?_UART0_SENDBYTE?UART0
  +--> ?PR?_DELAY_MS?SYSTEM

?PR?ENGINE_SPEED_SCAN?ENGINE_SPEED_SCAN          -----    -----      6072H    0004H

?PR?SPEED_SCAN?SPEED_SCAN                        -----    -----      6072H    0004H

?PR?MILEAGE_SCAN?MILEAGE                         -----    -----      -----    -----
  +--> ?PR?FUN_INFO_SAVE?FUN_INFO

?PR?FUN_INFO_SAVE?FUN_INFO                       -----    -----      -----    -----
  +--> ?PR?_FLASH_ERASE_SECTOR?FLASH
  +--> ?PR?_FLASH_WRITE?FLASH

?PR?_FLASH_WRITE?FLASH                           -----    -----      6076H    0005H

?PR?FUEL_CAPACITY_SCAN?FUEL_CAPACITY             -----    -----      -----    -----
  +--> ?PR?_ADC_SEL_PIN?ADC
  +--> ?PR?ADC_GETVAL?ADC

?PR?ADC_GETVAL?ADC                               -----    -----      6074H    000BH
  +--> ?PR?ADC_SINGLE_CONVERT?ADC

?PR?TEMP_OF_WATER_SCAN?TEMP_OF_WATER             -----    -----      -----    -----
  +--> ?PR?_ADC_SEL_PIN?ADC
  +--> ?PR?ADC_GETVAL?ADC

?PR?BATTERY_SCAN?BATTERY                         -----    -----      6072H    0002H
  +--> ?PR?_ADC_SEL_PIN?ADC
  +--> ?PR?ADC_GETVAL?ADC
  +--> ?PR?_CONVER_ADC_VAL_TO_VOLTAGE?BATTERY
  +--> ?PR?_CONVER_VOLTAGE_OF_BATTERY_TO_PER...

?PR?_CONVER_VOLTAGE_OF_BATTERY_TO_PER...         -----    -----      6074H    0004H

?PR?UART0_SCAN_HANDLE?UART0                      0023H.1  0000H.1    6072H    0003H
  +--> ?PR?TMR0_DISABLE?TMR0

?PR?INSTRUCTION_SCAN?INSTRUCTION                 -----    -----      6072H    0001H

?PR?INSTRUCTION_HANDLE?INSTRUCTION               -----    -----      6072H    0004H
  +--> ?PR?_SEND_DATA?SEND_DATA
  +--> ?PR?AIP1302_READ_ALL?AIP1302
  +--> ?PR?AIP1302_UPDATE_DATE?AIP1302
  +--> ?PR?AIP1302_UPDATE_TIME?AIP1302
  +--> ?PR?FUN_INFO_SAVE?FUN_INFO

?PR?AIP1302_UPDATE_DATE?AIP1302                  -----    -----      6076H    0007H
  +--> ?PR?_AIP1302_WRITE_BYTE?AIP1302

?PR?AIP1302_UPDATE_TIME?AIP1302                  -----    -----      6076H    0007H
  +--> ?PR?_AIP1302_WRITE_BYTE?AIP1302

BL51 BANKED LINKER/LOCATER V6.22.4.0                                                  05/20/2025  17:56:00  PAGE 7


?PR?HEART_BEAT_HANDLE?TMR1                       -----    -----      6072H    0008H

*** NEW ROOT ***************************************************

?PR?UART0_IRQHANDLER?UART0                       -----    -----      6084H    0001H
  +--> ?PR?TMR0_DISABLE?TMR0
  +--> ?PR?TMR0_ENABLE?TMR0



SYMBOL TABLE OF MODULE:  .\Release\Objects\Project (?C_STARTUP)

  VALUE           TYPE          NAME
  ----------------------------------

  -------         MODULE        ?C_STARTUP
  C:234DH         SEGMENT       ?C_C51STARTUP
  I:0024H         SEGMENT       ?STACK
  C:0000H         PUBLIC        ?C_STARTUP
  D:00E0H         SYMBOL        ACC
  D:00F0H         SYMBOL        B
  D:0083H         SYMBOL        DPH
  D:0082H         SYMBOL        DPL
  N:0000H         SYMBOL        IBPSTACK
  N:0100H         SYMBOL        IBPSTACKTOP
  N:0080H         SYMBOL        IDATALEN
  C:2350H         SYMBOL        IDATALOOP
  N:0000H         SYMBOL        PBPSTACK
  N:0100H         SYMBOL        PBPSTACKTOP
  N:0000H         SYMBOL        PDATALEN
  N:0000H         SYMBOL        PDATASTART
  N:0000H         SYMBOL        PPAGE
  N:0000H         SYMBOL        PPAGEENABLE
  D:00A0H         SYMBOL        PPAGE_SFR
  D:0081H         SYMBOL        SP
  C:234DH         SYMBOL        STARTUP1
  N:0000H         SYMBOL        XBPSTACK
  N:0000H         SYMBOL        XBPSTACKTOP
  N:0000H         SYMBOL        XDATALEN
  N:0000H         SYMBOL        XDATASTART
  C:0000H         LINE#         126
  C:234DH         LINE#         133
  C:234FH         LINE#         134
  C:2350H         LINE#         135
  C:2351H         LINE#         136
  C:2353H         LINE#         185
  C:2356H         LINE#         196
  -------         ENDMOD        ?C_STARTUP

  -------         MODULE        SYSTEM
  C:0000H         SYMBOL        _ICE_DUMMY_
  D:00A7H         PUBLIC        FLASH_TIMEREG0
  C:2A66H         PUBLIC        _delay
  D:00ACH         PUBLIC        FLASH_TIMEREG1
  C:1D5DH         PUBLIC        system_init
  C:28F5H         PUBLIC        _delay_ms
  -------         PROC          _DELAY
BL51 BANKED LINKER/LOCATER V6.22.4.0                                                  05/20/2025  17:56:00  PAGE 8


  D:0006H         SYMBOL        cnt
  C:2A66H         LINE#         37
  C:2A66H         LINE#         38
  C:2A66H         LINE#         39
  C:2A70H         LINE#         40
  C:2A70H         LINE#         41
  C:2A70H         LINE#         42
  -------         ENDPROC       _DELAY
  -------         PROC          _DELAY_MS
  D:0002H         SYMBOL        ms
  C:28F5H         LINE#         49
  C:28F9H         LINE#         50
  C:28F9H         LINE#         51
  C:2903H         LINE#         52
  C:2903H         LINE#         56
  C:290AH         LINE#         57
  C:290CH         LINE#         58
  -------         ENDPROC       _DELAY_MS
  -------         PROC          SYSTEM_INIT
  -------         DO            
  D:0007H         SYMBOL        i
  -------         ENDDO         
  C:1D5DH         LINE#         65
  C:1D5DH         LINE#         66
  C:1D5DH         LINE#         69
  C:1D64H         LINE#         70
  C:1D71H         LINE#         71
  C:1D74H         LINE#         74
  C:1D77H         LINE#         75
  C:1D7DH         LINE#         76
  C:1D83H         LINE#         77
  C:1D89H         LINE#         78
  C:1D8FH         LINE#         79
  C:1D96H         LINE#         83
  C:1D98H         LINE#         84
  C:1D98H         LINE#         85
  C:1DA5H         LINE#         86
  C:1DAAH         LINE#         88
  C:1E38H         LINE#         89
  -------         ENDPROC       SYSTEM_INIT
  -------         ENDMOD        SYSTEM

  -------         MODULE        MY_GPIO
  C:0000H         SYMBOL        _ICE_DUMMY_
  C:29D7H         PUBLIC        p10_input_config
  C:2A3FH         PUBLIC        p30_input_config
  C:29FEH         PUBLIC        p21_input_config
  C:2A0BH         PUBLIC        p22_input_config
  C:29E4H         PUBLIC        p13_input_config
  C:2A18H         PUBLIC        p23_input_config
  C:29F1H         PUBLIC        p14_input_config
  C:296FH         PUBLIC        p03_output_config
  C:29BDH         PUBLIC        p06_input_config
  C:2A25H         PUBLIC        p25_input_config
  C:29CAH         PUBLIC        p07_input_config
  C:2A32H         PUBLIC        p27_input_config
  -------         PROC          P03_OUTPUT_CONFIG
BL51 BANKED LINKER/LOCATER V6.22.4.0                                                  05/20/2025  17:56:00  PAGE 9


  C:296FH         LINE#         67
  C:296FH         LINE#         68
  C:296FH         LINE#         69
  C:2975H         LINE#         70
  C:2979H         LINE#         72
  C:297EH         LINE#         73
  -------         ENDPROC       P03_OUTPUT_CONFIG
  -------         PROC          P06_INPUT_CONFIG
  C:29BDH         LINE#         90
  C:29BDH         LINE#         91
  C:29BDH         LINE#         93
  C:29C3H         LINE#         95
  C:29C9H         LINE#         96
  -------         ENDPROC       P06_INPUT_CONFIG
  -------         PROC          P07_INPUT_CONFIG
  C:29CAH         LINE#         99
  C:29CAH         LINE#         100
  C:29CAH         LINE#         102
  C:29D0H         LINE#         104
  C:29D6H         LINE#         105
  -------         ENDPROC       P07_INPUT_CONFIG
  -------         PROC          P10_INPUT_CONFIG
  C:29D7H         LINE#         108
  C:29D7H         LINE#         109
  C:29D7H         LINE#         111
  C:29DDH         LINE#         113
  C:29E3H         LINE#         114
  -------         ENDPROC       P10_INPUT_CONFIG
  -------         PROC          P13_INPUT_CONFIG
  C:29E4H         LINE#         117
  C:29E4H         LINE#         118
  C:29E4H         LINE#         120
  C:29EAH         LINE#         122
  C:29F0H         LINE#         123
  -------         ENDPROC       P13_INPUT_CONFIG
  -------         PROC          P14_INPUT_CONFIG
  C:29F1H         LINE#         126
  C:29F1H         LINE#         127
  C:29F1H         LINE#         129
  C:29F7H         LINE#         131
  C:29FDH         LINE#         132
  -------         ENDPROC       P14_INPUT_CONFIG
  -------         PROC          P21_INPUT_CONFIG
  C:29FEH         LINE#         144
  C:29FEH         LINE#         145
  C:29FEH         LINE#         147
  C:2A04H         LINE#         149
  C:2A0AH         LINE#         150
  -------         ENDPROC       P21_INPUT_CONFIG
  -------         PROC          P22_INPUT_CONFIG
  C:2A0BH         LINE#         153
  C:2A0BH         LINE#         154
  C:2A0BH         LINE#         156
  C:2A11H         LINE#         158
  C:2A17H         LINE#         159
  -------         ENDPROC       P22_INPUT_CONFIG
  -------         PROC          P23_INPUT_CONFIG
BL51 BANKED LINKER/LOCATER V6.22.4.0                                                  05/20/2025  17:56:00  PAGE 10


  C:2A18H         LINE#         162
  C:2A18H         LINE#         163
  C:2A18H         LINE#         165
  C:2A1EH         LINE#         167
  C:2A24H         LINE#         168
  -------         ENDPROC       P23_INPUT_CONFIG
  -------         PROC          P25_INPUT_CONFIG
  C:2A25H         LINE#         171
  C:2A25H         LINE#         172
  C:2A25H         LINE#         174
  C:2A2BH         LINE#         176
  C:2A31H         LINE#         177
  -------         ENDPROC       P25_INPUT_CONFIG
  -------         PROC          P27_INPUT_CONFIG
  C:2A32H         LINE#         180
  C:2A32H         LINE#         181
  C:2A32H         LINE#         183
  C:2A38H         LINE#         185
  C:2A3EH         LINE#         186
  -------         ENDPROC       P27_INPUT_CONFIG
  -------         PROC          P30_INPUT_CONFIG
  C:2A3FH         LINE#         189
  C:2A3FH         LINE#         190
  C:2A3FH         LINE#         192
  C:2A45H         LINE#         194
  C:2A4BH         LINE#         195
  -------         ENDPROC       P30_INPUT_CONFIG
  -------         ENDMOD        MY_GPIO

  -------         MODULE        TMR0
  C:0000H         SYMBOL        _ICE_DUMMY_
  C:2522H         PUBLIC        TIMR0_IRQHandler
  X:60EFH         PUBLIC        tmr0_cnt
  C:2939H         PUBLIC        tmr0_disable
  D:00A8H         PUBLIC        IE0
  D:00A9H         PUBLIC        IE1
  D:00AAH         PUBLIC        IE2
  D:00ABH         PUBLIC        IE3
  D:00B8H         PUBLIC        IP0
  D:00B1H         PUBLIC        IP1
  D:00B2H         PUBLIC        IP2
  D:00B3H         PUBLIC        IP3
  D:00B4H         PUBLIC        IP4
  D:00B5H         PUBLIC        IP5
  D:00B6H         PUBLIC        IP6
  C:297FH         PUBLIC        tmr0_enable
  D:00B7H         PUBLIC        IP7
  C:2648H         PUBLIC        tmr0_config
  B:00A8H.7       PUBLIC        IE_EA
  -------         PROC          TMR0_CONFIG
  C:2648H         LINE#         13
  C:2648H         LINE#         14
  C:2648H         LINE#         15
  C:264EH         LINE#         16
  C:2651H         LINE#         17
  C:2653H         LINE#         20
  C:2657H         LINE#         21
BL51 BANKED LINKER/LOCATER V6.22.4.0                                                  05/20/2025  17:56:00  PAGE 11


  C:2659H         LINE#         23
  C:265FH         LINE#         24
  C:2663H         LINE#         25
  C:2667H         LINE#         26
  C:266BH         LINE#         28
  C:2670H         LINE#         29
  C:2674H         LINE#         31
  C:2679H         LINE#         32
  C:267DH         LINE#         34
  C:2683H         LINE#         35
  C:2687H         LINE#         36
  -------         ENDPROC       TMR0_CONFIG
  -------         PROC          TMR0_ENABLE
  C:297FH         LINE#         41
  C:297FH         LINE#         42
  C:297FH         LINE#         44
  C:2985H         LINE#         45
  C:2989H         LINE#         47
  C:298CH         LINE#         48
  C:298EH         LINE#         49
  -------         ENDPROC       TMR0_ENABLE
  -------         PROC          TMR0_DISABLE
  C:2939H         LINE#         54
  C:2939H         LINE#         55
  C:2939H         LINE#         57
  C:293FH         LINE#         58
  C:2943H         LINE#         61
  C:2947H         LINE#         62
  C:2949H         LINE#         64
  C:294CH         LINE#         65
  -------         ENDPROC       TMR0_DISABLE
  -------         PROC          TIMR0_IRQHANDLER
  C:2522H         LINE#         68
  C:2539H         LINE#         71
  C:2539H         LINE#         77
  C:253FH         LINE#         78
  C:253FH         LINE#         79
  C:2543H         LINE#         80
  C:255CH         LINE#         82
  C:255CH         LINE#         86
  C:255CH         LINE#         87
  -------         ENDPROC       TIMR0_IRQHANDLER
  -------         ENDMOD        TMR0

  -------         MODULE        TMR1
  C:0000H         SYMBOL        _ICE_DUMMY_
  C:2571H         PUBLIC        TIMR1_IRQHandler
  D:00D1H         PUBLIC        TMR_ALLCON
  X:60EBH         PUBLIC        tmr1_cnt
  D:00A8H         PUBLIC        IE0
  D:00A9H         PUBLIC        IE1
  D:00AAH         PUBLIC        IE2
  D:00ABH         PUBLIC        IE3
  D:00B8H         PUBLIC        IP0
  D:00B1H         PUBLIC        IP1
  D:00B2H         PUBLIC        IP2
  D:00B3H         PUBLIC        IP3
BL51 BANKED LINKER/LOCATER V6.22.4.0                                                  05/20/2025  17:56:00  PAGE 12


  D:00B4H         PUBLIC        IP4
  D:00B5H         PUBLIC        IP5
  D:00B6H         PUBLIC        IP6
  D:00B7H         PUBLIC        IP7
  C:298FH         PUBLIC        tmr1_enable
  C:26C8H         PUBLIC        tmr1_config
  C:1122H         PUBLIC        heart_beat_handle
  B:00A8H.7       PUBLIC        IE_EA
  -------         PROC          TMR1_CONFIG
  C:26C8H         LINE#         15
  C:26C8H         LINE#         16
  C:26C8H         LINE#         17
  C:26CEH         LINE#         18
  C:26D1H         LINE#         19
  C:26D3H         LINE#         21
  C:26D6H         LINE#         23
  C:26DCH         LINE#         24
  C:26E0H         LINE#         25
  C:26E4H         LINE#         26
  C:26E8H         LINE#         28
  C:26EDH         LINE#         29
  C:26F1H         LINE#         32
  C:26F6H         LINE#         33
  C:26FAH         LINE#         35
  C:2700H         LINE#         36
  C:2704H         LINE#         37
  -------         ENDPROC       TMR1_CONFIG
  -------         PROC          TMR1_ENABLE
  C:298FH         LINE#         42
  C:298FH         LINE#         43
  C:298FH         LINE#         45
  C:2995H         LINE#         46
  C:2999H         LINE#         48
  C:299CH         LINE#         49
  C:299EH         LINE#         50
  -------         ENDPROC       TMR1_ENABLE
  -------         PROC          HEART_BEAT_HANDLE
  -------         DO            
  X:60E7H         SYMBOL        old_time_ms_cnt
  X:6072H         SYMBOL        cur_time_ms_cnt
  X:6076H         SYMBOL        diff_ms_cnt
  -------         ENDDO         
  C:1122H         LINE#         68
  C:1122H         LINE#         69
  C:1122H         LINE#         71
  C:112EH         LINE#         72
  C:1138H         LINE#         73
  C:1142H         LINE#         74
  C:1157H         LINE#         75
  C:1161H         LINE#         77
  C:1178H         LINE#         78
  C:1178H         LINE#         80
  C:1187H         LINE#         81
  C:1187H         LINE#         83
  C:11ADH         LINE#         84
  C:11ADH         LINE#         86
  C:11BCH         LINE#         87
BL51 BANKED LINKER/LOCATER V6.22.4.0                                                  05/20/2025  17:56:00  PAGE 13


  C:11CBH         LINE#         88
  C:11CBH         LINE#         89
  C:11D7H         LINE#         90
  C:11DEH         LINE#         95
  C:11EAH         LINE#         96
  C:11F4H         LINE#         97
  C:11F6H         LINE#         98
  C:11F6H         LINE#         99
  C:11F6H         LINE#         101
  C:121CH         LINE#         102
  C:121CH         LINE#         104
  C:122BH         LINE#         105
  C:123AH         LINE#         106
  C:123AH         LINE#         107
  C:1246H         LINE#         108
  C:124DH         LINE#         113
  C:1259H         LINE#         114
  C:1263H         LINE#         115
  C:1265H         LINE#         116
  C:1265H         LINE#         117
  C:1265H         LINE#         119
  C:1288H         LINE#         120
  C:1288H         LINE#         122
  C:129DH         LINE#         123
  C:129DH         LINE#         125
  C:12C0H         LINE#         126
  C:12C0H         LINE#         128
  C:12D5H         LINE#         129
  C:12D5H         LINE#         131
  C:12DCH         LINE#         132
  C:12DCH         LINE#         134
  C:12EBH         LINE#         135
  C:12FAH         LINE#         136
  C:12FAH         LINE#         138
  C:12FEH         LINE#         139
  C:1302H         LINE#         140
  C:1302H         LINE#         141
  C:1302H         LINE#         143
  C:1309H         LINE#         144
  C:1309H         LINE#         147
  C:1318H         LINE#         148
  C:1327H         LINE#         149
  C:1327H         LINE#         151
  C:132BH         LINE#         152
  C:132FH         LINE#         153
  C:132FH         LINE#         154
  C:132FH         LINE#         156
  C:1336H         LINE#         157
  C:1336H         LINE#         160
  C:1345H         LINE#         161
  C:1354H         LINE#         162
  C:1354H         LINE#         164
  C:1358H         LINE#         165
  C:135CH         LINE#         166
  C:135CH         LINE#         167
  C:135CH         LINE#         168
  -------         ENDPROC       HEART_BEAT_HANDLE
BL51 BANKED LINKER/LOCATER V6.22.4.0                                                  05/20/2025  17:56:00  PAGE 14


  -------         PROC          TIMR1_IRQHANDLER
  C:2571H         LINE#         171
  C:2588H         LINE#         174
  C:2588H         LINE#         195
  C:258EH         LINE#         196
  C:258EH         LINE#         197
  C:2592H         LINE#         199
  C:25ABH         LINE#         200
  C:25ABH         LINE#         204
  C:25ABH         LINE#         205
  -------         ENDPROC       TIMR1_IRQHANDLER
  -------         ENDMOD        TMR1

  -------         MODULE        TMR2
  C:0000H         SYMBOL        _ICE_DUMMY_
  C:2141H         PUBLIC        TIMR2_IRQHandler
  D:00D1H         PUBLIC        TMR_ALLCON
  B:0080H.2       PUBLIC        P02
  B:0090H.5       PUBLIC        P15
  D:00A8H         PUBLIC        IE0
  D:00A9H         PUBLIC        IE1
  D:00AAH         PUBLIC        IE2
  D:00ABH         PUBLIC        IE3
  D:00B8H         PUBLIC        IP0
  D:00B1H         PUBLIC        IP1
  D:00B2H         PUBLIC        IP2
  D:00B3H         PUBLIC        IP3
  D:00B4H         PUBLIC        IP4
  D:00B5H         PUBLIC        IP5
  D:00B6H         PUBLIC        IP6
  D:00B7H         PUBLIC        IP7
  C:294DH         PUBLIC        tmr2_enable
  C:2688H         PUBLIC        tmr2_config
  B:00A8H.7       PUBLIC        IE_EA
  -------         PROC          TMR2_CONFIG
  C:2688H         LINE#         14
  C:2688H         LINE#         15
  C:2688H         LINE#         16
  C:268EH         LINE#         17
  C:2691H         LINE#         18
  C:2693H         LINE#         21
  C:2696H         LINE#         23
  C:269DH         LINE#         24
  C:269FH         LINE#         25
  C:26A3H         LINE#         26
  C:26A7H         LINE#         29
  C:26ADH         LINE#         30
  C:26B3H         LINE#         32
  C:26BAH         LINE#         33
  C:26BEH         LINE#         34
  C:26C3H         LINE#         35
  C:26C7H         LINE#         36
  -------         ENDPROC       TMR2_CONFIG
  -------         PROC          TMR2_ENABLE
  C:294DH         LINE#         41
  C:294DH         LINE#         42
  C:294DH         LINE#         44
BL51 BANKED LINKER/LOCATER V6.22.4.0                                                  05/20/2025  17:56:00  PAGE 15


  C:2954H         LINE#         45
  C:2958H         LINE#         47
  C:295BH         LINE#         48
  C:295DH         LINE#         49
  -------         ENDPROC       TMR2_ENABLE
  -------         PROC          TIMR2_IRQHANDLER
  -------         DO            
  B:0022H.4       SYMBOL        last_engine_speed_scan_level
  B:0022H.5       SYMBOL        last_speed_scan_level
  -------         ENDDO         
  C:2141H         LINE#         68
  C:215EH         LINE#         75
  C:215EH         LINE#         80
  C:2165H         LINE#         81
  C:2165H         LINE#         82
  C:2169H         LINE#         84
  C:216CH         LINE#         85
  C:216CH         LINE#         86
  C:216FH         LINE#         87
  C:216FH         LINE#         89
  C:2181H         LINE#         90
  C:2181H         LINE#         91
  C:219AH         LINE#         92
  C:219AH         LINE#         93
  C:219AH         LINE#         95
  C:219CH         LINE#         96
  C:219EH         LINE#         98
  C:219EH         LINE#         100
  C:21A0H         LINE#         101
  C:21A0H         LINE#         103
  C:21A3H         LINE#         104
  C:21A3H         LINE#         105
  C:21A6H         LINE#         106
  C:21A6H         LINE#         108
  C:21B8H         LINE#         109
  C:21B8H         LINE#         110
  C:21D1H         LINE#         111
  C:21D1H         LINE#         112
  C:21D1H         LINE#         114
  C:21D3H         LINE#         115
  C:21D5H         LINE#         117
  C:21D5H         LINE#         119
  C:21D7H         LINE#         120
  C:21D7H         LINE#         121
  C:21D7H         LINE#         125
  C:21D7H         LINE#         126
  -------         ENDPROC       TIMR2_IRQHANDLER
  -------         ENDMOD        TMR2

  -------         MODULE        UART0
  C:0000H         SYMBOL        _ICE_DUMMY_
  C:1688H         PUBLIC        UART0_IRQHandler
  X:6000H         SYMBOL        cur_recv_len
  X:6001H         SYMBOL        blank_index
  D:00D5H         PUBLIC        UART0_BAUD0
  D:00D6H         PUBLIC        UART0_BAUD1
  X:6005H         PUBLIC        uart0_recv_buf
BL51 BANKED LINKER/LOCATER V6.22.4.0                                                  05/20/2025  17:56:00  PAGE 16


  X:6023H         PUBLIC        uart0_recv_len
  B:0022H.6       SYMBOL        flag_is_recving_data
  X:6026H         SYMBOL        frame_len
  C:2A4CH         PUBLIC        _uart0_sendbyte
  D:00D4H         PUBLIC        UART0_STA
  X:6027H         PUBLIC        recved_flagbuf
  D:00A8H         PUBLIC        IE0
  D:00A9H         PUBLIC        IE1
  D:00AAH         PUBLIC        IE2
  D:00ABH         PUBLIC        IE3
  C:1507H         PUBLIC        uart0_scan_handle
  X:602AH         PUBLIC        recv_frame_cnt
  C:2807H         PUBLIC        uart0_config
  D:00B8H         PUBLIC        IP0
  D:00B1H         PUBLIC        IP1
  D:00B2H         PUBLIC        IP2
  D:00B3H         PUBLIC        IP3
  D:00B4H         PUBLIC        IP4
  D:00B5H         PUBLIC        IP5
  D:00B6H         PUBLIC        IP6
  D:00B7H         PUBLIC        IP7
  D:00D2H         PUBLIC        UART0_CON0
  D:00D7H         PUBLIC        UART0_DATA
  B:00A8H.7       PUBLIC        IE_EA
  X:602BH         PUBLIC        flagbuf_valid_instruction
  C:29AFH         PUBLIC        _putchar
  -------         PROC          _PUTCHAR
  X:60F7H         SYMBOL        c
  C:29AFH         LINE#         28
  C:29B4H         LINE#         29
  C:29B4H         LINE#         30
  C:29B7H         LINE#         31
  C:29BCH         LINE#         32
  -------         ENDPROC       _PUTCHAR
  -------         PROC          UART0_CONFIG
  C:2807H         LINE#         36
  C:2807H         LINE#         37
  C:2807H         LINE#         45
  C:280DH         LINE#         46
  C:2811H         LINE#         47
  C:2815H         LINE#         48
  C:281CH         LINE#         49
  C:2823H         LINE#         57
  C:2826H         LINE#         58
  C:2828H         LINE#         60
  C:282BH         LINE#         61
  C:282EH         LINE#         62
  C:2831H         LINE#         67
  -------         ENDPROC       UART0_CONFIG
  -------         PROC          UART0_IRQHANDLER
  -------         DO            
  X:6084H         SYMBOL        uart0_tmp_val
  -------         ENDDO         
  C:1688H         LINE#         70
  C:16A5H         LINE#         72
  C:16AAH         LINE#         75
  C:16AAH         LINE#         80
BL51 BANKED LINKER/LOCATER V6.22.4.0                                                  05/20/2025  17:56:00  PAGE 17


  C:16B2H         LINE#         81
  C:16B2H         LINE#         83
  C:16B5H         LINE#         85
  C:16C5H         LINE#         87
  C:16C5H         LINE#         91
  C:16C5H         LINE#         92
  C:16C5H         LINE#         93
  C:16C8H         LINE#         95
  C:16C8H         LINE#         98
  C:16CFH         LINE#         99
  C:16CFH         LINE#         102
  C:16D1H         LINE#         103
  C:16D6H         LINE#         104
  C:16DAH         LINE#         105
  C:16DDH         LINE#         106
  C:16E7H         LINE#         107
  C:16EAH         LINE#         108
  C:16EAH         LINE#         110
  C:16F1H         LINE#         111
  C:16F1H         LINE#         113
  C:16F9H         LINE#         116
  C:16F9H         LINE#         119
  C:170FH         LINE#         120
  C:170FH         LINE#         122
  C:1748H         LINE#         124
  C:1752H         LINE#         127
  C:1767H         LINE#         129
  C:1767H         LINE#         131
  C:177EH         LINE#         133
  C:1780H         LINE#         134
  C:1785H         LINE#         135
  C:1789H         LINE#         137
  C:179CH         LINE#         138
  C:17A2H         LINE#         140
  C:17BBH         LINE#         141
  C:17CDH         LINE#         142
  C:17CDH         LINE#         143
  C:17D7H         LINE#         144
  C:17D7H         LINE#         169
  C:17D7H         LINE#         170
  C:17DAH         LINE#         171
  C:17E4H         LINE#         172
  C:17E4H         LINE#         174
  C:17E4H         LINE#         175
  C:17E4H         LINE#         177
  C:17E4H         LINE#         182
  C:17E4H         LINE#         186
  C:17E4H         LINE#         187
  -------         ENDPROC       UART0_IRQHANDLER
  -------         PROC          _UART0_SENDBYTE
  D:0007H         SYMBOL        senddata
  C:2A4CH         LINE#         190
  C:2A4CH         LINE#         191
  C:2A4CH         LINE#         192
  C:2A51H         LINE#         194
  C:2A53H         LINE#         195
  C:2A58H         LINE#         197
BL51 BANKED LINKER/LOCATER V6.22.4.0                                                  05/20/2025  17:56:00  PAGE 18


  -------         ENDPROC       _UART0_SENDBYTE
  -------         PROC          UART0_SCAN_HANDLE
  -------         DO            
  X:6072H         SYMBOL        i
  X:6073H         SYMBOL        checksum
  B:0023H.1       SYMBOL        __flag_is_crc_or_len_err
  -------         DO            
  X:6074H         SYMBOL        __loop_crc_cnt
  -------         ENDDO         
  -------         ENDDO         
  C:1507H         LINE#         213
  C:1507H         LINE#         214
  C:1507H         LINE#         215
  C:150CH         LINE#         216
  C:150EH         LINE#         217
  C:1510H         LINE#         221
  C:1521H         LINE#         222
  C:1521H         LINE#         226
  C:1524H         LINE#         227
  C:152EH         LINE#         230
  C:1533H         LINE#         231
  C:1537H         LINE#         232
  C:153AH         LINE#         266
  C:153AH         LINE#         270
  C:154CH         LINE#         271
  C:154CH         LINE#         272
  C:155CH         LINE#         273
  C:155CH         LINE#         277
  C:157DH         LINE#         278
  C:157DH         LINE#         287
  C:158CH         LINE#         288
  C:1592H         LINE#         289
  C:15B1H         LINE#         292
  C:15B1H         LINE#         294
  C:15B1H         LINE#         295
  C:15B6H         LINE#         296
  C:15BAH         LINE#         297
  C:15D6H         LINE#         298
  C:15D6H         LINE#         299
  C:15F6H         LINE#         300
  C:15FCH         LINE#         303
  C:1601H         LINE#         304
  C:1632H         LINE#         305
  C:1632H         LINE#         307
  C:1634H         LINE#         308
  C:1634H         LINE#         309
  C:1634H         LINE#         311
  C:1637H         LINE#         312
  C:1637H         LINE#         338
  C:1639H         LINE#         339
  C:1649H         LINE#         340
  C:164FH         LINE#         341
  C:166EH         LINE#         342
  C:166EH         LINE#         345
  C:167EH         LINE#         346
  C:167EH         LINE#         347
  C:1687H         LINE#         348
BL51 BANKED LINKER/LOCATER V6.22.4.0                                                  05/20/2025  17:56:00  PAGE 19


  -------         ENDPROC       UART0_SCAN_HANDLE
  -------         ENDMOD        UART0

  -------         MODULE        ADC
  C:0000H         SYMBOL        _ICE_DUMMY_
  C:2832H         PUBLIC        adc_config
  C:1C6EH         PUBLIC        adc_getval
  D:0099H         PUBLIC        ADC_CHS0
  D:0093H         PUBLIC        ADC_DATAH0
  D:0094H         PUBLIC        ADC_DATAL0
  X:60F3H         PUBLIC        adc_val
  C:0027H         PUBLIC        adc_single_convert
  C:27ABH         PUBLIC        _adc_sel_pin
  -------         PROC          ADC_CONFIG
  C:2832H         LINE#         7
  C:2832H         LINE#         8
  C:2832H         LINE#         10
  C:2838H         LINE#         12
  C:283CH         LINE#         14
  C:2841H         LINE#         16
  C:2845H         LINE#         19
  C:284CH         LINE#         20
  C:2850H         LINE#         22
  C:2854H         LINE#         23
  C:285AH         LINE#         26
  -------         ENDPROC       ADC_CONFIG
  -------         PROC          _ADC_SEL_PIN
  D:0007H         SYMBOL        adc_pin
  C:27ABH         LINE#         30
  C:27ABH         LINE#         31
  C:27ABH         LINE#         32
  C:27BAH         LINE#         33
  C:27BAH         LINE#         34
  C:27BAH         LINE#         35
  C:27BDH         LINE#         37
  C:27BFH         LINE#         39
  C:27BFH         LINE#         40
  C:27C2H         LINE#         42
  C:27C4H         LINE#         44
  C:27C4H         LINE#         45
  C:27C7H         LINE#         47
  C:27C9H         LINE#         49
  C:27C9H         LINE#         50
  C:27CCH         LINE#         52
  C:27CCH         LINE#         53
  C:27CCH         LINE#         55
  C:27D2H         LINE#         58
  -------         ENDPROC       _ADC_SEL_PIN
  -------         PROC          ADC_SINGLE_CONVERT
  C:0027H         LINE#         62
  C:0027H         LINE#         63
  C:0027H         LINE#         64
  C:002DH         LINE#         65
  C:0033H         LINE#         67
  C:0036H         LINE#         68
  C:0049H         LINE#         69
  -------         ENDPROC       ADC_SINGLE_CONVERT
BL51 BANKED LINKER/LOCATER V6.22.4.0                                                  05/20/2025  17:56:00  PAGE 20


  -------         PROC          ADC_GETVAL
  -------         DO            
  X:6074H         SYMBOL        adc_val_tmp
  X:6076H         SYMBOL        adc_val_sum
  X:607AH         SYMBOL        get_adcmax
  X:607CH         SYMBOL        get_adcmin
  X:607EH         SYMBOL        i
  -------         ENDDO         
  C:1C6EH         LINE#         72
  C:1C6EH         LINE#         73
  C:1C6EH         LINE#         74
  C:1C75H         LINE#         75
  C:1C7DH         LINE#         76
  C:1C84H         LINE#         77
  C:1C8AH         LINE#         78
  C:1C8DH         LINE#         80
  C:1C8EH         LINE#         81
  C:1C8EH         LINE#         82
  C:1C99H         LINE#         83
  C:1CA2H         LINE#         84
  C:1CA2H         LINE#         85
  C:1CB8H         LINE#         86
  C:1CC0H         LINE#         87
  C:1CCFH         LINE#         88
  C:1CDEH         LINE#         89
  C:1CF6H         LINE#         90
  C:1D02H         LINE#         92
  C:1D26H         LINE#         93
  C:1D49H         LINE#         94
  C:1D5CH         LINE#         96
  C:1D5CH         LINE#         97
  -------         ENDPROC       ADC_GETVAL
  -------         ENDMOD        ADC

  -------         MODULE        FLASH
  C:0000H         SYMBOL        _ICE_DUMMY_
  C:2777H         PUBLIC        _flash_read
  C:2740H         PUBLIC        _flash_write
  D:00A4H         PUBLIC        FLASH_CON
  D:00A5H         PUBLIC        FLASH_STA
  D:00AEH         PUBLIC        FLASH_PASSWORD
  D:00A6H         PUBLIC        FLASH_DATA
  D:00AFH         PUBLIC        FLASH_ADDR
  C:295EH         PUBLIC        _flash_erase_sector
  -------         PROC          _FLASH_ERASE_SECTOR
  D:0007H         SYMBOL        addr
  C:295EH         LINE#         11
  C:295EH         LINE#         12
  C:295EH         LINE#         13
  C:2961H         LINE#         14
  C:2963H         LINE#         15
  C:2966H         LINE#         16
  C:2969H         LINE#         18
  C:296EH         LINE#         20
  -------         ENDPROC       _FLASH_ERASE_SECTOR
  -------         PROC          _FLASH_WRITE
  D:0007H         SYMBOL        addr
BL51 BANKED LINKER/LOCATER V6.22.4.0                                                  05/20/2025  17:56:00  PAGE 21


  X:6077H         SYMBOL        p_data
  X:607AH         SYMBOL        len
  C:2740H         LINE#         29
  C:2746H         LINE#         30
  C:2746H         LINE#         31
  C:2749H         LINE#         32
  C:274BH         LINE#         34
  C:2754H         LINE#         35
  C:2754H         LINE#         36
  C:2759H         LINE#         38
  C:2768H         LINE#         39
  C:276BH         LINE#         40
  C:276EH         LINE#         42
  C:2774H         LINE#         43
  C:2776H         LINE#         44
  -------         ENDPROC       _FLASH_WRITE
  -------         PROC          _FLASH_READ
  D:0007H         SYMBOL        addr
  X:6073H         SYMBOL        p_data
  X:6076H         SYMBOL        len
  C:2777H         LINE#         53
  C:277DH         LINE#         54
  C:277DH         LINE#         55
  C:2783H         LINE#         56
  C:2783H         LINE#         57
  C:27A2H         LINE#         58
  C:27A8H         LINE#         59
  C:27AAH         LINE#         60
  -------         ENDPROC       _FLASH_READ
  -------         ENDMOD        FLASH

  -------         MODULE        AIP1302
  C:0000H         SYMBOL        _ICE_DUMMY_
  C:28DBH         PUBLIC        _reverse_u8
  C:290DH         PUBLIC        _aip1302_read_byte
  C:25C0H         PUBLIC        aip1302_read_all
  C:000FH         SYMBOL        aip1302_is_running
  C:21F2H         PUBLIC        _aip1302_write_byte
  B:00A0H.4       PUBLIC        P24
  B:0090H.6       PUBLIC        P16
  B:0090H.7       PUBLIC        P17
  C:244AH         SYMBOL        ___aip1302_convert_read_byte
  C:208AH         PUBLIC        ___aip1302_read_byte
  C:24B8H         PUBLIC        aip1302_config
  C:1F10H         SYMBOL        ___aip1302_write_byte
  C:285BH         PUBLIC        aip1302_update_date
  C:28BDH         PUBLIC        aip1302_update_time
  -------         PROC          AIP1302_CONFIG
  -------         DO            
  D:0007H         SYMBOL        ret
  -------         ENDDO         
  C:24B8H         LINE#         6
  C:24B8H         LINE#         7
  C:24B8H         LINE#         8
  C:24BAH         LINE#         12
  C:24C0H         LINE#         13
  C:24C4H         LINE#         14
BL51 BANKED LINKER/LOCATER V6.22.4.0                                                  05/20/2025  17:56:00  PAGE 22


  C:24C9H         LINE#         16
  C:24CDH         LINE#         17
  C:24D1H         LINE#         18
  C:24D6H         LINE#         20
  C:24DCH         LINE#         21
  C:24E0H         LINE#         22
  C:24E5H         LINE#         24
  C:24E7H         LINE#         25
  C:24E9H         LINE#         30
  C:24ECH         LINE#         31
  C:24EFH         LINE#         32
  C:24EFH         LINE#         35
  C:24EFH         LINE#         37
  C:24EFH         LINE#         41
  C:24F5H         LINE#         42
  C:24FCH         LINE#         43
  C:2503H         LINE#         44
  C:250AH         LINE#         45
  C:2511H         LINE#         46
  C:2518H         LINE#         47
  C:251FH         LINE#         48
  C:251FH         LINE#         51
  -------         ENDPROC       AIP1302_CONFIG
  -------         PROC          _REVERSE_U8
  D:0007H         SYMBOL        arg
  -------         DO            
  D:0006H         SYMBOL        tmp
  D:0005H         SYMBOL        i
  -------         ENDDO         
  C:28DBH         LINE#         55
  C:28DBH         LINE#         56
  C:28DBH         LINE#         58
  C:28DDH         LINE#         61
  C:28DDH         LINE#         62
  C:28DDH         LINE#         63
  C:28E1H         LINE#         64
  C:28E5H         LINE#         65
  C:28E5H         LINE#         66
  C:28E9H         LINE#         67
  C:28E9H         LINE#         69
  C:28E9H         LINE#         70
  C:28E9H         LINE#         71
  C:28EDH         LINE#         72
  C:28F2H         LINE#         74
  C:28F4H         LINE#         75
  -------         ENDPROC       _REVERSE_U8
  -------         PROC          ___AIP1302_CONVERT_READ_BYTE
  D:0004H         SYMBOL        cmd
  D:0005H         SYMBOL        byte
  -------         DO            
  D:0007H         SYMBOL        tmp
  X:6077H         SYMBOL        i
  -------         DO            
  X:6078H         SYMBOL        tens_place
  X:6079H         SYMBOL        one_place
  -------         ENDDO         
  -------         ENDDO         
BL51 BANKED LINKER/LOCATER V6.22.4.0                                                  05/20/2025  17:56:00  PAGE 23


  C:244AH         LINE#         78
  C:244CH         LINE#         79
  C:244CH         LINE#         80
  C:244DH         LINE#         81
  C:2451H         LINE#         84
  C:2456H         LINE#         93
  C:2474H         LINE#         94
  C:2474H         LINE#         95
  C:2479H         LINE#         96
  C:247BH         LINE#         99
  C:2484H         LINE#         100
  C:2484H         LINE#         103
  C:2488H         LINE#         104
  C:248AH         LINE#         105
  C:2493H         LINE#         106
  C:2493H         LINE#         108
  C:2497H         LINE#         109
  C:2499H         LINE#         110
  C:249DH         LINE#         111
  C:249DH         LINE#         113
  C:24A1H         LINE#         114
  C:24A1H         LINE#         116
  C:24AAH         LINE#         117
  C:24B0H         LINE#         118
  C:24B7H         LINE#         119
  C:24B7H         LINE#         121
  C:24B7H         LINE#         122
  -------         ENDPROC       ___AIP1302_CONVERT_READ_BYTE
  -------         PROC          ___AIP1302_READ_BYTE
  X:6077H         SYMBOL        cmd
  -------         DO            
  X:6078H         SYMBOL        recv_data
  X:6079H         SYMBOL        i
  -------         ENDDO         
  C:208AH         LINE#         125
  C:208FH         LINE#         126
  C:208FH         LINE#         127
  C:2092H         LINE#         128
  C:2094H         LINE#         131
  C:209AH         LINE#         132
  C:209EH         LINE#         133
  C:20A3H         LINE#         135
  C:20A5H         LINE#         136
  C:20A7H         LINE#         137
  C:20A9H         LINE#         138
  C:20AFH         LINE#         140
  C:20B4H         LINE#         141
  C:20B4H         LINE#         142
  C:20B6H         LINE#         143
  C:20BDH         LINE#         144
  C:20D3H         LINE#         145
  C:20D3H         LINE#         146
  C:20D5H         LINE#         147
  C:20D7H         LINE#         149
  C:20D7H         LINE#         150
  C:20D9H         LINE#         151
  C:20D9H         LINE#         152
BL51 BANKED LINKER/LOCATER V6.22.4.0                                                  05/20/2025  17:56:00  PAGE 24


  C:20E0H         LINE#         154
  C:20E2H         LINE#         155
  C:20E9H         LINE#         156
  C:20F5H         LINE#         159
  C:20FBH         LINE#         160
  C:2101H         LINE#         162
  C:2106H         LINE#         163
  C:2106H         LINE#         164
  C:210DH         LINE#         165
  C:210FH         LINE#         166
  C:2116H         LINE#         167
  C:2119H         LINE#         168
  C:2119H         LINE#         169
  C:2120H         LINE#         170
  C:2120H         LINE#         172
  C:2120H         LINE#         173
  C:2120H         LINE#         174
  C:2122H         LINE#         175
  C:2129H         LINE#         176
  C:2135H         LINE#         178
  C:2137H         LINE#         179
  C:2139H         LINE#         180
  C:213BH         LINE#         182
  C:2140H         LINE#         183
  -------         ENDPROC       ___AIP1302_READ_BYTE
  -------         PROC          _AIP1302_READ_BYTE
  X:6076H         SYMBOL        cmd
  -------         DO            
  D:0006H         SYMBOL        recv_data
  -------         ENDDO         
  C:290DH         LINE#         192
  C:2912H         LINE#         193
  C:2912H         LINE#         194
  C:2914H         LINE#         195
  C:2919H         LINE#         196
  -------         ENDPROC       _AIP1302_READ_BYTE
  -------         PROC          ___AIP1302_WRITE_BYTE
  X:6081H         SYMBOL        cmd
  X:6082H         SYMBOL        byte
  -------         DO            
  X:6083H         SYMBOL        i
  -------         ENDDO         
  C:1F10H         LINE#         206
  C:1F18H         LINE#         207
  C:1F18H         LINE#         208
  C:1F1BH         LINE#         211
  C:1F21H         LINE#         212
  C:1F25H         LINE#         213
  C:1F2AH         LINE#         215
  C:1F2CH         LINE#         216
  C:1F2EH         LINE#         217
  C:1F30H         LINE#         218
  C:1F36H         LINE#         220
  C:1F3BH         LINE#         221
  C:1F3BH         LINE#         222
  C:1F3DH         LINE#         223
  C:1F44H         LINE#         224
BL51 BANKED LINKER/LOCATER V6.22.4.0                                                  05/20/2025  17:56:00  PAGE 25


  C:1F5AH         LINE#         225
  C:1F5AH         LINE#         226
  C:1F5CH         LINE#         227
  C:1F5EH         LINE#         229
  C:1F5EH         LINE#         230
  C:1F60H         LINE#         231
  C:1F60H         LINE#         232
  C:1F67H         LINE#         233
  C:1F69H         LINE#         234
  C:1F70H         LINE#         235
  C:1F7CH         LINE#         237
  C:1F81H         LINE#         238
  C:1F81H         LINE#         239
  C:1F83H         LINE#         240
  C:1F8AH         LINE#         241
  C:1FA0H         LINE#         242
  C:1FA0H         LINE#         243
  C:1FA2H         LINE#         244
  C:1FA4H         LINE#         246
  C:1FA4H         LINE#         247
  C:1FA6H         LINE#         248
  C:1FA6H         LINE#         249
  C:1FADH         LINE#         250
  C:1FAFH         LINE#         251
  C:1FB6H         LINE#         252
  C:1FC2H         LINE#         254
  C:1FC4H         LINE#         255
  C:1FCBH         LINE#         256
  C:1FCDH         LINE#         257
  C:1FCFH         LINE#         258
  -------         ENDPROC       ___AIP1302_WRITE_BYTE
  -------         PROC          AIP1302_IS_RUNNING
  -------         DO            
  D:0007H         SYMBOL        recv_data
  -------         ENDDO         
  C:000FH         LINE#         265
  C:000FH         LINE#         266
  C:000FH         LINE#         267
  C:0014H         LINE#         268
  C:0018H         LINE#         269
  C:0018H         LINE#         271
  C:001BH         LINE#         272
  C:001BH         LINE#         274
  C:001BH         LINE#         276
  C:001DH         LINE#         277
  C:001DH         LINE#         278
  -------         ENDPROC       AIP1302_IS_RUNNING
  -------         PROC          _AIP1302_WRITE_BYTE
  X:607DH         SYMBOL        cmd
  D:0005H         SYMBOL        byte
  -------         DO            
  X:607EH         SYMBOL        tmp
  -------         DO            
  X:607FH         SYMBOL        tens_place
  X:6080H         SYMBOL        one_place
  -------         ENDDO         
  -------         ENDDO         
BL51 BANKED LINKER/LOCATER V6.22.4.0                                                  05/20/2025  17:56:00  PAGE 26


  C:21F2H         LINE#         291
  C:21F7H         LINE#         292
  C:21F7H         LINE#         293
  C:21FAH         LINE#         301
  C:221CH         LINE#         302
  C:221CH         LINE#         303
  C:2221H         LINE#         304
  C:2223H         LINE#         305
  C:222DH         LINE#         306
  C:222DH         LINE#         307
  C:2234H         LINE#         308
  C:2234H         LINE#         309
  C:2243H         LINE#         312
  C:2250H         LINE#         316
  C:225DH         LINE#         317
  C:225DH         LINE#         318
  C:2264H         LINE#         319
  C:2266H         LINE#         320
  C:2273H         LINE#         321
  C:2273H         LINE#         324
  C:227AH         LINE#         325
  C:227CH         LINE#         326
  C:2283H         LINE#         327
  C:2283H         LINE#         329
  C:2288H         LINE#         330
  C:2288H         LINE#         331
  C:2288H         LINE#         334
  C:228FH         LINE#         335
  C:229AH         LINE#         337
  -------         ENDPROC       _AIP1302_WRITE_BYTE
  -------         PROC          AIP1302_UPDATE_TIME
  X:6076H         SYMBOL        aip1302_saveinfo
  C:28BDH         LINE#         410
  C:28BDH         LINE#         411
  C:28BDH         LINE#         412
  C:28C7H         LINE#         413
  C:28D1H         LINE#         414
  -------         ENDPROC       AIP1302_UPDATE_TIME
  -------         PROC          AIP1302_UPDATE_DATE
  X:6076H         SYMBOL        aip1302_saveinfo
  C:285BH         LINE#         418
  C:285BH         LINE#         419
  C:285BH         LINE#         420
  C:2865H         LINE#         421
  C:286FH         LINE#         422
  -------         ENDPROC       AIP1302_UPDATE_DATE
  -------         PROC          AIP1302_READ_ALL
  C:25C0H         LINE#         432
  C:25C0H         LINE#         433
  C:25C0H         LINE#         434
  C:25CAH         LINE#         435
  C:25D4H         LINE#         436
  C:25DEH         LINE#         437
  C:25E8H         LINE#         438
  C:25F2H         LINE#         439
  C:2605H         LINE#         441
  -------         ENDPROC       AIP1302_READ_ALL
BL51 BANKED LINKER/LOCATER V6.22.4.0                                                  05/20/2025  17:56:00  PAGE 27


  -------         ENDMOD        AIP1302

  -------         MODULE        UART1
  C:0000H         SYMBOL        _ICE_DUMMY_
  -------         ENDMOD        UART1

  -------         MODULE        MAIN
  C:0000H         SYMBOL        _ICE_DUMMY_
  C:2606H         PUBLIC        main
  D:00D9H         PUBLIC        WDT_KEY
  C:287CH         PUBLIC        user_init
  -------         PROC          USER_INIT
  C:287CH         LINE#         298
  C:287CH         LINE#         299
  C:287CH         LINE#         306
  C:287FH         LINE#         307
  C:2882H         LINE#         309
  C:2885H         LINE#         310
  C:2888H         LINE#         311
  C:288BH         LINE#         313
  C:288EH         LINE#         315
  C:2891H         LINE#         316
  C:2894H         LINE#         318
  C:2897H         LINE#         320
  C:289AH         LINE#         321
  -------         ENDPROC       USER_INIT
  -------         PROC          MAIN
  C:2606H         LINE#         324
  C:2606H         LINE#         325
  C:2606H         LINE#         327
  C:2609H         LINE#         332
  C:260CH         LINE#         333
  C:2613H         LINE#         334
  C:2616H         LINE#         337
  C:2619H         LINE#         339
  C:261CH         LINE#         340
  C:261FH         LINE#         355
  C:261FH         LINE#         356
  C:261FH         LINE#         361
  C:2622H         LINE#         362
  C:2625H         LINE#         365
  C:2628H         LINE#         366
  C:262BH         LINE#         367
  C:262EH         LINE#         370
  C:2631H         LINE#         373
  C:2634H         LINE#         378
  C:2637H         LINE#         380
  C:263AH         LINE#         381
  C:263DH         LINE#         382
  C:2640H         LINE#         390
  C:2643H         LINE#         404
  C:2646H         LINE#         405
  -------         ENDPROC       MAIN
  -------         ENDMOD        MAIN

  -------         MODULE        FUN_INFO
  C:0000H         SYMBOL        _ICE_DUMMY_
BL51 BANKED LINKER/LOCATER V6.22.4.0                                                  05/20/2025  17:56:00  PAGE 28


  X:602EH         PUBLIC        fun_info
  C:2923H         PUBLIC        fun_info_save
  C:289DH         PUBLIC        fun_info_init
  -------         PROC          FUN_INFO_INIT
  C:289DH         LINE#         7
  C:289DH         LINE#         8
  C:289DH         LINE#         9
  C:28ACH         LINE#         10
  -------         ENDPROC       FUN_INFO_INIT
  -------         PROC          FUN_INFO_SAVE
  C:2923H         LINE#         14
  C:2923H         LINE#         15
  C:2923H         LINE#         16
  C:2928H         LINE#         17
  -------         ENDPROC       FUN_INFO_SAVE
  -------         ENDMOD        FUN_INFO

  -------         MODULE        SEND_DATA
  C:0000H         SYMBOL        _ICE_DUMMY_
  C:0E92H         PUBLIC        _send_data
  -------         PROC          _SEND_DATA
  X:6076H         SYMBOL        instruct
  X:6077H         SYMBOL        send_data
  -------         DO            
  X:607BH         SYMBOL        check_num
  -------         ENDDO         
  C:0E92H         LINE#         3
  C:0E97H         LINE#         4
  C:0E97H         LINE#         5
  C:0EA1H         LINE#         7
  C:0EA6H         LINE#         9
  C:0EBFH         LINE#         11
  C:0EF5H         LINE#         22
  C:0EF5H         LINE#         23
  C:0EFAH         LINE#         24
  C:0F02H         LINE#         25
  C:0F0BH         LINE#         27
  C:0F2FH         LINE#         28
  C:0F32H         LINE#         29
  C:0F4FH         LINE#         35
  C:0F4FH         LINE#         36
  C:0F54H         LINE#         37
  C:0F5CH         LINE#         38
  C:0F6AH         LINE#         39
  C:0F73H         LINE#         41
  C:0FB0H         LINE#         42
  C:0FB3H         LINE#         43
  C:0FC4H         LINE#         46
  C:0FC4H         LINE#         48
  C:0FC9H         LINE#         49
  C:0FD1H         LINE#         51
  C:0FDFH         LINE#         52
  C:0FEDH         LINE#         53
  C:0FF6H         LINE#         55
  C:1046H         LINE#         56
  C:1049H         LINE#         57
  C:1054H         LINE#         59
BL51 BANKED LINKER/LOCATER V6.22.4.0                                                  05/20/2025  17:56:00  PAGE 29


  C:1054H         LINE#         60
  C:1059H         LINE#         61
  C:1061H         LINE#         63
  C:106FH         LINE#         64
  C:107DH         LINE#         65
  C:108BH         LINE#         66
  C:1094H         LINE#         68
  C:1102H         LINE#         69
  C:1102H         LINE#         72
  C:1112H         LINE#         73
  C:111BH         LINE#         75
  -------         ENDPROC       _SEND_DATA
  -------         ENDMOD        SEND_DATA

  -------         MODULE        PIN_LEVEL_SCAN
  C:0000H         SYMBOL        _ICE_DUMMY_
  X:60F5H         PUBLIC        pin_level_scan_time_cnt
  C:27D9H         PUBLIC        pin_level_scan_config
  B:0090H.0       PUBLIC        P10
  B:00A0H.0       PUBLIC        P20
  B:00B0H.0       PUBLIC        P30
  B:00A0H.1       PUBLIC        P21
  B:00A0H.2       PUBLIC        P22
  B:0090H.3       PUBLIC        P13
  B:00A0H.3       PUBLIC        P23
  B:0090H.4       PUBLIC        P14
  B:0080H.6       PUBLIC        P06
  B:00A0H.5       PUBLIC        P25
  B:0080H.7       PUBLIC        P07
  B:00A0H.7       PUBLIC        P27
  C:1FD0H         PUBLIC        pin_level_scan
  -------         PROC          PIN_LEVEL_SCAN_CONFIG
  C:27D9H         LINE#         5
  C:27D9H         LINE#         6
  C:27D9H         LINE#         7
  C:27DCH         LINE#         8
  C:27DFH         LINE#         9
  C:27E2H         LINE#         10
  C:27E5H         LINE#         12
  C:27E8H         LINE#         13
  C:27EBH         LINE#         14
  C:27EEH         LINE#         15
  C:27F1H         LINE#         16
  C:27F4H         LINE#         17
  C:27F7H         LINE#         18
  C:27FAH         LINE#         21
  C:2800H         LINE#         22
  C:2806H         LINE#         27
  -------         ENDPROC       PIN_LEVEL_SCAN_CONFIG
  -------         PROC          PIN_LEVEL_SCAN
  C:1FD0H         LINE#         30
  C:1FD0H         LINE#         31
  C:1FD0H         LINE#         33
  C:1FE2H         LINE#         34
  C:1FE2H         LINE#         35
  C:1FE6H         LINE#         37
  C:1FECH         LINE#         38
BL51 BANKED LINKER/LOCATER V6.22.4.0                                                  05/20/2025  17:56:00  PAGE 30


  C:1FECH         LINE#         40
  C:1FEDH         LINE#         41
  C:1FEFH         LINE#         43
  C:1FEFH         LINE#         45
  C:1FF2H         LINE#         46
  C:1FF2H         LINE#         47
  C:1FF4H         LINE#         49
  C:1FF7H         LINE#         50
  C:1FF7H         LINE#         52
  C:1FFCH         LINE#         53
  C:1FFEH         LINE#         55
  C:1FFEH         LINE#         57
  C:2004H         LINE#         58
  C:2004H         LINE#         59
  C:2006H         LINE#         61
  C:2009H         LINE#         62
  C:2009H         LINE#         64
  C:200EH         LINE#         65
  C:2010H         LINE#         67
  C:2010H         LINE#         69
  C:2016H         LINE#         70
  C:2016H         LINE#         71
  C:2018H         LINE#         73
  C:201BH         LINE#         74
  C:201BH         LINE#         76
  C:2020H         LINE#         77
  C:2022H         LINE#         79
  C:2022H         LINE#         81
  C:2028H         LINE#         82
  C:2028H         LINE#         83
  C:202AH         LINE#         87
  C:202DH         LINE#         88
  C:202DH         LINE#         90
  C:2032H         LINE#         91
  C:2034H         LINE#         92
  C:2037H         LINE#         93
  C:2037H         LINE#         95
  C:203DH         LINE#         96
  C:203FH         LINE#         97
  C:2042H         LINE#         98
  C:2042H         LINE#         100
  C:2048H         LINE#         101
  C:204AH         LINE#         102
  C:204DH         LINE#         103
  C:204DH         LINE#         105
  C:2053H         LINE#         106
  C:2055H         LINE#         107
  C:2058H         LINE#         108
  C:2058H         LINE#         110
  C:205EH         LINE#         111
  C:2060H         LINE#         112
  C:2063H         LINE#         113
  C:2063H         LINE#         115
  C:2069H         LINE#         116
  C:206BH         LINE#         117
  C:206EH         LINE#         118
  C:206EH         LINE#         120
BL51 BANKED LINKER/LOCATER V6.22.4.0                                                  05/20/2025  17:56:00  PAGE 31


  C:2074H         LINE#         121
  C:2074H         LINE#         122
  C:2076H         LINE#         124
  C:2079H         LINE#         125
  C:2079H         LINE#         127
  C:207EH         LINE#         130
  C:207EH         LINE#         131
  C:2080H         LINE#         133
  C:2080H         LINE#         135
  C:2085H         LINE#         138
  C:2087H         LINE#         139
  C:2087H         LINE#         141
  C:2089H         LINE#         142
  C:2089H         LINE#         154
  -------         ENDPROC       PIN_LEVEL_SCAN
  -------         ENDMOD        PIN_LEVEL_SCAN

  -------         MODULE        SPEED_SCAN
  C:0000H         SYMBOL        _ICE_DUMMY_
  C:1B77H         PUBLIC        speed_scan
  X:609CH         PUBLIC        detect_speed_pulse_cnt
  X:60A4H         PUBLIC        speed_actual_scan_time_cnt
  X:60A6H         PUBLIC        speed_scan_time_cnt
  B:0022H.7       PUBLIC        flag_is_update_speed_pulse_cnt
  C:2A59H         PUBLIC        speed_scan_config
  -------         PROC          SPEED_SCAN_CONFIG
  C:2A59H         LINE#         27
  C:2A59H         LINE#         28
  C:2A59H         LINE#         31
  C:2A5FH         LINE#         32
  C:2A65H         LINE#         35
  -------         ENDPROC       SPEED_SCAN_CONFIG
  -------         PROC          SPEED_SCAN
  -------         DO            
  X:6072H         SYMBOL        cur_speed
  X:6097H         SYMBOL        cur_speed_average_val
  X:609BH         SYMBOL        speed_scan_cnt
  -------         ENDDO         
  C:1B77H         LINE#         38
  C:1B77H         LINE#         39
  C:1B77H         LINE#         40
  C:1B81H         LINE#         45
  C:1B87H         LINE#         46
  C:1B87H         LINE#         47
  C:1B89H         LINE#         54
  C:1BA8H         LINE#         58
  C:1BB2H         LINE#         59
  C:1BC7H         LINE#         76
  C:1BFDH         LINE#         80
  C:1C06H         LINE#         81
  C:1C06H         LINE#         83
  C:1C09H         LINE#         84
  C:1C1EH         LINE#         90
  C:1C1EH         LINE#         92
  C:1C1EH         LINE#         94
  C:1C23H         LINE#         95
  C:1C38H         LINE#         96
BL51 BANKED LINKER/LOCATER V6.22.4.0                                                  05/20/2025  17:56:00  PAGE 32


  C:1C44H         LINE#         97
  C:1C4EH         LINE#         109
  C:1C61H         LINE#         110
  C:1C61H         LINE#         111
  C:1C6BH         LINE#         112
  C:1C6BH         LINE#         114
  C:1C6DH         LINE#         115
  C:1C6DH         LINE#         116
  C:1C6DH         LINE#         117
  -------         ENDPROC       SPEED_SCAN
  -------         ENDMOD        SPEED_SCAN

  -------         MODULE        ENGINE_SPEED_SCAN
  C:0000H         SYMBOL        _ICE_DUMMY_
  X:60ADH         PUBLIC        detect_engine_pulse_cnt
  X:60B5H         PUBLIC        engine_actual_scan_time_cnt
  X:60B7H         PUBLIC        engine_scan_time_cnt
  B:0023H.0       PUBLIC        flag_is_update_engine_pulse_cnt
  C:2A71H         PUBLIC        engine_speed_scan_config
  C:22A1H         PUBLIC        engine_speed_scan
  -------         PROC          ENGINE_SPEED_SCAN_CONFIG
  C:2A71H         LINE#         22
  C:2A71H         LINE#         23
  C:2A71H         LINE#         26
  C:2A77H         LINE#         29
  -------         ENDPROC       ENGINE_SPEED_SCAN_CONFIG
  -------         PROC          ENGINE_SPEED_SCAN
  -------         DO            
  X:6072H         SYMBOL        rpm
  X:60A8H         SYMBOL        engine_speed_scan_cnt
  X:60A9H         SYMBOL        cur_rpm_average
  -------         ENDDO         
  C:22A1H         LINE#         32
  C:22A1H         LINE#         33
  C:22A1H         LINE#         35
  C:22ABH         LINE#         39
  C:22B1H         LINE#         40
  C:22B1H         LINE#         42
  C:22B3H         LINE#         63
  C:22E1H         LINE#         64
  C:22EAH         LINE#         65
  C:22EAH         LINE#         67
  C:22EDH         LINE#         68
  C:2300H         LINE#         74
  C:2300H         LINE#         76
  C:2300H         LINE#         78
  C:2315H         LINE#         80
  C:231AH         LINE#         83
  C:232AH         LINE#         84
  C:232AH         LINE#         85
  C:2334H         LINE#         86
  C:2334H         LINE#         99
  C:2340H         LINE#         100
  C:234AH         LINE#         102
  C:234CH         LINE#         103
  C:234CH         LINE#         104
  C:234CH         LINE#         105
BL51 BANKED LINKER/LOCATER V6.22.4.0                                                  05/20/2025  17:56:00  PAGE 33


  -------         ENDPROC       ENGINE_SPEED_SCAN
  -------         ENDMOD        ENGINE_SPEED_SCAN

  -------         MODULE        MILEAGE
  C:0000H         SYMBOL        _ICE_DUMMY_
  X:608FH         PUBLIC        mileage_save_time_cnt
  X:6093H         PUBLIC        distance
  C:1955H         PUBLIC        mileage_scan
  -------         PROC          MILEAGE_SCAN
  -------         DO            
  X:6085H         SYMBOL        old_total_mileage
  X:6089H         SYMBOL        old_subtotal_mileage
  X:608DH         SYMBOL        mileage_update_time_cnt
  -------         ENDDO         
  C:1955H         LINE#         8
  C:1955H         LINE#         9
  C:1955H         LINE#         14
  C:195FH         LINE#         16
  C:1972H         LINE#         17
  C:1972H         LINE#         18
  C:197CH         LINE#         19
  C:197FH         LINE#         27
  C:197FH         LINE#         29
  C:1992H         LINE#         30
  C:1992H         LINE#         40
  C:19A6H         LINE#         41
  C:19A6H         LINE#         42
  C:19BFH         LINE#         43
  C:19BFH         LINE#         52
  C:19D3H         LINE#         53
  C:19D3H         LINE#         54
  C:19ECH         LINE#         55
  C:19ECH         LINE#         57
  C:1A09H         LINE#         58
  C:1A09H         LINE#         62
  C:1A24H         LINE#         67
  C:1A24H         LINE#         68
  C:1A30H         LINE#         73
  C:1A32H         LINE#         74
  C:1A32H         LINE#         78
  C:1A4DH         LINE#         83
  C:1A4DH         LINE#         84
  C:1A59H         LINE#         89
  C:1A5BH         LINE#         90
  C:1A5BH         LINE#         92
  C:1A6AH         LINE#         93
  C:1A6AH         LINE#         97
  C:1A6EH         LINE#         98
  C:1A70H         LINE#         99
  C:1A72H         LINE#         100
  C:1A72H         LINE#         101
  -------         ENDPROC       MILEAGE_SCAN
  -------         ENDMOD        MILEAGE

  -------         MODULE        INSTRUCTION
  C:0000H         SYMBOL        _ICE_DUMMY_
  X:60DEH         PUBLIC        update_date_cooling_cnt
BL51 BANKED LINKER/LOCATER V6.22.4.0                                                  05/20/2025  17:56:00  PAGE 34


  B:0020H.0       PUBLIC        flag_get_total_mileage
  B:0020H.1       PUBLIC        flag_get_engine_speed
  X:60E0H         PUBLIC        update_time_cooling_cnt
  X:60E2H         PUBLIC        update_date_status
  B:0020H.2       PUBLIC        flag_update_malfunction_status
  B:0020H.3       PUBLIC        flag_alter_date
  C:004EH         PUBLIC        instruction_handle
  B:0020H.4       PUBLIC        flag_get_battery
  X:60E3H         PUBLIC        update_time_status
  B:0020H.5       PUBLIC        flag_update_abs_status
  B:0020H.6       PUBLIC        flag_get_brake
  B:0020H.7       PUBLIC        flag_alter_time
  B:0021H.0       PUBLIC        flag_get_sub_total_mileage
  B:0021H.1       PUBLIC        flag_get_voltage_of_battery
  B:0021H.2       PUBLIC        flag_get_speed
  B:0021H.3       PUBLIC        flag_get_high_beam
  B:0021H.4       PUBLIC        flag_get_gear
  B:0021H.5       PUBLIC        flag_clear_total_mileage
  X:60E4H         PUBLIC        synchronous_request_status
[...]
  -------         ENDDO         
BL51 BANKED LINKER/LOCATER V6.22.4.0                                                  05/20/2025  17:56:00  PAGE 38


  C:23D9H         LINE#         41
  C:23D9H         LINE#         42
  C:23D9H         LINE#         43
  C:23DBH         LINE#         44
  C:23E1H         LINE#         47
  C:23E1H         LINE#         48
  C:23E1H         LINE#         49
  C:2420H         LINE#         51
  C:2420H         LINE#         53
  C:243AH         LINE#         54
  C:243CH         LINE#         55
  C:243CH         LINE#         56
  C:2441H         LINE#         58
  C:2449H         LINE#         59
  -------         ENDPROC       ___CONVER_CUR_AD_TO_AD_KEY
  -------         PROC          AD_KEY_SCAN
  -------         DO            
  X:6072H         SYMBOL        ad_key_id
  X:6053H         SYMBOL        ad_key_last_id
  X:6055H         SYMBOL        touch_time_cnt
  -------         DO            
  X:6051H         SYMBOL        loose_cnt
  -------         ENDDO         
  -------         ENDDO         
  C:0B59H         LINE#         63
  C:0B59H         LINE#         64
  C:0B59H         LINE#         65
  C:0B60H         LINE#         69
  C:0B65H         LINE#         72
  C:0B70H         LINE#         75
  C:0B83H         LINE#         83
  C:0B89H         LINE#         84
  C:0B89H         LINE#         88
  C:0B94H         LINE#         89
  C:0B94H         LINE#         91
  C:0BA3H         LINE#         92
  C:0BA5H         LINE#         93
  C:0BB3H         LINE#         94
  C:0BB3H         LINE#         97
  C:0BCCH         LINE#         99
  C:0BDFH         LINE#         100
  C:0BDFH         LINE#         103
  C:0BE9H         LINE#         107
  C:0BEFH         LINE#         108
  C:0BEFH         LINE#         109
  C:0BF1H         LINE#         111
  C:0BF1H         LINE#         116
  C:0BF7H         LINE#         120
  C:0BF7H         LINE#         123
  C:0BF7H         LINE#         125
  C:0C02H         LINE#         126
  C:0C02H         LINE#         128
  C:0C0EH         LINE#         129
  C:0C0EH         LINE#         134
  C:0C18H         LINE#         135
  C:0C1AH         LINE#         136
  C:0C26H         LINE#         137
BL51 BANKED LINKER/LOCATER V6.22.4.0                                                  05/20/2025  17:56:00  PAGE 39


  C:0C26H         LINE#         142
  C:0C30H         LINE#         143
  C:0C32H         LINE#         144
  C:0C3EH         LINE#         145
  C:0C3EH         LINE#         150
  C:0C48H         LINE#         151
  C:0C4AH         LINE#         152
  C:0C56H         LINE#         153
  C:0C56H         LINE#         158
  C:0C60H         LINE#         159
  C:0C62H         LINE#         160
  C:0C6EH         LINE#         161
  C:0C6EH         LINE#         166
  C:0C78H         LINE#         167
  C:0C7AH         LINE#         168
  C:0C86H         LINE#         169
  C:0C86H         LINE#         174
  C:0C95H         LINE#         175
  C:0C95H         LINE#         177
  C:0C95H         LINE#         179
  C:0C95H         LINE#         181
  C:0C9BH         LINE#         182
  C:0C9BH         LINE#         184
  C:0CA3H         LINE#         185
  C:0CA3H         LINE#         187
  C:0CB0H         LINE#         188
  C:0CB0H         LINE#         194
  C:0CB0H         LINE#         195
  C:0CB6H         LINE#         196
  C:0CB6H         LINE#         201
  C:0CC5H         LINE#         202
  C:0CC7H         LINE#         203
  C:0CD4H         LINE#         204
  C:0CD4H         LINE#         210
  C:0CD4H         LINE#         211
  C:0CDAH         LINE#         212
  C:0CDAH         LINE#         218
  C:0CDAH         LINE#         219
  C:0CE0H         LINE#         220
  C:0CE0H         LINE#         225
  C:0CEFH         LINE#         226
  C:0CEFH         LINE#         227
  C:0CEFH         LINE#         228
  C:0CEFH         LINE#         235
  C:0CEFH         LINE#         237
  C:0CF5H         LINE#         238
  C:0CF5H         LINE#         240
  C:0D00H         LINE#         241
  C:0D00H         LINE#         244
  C:0D1AH         LINE#         245
  C:0D1AH         LINE#         246
  C:0D31H         LINE#         247
  C:0D37H         LINE#         248
  C:0D37H         LINE#         249
  C:0D4BH         LINE#         250
  C:0D4BH         LINE#         251
  C:0D55H         LINE#         255
BL51 BANKED LINKER/LOCATER V6.22.4.0                                                  05/20/2025  17:56:00  PAGE 40


  C:0D5FH         LINE#         256
  C:0D5FH         LINE#         257
  C:0D61H         LINE#         258
  C:0D6DH         LINE#         259
  C:0D6DH         LINE#         260
  C:0D81H         LINE#         261
  C:0D81H         LINE#         262
  C:0D81H         LINE#         267
  C:0D81H         LINE#         268
  C:0D84H         LINE#         269
  C:0D90H         LINE#         270
  C:0D90H         LINE#         271
  C:0DA4H         LINE#         272
  C:0DA4H         LINE#         273
  C:0DAEH         LINE#         277
  C:0DBDH         LINE#         278
  C:0DBDH         LINE#         279
  C:0DBFH         LINE#         280
  C:0DCBH         LINE#         281
  C:0DCBH         LINE#         282
  C:0DDCH         LINE#         283
  C:0DDCH         LINE#         284
  C:0DDCH         LINE#         289
  C:0DDCH         LINE#         290
  C:0DDEH         LINE#         291
  C:0DEAH         LINE#         292
  C:0DEAH         LINE#         293
  C:0DFBH         LINE#         294
  C:0DFBH         LINE#         295
  C:0DFBH         LINE#         300
  C:0DFBH         LINE#         301
  C:0DFDH         LINE#         302
  C:0E09H         LINE#         303
  C:0E09H         LINE#         304
  C:0E1AH         LINE#         305
  C:0E1AH         LINE#         306
  C:0E24H         LINE#         311
  C:0E24H         LINE#         312
  C:0E24H         LINE#         314
  C:0E2BH         LINE#         315
  C:0E2DH         LINE#         317
  C:0E2DH         LINE#         322
  C:0E33H         LINE#         323
  C:0E33H         LINE#         324
  C:0E33H         LINE#         326
  C:0E3FH         LINE#         328
  C:0E3FH         LINE#         332
  C:0E49H         LINE#         333
  C:0E49H         LINE#         335
  C:0E52H         LINE#         337
  C:0E54H         LINE#         339
  C:0E54H         LINE#         341
  C:0E5BH         LINE#         342
  C:0E5BH         LINE#         344
  C:0E64H         LINE#         345
  C:0E64H         LINE#         346
  C:0E68H         LINE#         349
BL51 BANKED LINKER/LOCATER V6.22.4.0                                                  05/20/2025  17:56:00  PAGE 41


  C:0E6DH         LINE#         350
  C:0E6DH         LINE#         351
  C:0E6DH         LINE#         352
  C:0E6DH         LINE#         356
  C:0E6DH         LINE#         357
  C:0E6DH         LINE#         358
  C:0E6DH         LINE#         362
  C:0E6DH         LINE#         363
  C:0E6DH         LINE#         364
  C:0E6DH         LINE#         368
  C:0E6DH         LINE#         369
  C:0E6DH         LINE#         370
  C:0E6DH         LINE#         374
  C:0E6DH         LINE#         375
  C:0E6DH         LINE#         376
  C:0E6DH         LINE#         380
  C:0E6DH         LINE#         381
  C:0E6DH         LINE#         382
  C:0E6DH         LINE#         386
  C:0E6DH         LINE#         387
  C:0E6DH         LINE#         389
  C:0E70H         LINE#         390
  C:0E70H         LINE#         391
  C:0E70H         LINE#         393
  C:0E77H         LINE#         394
  C:0E77H         LINE#         396
  C:0E7EH         LINE#         397
  C:0E84H         LINE#         398
  C:0E8CH         LINE#         400
  C:0E91H         LINE#         401
  C:0E91H         LINE#         402
  -------         ENDPROC       AD_KEY_SCAN
  -------         ENDMOD        AD_KEY

  -------         MODULE        FUEL_CAPACITY
  C:0000H         SYMBOL        _ICE_DUMMY_
  X:60B9H         PUBLIC        fuel_percent
  X:60BAH         PUBLIC        fuel_capacity_scan_cnt
  X:60BEH         PUBLIC        fuel_adc_val
  X:60C2H         PUBLIC        fuel_adc_scan_cnt
  C:07D2H         PUBLIC        fuel_capacity_scan
  -------         PROC          FUEL_CAPACITY_SCAN
  C:07D2H         LINE#         11
  C:07D2H         LINE#         12
  C:07D2H         LINE#         13
  C:07D7H         LINE#         14
  C:07E2H         LINE#         17
  C:07FCH         LINE#         18
  C:0815H         LINE#         21
  C:082BH         LINE#         22
  C:082BH         LINE#         25
  C:0835H         LINE#         26
  C:084AH         LINE#         27
  C:0854H         LINE#         36
  C:0867H         LINE#         37
  C:0867H         LINE#         38
  C:086DH         LINE#         39
BL51 BANKED LINKER/LOCATER V6.22.4.0                                                  05/20/2025  17:56:00  PAGE 42


  C:0870H         LINE#         40
  C:0883H         LINE#         41
  C:0883H         LINE#         42
  C:0889H         LINE#         43
  C:088CH         LINE#         44
  C:089FH         LINE#         45
  C:089FH         LINE#         46
  C:08A5H         LINE#         47
  C:08A8H         LINE#         48
  C:08BBH         LINE#         49
  C:08BBH         LINE#         50
  C:08C1H         LINE#         51
  C:08C4H         LINE#         52
  C:08D7H         LINE#         53
  C:08D7H         LINE#         54
  C:08DDH         LINE#         55
  C:08E0H         LINE#         56
  C:08F3H         LINE#         57
  C:08F3H         LINE#         58
  C:08F9H         LINE#         59
  C:08FBH         LINE#         60
  C:090EH         LINE#         61
  C:090EH         LINE#         62
  C:0914H         LINE#         63
  C:0916H         LINE#         64
  C:0929H         LINE#         65
  C:0929H         LINE#         66
  C:092FH         LINE#         67
  C:0931H         LINE#         68
  C:0944H         LINE#         69
  C:0944H         LINE#         70
  C:094AH         LINE#         71
  C:094CH         LINE#         72
  C:095FH         LINE#         73
  C:095FH         LINE#         74
  C:0965H         LINE#         75
  C:0967H         LINE#         77
  C:0967H         LINE#         78
  C:096CH         LINE#         79
  C:096CH         LINE#         88
  C:097FH         LINE#         89
  C:097FH         LINE#         91
  C:0984H         LINE#         92
  C:0987H         LINE#         93
  C:09ADH         LINE#         95
  C:09ADH         LINE#         97
  C:09B3H         LINE#         98
  C:09B6H         LINE#         99
  C:09DCH         LINE#         101
  C:09DCH         LINE#         103
  C:09E2H         LINE#         104
  C:09E5H         LINE#         105
  C:0A0BH         LINE#         107
  C:0A0BH         LINE#         109
  C:0A11H         LINE#         110
  C:0A14H         LINE#         111
  C:0A3AH         LINE#         113
BL51 BANKED LINKER/LOCATER V6.22.4.0                                                  05/20/2025  17:56:00  PAGE 43


  C:0A3AH         LINE#         115
  C:0A40H         LINE#         116
  C:0A43H         LINE#         117
  C:0A69H         LINE#         119
  C:0A69H         LINE#         121
  C:0A6FH         LINE#         122
  C:0A72H         LINE#         124
  C:0A98H         LINE#         126
  C:0A98H         LINE#         128
  C:0A9EH         LINE#         129
  C:0AA1H         LINE#         130
  C:0AC7H         LINE#         132
  C:0AC7H         LINE#         134
  C:0ACDH         LINE#         135
  C:0ACFH         LINE#         136
  C:0AF5H         LINE#         138
  C:0AF5H         LINE#         140
  C:0AFBH         LINE#         141
  C:0AFDH         LINE#         142
  C:0B23H         LINE#         144
  C:0B23H         LINE#         146
  C:0B29H         LINE#         147
  C:0B2BH         LINE#         148
  C:0B3EH         LINE#         149
  C:0B3EH         LINE#         151
  C:0B44H         LINE#         152
  C:0B44H         LINE#         154
  C:0B44H         LINE#         157
  C:0B44H         LINE#         165
  C:0B4CH         LINE#         166
  C:0B56H         LINE#         167
  C:0B58H         LINE#         168
  C:0B58H         LINE#         169
  -------         ENDPROC       FUEL_CAPACITY_SCAN
  -------         ENDMOD        FUEL_CAPACITY

  -------         MODULE        TEMP_OF_WATER
  C:0000H         SYMBOL        _ICE_DUMMY_
  C:1A73H         PUBLIC        temp_of_water_scan
  -------         PROC          TEMP_OF_WATER_SCAN
  -------         DO            
  X:60C6H         SYMBOL        over_heat_accumulate_cnt
  X:60CAH         SYMBOL        cooling_down_accumulate_cnt
  X:60CEH         SYMBOL        temp_of_water_update_time_cnt
  -------         ENDDO         
  C:1A73H         LINE#         8
  C:1A73H         LINE#         9
  C:1A73H         LINE#         14
  C:1A78H         LINE#         15
  C:1A85H         LINE#         16
  C:1A9EH         LINE#         19
  C:1AAAH         LINE#         20
  C:1AAAH         LINE#         22
  C:1AC0H         LINE#         24
  C:1ACAH         LINE#         25
  C:1ACCH         LINE#         27
  C:1ACCH         LINE#         28
BL51 BANKED LINKER/LOCATER V6.22.4.0                                                  05/20/2025  17:56:00  PAGE 44


  C:1AD3H         LINE#         29
  C:1AD3H         LINE#         31
  C:1AE6H         LINE#         32
  C:1AE6H         LINE#         35
  C:1AF0H         LINE#         36
  C:1AF5H         LINE#         37
  C:1AF7H         LINE#         38
  C:1AF7H         LINE#         41
  C:1B09H         LINE#         42
  C:1B09H         LINE#         43
  C:1B1FH         LINE#         45
  C:1B29H         LINE#         46
  C:1B2BH         LINE#         48
  C:1B2BH         LINE#         50
  C:1B32H         LINE#         51
  C:1B32H         LINE#         53
  C:1B45H         LINE#         54
  C:1B45H         LINE#         57
  C:1B4FH         LINE#         58
  C:1B55H         LINE#         59
  C:1B57H         LINE#         60
  C:1B57H         LINE#         62
  C:1B6AH         LINE#         63
  C:1B6AH         LINE#         65
  C:1B74H         LINE#         66
  C:1B76H         LINE#         69
  C:1B76H         LINE#         70
  -------         ENDPROC       TEMP_OF_WATER_SCAN
  -------         ENDMOD        TEMP_OF_WATER

  -------         MODULE        BATTERY
  C:0000H         SYMBOL        _ICE_DUMMY_
  C:1E39H         PUBLIC        battery_scan
  C:2705H         PUBLIC        _conver_voltage_of_battery_to_percentage
  C:299FH         PUBLIC        _conver_adc_val_to_voltage
  -------         PROC          _CONVER_ADC_VAL_TO_VOLTAGE
  D:0006H         SYMBOL        arg_adc_val
  C:299FH         LINE#         7
  C:299FH         LINE#         8
  C:299FH         LINE#         14
  -------         ENDPROC       _CONVER_ADC_VAL_TO_VOLTAGE
  -------         PROC          _CONVER_VOLTAGE_OF_BATTERY_TO_PERCENTAGE
  D:0007H         SYMBOL        voltage
  -------         DO            
  X:6074H         SYMBOL        tmp
  -------         ENDDO         
  C:2705H         LINE#         19
  C:2705H         LINE#         20
  C:2705H         LINE#         22
  C:271EH         LINE#         23
  C:2730H         LINE#         24
  C:2730H         LINE#         26
  C:273AH         LINE#         27
  C:273AH         LINE#         29
  -------         ENDPROC       _CONVER_VOLTAGE_OF_BATTERY_TO_PERCENTAGE
  -------         PROC          BATTERY_SCAN
  -------         DO            
BL51 BANKED LINKER/LOCATER V6.22.4.0                                                  05/20/2025  17:56:00  PAGE 45


  X:6072H         SYMBOL        voltage_of_battery
  X:6073H         SYMBOL        cur_percentage_of_battery
  X:60D2H         SYMBOL        battery_scan_cnt
  X:60D6H         SYMBOL        battery_scan_time_cnt
  X:60DAH         SYMBOL        battery_val
  -------         ENDDO         
  C:1E39H         LINE#         32
  C:1E39H         LINE#         33
  C:1E39H         LINE#         34
  C:1E3EH         LINE#         35
  C:1E40H         LINE#         41
  C:1E45H         LINE#         42
  C:1E6AH         LINE#         43
  C:1E83H         LINE#         44
  C:1E9CH         LINE#         45
  C:1EAFH         LINE#         46
  C:1EAFH         LINE#         47
  C:1EC4H         LINE#         48
  C:1ED2H         LINE#         49
  C:1EDBH         LINE#         50
  C:1EE5H         LINE#         51
  C:1EEFH         LINE#         52
  C:1EF9H         LINE#         54
  C:1EFEH         LINE#         55
  C:1F0BH         LINE#         65
  C:1F0DH         LINE#         66
  C:1F0FH         LINE#         67
  C:1F0FH         LINE#         68
  -------         ENDPROC       BATTERY_SCAN
  -------         ENDMOD        BATTERY

  -------         MODULE        ?C?COPY
  C:04FFH         PUBLIC        ?C?COPY
  -------         ENDMOD        ?C?COPY

  -------         MODULE        ?C?CLDPTR
  C:0525H         PUBLIC        ?C?CLDPTR
  -------         ENDMOD        ?C?CLDPTR

  -------         MODULE        ?C?CSTPTR
  C:053EH         PUBLIC        ?C?CSTPTR
  -------         ENDMOD        ?C?CSTPTR

  -------         MODULE        ?C?IILDX
  C:0550H         PUBLIC        ?C?IILDX
  -------         ENDMOD        ?C?IILDX

  -------         MODULE        ?C?LADD
  C:0566H         PUBLIC        ?C?LADD
  -------         ENDMOD        ?C?LADD

  -------         MODULE        ?C?LSUB
  C:0573H         PUBLIC        ?C?LSUB
  -------         ENDMOD        ?C?LSUB

  -------         MODULE        ?C?LMUL
  C:0581H         PUBLIC        ?C?LMUL
BL51 BANKED LINKER/LOCATER V6.22.4.0                                                  05/20/2025  17:56:00  PAGE 46


  -------         ENDMOD        ?C?LMUL

  -------         MODULE        ?C?ULDIV
  C:060CH         PUBLIC        ?C?ULDIV
  -------         ENDMOD        ?C?ULDIV

  -------         MODULE        ?C?LOR
  C:069EH         PUBLIC        ?C?LOR
  -------         ENDMOD        ?C?LOR

  -------         MODULE        ?C?SLCMP
  C:06ABH         PUBLIC        ?C?SLCMP
  -------         ENDMOD        ?C?SLCMP

  -------         MODULE        ?C?ULCMP
  C:06C1H         PUBLIC        ?C?ULCMP
  -------         ENDMOD        ?C?ULCMP

  -------         MODULE        ?C?ULSHR
  C:06D2H         PUBLIC        ?C?ULSHR
  -------         ENDMOD        ?C?ULSHR

  -------         MODULE        ?C?LSHL
  C:06E5H         PUBLIC        ?C?LSHL
  -------         ENDMOD        ?C?LSHL

  -------         MODULE        ?C?LLDXDATA
  C:06F8H         PUBLIC        ?C?LLDXDATA
  -------         ENDMOD        ?C?LLDXDATA

  -------         MODULE        ?C?LLDXDATA0
  C:0704H         PUBLIC        ?C?LLDXDATA0
  -------         ENDMOD        ?C?LLDXDATA0

  -------         MODULE        ?C?LSTXDATA
  C:0710H         PUBLIC        ?C?LSTXDATA
  -------         ENDMOD        ?C?LSTXDATA

  -------         MODULE        ?C?LSTKXDATA
  C:071CH         PUBLIC        ?C?LSTKXDATA
  -------         ENDMOD        ?C?LSTKXDATA

  -------         MODULE        ?C?OFFXADD
  C:074DH         PUBLIC        ?C?OFFXADD
  -------         ENDMOD        ?C?OFFXADD

  -------         MODULE        ?C?PLDIXDATA
  C:0759H         PUBLIC        ?C?PLDIXDATA
  -------         ENDMOD        ?C?PLDIXDATA

  -------         MODULE        ?C?PSTXDATA
  C:0770H         PUBLIC        ?C?PSTXDATA
  -------         ENDMOD        ?C?PSTXDATA

  -------         MODULE        ?C?LIMUL
  C:0779H         PUBLIC        ?C?LIMUL
  -------         ENDMOD        ?C?LIMUL
BL51 BANKED LINKER/LOCATER V6.22.4.0                                                  05/20/2025  17:56:00  PAGE 47



  -------         MODULE        ?C?MEMSET
  C:07A6H         PUBLIC        ?C?MEMSET
  -------         ENDMOD        ?C?MEMSET

*** WARNING L16: UNCALLED SEGMENT, IGNORED FOR OVERLAY PROCESS
    SEGMENT: ?PR?_PUTCHAR?UART0

Program Size: data=12.2 xdata=248 code=10871
LINK/LOCATE RUN COMPLETE.  1 WARNING(S),  0 ERROR(S)
