BL51 BANKED LINKER/LOCATER V6.22.4.0                                                    06/10/2025  18:54:17  PAGE 1


BL51 BANKED LINKER/LOCATER V6.22.4.0, INVOKED BY:
C:\KEIL_V5\C51\BIN\BL51.EXE .\Release\Objects\STARTUP.obj, .\Release\Objects\system.obj, ..\..\User\lib\tk_simplify_algo
>> rithm_V1.0.0.LIB, .\Release\Objects\tk_set.obj, .\Release\Objects\my_gpio.obj, .\Release\Objects\tmr0.obj, .\Release\
>> Objects\tmr1.obj, .\Release\Objects\tmr2.obj, .\Release\Objects\uart0.obj, .\Release\Objects\adc.obj, .\Release\Objec
>> ts\flash.obj, .\Release\Objects\aip1302.obj, .\Release\Objects\uart1.obj, .\Release\Objects\key_driver.obj, .\Release
>> \Objects\main.obj, .\Release\Objects\fun_info.obj, .\Release\Objects\send_data.obj, .\Release\Objects\pin_level_scan.
>> obj, .\Release\Objects\speed_scan.obj, .\Release\Objects\engine_speed_scan.obj, .\Release\Objects\mileage.obj, .\Rele
>> ase\Objects\instruction.obj, .\Release\Objects\ad_key.obj, .\Release\Objects\fuel_capacity.obj, .\Release\Objects\tem
>> p_of_water.obj, .\Release\Objects\battery.obj, .\Release\Objects\touch_key.obj TO .\Release\Objects\Project PRINT (.\
>> Release\Listings\Project.m51) RAMSIZE (256) CODE (0X0000-0X3EEF) XDATA (0X6000-0X66FF)


MEMORY MODEL: LARGE


INPUT MODULES INCLUDED:
  .\Release\Objects\STARTUP.obj (?C_STARTUP)
  .\Release\Objects\system.obj (SYSTEM)
  .\Release\Objects\tk_set.obj (TK_SET)
  .\Release\Objects\my_gpio.obj (MY_GPIO)
  .\Release\Objects\tmr0.obj (TMR0)
  .\Release\Objects\tmr1.obj (TMR1)
  .\Release\Objects\tmr2.obj (TMR2)
  .\Release\Objects\uart0.obj (UART0)
  .\Release\Objects\adc.obj (ADC)
  .\Release\Objects\flash.obj (FLASH)
  .\Release\Objects\aip1302.obj (AIP1302)
  .\Release\Objects\uart1.obj (UART1)
  .\Release\Objects\key_driver.obj (KEY_DRIVER)
  .\Release\Objects\main.obj (MAIN)
  .\Release\Objects\fun_info.obj (FUN_INFO)
  .\Release\Objects\send_data.obj (SEND_DATA)
  .\Release\Objects\pin_level_scan.obj (PIN_LEVEL_SCAN)
  .\Release\Objects\speed_scan.obj (SPEED_SCAN)
  .\Release\Objects\engine_speed_scan.obj (ENGINE_SPEED_SCAN)
  .\Release\Objects\mileage.obj (MILEAGE)
  .\Release\Objects\instruction.obj (INSTRUCTION)
  .\Release\Objects\ad_key.obj (AD_KEY)
  .\Release\Objects\fuel_capacity.obj (FUEL_CAPACITY)
  .\Release\Objects\temp_of_water.obj (TEMP_OF_WATER)
  .\Release\Objects\battery.obj (BATTERY)
  .\Release\Objects\touch_key.obj (TOUCH_KEY)
  ..\..\User\lib\tk_simplify_algorithm_V1.0.0.LIB (TK_LIB)
  C:\KEIL_V5\C51\LIB\C51L.LIB (?C_INIT)
  C:\KEIL_V5\C51\LIB\C51L.LIB (?C?COPY)
  C:\KEIL_V5\C51\LIB\C51L.LIB (?C?CLDPTR)
  C:\KEIL_V5\C51\LIB\C51L.LIB (?C?CLDOPTR)
  C:\KEIL_V5\C51\LIB\C51L.LIB (?C?CILDOPTR)
  C:\KEIL_V5\C51\LIB\C51L.LIB (?C?CSTPTR)
  C:\KEIL_V5\C51\LIB\C51L.LIB (?C?CSTOPTR)
  C:\KEIL_V5\C51\LIB\C51L.LIB (?C?IMUL)
  C:\KEIL_V5\C51\LIB\C51L.LIB (?C?UIDIV)
  C:\KEIL_V5\C51\LIB\C51L.LIB (?C?IILDX)
  C:\KEIL_V5\C51\LIB\C51L.LIB (?C?LADD)
  C:\KEIL_V5\C51\LIB\C51L.LIB (?C?LSUB)
  C:\KEIL_V5\C51\LIB\C51L.LIB (?C?LMUL)
  C:\KEIL_V5\C51\LIB\C51L.LIB (?C?ULDIV)
  C:\KEIL_V5\C51\LIB\C51L.LIB (?C?LNOT)
BL51 BANKED LINKER/LOCATER V6.22.4.0                                                  06/10/2025  18:54:17  PAGE 2


  C:\KEIL_V5\C51\LIB\C51L.LIB (?C?LNEG)
  C:\KEIL_V5\C51\LIB\C51L.LIB (?C?SLCMP)
  C:\KEIL_V5\C51\LIB\C51L.LIB (?C?ULCMP)
  C:\KEIL_V5\C51\LIB\C51L.LIB (?C?ULSHR)
  C:\KEIL_V5\C51\LIB\C51L.LIB (?C?LSHL)
  C:\KEIL_V5\C51\LIB\C51L.LIB (?C?LLDXDATA)
  C:\KEIL_V5\C51\LIB\C51L.LIB (?C?LLDCODE)
  C:\KEIL_V5\C51\LIB\C51L.LIB (?C?LLDXDATA0)
  C:\KEIL_V5\C51\LIB\C51L.LIB (?C?LSTXDATA)
  C:\KEIL_V5\C51\LIB\C51L.LIB (?C?LSTKXDATA)
  C:\KEIL_V5\C51\LIB\C51L.LIB (?C?OFFXADD)
  C:\KEIL_V5\C51\LIB\C51L.LIB (?C?PLDXDATA)
  C:\KEIL_V5\C51\LIB\C51L.LIB (?C?PLDIXDATA)
  C:\KEIL_V5\C51\LIB\C51L.LIB (?C?PSTXDATA)
  C:\KEIL_V5\C51\LIB\C51L.LIB (?C?PLDOPTR)
  C:\KEIL_V5\C51\LIB\C51L.LIB (?C?CCASE)
  C:\KEIL_V5\C51\LIB\C51L.LIB (?C?ICALL)
  C:\KEIL_V5\C51\LIB\C51L.LIB (?C?LIMUL)
  C:\KEIL_V5\C51\LIB\C51L.LIB (PRINTF)
  C:\KEIL_V5\C51\LIB\C51L.LIB (?C?MEMSET)
  C:\KEIL_V5\C51\LIB\C51L.LIB (?C?PLDIDATA)
  C:\KEIL_V5\C51\LIB\C51L.LIB (?C?PLDPDATA)
  C:\KEIL_V5\C51\LIB\C51L.LIB (?C?PLDCODE)


LINK MAP OF MODULE:  .\Release\Objects\Project (?C_STARTUP)


            TYPE    BASE      LENGTH    RELOCATION   SEGMENT NAME
            -----------------------------------------------------

            * * * * * * *   D A T A   M E M O R Y   * * * * * * *
            REG     0000H     0008H     ABSOLUTE     "REG BANK 0"
            DATA    0008H     0004H     ABSOLUTE     
            DATA    000CH     0004H     ABSOLUTE     
            DATA    0010H     0004H     ABSOLUTE     
            DATA    0014H     0004H     ABSOLUTE     
            DATA    0018H     0004H     ABSOLUTE     
            DATA    001CH     0004H     ABSOLUTE     
            BIT     0020H.0   0002H.5   UNIT         ?BI?INSTRUCTION
            BIT     0022H.5   0001H.1   UNIT         _BIT_GROUP_
            BIT     0023H.6   0000H.2   UNIT         ?BI?TMR2
            BIT     0024H.0   0000H.2   UNIT         ?BI?SPEED_SCAN
            BIT     0024H.2   0000H.2   UNIT         ?BI?TK_LIB
            BIT     0024H.4   0000H.1   UNIT         ?BI?UART0
            BIT     0024H.5   0000H.1   UNIT         ?BI?ENGINE_SPEED_SCAN
                    0024H.6   000BH.2                *** GAP ***
            DATA    0030H     0004H     ABSOLUTE     
            DATA    0034H     0004H     ABSOLUTE     
            DATA    0038H     0004H     ABSOLUTE     
            DATA    003CH     0004H     ABSOLUTE     
            DATA    0040H     000DH     UNIT         _DATA_GROUP_
                    004DH     0003H                  *** GAP ***
            DATA    0050H     0002H     ABSOLUTE     
            DATA    0052H     0002H     ABSOLUTE     
            DATA    0054H     0002H     ABSOLUTE     
                    0056H     000AH                  *** GAP ***
BL51 BANKED LINKER/LOCATER V6.22.4.0                                                  06/10/2025  18:54:17  PAGE 3


            DATA    0060H     0001H     ABSOLUTE     
            DATA    0061H     0001H     ABSOLUTE     
            DATA    0062H     0001H     ABSOLUTE     
            DATA    0063H     0001H     ABSOLUTE     
            DATA    0064H     0001H     ABSOLUTE     
            DATA    0065H     0001H     ABSOLUTE     
            DATA    0066H     0001H     ABSOLUTE     
            IDATA   0067H     0001H     UNIT         ?STACK

            * * * * * * *  X D A T A   M E M O R Y  * * * * * * *
                    0000H     6000H                  *** GAP ***
            XDATA   6000H     0004H     ABSOLUTE     
            XDATA   6004H     0004H     ABSOLUTE     
            XDATA   6008H     0004H     ABSOLUTE     
            XDATA   600CH     0004H     UNIT         ?XD?TMR0
            XDATA   6010H     0004H     ABSOLUTE     
            XDATA   6014H     0004H     ABSOLUTE     
            XDATA   6018H     0394H     UNIT         ?XD?TK_LIB
            XDATA   63ACH     0045H     UNIT         ?XD?AD_KEY
            XDATA   63F1H     003DH     UNIT         ?XD?UART0
            XDATA   642EH     0038H     UNIT         _XDATA_GROUP_
            XDATA   6466H     0027H     UNIT         ?XD?FUN_INFO
            XDATA   648DH     001FH     UNIT         ?XD?TOUCH_KEY
            XDATA   64ACH     001CH     UNIT         ?XD?SPEED_SCAN
            XDATA   64C8H     0018H     UNIT         ?XD?TK_SET
            XDATA   64E0H     0012H     UNIT         ?XD?MILEAGE
            XDATA   64F2H     0011H     UNIT         ?XD?ENGINE_SPEED_SCAN
            XDATA   6503H     000DH     UNIT         ?XD?FUEL_CAPACITY
            XDATA   6510H     000CH     UNIT         ?XD?TEMP_OF_WATER
            XDATA   651CH     000CH     UNIT         ?XD?BATTERY
            XDATA   6528H     0009H     UNIT         ?XD?INSTRUCTION
            XDATA   6531H     0008H     UNIT         ?XD?TMR1
            XDATA   6539H     0007H     UNIT         ?XD?AIP1302_UPDATE_ALL_DATA?AIP1302
            XDATA   6540H     0004H     UNIT         ?XD?KEY_DRIVER
            XDATA   6544H     0003H     UNIT         ?XD?_UART0_SEND_BUFF?UART0
            XDATA   6547H     0002H     UNIT         ?XD?TMR2
            XDATA   6549H     0002H     UNIT         ?XD?ADC
            XDATA   654BH     0002H     UNIT         ?XD?PIN_LEVEL_SCAN
            XDATA   654DH     0002H     UNIT         ?XD?__TK_LIB_INIT?TK_LIB
            XDATA   654FH     0001H     UNIT         ?XD?___TOUCH_KEY_GET_EVENT?TOUCH_KEY

            * * * * * * *   C O D E   M E M O R Y   * * * * * * *
            CODE    0000H     0003H     ABSOLUTE     
            CODE    0003H     000CH     ABSOLUTE     
            CODE    000FH     000FH     UNIT         ?PR?AIP1302_IS_RUNNING?AIP1302
            CODE    001EH     0003H     ABSOLUTE     
            CODE    0021H     0003H     ABSOLUTE     
            CODE    0024H     0003H     ABSOLUTE     
            CODE    0027H     0023H     UNIT         ?PR?_UART0_SEND_BUFF?UART0
            CODE    004AH     0001H     UNIT         ?PR?UPDATE_CUR_SPEED_SCAN_TIME?SPEED_SCAN
            CODE    004BH     0003H     ABSOLUTE     
            CODE    004EH     000FH     UNIT         ?PR?AD_KEY
            CODE    005DH     0003H     ABSOLUTE     
            CODE    0060H     052DH     UNIT         ?C?LIB_CODE
            CODE    058DH     0365H     UNIT         ?PR?PRINTF?PRINTF
            CODE    08F2H     033FH     UNIT         ?PR?__TK_DATA_PROCESS?TK_LIB
            CODE    0C31H     025BH     UNIT         ?PR?FUEL_CAPACITY_SCAN?FUEL_CAPACITY
BL51 BANKED LINKER/LOCATER V6.22.4.0                                                  06/10/2025  18:54:17  PAGE 4


            CODE    0E8CH     0252H     UNIT         ?PR?___TK_MODE_CARRY_FUNC?TK_LIB
            CODE    10DEH     0247H     UNIT         ?PR?INSTRUCTION_HANDLE?INSTRUCTION
            CODE    1325H     022DH     UNIT         ?C_INITSEG
            CODE    1552H     0206H     UNIT         ?PR?_SEND_DATA?SEND_DATA
            CODE    1758H     01D3H     UNIT         ?PR?HEART_BEAT_HANDLE?TMR1
            CODE    192BH     01B9H     UNIT         ?PR?__TK_BUTTON_DECIDE?TK_LIB
            CODE    1AE4H     01B5H     UNIT         ?PR?___TK_LIB_I_ADJUST?TK_LIB
            CODE    1C99H     0193H     UNIT         ?PR?_KEY_DRIVER_SCAN?KEY_DRIVER
            CODE    1E2CH     014EH     UNIT         ?PR?INSTRUCTION_SCAN?INSTRUCTION
            CODE    1F7AH     013CH     UNIT         ?PR?TK_GPIO_CONFIG?TK_SET
            CODE    20B6H     0138H     UNIT         ?PR?UART0_IRQHANDLER?UART0
            CODE    21EEH     0124H     UNIT         ?PR?UART0_SCAN_HANDLE?UART0
            CODE    2312H     00DCH     UNIT         ?PR?SYSTEM_INIT?SYSTEM
            CODE    23EEH     00DCH     UNIT         ?PR?TIMR2_IRQHANDLER?TMR2
            CODE    24CAH     00D8H     UNIT         ?PR?MILEAGE_SCAN?MILEAGE
            CODE    25A2H     00D4H     UNIT         ?PR?ADC_GETVAL?ADC
            CODE    2676H     00D0H     UNIT         ?PR?TEMP_OF_WATER_SCAN?TEMP_OF_WATER
            CODE    2746H     00C0H     UNIT         ?PR?BATTERY_SCAN?BATTERY
            CODE    2806H     00BAH     UNIT         ?PR?AD_KEY_HANDLE?AD_KEY
            CODE    28C0H     00AFH     UNIT         ?PR?_AIP1302_WRITE_BYTE?AIP1302
            CODE    296FH     00ACH     UNIT         ?PR?ENGINE_SPEED_SCAN?ENGINE_SPEED_SCAN
            CODE    2A1BH     00A8H     UNIT         ?PR?PIN_LEVEL_SCAN?PIN_LEVEL_SCAN
            CODE    2AC3H     00A7H     UNIT         ?PR?SPEED_SCAN?SPEED_SCAN
            CODE    2B6AH     009BH     UNIT         ?PR?__TK_LIB_INIT?TK_LIB
            CODE    2C05H     0093H     UNIT         ?PR?__TK_BASELINE_INIT?TK_LIB
            CODE    2C98H     0092H     UNIT         ?PR?TK_PARAM_INIT?TK_SET
            CODE    2D2AH     0092H     UNIT         ?PR?___AIP1302_READ_BYTE?AIP1302
            CODE    2DBCH     0090H     UNIT         ?PR?___AIP1302_WRITE_BYTE?AIP1302
            CODE    2E4CH     008CH     UNIT         ?C_C51STARTUP
            CODE    2ED8H     0084H     UNIT         ?PR?___TK_SET_NEXT_CH?TK_LIB
            CODE    2F5CH     007EH     UNIT         ?PR?__TK_BASELINE_UPDATE?TK_LIB
            CODE    2FDAH     007EH     UNIT         ?PR?__TK_LONG_KEY_CLEAR?TK_LIB
            CODE    3058H     0075H     UNIT         ?PR?__TK_HANDLER?TK_LIB
            CODE    30CDH     006EH     UNIT         ?PR?___AIP1302_CONVERT_READ_BYTE?AIP1302
            CODE    313BH     0062H     UNIT         ?PR?TMR1
            CODE    319DH     0062H     UNIT         ?PR?__TK_I_SOURCE_ADJUST?TK_LIB
            CODE    31FFH     005EH     UNIT         ?PR?AIP1302_CONFIG?AIP1302
            CODE    325DH     005AH     UNIT         ?PR?TIMR1_IRQHANDLER?TMR1
            CODE    32B7H     0059H     UNIT         ?PR?UART0
            CODE    3310H     004FH     UNIT         ?PR?TK_INIT?TK_SET
            CODE    335FH     004FH     UNIT         ?PR?TIMR0_IRQHANDLER?TMR0
            CODE    33AEH     004CH     UNIT         ?PR?___CONVER_CUR_AD_TO_AD_KEY?AD_KEY
            CODE    33FAH     004AH     UNIT         ?PR?MAIN?MAIN
            CODE    3444H     0048H     UNIT         ?PR?INSTRUCTION
            CODE    348CH     0046H     UNIT         ?PR?AIP1302_READ_ALL?AIP1302
            CODE    34D2H     0045H     UNIT         ?PR?TK_IRQHANDLER?TK_SET
            CODE    3517H     0040H     UNIT         ?PR?TMR2_CONFIG?TMR2
            CODE    3557H     003FH     UNIT         ?PR?AIP1302_UPDATE_ALL_DATA?AIP1302
            CODE    3596H     003FH     UNIT         ?PR?AIP1302_UPDATE_TIME?AIP1302
            CODE    35D5H     003EH     UNIT         ?PR?SEND_DATA
            CODE    3613H     003DH     UNIT         ?PR?TMR1_CONFIG?TMR1
            CODE    3650H     003DH     UNIT         ?PR?__TK_MODE_CONFIG?TK_LIB
            CODE    368DH     003CH     UNIT         ?PR?TMR0_CONFIG?TMR0
            CODE    36C9H     003AH     UNIT         ?PR?USER_INIT?MAIN
            CODE    3703H     0039H     UNIT         ?PR?UPDATE_SPEED_SCAN_DATA?SPEED_SCAN
            CODE    373CH     0037H     UNIT         ?PR?_ADC_SEL_PIN?ADC
            CODE    3773H     0037H     UNIT         ?PR?_FLASH_WRITE?FLASH
BL51 BANKED LINKER/LOCATER V6.22.4.0                                                  06/10/2025  18:54:17  PAGE 5


            CODE    37AAH     0034H     UNIT         ?PR?_FLASH_READ?FLASH
            CODE    37DEH     0032H     UNIT         ?PR?AD_KEY_GET_KEY_ID?AD_KEY
            CODE    3810H     002EH     UNIT         ?PR?AIP1302
            CODE    383EH     002CH     UNIT         ?PR?___TOUCH_KEY_GET_EVENT?TOUCH_KEY
            CODE    386AH     002BH     UNIT         ?PR?UART0_CONFIG?UART0
            CODE    3895H     002BH     UNIT         ?PR?PIN_LEVEL_SCAN_CONFIG?PIN_LEVEL_SCAN
            CODE    38C0H     002BH     UNIT         ?PR?MILEAGE
            CODE    38EBH     0028H     UNIT         ?PR?FUEL_CAPACITY
            CODE    3913H     0023H     UNIT         ?PR?ADC_SINGLE_CONVERT?ADC
            CODE    3936H     0023H     UNIT         ?PR?___AD_KEY_GET_EVENT?AD_KEY
            CODE    3959H     0022H     UNIT         ?PR?ADC_CONFIG?ADC
            CODE    397BH     0021H     UNIT         ?PR?KEY_DRIVER
            CODE    399CH     0020H     UNIT         ?PR?TOUCH_KEY_GET_KEY_ID?TOUCH_KEY
            CODE    39BCH     0020H     UNIT         ?PR?__TK_SCAN?TK_LIB
            CODE    39DCH     001FH     UNIT         ?PR?TOUCH_KEY
            CODE    39FBH     001EH     UNIT         ?CO?TK_SET
            CODE    3A19H     001EH     UNIT         ?PR?TMR2
            CODE    3A37H     001EH     UNIT         ?PR?TEMP_OF_WATER
            CODE    3A55H     001BH     UNIT         ?PR?_DELAY_MS?SYSTEM
            CODE    3A70H     001BH     UNIT         ?PR?ADC
            CODE    3A8BH     001AH     UNIT         ?PR?_REVERSE_U8?AIP1302
            CODE    3AA5H     0018H     UNIT         ?PR?TK_SET
            CODE    3ABDH     0018H     UNIT         ?PR?FUN_INFO_INIT?FUN_INFO
            CODE    3AD5H     0016H     UNIT         ?PR?_AIP1302_READ_BYTE?AIP1302
            CODE    3AEBH     0016H     UNIT         ?PR?TOUCH_KEY_HANDLE?TOUCH_KEY
            CODE    3B01H     0014H     UNIT         ?CO?SPEED_SCAN
            CODE    3B15H     0011H     UNIT         ?PR?TMR2_ENABLE?TMR2
            CODE    3B26H     0011H     UNIT         ?PR?_FLASH_ERASE_SECTOR?FLASH
            CODE    3B37H     0010H     UNIT         ?PR?P03_OUTPUT_CONFIG?MY_GPIO
            CODE    3B47H     0010H     UNIT         ?PR?TMR0_DISABLE?TMR0
            CODE    3B57H     0010H     UNIT         ?PR?TMR1_ENABLE?TMR1
            CODE    3B67H     0010H     UNIT         ?PR?_CONVER_ADC_VAL_TO_VOLTAGE?BATTERY
            CODE    3B77H     000EH     UNIT         ?PR?_PUTCHAR?UART0
            CODE    3B85H     000EH     UNIT         ?PR?FUN_INFO_SAVE?FUN_INFO
            CODE    3B93H     000EH     UNIT         ?PR?_CONVER_VOLTAGE_OF_BATTERY_TO_PERCENTAGE?BATTERY
            CODE    3BA1H     000DH     UNIT         ?PR?P06_INPUT_CONFIG?MY_GPIO
            CODE    3BAEH     000DH     UNIT         ?PR?P07_INPUT_CONFIG?MY_GPIO
            CODE    3BBBH     000DH     UNIT         ?PR?P10_INPUT_CONFIG?MY_GPIO
            CODE    3BC8H     000DH     UNIT         ?PR?P13_INPUT_CONFIG?MY_GPIO
            CODE    3BD5H     000DH     UNIT         ?PR?P14_INPUT_CONFIG?MY_GPIO
            CODE    3BE2H     000DH     UNIT         ?PR?P21_INPUT_CONFIG?MY_GPIO
            CODE    3BEFH     000DH     UNIT         ?PR?P22_INPUT_CONFIG?MY_GPIO
            CODE    3BFCH     000DH     UNIT         ?PR?P23_INPUT_CONFIG?MY_GPIO
            CODE    3C09H     000DH     UNIT         ?PR?P25_INPUT_CONFIG?MY_GPIO
            CODE    3C16H     000DH     UNIT         ?PR?P27_INPUT_CONFIG?MY_GPIO
            CODE    3C23H     000DH     UNIT         ?PR?P30_INPUT_CONFIG?MY_GPIO
            CODE    3C30H     000DH     UNIT         ?PR?_UART0_SENDBYTE?UART0
            CODE    3C3DH     000DH     UNIT         ?PR?SPEED_SCAN_CONFIG?SPEED_SCAN
            CODE    3C4AH     000CH     UNIT         ?PR?TMR0_ENABLE?TMR0
            CODE    3C56H     000CH     UNIT         ?PR?FUN_INFO
            CODE    3C62H     000CH     UNIT         ?PR?SPEED_SCAN
            CODE    3C6EH     000BH     UNIT         ?PR?_DELAY?SYSTEM
            CODE    3C79H     0008H     UNIT         ?PR?TMR0
            CODE    3C81H     0007H     UNIT         ?PR?ENGINE_SPEED_SCAN_CONFIG?ENGINE_SPEED_SCAN
            CODE    3C88H     0005H     UNIT         ?PR?__TK_MS_HANDLER?TK_LIB


BL51 BANKED LINKER/LOCATER V6.22.4.0                                                  06/10/2025  18:54:17  PAGE 6



OVERLAY MAP OF MODULE:   .\Release\Objects\Project (?C_STARTUP)


SEGMENT                                             BIT_GROUP          DATA_GROUP          XDATA_GROUP
  +--> CALLED SEGMENT                            START    LENGTH     START    LENGTH     START    LENGTH
--------------------------------------------------------------------------------------------------------
?C_C51STARTUP                                    -----    -----      -----    -----      -----    -----
  +--> ?PR?MAIN?MAIN
  +--> ?C_INITSEG

?PR?MAIN?MAIN                                    -----    -----      -----    -----      -----    -----
  +--> ?PR?SYSTEM_INIT?SYSTEM
  +--> ?PR?USER_INIT?MAIN
  +--> ?PR?_DELAY_MS?SYSTEM
  +--> ?PR?_KEY_DRIVER_SCAN?KEY_DRIVER
  +--> ?PR?AD_KEY_HANDLE?AD_KEY
  +--> ?PR?SPEED_SCAN?SPEED_SCAN
  +--> ?PR?MILEAGE_SCAN?MILEAGE
  +--> ?PR?ENGINE_SPEED_SCAN?ENGINE_SPEED_SCAN
  +--> ?PR?FUEL_CAPACITY_SCAN?FUEL_CAPACITY
  +--> ?PR?BATTERY_SCAN?BATTERY
  +--> ?PR?UART0_SCAN_HANDLE?UART0
  +--> ?PR?INSTRUCTION_SCAN?INSTRUCTION
  +--> ?PR?INSTRUCTION_HANDLE?INSTRUCTION
  +--> ?PR?HEART_BEAT_HANDLE?TMR1

?PR?SYSTEM_INIT?SYSTEM                           -----    -----      -----    -----      -----    -----
  +--> ?PR?_DELAY?SYSTEM
  +--> ?PR?_DELAY_MS?SYSTEM

?PR?_DELAY_MS?SYSTEM                             -----    -----      -----    -----      -----    -----
  +--> ?PR?_DELAY?SYSTEM

?PR?USER_INIT?MAIN                               -----    -----      -----    -----      -----    -----
  +--> ?PR?FUN_INFO_INIT?FUN_INFO
  +--> ?PR?TMR0_CONFIG?TMR0
  +--> ?PR?UART0_CONFIG?UART0
  +--> ?PR?PIN_LEVEL_SCAN_CONFIG?PIN_LEVEL_SCAN
  +--> ?PR?TMR1_CONFIG?TMR1
  +--> ?PR?SPEED_SCAN_CONFIG?SPEED_SCAN
  +--> ?PR?ENGINE_SPEED_SCAN_CONFIG?ENGINE_S...
  +--> ?PR?ADC_CONFIG?ADC
  +--> ?PR?AIP1302_CONFIG?AIP1302
  +--> ?PR?TMR2_CONFIG?TMR2
  +--> ?PR?TMR1_ENABLE?TMR1
  +--> ?PR?TMR2_ENABLE?TMR2
  +--> ?PR?_DELAY_MS?SYSTEM

?PR?FUN_INFO_INIT?FUN_INFO                       -----    -----      -----    -----      -----    -----
  +--> ?PR?FUN_INFO
  +--> ?PR?_FLASH_READ?FLASH

?PR?_FLASH_READ?FLASH                            -----    -----      -----    -----      642EH    0005H

?PR?TMR0_CONFIG?TMR0                             -----    -----      -----    -----      -----    -----
  +--> ?PR?TMR0
BL51 BANKED LINKER/LOCATER V6.22.4.0                                                  06/10/2025  18:54:17  PAGE 7



?PR?PIN_LEVEL_SCAN_CONFIG?PIN_LEVEL_SCAN         -----    -----      -----    -----      -----    -----
  +--> ?PR?P21_INPUT_CONFIG?MY_GPIO
  +--> ?PR?P22_INPUT_CONFIG?MY_GPIO
  +--> ?PR?P25_INPUT_CONFIG?MY_GPIO
  +--> ?PR?P27_INPUT_CONFIG?MY_GPIO
  +--> ?PR?P30_INPUT_CONFIG?MY_GPIO
  +--> ?PR?P14_INPUT_CONFIG?MY_GPIO
  +--> ?PR?P13_INPUT_CONFIG?MY_GPIO
  +--> ?PR?P10_INPUT_CONFIG?MY_GPIO
  +--> ?PR?P07_INPUT_CONFIG?MY_GPIO
  +--> ?PR?P06_INPUT_CONFIG?MY_GPIO

?PR?ADC_CONFIG?ADC                               -----    -----      -----    -----      -----    -----
  +--> ?PR?ADC

?PR?AIP1302_CONFIG?AIP1302                       -----    -----      -----    -----      -----    -----
  +--> ?PR?AIP1302
  +--> ?PR?AIP1302_IS_RUNNING?AIP1302
  +--> ?PR?_AIP1302_WRITE_BYTE?AIP1302
  +--> ?PR?AIP1302_READ_ALL?AIP1302

?PR?AIP1302_IS_RUNNING?AIP1302                   -----    -----      -----    -----      -----    -----
  +--> ?PR?___AIP1302_READ_BYTE?AIP1302

?PR?___AIP1302_READ_BYTE?AIP1302                 -----    -----      -----    -----      6433H    0003H
  +--> ?PR?AIP1302
  +--> ?PR?_DELAY?SYSTEM

?PR?_AIP1302_WRITE_BYTE?AIP1302                  -----    -----      -----    -----      6439H    0004H
  +--> ?PR?___AIP1302_WRITE_BYTE?AIP1302

?PR?___AIP1302_WRITE_BYTE?AIP1302                -----    -----      -----    -----      643DH    0003H
  +--> ?PR?AIP1302
  +--> ?PR?_DELAY?SYSTEM

?PR?AIP1302_READ_ALL?AIP1302                     -----    -----      -----    -----      -----    -----
  +--> ?PR?_AIP1302_READ_BYTE?AIP1302

?PR?_AIP1302_READ_BYTE?AIP1302                   -----    -----      -----    -----      6432H    0001H
  +--> ?PR?___AIP1302_READ_BYTE?AIP1302
  +--> ?PR?___AIP1302_CONVERT_READ_BYTE?AIP1302

?PR?___AIP1302_CONVERT_READ_BYTE?AIP1302         -----    -----      -----    -----      6433H    0003H
  +--> ?PR?_REVERSE_U8?AIP1302

?PR?_KEY_DRIVER_SCAN?KEY_DRIVER                  -----    -----      -----    -----      642EH    0002H
  +--> ?PR?KEY_DRIVER

?PR?AD_KEY_HANDLE?AD_KEY                         -----    -----      -----    -----      -----    -----
  +--> ?PR?___AD_KEY_GET_EVENT?AD_KEY
  +--> ?PR?_SEND_DATA?SEND_DATA

?PR?___AD_KEY_GET_EVENT?AD_KEY                   -----    -----      -----    -----      -----    -----
  +--> ?PR?AD_KEY

?PR?_SEND_DATA?SEND_DATA                         -----    -----      -----    -----      6432H    0009H
BL51 BANKED LINKER/LOCATER V6.22.4.0                                                  06/10/2025  18:54:17  PAGE 8


  +--> ?PR?_UART0_SENDBYTE?UART0
  +--> ?PR?SEND_DATA
  +--> ?PR?_DELAY_MS?SYSTEM

?PR?SPEED_SCAN?SPEED_SCAN                        -----    -----      -----    -----      642EH    0008H
  +--> ?PR?SPEED_SCAN
  +--> ?CO?SPEED_SCAN
  +--> ?PR?PRINTF?PRINTF

?PR?PRINTF?PRINTF                                0022H.5  0001H.1    0040H    0005H      6436H    0028H
  +--> ?PR?_PUTCHAR?UART0

?PR?_PUTCHAR?UART0                               -----    -----      -----    -----      645EH    0001H
  +--> ?PR?_UART0_SENDBYTE?UART0

?PR?MILEAGE_SCAN?MILEAGE                         -----    -----      -----    -----      -----    -----
  +--> ?PR?MILEAGE
  +--> ?PR?FUN_INFO_SAVE?FUN_INFO

?PR?FUN_INFO_SAVE?FUN_INFO                       -----    -----      -----    -----      -----    -----
  +--> ?PR?_FLASH_ERASE_SECTOR?FLASH
  +--> ?PR?FUN_INFO
  +--> ?PR?_FLASH_WRITE?FLASH

?PR?_FLASH_WRITE?FLASH                           -----    -----      -----    -----      6432H    0005H

?PR?ENGINE_SPEED_SCAN?ENGINE_SPEED_SCAN          -----    -----      -----    -----      642EH    0004H

?PR?FUEL_CAPACITY_SCAN?FUEL_CAPACITY             -----    -----      -----    -----      -----    -----
  +--> ?PR?_ADC_SEL_PIN?ADC
  +--> ?PR?ADC_GETVAL?ADC
  +--> ?PR?FUEL_CAPACITY

?PR?_ADC_SEL_PIN?ADC                             -----    -----      -----    -----      -----    -----
  +--> ?PR?ADC
  +--> ?PR?_DELAY_MS?SYSTEM

?PR?ADC_GETVAL?ADC                               -----    -----      -----    -----      6430H    000BH
  +--> ?PR?ADC_SINGLE_CONVERT?ADC
  +--> ?PR?ADC

?PR?BATTERY_SCAN?BATTERY                         -----    -----      -----    -----      642EH    0002H
  +--> ?PR?_ADC_SEL_PIN?ADC
  +--> ?PR?ADC_GETVAL?ADC
  +--> ?PR?_CONVER_ADC_VAL_TO_VOLTAGE?BATTERY
  +--> ?PR?_CONVER_VOLTAGE_OF_BATTERY_TO_PER...

?PR?UART0_SCAN_HANDLE?UART0                      0022H.5  0000H.1    -----    -----      642EH    0003H
  +--> ?PR?TMR0_DISABLE?TMR0
  +--> ?PR?UART0

?PR?TMR0_DISABLE?TMR0                            -----    -----      -----    -----      -----    -----
  +--> ?PR?TMR0

?PR?INSTRUCTION_SCAN?INSTRUCTION                 -----    -----      -----    -----      642EH    0001H
  +--> ?PR?INSTRUCTION

BL51 BANKED LINKER/LOCATER V6.22.4.0                                                  06/10/2025  18:54:17  PAGE 9


?PR?INSTRUCTION_HANDLE?INSTRUCTION               -----    -----      -----    -----      642EH    0004H
  +--> ?PR?INSTRUCTION
  +--> ?PR?_SEND_DATA?SEND_DATA
  +--> ?PR?AIP1302_READ_ALL?AIP1302
  +--> ?PR?AIP1302_UPDATE_TIME?AIP1302
  +--> ?PR?FUN_INFO_SAVE?FUN_INFO

?PR?AIP1302_UPDATE_TIME?AIP1302                  -----    -----      -----    -----      6432H    0007H
  +--> ?PR?_AIP1302_WRITE_BYTE?AIP1302

?PR?HEART_BEAT_HANDLE?TMR1                       -----    -----      -----    -----      642EH    0008H
  +--> ?PR?TMR1

?C_INITSEG                                       -----    -----      -----    -----      -----    -----
  +--> ?PR?AD_KEY_GET_KEY_ID?AD_KEY
  +--> ?PR?TOUCH_KEY_GET_KEY_ID?TOUCH_KEY

?PR?AD_KEY_GET_KEY_ID?AD_KEY                     -----    -----      -----    -----      642EH    0002H
  +--> ?PR?_ADC_SEL_PIN?ADC
  +--> ?PR?ADC_SINGLE_CONVERT?ADC
  +--> ?PR?___CONVER_CUR_AD_TO_AD_KEY?AD_KEY

?PR?___CONVER_CUR_AD_TO_AD_KEY?AD_KEY            -----    -----      -----    -----      6430H    0002H

?PR?TOUCH_KEY_GET_KEY_ID?TOUCH_KEY               -----    -----      -----    -----      -----    -----
  +--> ?PR?__TK_SCAN?TK_LIB
  +--> ?PR?TOUCH_KEY

?PR?__TK_SCAN?TK_LIB                             -----    -----      -----    -----      -----    -----
  +--> ?PR?__TK_BUTTON_DECIDE?TK_LIB
  +--> ?PR?___TK_SET_NEXT_CH?TK_LIB

?PR?__TK_BUTTON_DECIDE?TK_LIB                    -----    -----      -----    -----      -----    -----
  +--> ?CO?TK_SET
  +--> ?PR?___TK_MODE_CARRY_FUNC?TK_LIB

?PR?___TK_MODE_CARRY_FUNC?TK_LIB                 -----    -----      -----    -----      642EH    0001H
  +--> ?CO?TK_SET
  +--> ?PR?__TK_BASELINE_UPDATE?TK_LIB

?PR?__TK_BASELINE_UPDATE?TK_LIB                  -----    -----      -----    -----      -----    -----
  +--> ?CO?TK_SET

*** NEW ROOT ***************************************************

?PR?TK_IRQHANDLER?TK_SET                         -----    -----      -----    -----      -----    -----
  +--> ?PR?__TK_HANDLER?TK_LIB

?PR?__TK_HANDLER?TK_LIB                          -----    -----      -----    -----      -----    -----
  +--> ?CO?TK_SET
  +--> ?PR?__TK_MODE_CONFIG?TK_LIB
  +--> ?PR?__TK_I_SOURCE_ADJUST?TK_LIB
  +--> ?PR?__TK_BASELINE_INIT?TK_LIB
  +--> ?PR?___TK_SET_NEXT_CH?TK_LIB

?PR?__TK_MODE_CONFIG?TK_LIB                      -----    -----      -----    -----      -----    -----
  +--> ?PR?___TK_SET_NEXT_CH?TK_LIB
BL51 BANKED LINKER/LOCATER V6.22.4.0                                                  06/10/2025  18:54:17  PAGE 10



?PR?__TK_I_SOURCE_ADJUST?TK_LIB                  -----    -----      -----    -----      645FH    0001H
  +--> ?CO?TK_SET
  +--> ?PR?___TK_LIB_I_ADJUST?TK_LIB
  +--> ?PR?__TK_MODE_CONFIG?TK_LIB
  +--> ?PR?___TK_SET_NEXT_CH?TK_LIB

?PR?___TK_LIB_I_ADJUST?TK_LIB                    -----    -----      0045H    0008H      6460H    0005H
  +--> ?CO?TK_SET

?PR?__TK_BASELINE_INIT?TK_LIB                    -----    -----      -----    -----      -----    -----
  +--> ?CO?TK_SET
  +--> ?PR?___TK_SET_NEXT_CH?TK_LIB

*** NEW ROOT ***************************************************

?PR?TIMR1_IRQHANDLER?TMR1                        -----    -----      -----    -----      -----    -----
  +--> ?PR?TMR1

*** NEW ROOT ***************************************************

?PR?TIMR2_IRQHANDLER?TMR2                        -----    -----      -----    -----      -----    -----
  +--> ?PR?TMR2
  +--> ?PR?UPDATE_SPEED_SCAN_DATA?SPEED_SCAN

?PR?UPDATE_SPEED_SCAN_DATA?SPEED_SCAN            -----    -----      -----    -----      -----    -----
  +--> ?PR?SPEED_SCAN

*** NEW ROOT ***************************************************

?PR?UART0_IRQHANDLER?UART0                       -----    -----      -----    -----      6465H    0001H
  +--> ?PR?UART0
  +--> ?PR?TMR0_DISABLE?TMR0
  +--> ?PR?TMR0_ENABLE?TMR0

?PR?TMR0_ENABLE?TMR0                             -----    -----      -----    -----      -----    -----
  +--> ?PR?TMR0



SYMBOL TABLE OF MODULE:  .\Release\Objects\Project (?C_STARTUP)

  VALUE           TYPE          NAME
  ----------------------------------

  -------         MODULE        ?C_STARTUP
  C:2E4CH         SEGMENT       ?C_C51STARTUP
  I:0067H         SEGMENT       ?STACK
  C:0000H         PUBLIC        ?C_STARTUP
  D:00E0H         SYMBOL        ACC
  D:00F0H         SYMBOL        B
  D:0083H         SYMBOL        DPH
  D:0082H         SYMBOL        DPL
  N:0000H         SYMBOL        IBPSTACK
  N:0100H         SYMBOL        IBPSTACKTOP
  N:0080H         SYMBOL        IDATALEN
  C:2E4FH         SYMBOL        IDATALOOP
BL51 BANKED LINKER/LOCATER V6.22.4.0                                                  06/10/2025  18:54:17  PAGE 11


  N:0000H         SYMBOL        PBPSTACK
  N:0100H         SYMBOL        PBPSTACKTOP
  N:0000H         SYMBOL        PDATALEN
  N:0000H         SYMBOL        PDATASTART
  N:0000H         SYMBOL        PPAGE
  N:0000H         SYMBOL        PPAGEENABLE
  D:00A0H         SYMBOL        PPAGE_SFR
  D:0081H         SYMBOL        SP
  C:2E4CH         SYMBOL        STARTUP1
  N:0000H         SYMBOL        XBPSTACK
  N:0000H         SYMBOL        XBPSTACKTOP
  N:0000H         SYMBOL        XDATALEN
  N:0000H         SYMBOL        XDATASTART
  C:0000H         LINE#         126
  C:2E4CH         LINE#         133
  C:2E4EH         LINE#         134
  C:2E4FH         LINE#         135
  C:2E50H         LINE#         136
  C:2E52H         LINE#         185
  C:2E55H         LINE#         196
  -------         ENDMOD        ?C_STARTUP

  -------         MODULE        SYSTEM
  C:0000H         SYMBOL        _ICE_DUMMY_
  D:00D9H         PUBLIC        WDT_KEY
  D:00A7H         PUBLIC        FLASH_TIMEREG0
  D:00ACH         PUBLIC        FLASH_TIMEREG1
  C:3C6EH         PUBLIC        _delay
  C:3A55H         PUBLIC        _delay_ms
  C:2312H         PUBLIC        system_init
  -------         PROC          _DELAY
  D:0006H         SYMBOL        cnt
  C:3C6EH         LINE#         37
  C:3C6EH         LINE#         38
  C:3C6EH         LINE#         39
  C:3C78H         LINE#         40
  C:3C78H         LINE#         41
  C:3C78H         LINE#         42
  -------         ENDPROC       _DELAY
  -------         PROC          _DELAY_MS
  D:0002H         SYMBOL        ms
  C:3A55H         LINE#         49
  C:3A59H         LINE#         50
  C:3A59H         LINE#         51
  C:3A63H         LINE#         52
  C:3A63H         LINE#         53
  C:3A66H         LINE#         56
  C:3A6DH         LINE#         57
  C:3A6FH         LINE#         58
  -------         ENDPROC       _DELAY_MS
  -------         PROC          SYSTEM_INIT
  -------         DO            
  D:0007H         SYMBOL        i
  -------         ENDDO         
  C:2312H         LINE#         65
  C:2312H         LINE#         66
  C:2312H         LINE#         69
BL51 BANKED LINKER/LOCATER V6.22.4.0                                                  06/10/2025  18:54:17  PAGE 12


  C:2319H         LINE#         70
  C:2326H         LINE#         71
  C:2329H         LINE#         74
  C:232CH         LINE#         75
  C:2332H         LINE#         76
  C:2338H         LINE#         77
  C:233EH         LINE#         78
  C:2344H         LINE#         79
  C:234BH         LINE#         83
  C:234DH         LINE#         84
  C:234DH         LINE#         85
  C:235AH         LINE#         86
  C:235FH         LINE#         88
  C:23EDH         LINE#         89
  -------         ENDPROC       SYSTEM_INIT
  -------         ENDMOD        SYSTEM

  -------         MODULE        TK_SET
  C:0000H         SYMBOL        _ICE_DUMMY_
  D:00A8H         PUBLIC        IE0
  D:00A9H         PUBLIC        IE1
  D:00AAH         PUBLIC        IE2
  D:00ABH         PUBLIC        IE3
  B:00A8H.7       PUBLIC        IE_EA
  D:00B8H         PUBLIC        IP0
  D:00B1H         PUBLIC        IP1
  D:00B2H         PUBLIC        IP2
  D:00B3H         PUBLIC        IP3
  D:00B4H         PUBLIC        IP4
  D:00B5H         PUBLIC        IP5
  D:00B6H         PUBLIC        IP6
  D:00B7H         PUBLIC        IP7
  C:2C98H         PUBLIC        tk_param_init
  X:64C8H         PUBLIC        __tk_update_cnt
  X:64CAH         PUBLIC        __tk_confirm_cnt
  X:64CCH         PUBLIC        __tk_leave_cnt
  X:64CEH         PUBLIC        __tk_ch_index
  X:64D0H         PUBLIC        __tk_ch_fth
  X:64D4H         PUBLIC        __tk_i_set
  X:6000H         PUBLIC        __tk_ch_data_0
  X:6004H         PUBLIC        __tk_ch_data_1
  X:6008H         PUBLIC        __tk_ch_data_2
  X:6010H         PUBLIC        __tk_ch_data_3
  X:6014H         PUBLIC        __tk_ch_data_4
  X:64D8H         PUBLIC        __tk_ch_data_5
  X:64DCH         PUBLIC        __tk_ch_data_6
  C:39FBH         PUBLIC        __tk_adjust_line
  C:39FFH         PUBLIC        __tk_adjust_time
  C:3A01H         PUBLIC        __tk_adjust_diff_valu
  C:3A03H         PUBLIC        __tk_adjust_en
  C:3A04H         PUBLIC        __tk_valid_time
  C:3A06H         PUBLIC        __tk_long_key_time
  C:3A10H         PUBLIC        __tk_use_num
  C:3A0AH         PUBLIC        __tk_cs_en
  C:3A0CH         PUBLIC        __tk_nm_num
  C:3A0BH         PUBLIC        __tk_tp_en
  C:3A0DH         PUBLIC        __tk_base_update_cnt
BL51 BANKED LINKER/LOCATER V6.22.4.0                                                  06/10/2025  18:54:17  PAGE 13


  C:3A0FH         PUBLIC        __tk_cm_valu
  C:3A08H         PUBLIC        __tk_noise_value
  C:3A0EH         PUBLIC        __tk_nm_cm_value
  C:3A11H         SYMBOL        TK_CH_EN_BUG
  C:1F7AH         PUBLIC        tk_gpio_config
  C:34D2H         PUBLIC        TK_IRQHandler
  C:3310H         PUBLIC        tk_init
  C:3AA5H         SYMBOL        Com0055
  C:3AA5H         SYMBOL        L?0086
  C:3AA5H         SYMBOL        L?0087
  C:3AA7H         SYMBOL        L?0088
  C:3AAAH         SYMBOL        L?0089
  C:3AB3H         SYMBOL        L?0090
  C:3AB5H         SYMBOL        L?0091
  -------         PROC          COM0055
  -------         ENDPROC       COM0055
  -------         PROC          TK_GPIO_CONFIG
  -------         DO            
  D:0007H         SYMBOL        i
  -------         ENDDO         
  C:1F7AH         LINE#         262
  C:1F7AH         LINE#         263
  C:1F7AH         LINE#         264
  C:1F7CH         LINE#         266
  C:1F7CH         LINE#         267
  C:1F7CH         LINE#         269
  C:1F84H         LINE#         270
  C:1F84H         LINE#         271
  C:1F8CH         LINE#         272
  C:1F8CH         LINE#         273
  C:1FA1H         LINE#         274
  C:1FB1H         LINE#         275
  C:1FB4H         LINE#         277
  C:1FB4H         LINE#         278
  C:1FC9H         LINE#         279
  C:1FD9H         LINE#         280
  C:1FD9H         LINE#         281
  C:1FDCH         LINE#         282
  C:1FECH         LINE#         283
  C:1FECH         LINE#         284
  C:1FF4H         LINE#         285
  C:1FF4H         LINE#         286
  C:200BH         LINE#         287
  C:201DH         LINE#         288
  C:2020H         LINE#         290
  C:2020H         LINE#         291
  C:2037H         LINE#         292
  C:2049H         LINE#         293
  C:2049H         LINE#         294
  C:204CH         LINE#         296
  C:204CH         LINE#         297
  C:2054H         LINE#         298
  C:2054H         LINE#         299
  C:206BH         LINE#         300
  C:207DH         LINE#         301
  C:207FH         LINE#         303
  C:207FH         LINE#         304
BL51 BANKED LINKER/LOCATER V6.22.4.0                                                  06/10/2025  18:54:17  PAGE 14


  C:2096H         LINE#         305
  C:20ACH         LINE#         306
  C:20ACH         LINE#         307
  C:20ACH         LINE#         308
  C:20B5H         LINE#         309
  -------         ENDPROC       TK_GPIO_CONFIG
  -------         PROC          TK_IRQHANDLER
  C:34D2H         LINE#         316
  C:34EFH         LINE#         318
  C:34EFH         LINE#         319
  C:34F5H         LINE#         320
  C:34F5H         LINE#         321
  C:34F9H         LINE#         322
  C:34FCH         LINE#         323
  C:34FCH         LINE#         324
  C:34FCH         LINE#         325
  -------         ENDPROC       TK_IRQHANDLER
  -------         PROC          TK_INIT
  C:3310H         LINE#         332
  C:3310H         LINE#         333
  C:3310H         LINE#         334
  C:3312H         LINE#         335
  C:3315H         LINE#         336
  C:3318H         LINE#         337
  C:331FH         LINE#         338
  C:3322H         LINE#         339
  C:3327H         LINE#         340
  C:332BH         LINE#         341
  C:3330H         LINE#         342
  C:3334H         LINE#         343
  C:3339H         LINE#         344
  C:333DH         LINE#         345
  C:3342H         LINE#         346
  C:3346H         LINE#         347
  C:3349H         LINE#         348
  C:334BH         LINE#         349
  C:334DH         LINE#         350
  C:3352H         LINE#         351
  C:3356H         LINE#         352
  C:335AH         LINE#         353
  C:335EH         LINE#         354
  -------         ENDPROC       TK_INIT
  -------         PROC          TK_PARAM_INIT
  -------         DO            
  D:0003H         SYMBOL        i
  -------         ENDDO         
  C:2C98H         LINE#         403
  C:2C98H         LINE#         404
  C:2C98H         LINE#         405
  C:2C9AH         LINE#         408
  C:2C9AH         LINE#         409
  C:2C9AH         LINE#         410
  C:2CB8H         LINE#         411
  C:2CDEH         LINE#         412
  C:2CF0H         LINE#         413
  C:2D18H         LINE#         414
  C:2D21H         LINE#         417
BL51 BANKED LINKER/LOCATER V6.22.4.0                                                  06/10/2025  18:54:17  PAGE 15


  C:2D24H         LINE#         420
  C:2D27H         LINE#         423
  -------         ENDPROC       TK_PARAM_INIT
  -------         ENDMOD        TK_SET

  -------         MODULE        MY_GPIO
  C:0000H         SYMBOL        _ICE_DUMMY_
  C:3B37H         PUBLIC        p03_output_config
  C:3BA1H         PUBLIC        p06_input_config
  C:3BAEH         PUBLIC        p07_input_config
  C:3BBBH         PUBLIC        p10_input_config
  C:3BC8H         PUBLIC        p13_input_config
  C:3BD5H         PUBLIC        p14_input_config
  C:3BE2H         PUBLIC        p21_input_config
  C:3BEFH         PUBLIC        p22_input_config
  C:3BFCH         PUBLIC        p23_input_config
  C:3C09H         PUBLIC        p25_input_config
  C:3C16H         PUBLIC        p27_input_config
  C:3C23H         PUBLIC        p30_input_config
  -------         PROC          P03_OUTPUT_CONFIG
  C:3B37H         LINE#         67
  C:3B37H         LINE#         68
  C:3B37H         LINE#         69
  C:3B3DH         LINE#         70
  C:3B41H         LINE#         72
  C:3B46H         LINE#         73
  -------         ENDPROC       P03_OUTPUT_CONFIG
  -------         PROC          P06_INPUT_CONFIG
  C:3BA1H         LINE#         90
  C:3BA1H         LINE#         91
  C:3BA1H         LINE#         93
  C:3BA7H         LINE#         95
  C:3BADH         LINE#         96
  -------         ENDPROC       P06_INPUT_CONFIG
  -------         PROC          P07_INPUT_CONFIG
  C:3BAEH         LINE#         99
  C:3BAEH         LINE#         100
  C:3BAEH         LINE#         102
  C:3BB4H         LINE#         104
  C:3BBAH         LINE#         105
  -------         ENDPROC       P07_INPUT_CONFIG
  -------         PROC          P10_INPUT_CONFIG
  C:3BBBH         LINE#         108
  C:3BBBH         LINE#         109
  C:3BBBH         LINE#         111
  C:3BC1H         LINE#         113
  C:3BC7H         LINE#         114
  -------         ENDPROC       P10_INPUT_CONFIG
  -------         PROC          P13_INPUT_CONFIG
  C:3BC8H         LINE#         117
  C:3BC8H         LINE#         118
  C:3BC8H         LINE#         120
  C:3BCEH         LINE#         122
  C:3BD4H         LINE#         123
  -------         ENDPROC       P13_INPUT_CONFIG
  -------         PROC          P14_INPUT_CONFIG
  C:3BD5H         LINE#         126
BL51 BANKED LINKER/LOCATER V6.22.4.0                                                  06/10/2025  18:54:17  PAGE 16


  C:3BD5H         LINE#         127
  C:3BD5H         LINE#         129
  C:3BDBH         LINE#         131
  C:3BE1H         LINE#         132
  -------         ENDPROC       P14_INPUT_CONFIG
  -------         PROC          P21_INPUT_CONFIG
  C:3BE2H         LINE#         144
  C:3BE2H         LINE#         145
  C:3BE2H         LINE#         147
  C:3BE8H         LINE#         149
  C:3BEEH         LINE#         150
  -------         ENDPROC       P21_INPUT_CONFIG
  -------         PROC          P22_INPUT_CONFIG
  C:3BEFH         LINE#         153
  C:3BEFH         LINE#         154
  C:3BEFH         LINE#         156
  C:3BF5H         LINE#         158
  C:3BFBH         LINE#         159
  -------         ENDPROC       P22_INPUT_CONFIG
  -------         PROC          P23_INPUT_CONFIG
  C:3BFCH         LINE#         162
  C:3BFCH         LINE#         163
  C:3BFCH         LINE#         165
  C:3C02H         LINE#         167
  C:3C08H         LINE#         168
  -------         ENDPROC       P23_INPUT_CONFIG
  -------         PROC          P25_INPUT_CONFIG
  C:3C09H         LINE#         171
  C:3C09H         LINE#         172
  C:3C09H         LINE#         174
  C:3C0FH         LINE#         176
  C:3C15H         LINE#         177
  -------         ENDPROC       P25_INPUT_CONFIG
  -------         PROC          P27_INPUT_CONFIG
  C:3C16H         LINE#         180
  C:3C16H         LINE#         181
  C:3C16H         LINE#         183
  C:3C1CH         LINE#         185
  C:3C22H         LINE#         186
  -------         ENDPROC       P27_INPUT_CONFIG
  -------         PROC          P30_INPUT_CONFIG
  C:3C23H         LINE#         189
  C:3C23H         LINE#         190
  C:3C23H         LINE#         192
  C:3C29H         LINE#         194
  C:3C2FH         LINE#         195
  -------         ENDPROC       P30_INPUT_CONFIG
  -------         ENDMOD        MY_GPIO

  -------         MODULE        TMR0
  C:0000H         SYMBOL        _ICE_DUMMY_
  D:00A8H         PUBLIC        IE0
  D:00A9H         PUBLIC        IE1
  D:00AAH         PUBLIC        IE2
  D:00ABH         PUBLIC        IE3
  B:00A8H.7       PUBLIC        IE_EA
  D:00B8H         PUBLIC        IP0
BL51 BANKED LINKER/LOCATER V6.22.4.0                                                  06/10/2025  18:54:17  PAGE 17


  D:00B1H         PUBLIC        IP1
  D:00B2H         PUBLIC        IP2
  D:00B3H         PUBLIC        IP3
  D:00B4H         PUBLIC        IP4
  D:00B5H         PUBLIC        IP5
  D:00B6H         PUBLIC        IP6
  D:00B7H         PUBLIC        IP7
  X:600CH         PUBLIC        tmr0_cnt
  C:368DH         PUBLIC        tmr0_config
  C:3C4AH         PUBLIC        tmr0_enable
  C:3B47H         PUBLIC        tmr0_disable
  C:335FH         PUBLIC        TIMR0_IRQHandler
  C:3C79H         SYMBOL        Com004E
  C:3C79H         SYMBOL        L?0079
  C:3C79H         SYMBOL        L?0080
  -------         PROC          COM004E
  -------         ENDPROC       COM004E
  -------         PROC          TMR0_CONFIG
  C:368DH         LINE#         13
  C:368DH         LINE#         14
  C:368DH         LINE#         15
  C:3693H         LINE#         16
  C:3696H         LINE#         17
  C:3698H         LINE#         20
  C:369CH         LINE#         21
  C:369EH         LINE#         23
  C:36A4H         LINE#         24
  C:36A8H         LINE#         25
  C:36ACH         LINE#         26
  C:36B0H         LINE#         28
  C:36B5H         LINE#         29
  C:36B9H         LINE#         31
  C:36BEH         LINE#         32
  C:36C2H         LINE#         34
  C:36C2H         LINE#         35
  C:36C8H         LINE#         36
  -------         ENDPROC       TMR0_CONFIG
  -------         PROC          TMR0_ENABLE
  C:3C4AH         LINE#         41
  C:3C4AH         LINE#         42
  C:3C4AH         LINE#         44
  C:3C4AH         LINE#         45
  C:3C50H         LINE#         47
  C:3C53H         LINE#         48
  C:3C55H         LINE#         49
  -------         ENDPROC       TMR0_ENABLE
  -------         PROC          TMR0_DISABLE
  C:3B47H         LINE#         54
  C:3B47H         LINE#         55
  C:3B47H         LINE#         57
  C:3B47H         LINE#         58
  C:3B4DH         LINE#         61
  C:3B51H         LINE#         62
  C:3B53H         LINE#         64
  C:3B56H         LINE#         65
  -------         ENDPROC       TMR0_DISABLE
  -------         PROC          TIMR0_IRQHANDLER
BL51 BANKED LINKER/LOCATER V6.22.4.0                                                  06/10/2025  18:54:17  PAGE 18


  C:335FH         LINE#         68
  C:3376H         LINE#         71
  C:3376H         LINE#         77
  C:337CH         LINE#         78
  C:337CH         LINE#         79
  C:3380H         LINE#         80
  C:3399H         LINE#         82
  C:3399H         LINE#         86
  C:3399H         LINE#         87
  -------         ENDPROC       TIMR0_IRQHANDLER
  -------         ENDMOD        TMR0

  -------         MODULE        TMR1
  C:0000H         SYMBOL        _ICE_DUMMY_
  D:00A8H         PUBLIC        IE0
  D:00A9H         PUBLIC        IE1
  D:00AAH         PUBLIC        IE2
  D:00ABH         PUBLIC        IE3
  B:00A8H.7       PUBLIC        IE_EA
  D:00B8H         PUBLIC        IP0
  D:00B1H         PUBLIC        IP1
  D:00B2H         PUBLIC        IP2
  D:00B3H         PUBLIC        IP3
  D:00B4H         PUBLIC        IP4
  D:00B5H         PUBLIC        IP5
  D:00B6H         PUBLIC        IP6
  D:00B7H         PUBLIC        IP7
  D:00D1H         PUBLIC        TMR_ALLCON
  C:3613H         PUBLIC        tmr1_config
  C:3B57H         PUBLIC        tmr1_enable
  C:1758H         PUBLIC        heart_beat_handle
  X:6535H         PUBLIC        tmr1_cnt
  C:325DH         PUBLIC        TIMR1_IRQHandler
  C:313BH         SYMBOL        Com0055
  C:313BH         SYMBOL        L?0086
  C:314AH         SYMBOL        L?0087
  C:3153H         SYMBOL        L?0088
  C:3164H         SYMBOL        L?0089
  C:316BH         SYMBOL        L?0090
  C:316EH         SYMBOL        L?0091
  C:3174H         SYMBOL        L?0092
  C:3174H         SYMBOL        L?0093
  C:317CH         SYMBOL        L?0094
  C:317CH         SYMBOL        L?0095
  C:3182H         SYMBOL        L?0096
  C:3193H         SYMBOL        L?0097
  -------         PROC          COM0055
  -------         ENDPROC       COM0055
  -------         PROC          TMR1_CONFIG
  C:3613H         LINE#         15
  C:3613H         LINE#         16
  C:3613H         LINE#         17
  C:3619H         LINE#         18
  C:361CH         LINE#         19
  C:361EH         LINE#         21
  C:3621H         LINE#         23
  C:3627H         LINE#         24
BL51 BANKED LINKER/LOCATER V6.22.4.0                                                  06/10/2025  18:54:17  PAGE 19


  C:362BH         LINE#         25
  C:362FH         LINE#         26
  C:3633H         LINE#         28
  C:3638H         LINE#         29
  C:363CH         LINE#         32
  C:3641H         LINE#         33
  C:3645H         LINE#         35
  C:364BH         LINE#         36
  C:364FH         LINE#         37
  -------         ENDPROC       TMR1_CONFIG
  -------         PROC          TMR1_ENABLE
  C:3B57H         LINE#         42
  C:3B57H         LINE#         43
  C:3B57H         LINE#         45
  C:3B5DH         LINE#         46
  C:3B61H         LINE#         48
  C:3B64H         LINE#         49
  C:3B66H         LINE#         50
  -------         ENDPROC       TMR1_ENABLE
  -------         PROC          HEART_BEAT_HANDLE
  -------         DO            
  X:6531H         SYMBOL        old_time_ms_cnt
  X:642EH         SYMBOL        cur_time_ms_cnt
  X:6432H         SYMBOL        diff_ms_cnt
  -------         ENDDO         
  C:1758H         LINE#         68
  C:1758H         LINE#         69
  C:1758H         LINE#         71
  C:1764H         LINE#         72
  C:176EH         LINE#         73
  C:1778H         LINE#         74
  C:178DH         LINE#         75
  C:1797H         LINE#         77
  C:17A7H         LINE#         78
  C:17A7H         LINE#         80
  C:17B3H         LINE#         81
  C:17B3H         LINE#         83
  C:17C2H         LINE#         84
  C:17C2H         LINE#         86
  C:17C8H         LINE#         87
  C:17D9H         LINE#         88
  C:17D9H         LINE#         89
  C:17E5H         LINE#         90
  C:17ECH         LINE#         95
  C:17F8H         LINE#         96
  C:1802H         LINE#         97
  C:1804H         LINE#         98
  C:1804H         LINE#         99
  C:1804H         LINE#         101
  C:1813H         LINE#         102
  C:1813H         LINE#         104
  C:1819H         LINE#         105
  C:182AH         LINE#         106
  C:182AH         LINE#         107
  C:1836H         LINE#         108
  C:183DH         LINE#         113
  C:1849H         LINE#         114
BL51 BANKED LINKER/LOCATER V6.22.4.0                                                  06/10/2025  18:54:17  PAGE 20


  C:1853H         LINE#         115
  C:1855H         LINE#         116
  C:1855H         LINE#         117
  C:1855H         LINE#         119
  C:1860H         LINE#         120
  C:1860H         LINE#         122
  C:186FH         LINE#         123
  C:186FH         LINE#         125
  C:187AH         LINE#         126
  C:187AH         LINE#         128
  C:1889H         LINE#         129
  C:1889H         LINE#         131
  C:1890H         LINE#         132
  C:1890H         LINE#         134
  C:1896H         LINE#         135
  C:18A7H         LINE#         136
  C:18A7H         LINE#         138
  C:18ABH         LINE#         139
  C:18AFH         LINE#         140
  C:18AFH         LINE#         141
  C:18AFH         LINE#         143
  C:18B6H         LINE#         144
  C:18B6H         LINE#         147
  C:18BCH         LINE#         148
  C:18CDH         LINE#         149
  C:18CDH         LINE#         151
  C:18D1H         LINE#         152
  C:18D5H         LINE#         153
  C:18D5H         LINE#         154
  C:18D5H         LINE#         156
  C:18DCH         LINE#         157
  C:18DCH         LINE#         160
  C:18E2H         LINE#         161
  C:18F3H         LINE#         162
  C:18F3H         LINE#         164
  C:18F7H         LINE#         165
  C:18FBH         LINE#         166
  C:18FBH         LINE#         167
  C:18FBH         LINE#         169
  C:1906H         LINE#         170
  C:1906H         LINE#         171
  C:1910H         LINE#         172
  C:1910H         LINE#         174
  C:191EH         LINE#         175
  C:191EH         LINE#         176
  C:192AH         LINE#         177
  C:192AH         LINE#         178
  -------         ENDPROC       HEART_BEAT_HANDLE
  -------         PROC          TIMR1_IRQHANDLER
  C:325DH         LINE#         181
  C:3274H         LINE#         184
  C:3274H         LINE#         205
  C:327AH         LINE#         206
  C:327AH         LINE#         207
  C:327EH         LINE#         209
  C:328AH         LINE#         211
  C:328AH         LINE#         231
BL51 BANKED LINKER/LOCATER V6.22.4.0                                                  06/10/2025  18:54:17  PAGE 21


  C:3293H         LINE#         232
  C:3293H         LINE#         233
  C:3296H         LINE#         234
  C:3296H         LINE#         236
  C:329FH         LINE#         237
  C:329FH         LINE#         238
  C:32A2H         LINE#         239
  C:32A2H         LINE#         240
  C:32A2H         LINE#         241
  C:32A2H         LINE#         245
  C:32A2H         LINE#         246
  -------         ENDPROC       TIMR1_IRQHANDLER
  -------         ENDMOD        TMR1

  -------         MODULE        TMR2
  C:0000H         SYMBOL        _ICE_DUMMY_
  D:00A8H         PUBLIC        IE0
  D:00A9H         PUBLIC        IE1
  D:00AAH         PUBLIC        IE2
  D:00ABH         PUBLIC        IE3
  B:00A8H.7       PUBLIC        IE_EA
  D:00B8H         PUBLIC        IP0
  D:00B1H         PUBLIC        IP1
  D:00B2H         PUBLIC        IP2
  D:00B3H         PUBLIC        IP3
  D:00B4H         PUBLIC        IP4
  D:00B5H         PUBLIC        IP5
  D:00B6H         PUBLIC        IP6
  D:00B7H         PUBLIC        IP7
  B:0080H.2       PUBLIC        P02
  B:0090H.5       PUBLIC        P15
  D:00D1H         PUBLIC        TMR_ALLCON
  C:3517H         PUBLIC        tmr2_config
  C:3B15H         PUBLIC        tmr2_enable
  C:23EEH         PUBLIC        TIMR2_IRQHandler
  C:3A19H         SYMBOL        Com004D
  C:3A19H         SYMBOL        L?0078
  C:3A19H         SYMBOL        L?0079
  C:3A2AH         SYMBOL        L?0080
  C:3A30H         SYMBOL        L?0081
  -------         PROC          COM004D
  -------         ENDPROC       COM004D
  -------         PROC          TMR2_CONFIG
  C:3517H         LINE#         14
  C:3517H         LINE#         15
  C:3517H         LINE#         16
  C:351DH         LINE#         17
  C:3520H         LINE#         18
  C:3522H         LINE#         21
  C:3525H         LINE#         23
  C:352CH         LINE#         24
  C:352EH         LINE#         25
  C:3532H         LINE#         26
  C:3536H         LINE#         29
  C:353CH         LINE#         30
  C:3542H         LINE#         32
  C:3549H         LINE#         33
BL51 BANKED LINKER/LOCATER V6.22.4.0                                                  06/10/2025  18:54:17  PAGE 22


  C:354DH         LINE#         34
  C:3552H         LINE#         35
  C:3556H         LINE#         36
  -------         ENDPROC       TMR2_CONFIG
  -------         PROC          TMR2_ENABLE
  C:3B15H         LINE#         41
  C:3B15H         LINE#         42
  C:3B15H         LINE#         44
  C:3B1CH         LINE#         45
  C:3B20H         LINE#         47
  C:3B23H         LINE#         48
  C:3B25H         LINE#         49
  -------         ENDPROC       TMR2_ENABLE
  -------         PROC          TIMR2_IRQHANDLER
  -------         DO            
  B:0023H.6       SYMBOL        last_engine_speed_scan_level
  B:0023H.7       SYMBOL        last_speed_scan_level
  -------         DO            
  X:6547H         SYMBOL        cnt
  -------         ENDDO         
  -------         ENDDO         
  C:23EEH         LINE#         69
  C:240BH         LINE#         76
  C:240BH         LINE#         81
  C:2415H         LINE#         82
  C:2415H         LINE#         83
  C:2419H         LINE#         85
  C:241CH         LINE#         86
  C:241CH         LINE#         87
  C:241FH         LINE#         88
  C:241FH         LINE#         90
  C:2427H         LINE#         91
  C:2427H         LINE#         92
  C:2433H         LINE#         93
  C:2433H         LINE#         94
  C:2433H         LINE#         96
  C:2435H         LINE#         97
  C:2437H         LINE#         99
  C:2437H         LINE#         101
  C:2439H         LINE#         102
  C:2439H         LINE#         104
  C:2439H         LINE#         106
  C:2443H         LINE#         107
  C:2452H         LINE#         108
  C:2452H         LINE#         109
  C:2456H         LINE#         110
  C:2462H         LINE#         111
  C:2474H         LINE#         113
  C:2474H         LINE#         114
  C:247EH         LINE#         115
  C:2480H         LINE#         116
  C:2480H         LINE#         117
  C:2480H         LINE#         118
  C:2480H         LINE#         120
  C:2483H         LINE#         121
  C:2483H         LINE#         122
  C:2486H         LINE#         123
BL51 BANKED LINKER/LOCATER V6.22.4.0                                                  06/10/2025  18:54:17  PAGE 23


  C:2486H         LINE#         125
  C:248EH         LINE#         126
  C:248EH         LINE#         127
  C:249AH         LINE#         128
  C:249AH         LINE#         130
  C:24A6H         LINE#         132
  C:24A9H         LINE#         133
  C:24A9H         LINE#         135
  C:24ABH         LINE#         136
  C:24ADH         LINE#         138
  C:24ADH         LINE#         140
  C:24AFH         LINE#         141
  C:24AFH         LINE#         142
  C:24AFH         LINE#         146
  C:24AFH         LINE#         147
  -------         ENDPROC       TIMR2_IRQHANDLER
  -------         ENDMOD        TMR2

  -------         MODULE        UART0
  C:0000H         SYMBOL        _ICE_DUMMY_
  D:00A8H         PUBLIC        IE0
  D:00A9H         PUBLIC        IE1
  D:00AAH         PUBLIC        IE2
  D:00ABH         PUBLIC        IE3
  B:00A8H.7       PUBLIC        IE_EA
  D:00B8H         PUBLIC        IP0
  D:00B1H         PUBLIC        IP1
  D:00B2H         PUBLIC        IP2
  D:00B3H         PUBLIC        IP3
  D:00B4H         PUBLIC        IP4
  D:00B5H         PUBLIC        IP5
  D:00B6H         PUBLIC        IP6
  D:00B7H         PUBLIC        IP7
  D:00D2H         PUBLIC        UART0_CON0
  D:00D4H         PUBLIC        UART0_STA
  D:00D5H         PUBLIC        UART0_BAUD0
  D:00D6H         PUBLIC        UART0_BAUD1
  D:00D7H         PUBLIC        UART0_DATA
  C:3B77H         PUBLIC        _putchar
  X:63F1H         PUBLIC        uart0_recv_buf
  X:641EH         PUBLIC        uart0_recv_len
  X:6421H         PUBLIC        recved_flagbuf
  X:6424H         PUBLIC        recv_frame_cnt
  X:6425H         PUBLIC        flagbuf_valid_instruction
  C:386AH         PUBLIC        uart0_config
  C:3C30H         PUBLIC        _uart0_sendbyte
  C:0027H         PUBLIC        _uart0_send_buff
  C:21EEH         PUBLIC        uart0_scan_handle
  B:0024H.4       SYMBOL        flag_is_recving_data
  X:6428H         SYMBOL        frame_len
  X:6429H         SYMBOL        cur_recv_len
  X:642AH         SYMBOL        blank_index
  C:20B6H         PUBLIC        UART0_IRQHandler
  C:32B7H         SYMBOL        Com005E
  C:32B7H         SYMBOL        L?0095
  C:32C0H         SYMBOL        L?0096
  C:32C8H         SYMBOL        L?0097
BL51 BANKED LINKER/LOCATER V6.22.4.0                                                  06/10/2025  18:54:17  PAGE 24


  C:32CFH         SYMBOL        L?0098
  C:32D7H         SYMBOL        L?0099
  C:32E9H         SYMBOL        L?0100
  C:32ECH         SYMBOL        L?0101
  C:32F4H         SYMBOL        L?0102
  C:3300H         SYMBOL        L?0103
  C:330AH         SYMBOL        L?0104
  -------         PROC          COM005E
  -------         ENDPROC       COM005E
  -------         PROC          _PUTCHAR
  X:645EH         SYMBOL        c
  C:3B77H         LINE#         29
  C:3B7CH         LINE#         30
  C:3B7CH         LINE#         31
  C:3B7FH         LINE#         32
  C:3B84H         LINE#         33
  -------         ENDPROC       _PUTCHAR
  -------         PROC          UART0_CONFIG
  C:386AH         LINE#         38
  C:386AH         LINE#         39
  C:386AH         LINE#         41
  C:3870H         LINE#         42
  C:3874H         LINE#         43
  C:3878H         LINE#         44
  C:387FH         LINE#         45
  C:3886H         LINE#         63
  C:3889H         LINE#         64
  C:388BH         LINE#         66
  C:388EH         LINE#         67
  C:3891H         LINE#         68
  C:3894H         LINE#         73
  -------         ENDPROC       UART0_CONFIG
  -------         PROC          UART0_IRQHANDLER
  -------         DO            
  X:6465H         SYMBOL        uart0_tmp_val
  -------         ENDDO         
  C:20B6H         LINE#         76
  C:20D3H         LINE#         78
  C:20D8H         LINE#         81
  C:20D8H         LINE#         86
  C:20E0H         LINE#         87
  C:20E0H         LINE#         89
  C:20E3H         LINE#         91
  C:20F3H         LINE#         93
  C:20F3H         LINE#         97
  C:20F3H         LINE#         98
  C:20F3H         LINE#         99
  C:20F6H         LINE#         101
  C:20F6H         LINE#         104
  C:20FDH         LINE#         105
  C:20FDH         LINE#         108
  C:20FFH         LINE#         109
  C:20FFH         LINE#         110
  C:2102H         LINE#         111
  C:2105H         LINE#         112
  C:210FH         LINE#         113
  C:2112H         LINE#         114
BL51 BANKED LINKER/LOCATER V6.22.4.0                                                  06/10/2025  18:54:17  PAGE 25


  C:2112H         LINE#         116
  C:2119H         LINE#         117
  C:2119H         LINE#         119
  C:2121H         LINE#         122
  C:2121H         LINE#         125
  C:212AH         LINE#         126
  C:212AH         LINE#         128
  C:2159H         LINE#         130
  C:2163H         LINE#         133
  C:2170H         LINE#         135
  C:2170H         LINE#         137
  C:2183H         LINE#         139
  C:2185H         LINE#         140
  C:2185H         LINE#         141
  C:2188H         LINE#         143
  C:218EH         LINE#         144
  C:2194H         LINE#         146
  C:21ADH         LINE#         147
  C:21BCH         LINE#         148
  C:21BCH         LINE#         149
  C:21C6H         LINE#         150
  C:21C6H         LINE#         175
  C:21C6H         LINE#         176
  C:21C9H         LINE#         177
  C:21D3H         LINE#         178
  C:21D3H         LINE#         180
  C:21D3H         LINE#         181
  C:21D3H         LINE#         183
  C:21D3H         LINE#         188
  C:21D3H         LINE#         192
  C:21D3H         LINE#         193
  -------         ENDPROC       UART0_IRQHANDLER
  -------         PROC          _UART0_SENDBYTE
  D:0007H         SYMBOL        senddata
  C:3C30H         LINE#         196
  C:3C30H         LINE#         197
  C:3C30H         LINE#         198
  C:3C35H         LINE#         200
  C:3C37H         LINE#         201
  C:3C3CH         LINE#         203
  -------         ENDPROC       _UART0_SENDBYTE
  -------         PROC          _UART0_SEND_BUFF
  X:6544H         SYMBOL        buf
  D:0005H         SYMBOL        len
  -------         DO            
  D:0006H         SYMBOL        i
  -------         ENDDO         
  C:0027H         LINE#         207
  C:002DH         LINE#         208
  C:002DH         LINE#         209
  C:002FH         LINE#         210
  C:0034H         LINE#         211
  C:0034H         LINE#         212
  C:0046H         LINE#         213
  C:0049H         LINE#         214
  -------         ENDPROC       _UART0_SEND_BUFF
  -------         PROC          UART0_SCAN_HANDLE
BL51 BANKED LINKER/LOCATER V6.22.4.0                                                  06/10/2025  18:54:17  PAGE 26


  -------         DO            
  X:642EH         SYMBOL        i
  X:642FH         SYMBOL        checksum
  B:0022H.5       SYMBOL        __flag_is_crc_or_len_err
  -------         DO            
  X:6430H         SYMBOL        __loop_crc_cnt
  -------         ENDDO         
  -------         ENDDO         
  C:21EEH         LINE#         219
  C:21EEH         LINE#         220
  C:21EEH         LINE#         221
  C:21F3H         LINE#         222
  C:21F5H         LINE#         223
  C:21F7H         LINE#         227
  C:2208H         LINE#         228
  C:2208H         LINE#         232
  C:220BH         LINE#         233
  C:2215H         LINE#         236
  C:221AH         LINE#         237
  C:221EH         LINE#         238
  C:2221H         LINE#         266
  C:2221H         LINE#         270
  C:2233H         LINE#         271
  C:2233H         LINE#         272
  C:223FH         LINE#         273
  C:223FH         LINE#         277
  C:225CH         LINE#         278
  C:225CH         LINE#         285
  C:2265H         LINE#         286
  C:2265H         LINE#         287
  C:2276H         LINE#         290
  C:2276H         LINE#         292
  C:2276H         LINE#         293
  C:227BH         LINE#         294
  C:227FH         LINE#         295
  C:2290H         LINE#         296
  C:2290H         LINE#         297
  C:22ACH         LINE#         298
  C:22B2H         LINE#         301
  C:22B7H         LINE#         302
  C:22D6H         LINE#         303
  C:22D6H         LINE#         305
  C:22D8H         LINE#         306
  C:22D8H         LINE#         307
  C:22D8H         LINE#         309
  C:22DBH         LINE#         310
  C:22DBH         LINE#         331
  C:22DDH         LINE#         332
  C:22E7H         LINE#         333
  C:22E7H         LINE#         334
  C:22F8H         LINE#         335
  C:22F8H         LINE#         338
  C:2308H         LINE#         339
  C:2308H         LINE#         340
  C:2311H         LINE#         341
  -------         ENDPROC       UART0_SCAN_HANDLE
  -------         ENDMOD        UART0
BL51 BANKED LINKER/LOCATER V6.22.4.0                                                  06/10/2025  18:54:17  PAGE 27



  -------         MODULE        ADC
  C:0000H         SYMBOL        _ICE_DUMMY_
  D:0091H         PUBLIC        ADC_CFG2
  D:0093H         PUBLIC        ADC_DATAH0
  D:0094H         PUBLIC        ADC_DATAL0
  D:0099H         PUBLIC        ADC_CHS0
  X:6549H         PUBLIC        adc_val
  C:3959H         PUBLIC        adc_config
  C:373CH         PUBLIC        _adc_sel_pin
  C:3913H         PUBLIC        adc_single_convert
  C:25A2H         PUBLIC        adc_getval
  C:3A70H         SYMBOL        Com0012
  C:3A70H         SYMBOL        L?0019
  C:3A70H         SYMBOL        L?0020
  C:3A7CH         SYMBOL        L?0021
  C:3A85H         SYMBOL        L?0022
  -------         PROC          COM0012
  -------         ENDPROC       COM0012
  -------         PROC          ADC_CONFIG
  C:3959H         LINE#         7
  C:3959H         LINE#         8
  C:3959H         LINE#         10
  C:395FH         LINE#         12
  C:3963H         LINE#         14
  C:3968H         LINE#         18
  C:396EH         LINE#         19
  C:3971H         LINE#         26
  C:3971H         LINE#         27
  C:3974H         LINE#         28
  C:397AH         LINE#         31
  -------         ENDPROC       ADC_CONFIG
  -------         PROC          _ADC_SEL_PIN
  D:0007H         SYMBOL        adc_pin
  C:373CH         LINE#         35
  C:373CH         LINE#         36
  C:373CH         LINE#         37
  C:3748H         LINE#         38
  C:3748H         LINE#         39
  C:3748H         LINE#         40
  C:374FH         LINE#         41
  C:3753H         LINE#         42
  C:3756H         LINE#         43
  C:3758H         LINE#         46
  C:3758H         LINE#         47
  C:3758H         LINE#         48
  C:375BH         LINE#         49
  C:375EH         LINE#         51
  C:3760H         LINE#         53
  C:3760H         LINE#         54
  C:3760H         LINE#         55
  C:3763H         LINE#         56
  C:3766H         LINE#         57
  C:3766H         LINE#         59
  C:3766H         LINE#         63
  C:3766H         LINE#         64
  C:3766H         LINE#         66
BL51 BANKED LINKER/LOCATER V6.22.4.0                                                  06/10/2025  18:54:17  PAGE 28


  C:376CH         LINE#         69
  -------         ENDPROC       _ADC_SEL_PIN
  -------         PROC          ADC_SINGLE_CONVERT
  C:3913H         LINE#         73
  C:3913H         LINE#         74
  C:3913H         LINE#         75
  C:3919H         LINE#         76
  C:391FH         LINE#         78
  C:3922H         LINE#         79
  C:3935H         LINE#         80
  -------         ENDPROC       ADC_SINGLE_CONVERT
  -------         PROC          ADC_GETVAL
  -------         DO            
  X:6430H         SYMBOL        adc_val_tmp
  X:6432H         SYMBOL        adc_val_sum
  X:6436H         SYMBOL        get_adcmax
  X:6438H         SYMBOL        get_adcmin
  X:643AH         SYMBOL        i
  -------         ENDDO         
  C:25A2H         LINE#         83
  C:25A2H         LINE#         84
  C:25A2H         LINE#         85
  C:25A9H         LINE#         86
  C:25B1H         LINE#         87
  C:25B8H         LINE#         88
  C:25BEH         LINE#         89
  C:25C1H         LINE#         91
  C:25C2H         LINE#         92
  C:25C2H         LINE#         93
  C:25CDH         LINE#         94
  C:25D6H         LINE#         95
  C:25D6H         LINE#         96
  C:25ECH         LINE#         97
  C:25F4H         LINE#         98
  C:2603H         LINE#         99
  C:2612H         LINE#         100
  C:262AH         LINE#         101
  C:2636H         LINE#         103
  C:264EH         LINE#         104
  C:2665H         LINE#         105
  C:2675H         LINE#         107
  C:2675H         LINE#         108
  -------         ENDPROC       ADC_GETVAL
  -------         ENDMOD        ADC

  -------         MODULE        FLASH
  C:0000H         SYMBOL        _ICE_DUMMY_
  D:00A4H         PUBLIC        FLASH_CON
  D:00A5H         PUBLIC        FLASH_STA
  D:00A6H         PUBLIC        FLASH_DATA
  D:00AEH         PUBLIC        FLASH_PASSWORD
  D:00AFH         PUBLIC        FLASH_ADDR
  C:3B26H         PUBLIC        _flash_erase_sector
  C:3773H         PUBLIC        _flash_write
  C:37AAH         PUBLIC        _flash_read
  -------         PROC          _FLASH_ERASE_SECTOR
  D:0007H         SYMBOL        addr
BL51 BANKED LINKER/LOCATER V6.22.4.0                                                  06/10/2025  18:54:17  PAGE 29


  C:3B26H         LINE#         11
  C:3B26H         LINE#         12
  C:3B26H         LINE#         13
  C:3B29H         LINE#         14
  C:3B2BH         LINE#         15
  C:3B2EH         LINE#         16
  C:3B31H         LINE#         18
  C:3B36H         LINE#         20
  -------         ENDPROC       _FLASH_ERASE_SECTOR
  -------         PROC          _FLASH_WRITE
  D:0007H         SYMBOL        addr
  X:6433H         SYMBOL        p_data
  X:6436H         SYMBOL        len
  C:3773H         LINE#         29
  C:3779H         LINE#         30
  C:3779H         LINE#         31
  C:377CH         LINE#         32
  C:377EH         LINE#         34
  C:3787H         LINE#         35
  C:3787H         LINE#         36
  C:378CH         LINE#         38
  C:379BH         LINE#         39
  C:379EH         LINE#         40
  C:37A1H         LINE#         42
  C:37A7H         LINE#         43
  C:37A9H         LINE#         44
  -------         ENDPROC       _FLASH_WRITE
  -------         PROC          _FLASH_READ
  D:0007H         SYMBOL        addr
  X:642FH         SYMBOL        p_data
  X:6432H         SYMBOL        len
  C:37AAH         LINE#         53
  C:37B0H         LINE#         54
  C:37B0H         LINE#         55
  C:37B6H         LINE#         56
  C:37B6H         LINE#         57
  C:37D5H         LINE#         58
  C:37DBH         LINE#         59
  C:37DDH         LINE#         60
  -------         ENDPROC       _FLASH_READ
  -------         ENDMOD        FLASH

  -------         MODULE        AIP1302
  C:0000H         SYMBOL        _ICE_DUMMY_
  B:0090H.6       PUBLIC        P16
  B:0090H.7       PUBLIC        P17
  B:00A0H.4       PUBLIC        P24
  C:2D2AH         PUBLIC        ___aip1302_read_byte
  C:000FH         PUBLIC        aip1302_is_running
  C:31FFH         PUBLIC        aip1302_config
  C:3AD5H         PUBLIC        _aip1302_read_byte
  C:28C0H         PUBLIC        _aip1302_write_byte
  C:3596H         PUBLIC        aip1302_update_time
  C:348CH         PUBLIC        aip1302_read_all
  C:3557H         PUBLIC        aip1302_update_all_data
  C:3A8BH         SYMBOL        _reverse_u8
  C:30CDH         SYMBOL        ___aip1302_convert_read_byte
BL51 BANKED LINKER/LOCATER V6.22.4.0                                                  06/10/2025  18:54:17  PAGE 30


  C:2DBCH         SYMBOL        ___aip1302_write_byte
  C:3810H         SYMBOL        Com0043
  C:3810H         SYMBOL        L?0068
  C:3812H         SYMBOL        L?0069
  C:3822H         SYMBOL        L?0073
  C:382DH         SYMBOL        L?0074
  C:3837H         SYMBOL        L?0075
  -------         PROC          COM0043
  -------         ENDPROC       COM0043
  -------         PROC          AIP1302_CONFIG
  -------         DO            
  D:0007H         SYMBOL        ret
  -------         ENDDO         
  C:31FFH         LINE#         6
  C:31FFH         LINE#         7
  C:31FFH         LINE#         8
  C:3201H         LINE#         12
  C:3207H         LINE#         13
  C:320BH         LINE#         14
  C:3210H         LINE#         16
  C:3214H         LINE#         17
  C:3218H         LINE#         18
  C:321DH         LINE#         20
  C:321DH         LINE#         21
  C:321DH         LINE#         22
  C:3220H         LINE#         24
  C:3222H         LINE#         25
  C:3224H         LINE#         30
  C:3227H         LINE#         31
  C:322AH         LINE#         32
  C:322AH         LINE#         35
  C:322AH         LINE#         37
  C:322AH         LINE#         41
  C:3230H         LINE#         42
  C:3237H         LINE#         43
  C:323EH         LINE#         44
  C:3245H         LINE#         45
  C:324CH         LINE#         46
  C:3253H         LINE#         47
  C:325AH         LINE#         48
  C:325AH         LINE#         51
  -------         ENDPROC       AIP1302_CONFIG
  -------         PROC          _REVERSE_U8
  D:0007H         SYMBOL        arg
  -------         DO            
  D:0006H         SYMBOL        tmp
  D:0005H         SYMBOL        i
  -------         ENDDO         
  C:3A8BH         LINE#         55
  C:3A8BH         LINE#         56
  C:3A8BH         LINE#         58
  C:3A8DH         LINE#         61
  C:3A8DH         LINE#         62
  C:3A8DH         LINE#         63
  C:3A91H         LINE#         64
  C:3A95H         LINE#         65
  C:3A95H         LINE#         66
BL51 BANKED LINKER/LOCATER V6.22.4.0                                                  06/10/2025  18:54:17  PAGE 31


  C:3A99H         LINE#         67
  C:3A99H         LINE#         69
  C:3A99H         LINE#         70
  C:3A99H         LINE#         71
  C:3A9DH         LINE#         72
  C:3AA2H         LINE#         74
  C:3AA4H         LINE#         75
  -------         ENDPROC       _REVERSE_U8
  -------         PROC          ___AIP1302_CONVERT_READ_BYTE
  D:0004H         SYMBOL        cmd
  D:0005H         SYMBOL        byte
  -------         DO            
  D:0007H         SYMBOL        tmp
  X:6433H         SYMBOL        i
  -------         DO            
  X:6434H         SYMBOL        tens_place
  X:6435H         SYMBOL        one_place
  -------         ENDDO         
  -------         ENDDO         
  C:30CDH         LINE#         78
  C:30CFH         LINE#         79
  C:30CFH         LINE#         80
  C:30D0H         LINE#         81
  C:30D4H         LINE#         84
  C:30D9H         LINE#         93
  C:30F7H         LINE#         94
  C:30F7H         LINE#         95
  C:30FCH         LINE#         96
  C:30FEH         LINE#         99
  C:3107H         LINE#         100
  C:3107H         LINE#         103
  C:310BH         LINE#         104
  C:310DH         LINE#         105
  C:3116H         LINE#         106
  C:3116H         LINE#         108
  C:311AH         LINE#         109
  C:311CH         LINE#         110
  C:3120H         LINE#         111
  C:3120H         LINE#         113
  C:3124H         LINE#         114
  C:3124H         LINE#         116
  C:312DH         LINE#         117
  C:3133H         LINE#         118
  C:313AH         LINE#         119
  C:313AH         LINE#         121
  C:313AH         LINE#         122
  -------         ENDPROC       ___AIP1302_CONVERT_READ_BYTE
  C:2D9EH         SYMBOL        L?0070
  C:2DA8H         SYMBOL        L?0071
  -------         PROC          ___AIP1302_READ_BYTE
  X:6433H         SYMBOL        cmd
  -------         DO            
  X:6434H         SYMBOL        recv_data
  X:6435H         SYMBOL        i
  -------         ENDDO         
  C:2D2AH         LINE#         125
  C:2D2FH         LINE#         126
BL51 BANKED LINKER/LOCATER V6.22.4.0                                                  06/10/2025  18:54:17  PAGE 32


  C:2D2FH         LINE#         127
  C:2D32H         LINE#         128
  C:2D32H         LINE#         131
  C:2D32H         LINE#         132
  C:2D32H         LINE#         133
  C:2D35H         LINE#         135
  C:2D35H         LINE#         136
  C:2D35H         LINE#         137
  C:2D35H         LINE#         138
  C:2D3BH         LINE#         140
  C:2D40H         LINE#         141
  C:2D40H         LINE#         142
  C:2D40H         LINE#         143
  C:2D43H         LINE#         144
  C:2D56H         LINE#         145
  C:2D56H         LINE#         146
  C:2D58H         LINE#         147
  C:2D5AH         LINE#         149
  C:2D5AH         LINE#         150
  C:2D5CH         LINE#         151
  C:2D5CH         LINE#         152
  C:2D63H         LINE#         154
  C:2D63H         LINE#         155
  C:2D63H         LINE#         156
  C:2D68H         LINE#         159
  C:2D6EH         LINE#         160
  C:2D74H         LINE#         162
  C:2D79H         LINE#         163
  C:2D79H         LINE#         164
  C:2D80H         LINE#         165
  C:2D80H         LINE#         166
  C:2D83H         LINE#         167
  C:2D86H         LINE#         168
  C:2D86H         LINE#         169
  C:2D8DH         LINE#         170
  C:2D8DH         LINE#         172
  C:2D8DH         LINE#         173
  C:2D8DH         LINE#         174
  C:2D8DH         LINE#         175
  C:2D8DH         LINE#         176
  C:2D92H         LINE#         178
  C:2D94H         LINE#         179
  C:2D96H         LINE#         180
[...]
  C:0EABH         LINE#         288
  C:0EBEH         LINE#         289
  C:0ECEH         LINE#         291
  C:0ED9H         LINE#         292
  C:0F02H         LINE#         293
  C:0F33H         LINE#         294
  C:0F73H         LINE#         295
  C:0FA3H         LINE#         296
  C:0FC9H         LINE#         297
  C:0FE5H         LINE#         299
  C:1000H         LINE#         300
  C:1017H         LINE#         301
  C:1024H         LINE#         302
  C:1024H         LINE#         304
  C:103CH         LINE#         305
  C:104DH         LINE#         306
  C:1050H         LINE#         307
  C:1058H         LINE#         308
  C:106CH         LINE#         309
  C:107FH         LINE#         310
  C:1084H         LINE#         311
  C:1087H         LINE#         312
  C:108AH         LINE#         313
  C:108DH         LINE#         314
  C:108DH         LINE#         315
BL51 BANKED LINKER/LOCATER V6.22.4.0                                                  06/10/2025  18:54:17  PAGE 60


  C:108EH         LINE#         321
  C:1091H         LINE#         322
  C:10BEH         LINE#         323
  C:10DDH         LINE#         324
  C:10DDH         LINE#         325
  C:10DDH         LINE#         326
  -------         ENDPROC       ___TK_MODE_CARRY_FUNC
  -------         PROC          __TK_DATA_PROCESS
  C:08F2H         LINE#         333
  C:08F2H         LINE#         334
  C:08F2H         LINE#         335
  C:0904H         LINE#         338
  C:091DH         LINE#         339
  C:0920H         LINE#         341
  C:0936H         LINE#         342
  C:0939H         LINE#         347
  C:096BH         LINE#         348
  C:0978H         LINE#         349
  C:097BH         LINE#         350
  C:097EH         LINE#         351
  C:097EH         LINE#         352
  C:0980H         LINE#         353
  C:0983H         LINE#         354
  C:0983H         LINE#         356
  C:0988H         LINE#         357
  C:0999H         LINE#         358
  C:09AAH         LINE#         359
  C:09ADH         LINE#         363
  C:09C3H         LINE#         364
  C:09C6H         LINE#         365
  C:09D6H         LINE#         366
  C:09F6H         LINE#         369
  C:0A0DH         LINE#         370
  C:0A10H         LINE#         371
  C:0A20H         LINE#         372
  C:0A40H         LINE#         377
  C:0A40H         LINE#         378
  C:0A5EH         LINE#         380
  C:0A98H         LINE#         381
  C:0A98H         LINE#         382
  C:0A98H         LINE#         383
  C:0ACFH         LINE#         384
  C:0ADDH         LINE#         385
  C:0AF5H         LINE#         386
  C:0B02H         LINE#         387
  C:0B26H         LINE#         388
  C:0B4AH         LINE#         389
  C:0B4AH         LINE#         390
  C:0B4CH         LINE#         391
  C:0B59H         LINE#         392
  C:0B59H         LINE#         397
  C:0B7BH         LINE#         398
  C:0B7EH         LINE#         399
  C:0B8EH         LINE#         401
  C:0BA6H         LINE#         402
  C:0BA9H         LINE#         404
  C:0BC0H         LINE#         405
BL51 BANKED LINKER/LOCATER V6.22.4.0                                                  06/10/2025  18:54:17  PAGE 61


  C:0BC3H         LINE#         409
  C:0BE4H         LINE#         410
  C:0BE7H         LINE#         411
  C:0BF7H         LINE#         413
  C:0C0FH         LINE#         414
  C:0C12H         LINE#         416
  C:0C28H         LINE#         417
  C:0C2BH         LINE#         422
  C:0C30H         LINE#         423
  -------         ENDPROC       __TK_DATA_PROCESS
  -------         PROC          __TK_BUTTON_DECIDE
  C:192BH         LINE#         430
  C:192BH         LINE#         431
  C:192BH         LINE#         432
  C:193DH         LINE#         433
  C:195BH         LINE#         434
  C:198DH         LINE#         435
  C:199AH         LINE#         436
  C:199FH         LINE#         437
  C:1A14H         LINE#         438
  C:1A14H         LINE#         439
  C:1A21H         LINE#         440
  C:1A2FH         LINE#         442
  C:1A43H         LINE#         443
  C:1A50H         LINE#         444
  C:1A7DH         LINE#         445
  C:1AA1H         LINE#         446
  C:1ACFH         LINE#         447
  C:1ACFH         LINE#         448
  C:1AD1H         LINE#         449
  C:1ADEH         LINE#         450
  C:1ADEH         LINE#         451
  C:1AE3H         LINE#         452
  -------         ENDPROC       __TK_BUTTON_DECIDE
  -------         PROC          __TK_BASELINE_UPDATE
  C:2F5CH         LINE#         459
  C:2F5CH         LINE#         460
  C:2F5CH         LINE#         461
  C:2F6BH         LINE#         462
  C:2F7CH         LINE#         463
  C:2F8DH         LINE#         464
  C:2FB1H         LINE#         465
  C:2FD5H         LINE#         466
  C:2FD9H         LINE#         467
  -------         ENDPROC       __TK_BASELINE_UPDATE
  -------         PROC          __TK_BASELINE_INIT
  -------         DO            
  X:6018H         SYMBOL        init_flag
  -------         ENDDO         
  C:2C05H         LINE#         474
  C:2C05H         LINE#         475
  C:2C05H         LINE#         478
  C:2C14H         LINE#         479
  C:2C24H         LINE#         480
  C:2C2DH         LINE#         481
  C:2C52H         LINE#         482
  C:2C52H         LINE#         483
BL51 BANKED LINKER/LOCATER V6.22.4.0                                                  06/10/2025  18:54:17  PAGE 62


  C:2C77H         LINE#         484
  C:2C77H         LINE#         485
  C:2C7BH         LINE#         487
  C:2C88H         LINE#         488
  C:2C8BH         LINE#         489
  C:2C8DH         LINE#         490
  C:2C93H         LINE#         491
  C:2C93H         LINE#         493
  -------         ENDPROC       __TK_BASELINE_INIT
  -------         PROC          __TK_LONG_KEY_CLEAR
  -------         DO            
  X:6019H         SYMBOL        __tk_long_cnt
  -------         ENDDO         
  C:2FDAH         LINE#         501
  C:2FDAH         LINE#         502
  C:2FDAH         LINE#         505
  C:2FEDH         LINE#         506
  C:2FFBH         LINE#         507
  C:3015H         LINE#         508
  C:3019H         LINE#         509
  C:3021H         LINE#         510
  C:3029H         LINE#         511
  C:3031H         LINE#         512
  C:3033H         LINE#         513
  C:3036H         LINE#         514
  C:304DH         LINE#         515
  C:304FH         LINE#         516
  C:304FH         LINE#         517
  C:3050H         LINE#         518
  C:3057H         LINE#         519
  C:3057H         LINE#         520
  -------         ENDPROC       __TK_LONG_KEY_CLEAR
  -------         PROC          ___TK_LIB_I_ADJUST
  X:6460H         SYMBOL        i_ch
  X:6461H         SYMBOL        adjust_line
  -------         DO            
  X:601BH         SYMBOL        sta_finish
  X:601CH         SYMBOL        n_sta
  X:601DH         SYMBOL        p_sta
  X:601EH         SYMBOL        min_iset
  X:601FH         SYMBOL        min_diff
  D:0045H         SYMBOL        diff
  D:0049H         SYMBOL        temp
  -------         ENDDO         
  C:1AE4H         LINE#         528
  C:1AE9H         LINE#         529
  C:1AE9H         LINE#         537
  C:1AFCH         LINE#         538
  C:1B01H         LINE#         539
  C:1B05H         LINE#         540
  C:1B0EH         LINE#         541
  C:1B11H         LINE#         542
  C:1B14H         LINE#         545
  C:1B51H         LINE#         546
  C:1B7CH         LINE#         547
  C:1B92H         LINE#         548
  C:1B92H         LINE#         550
BL51 BANKED LINKER/LOCATER V6.22.4.0                                                  06/10/2025  18:54:17  PAGE 63


  C:1BA9H         LINE#         551
  C:1BBFH         LINE#         552
  C:1BC2H         LINE#         553
  C:1BC4H         LINE#         555
  C:1BD7H         LINE#         557
  C:1BF3H         LINE#         558
  C:1C06H         LINE#         559
  C:1C09H         LINE#         560
  C:1C09H         LINE#         561
  C:1C0BH         LINE#         563
  C:1C27H         LINE#         564
  C:1C3AH         LINE#         565
  C:1C40H         LINE#         566
  C:1C40H         LINE#         567
  C:1C40H         LINE#         568
  C:1C40H         LINE#         569
  C:1C4EH         LINE#         570
  C:1C52H         LINE#         571
  C:1C54H         LINE#         572
  C:1C59H         LINE#         573
  C:1C59H         LINE#         575
  C:1C61H         LINE#         576
  C:1C7AH         LINE#         577
  C:1C82H         LINE#         578
  C:1C88H         LINE#         579
  C:1C8DH         LINE#         580
  C:1C8FH         LINE#         581
  C:1C93H         LINE#         582
  C:1C96H         LINE#         583
  C:1C96H         LINE#         585
  C:1C98H         LINE#         586
  -------         ENDPROC       ___TK_LIB_I_ADJUST
  -------         PROC          __TK_I_SOURCE_ADJUST
  -------         DO            
  X:645FH         SYMBOL        result
  -------         ENDDO         
  C:319DH         LINE#         593
  C:319DH         LINE#         594
  C:319DH         LINE#         595
  C:31A2H         LINE#         597
  C:31BBH         LINE#         598
  C:31BDH         LINE#         600
  C:31C2H         LINE#         601
  C:31C5H         LINE#         602
  C:31CBH         LINE#         603
  C:31CBH         LINE#         605
  C:31D7H         LINE#         606
  C:31DAH         LINE#         607
  C:31DDH         LINE#         608
  C:31DDH         LINE#         609
  C:31DDH         LINE#         611
  C:31F4H         LINE#         612
  C:31F6H         LINE#         613
  C:31F9H         LINE#         614
  C:31F9H         LINE#         615
  C:31FEH         LINE#         616
  C:31FEH         LINE#         617
BL51 BANKED LINKER/LOCATER V6.22.4.0                                                  06/10/2025  18:54:17  PAGE 64


  -------         ENDPROC       __TK_I_SOURCE_ADJUST
  -------         PROC          ___TK_SET_NEXT_CH
  D:0007H         SYMBOL        kick_type
  C:2ED8H         LINE#         625
  C:2ED8H         LINE#         626
  C:2ED8H         LINE#         627
  C:2EDBH         LINE#         629
  C:2EF9H         LINE#         630
  C:2EFFH         LINE#         631
  C:2F03H         LINE#         632
  C:2F07H         LINE#         633
  C:2F0BH         LINE#         634
  C:2F0FH         LINE#         636
  C:2F29H         LINE#         638
  C:2F39H         LINE#         639
  C:2F39H         LINE#         640
  C:2F3BH         LINE#         642
  C:2F55H         LINE#         643
  C:2F5BH         LINE#         644
  C:2F5BH         LINE#         645
  -------         ENDPROC       ___TK_SET_NEXT_CH
  -------         PROC          __TK_LIB_INIT
  -------         DO            
  X:654DH         SYMBOL        i
  -------         ENDDO         
  C:2B6AH         LINE#         652
  C:2B6AH         LINE#         653
  C:2B6AH         LINE#         655
  C:2BB2H         LINE#         656
  C:2BC0H         LINE#         658
  C:2BC3H         LINE#         659
  C:2BCBH         LINE#         660
  C:2BCDH         LINE#         661
  C:2BCFH         LINE#         662
  C:2BD7H         LINE#         663
  C:2BDFH         LINE#         664
  C:2BE7H         LINE#         665
  C:2BFDH         LINE#         666
  C:2C00H         LINE#         667
  -------         ENDPROC       __TK_LIB_INIT
  -------         PROC          __TK_HANDLER
  C:3058H         LINE#         675
  C:3058H         LINE#         676
  C:3058H         LINE#         677
  C:305DH         LINE#         678
  C:3061H         LINE#         679
  C:3088H         LINE#         682
  C:308BH         LINE#         683
  C:3092H         LINE#         684
  C:3094H         LINE#         685
  C:3097H         LINE#         686
  C:3097H         LINE#         687
  C:309AH         LINE#         688
  C:309AH         LINE#         689
  C:309AH         LINE#         690
  C:309CH         LINE#         691
  C:30A8H         LINE#         692
BL51 BANKED LINKER/LOCATER V6.22.4.0                                                  06/10/2025  18:54:17  PAGE 65


  C:30B8H         LINE#         693
  C:30BBH         LINE#         694
  C:30C0H         LINE#         696
  C:30C3H         LINE#         697
  C:30C3H         LINE#         699
  C:30C6H         LINE#         700
  C:30C6H         LINE#         701
  C:30C7H         LINE#         702
  C:30CCH         LINE#         703
  C:30CCH         LINE#         704
  C:30CCH         LINE#         705
  -------         ENDPROC       __TK_HANDLER
  -------         PROC          __TK_MS_HANDLER
  C:3C88H         LINE#         712
  C:3C88H         LINE#         713
  C:3C88H         LINE#         714
  C:3C8AH         LINE#         716
  -------         ENDPROC       __TK_MS_HANDLER
  -------         PROC          __TK_SCAN
  C:39BCH         LINE#         724
  C:39BCH         LINE#         725
  C:39BCH         LINE#         727
  C:39C1H         LINE#         730
  C:39CDH         LINE#         735
  C:39D0H         LINE#         739
  C:39D3H         LINE#         740
  C:39D8H         LINE#         741
  C:39DBH         LINE#         742
  C:39DBH         LINE#         743
  -------         ENDPROC       __TK_SCAN
  -------         ENDMOD        TK_LIB

  -------         MODULE        ?C?COPY
  C:0130H         PUBLIC        ?C?COPY
  -------         ENDMOD        ?C?COPY

  -------         MODULE        ?C?CLDPTR
  C:0156H         PUBLIC        ?C?CLDPTR
  -------         ENDMOD        ?C?CLDPTR

  -------         MODULE        ?C?CLDOPTR
  C:016FH         PUBLIC        ?C?CLDOPTR
  -------         ENDMOD        ?C?CLDOPTR

  -------         MODULE        ?C?CILDOPTR
  C:019CH         PUBLIC        ?C?CILDOPTR
  -------         ENDMOD        ?C?CILDOPTR

  -------         MODULE        ?C?CSTPTR
  C:01CFH         PUBLIC        ?C?CSTPTR
  -------         ENDMOD        ?C?CSTPTR

  -------         MODULE        ?C?CSTOPTR
  C:01E1H         PUBLIC        ?C?CSTOPTR
  -------         ENDMOD        ?C?CSTOPTR

  -------         MODULE        ?C?IMUL
BL51 BANKED LINKER/LOCATER V6.22.4.0                                                  06/10/2025  18:54:17  PAGE 66


  C:0203H         PUBLIC        ?C?IMUL
  -------         ENDMOD        ?C?IMUL

  -------         MODULE        ?C?UIDIV
  C:0215H         PUBLIC        ?C?UIDIV
  -------         ENDMOD        ?C?UIDIV

  -------         MODULE        ?C?IILDX
  C:026AH         PUBLIC        ?C?IILDX
  -------         ENDMOD        ?C?IILDX

  -------         MODULE        ?C?LADD
  C:0280H         PUBLIC        ?C?LADD
  -------         ENDMOD        ?C?LADD

  -------         MODULE        ?C?LSUB
  C:028DH         PUBLIC        ?C?LSUB
  -------         ENDMOD        ?C?LSUB

  -------         MODULE        ?C?LMUL
  C:029BH         PUBLIC        ?C?LMUL
  -------         ENDMOD        ?C?LMUL

  -------         MODULE        ?C?ULDIV
  C:0326H         PUBLIC        ?C?ULDIV
  -------         ENDMOD        ?C?ULDIV

  -------         MODULE        ?C?LNOT
  C:03B8H         PUBLIC        ?C?LNOT
  -------         ENDMOD        ?C?LNOT

  -------         MODULE        ?C?LNEG
  C:03C5H         PUBLIC        ?C?LNEG
  -------         ENDMOD        ?C?LNEG

  -------         MODULE        ?C?SLCMP
  C:03D3H         PUBLIC        ?C?SLCMP
  -------         ENDMOD        ?C?SLCMP

  -------         MODULE        ?C?ULCMP
  C:03E9H         PUBLIC        ?C?ULCMP
  -------         ENDMOD        ?C?ULCMP

  -------         MODULE        ?C?ULSHR
  C:03FAH         PUBLIC        ?C?ULSHR
  -------         ENDMOD        ?C?ULSHR

  -------         MODULE        ?C?LSHL
  C:040DH         PUBLIC        ?C?LSHL
  -------         ENDMOD        ?C?LSHL

  -------         MODULE        ?C?LLDXDATA
  C:0420H         PUBLIC        ?C?LLDXDATA
  -------         ENDMOD        ?C?LLDXDATA

  -------         MODULE        ?C?LLDCODE
  C:042CH         PUBLIC        ?C?LLDCODE
BL51 BANKED LINKER/LOCATER V6.22.4.0                                                  06/10/2025  18:54:17  PAGE 67


  -------         ENDMOD        ?C?LLDCODE

  -------         MODULE        ?C?LLDXDATA0
  C:043CH         PUBLIC        ?C?LLDXDATA0
  -------         ENDMOD        ?C?LLDXDATA0

  -------         MODULE        ?C?LSTXDATA
  C:0448H         PUBLIC        ?C?LSTXDATA
  -------         ENDMOD        ?C?LSTXDATA

  -------         MODULE        ?C?LSTKXDATA
  C:0454H         PUBLIC        ?C?LSTKXDATA
  -------         ENDMOD        ?C?LSTKXDATA

  -------         MODULE        ?C?OFFXADD
  C:0485H         PUBLIC        ?C?OFFXADD
  -------         ENDMOD        ?C?OFFXADD

  -------         MODULE        ?C?PLDXDATA
  C:0491H         PUBLIC        ?C?PLDXDATA
  -------         ENDMOD        ?C?PLDXDATA

  -------         MODULE        ?C?PLDIXDATA
  C:049AH         PUBLIC        ?C?PLDIXDATA
  -------         ENDMOD        ?C?PLDIXDATA

  -------         MODULE        ?C?PSTXDATA
  C:04B1H         PUBLIC        ?C?PSTXDATA
  -------         ENDMOD        ?C?PSTXDATA

  -------         MODULE        ?C?PLDOPTR
  C:04BAH         PUBLIC        ?C?PLDOPTR
  -------         ENDMOD        ?C?PLDOPTR

  -------         MODULE        ?C?CCASE
  C:04EAH         PUBLIC        ?C?CCASE
  -------         ENDMOD        ?C?CCASE

  -------         MODULE        ?C?ICALL
  C:0510H         PUBLIC        ?C?ICALL
  C:0514H         PUBLIC        ?C?ICALL2
  -------         ENDMOD        ?C?ICALL

  -------         MODULE        ?C?LIMUL
  C:0516H         PUBLIC        ?C?LIMUL
  -------         ENDMOD        ?C?LIMUL

  -------         MODULE        PRINTF
  X:6436H         PUBLIC        ?_PRINTF517?BYTE
  X:6436H         PUBLIC        ?_PRINTF?BYTE
  X:6436H         PUBLIC        ?_SPRINTF517?BYTE
  X:6436H         PUBLIC        ?_SPRINTF?BYTE
  C:05F8H         PUBLIC        _PRINTF
  C:05F8H         PUBLIC        _PRINTF517
  C:05F2H         PUBLIC        _SPRINTF
  C:05F2H         PUBLIC        _SPRINTF517
  -------         ENDMOD        PRINTF
BL51 BANKED LINKER/LOCATER V6.22.4.0                                                  06/10/2025  18:54:17  PAGE 68



  -------         MODULE        ?C?MEMSET
  C:0543H         PUBLIC        ?C?MEMSET
  -------         ENDMOD        ?C?MEMSET

  -------         MODULE        ?C?PLDIDATA
  C:056FH         PUBLIC        ?C?PLDIDATA
  -------         ENDMOD        ?C?PLDIDATA

  -------         MODULE        ?C?PLDPDATA
  C:0578H         PUBLIC        ?C?PLDPDATA
  -------         ENDMOD        ?C?PLDPDATA

  -------         MODULE        ?C?PLDCODE
  C:0581H         PUBLIC        ?C?PLDCODE
  -------         ENDMOD        ?C?PLDCODE

*** WARNING L16: UNCALLED SEGMENT, IGNORED FOR OVERLAY PROCESS
    SEGMENT: ?PR?TK_PARAM_INIT?TK_SET

*** WARNING L16: UNCALLED SEGMENT, IGNORED FOR OVERLAY PROCESS
    SEGMENT: ?PR?P03_OUTPUT_CONFIG?MY_GPIO

*** WARNING L16: UNCALLED SEGMENT, IGNORED FOR OVERLAY PROCESS
    SEGMENT: ?PR?P23_INPUT_CONFIG?MY_GPIO

*** WARNING L16: UNCALLED SEGMENT, IGNORED FOR OVERLAY PROCESS
    SEGMENT: ?PR?_UART0_SEND_BUFF?UART0

*** WARNING L16: UNCALLED SEGMENT, IGNORED FOR OVERLAY PROCESS
    SEGMENT: ?PR?AIP1302_UPDATE_ALL_DATA?AIP1302

*** WARNING L16: UNCALLED SEGMENT, IGNORED FOR OVERLAY PROCESS
    SEGMENT: ?PR?PIN_LEVEL_SCAN?PIN_LEVEL_SCAN

*** WARNING L16: UNCALLED SEGMENT, IGNORED FOR OVERLAY PROCESS
    SEGMENT: ?PR?UPDATE_CUR_SPEED_SCAN_TIME?SPEED_SCAN

*** WARNING L16: UNCALLED SEGMENT, IGNORED FOR OVERLAY PROCESS
    SEGMENT: ?PR?TEMP_OF_WATER_SCAN?TEMP_OF_WATER

*** WARNING L16: UNCALLED SEGMENT, IGNORED FOR OVERLAY PROCESS
    SEGMENT: ?PR?TOUCH_KEY_HANDLE?TOUCH_KEY

*** WARNING L16: UNCALLED SEGMENT, IGNORED FOR OVERLAY PROCESS
    SEGMENT: ?PR?__TK_MS_HANDLER?TK_LIB

Program Size: data=79.6 xdata=1360 code=15501
LINK/LOCATE RUN COMPLETE.  10 WARNING(S),  0 ERROR(S)
