BL51 BANKED LINKER/LOCATER V6.22.4.0                                                    05/21/2025  17:58:53  PAGE 1


BL51 BANKED LINKER/LOCATER V6.22.4.0, INVOKED BY:
C:\KEIL_V5\C51\BIN\BL51.EXE .\Release\Objects\STARTUP.obj, .\Release\Objects\system.obj, ..\..\User\lib\tk_simplify_algo
>> rithm_V1.0.0.LIB, .\Release\Objects\tk_set.obj, .\Release\Objects\my_gpio.obj, .\Release\Objects\tmr0.obj, .\Release\
>> Objects\tmr1.obj, .\Release\Objects\tmr2.obj, .\Release\Objects\uart0.obj, .\Release\Objects\adc.obj, .\Release\Objec
>> ts\flash.obj, .\Release\Objects\aip1302.obj, .\Release\Objects\uart1.obj, .\Release\Objects\key_driver.obj, .\Release
>> \Objects\main.obj, .\Release\Objects\fun_info.obj, .\Release\Objects\send_data.obj, .\Release\Objects\pin_level_scan.
>> obj, .\Release\Objects\speed_scan.obj, .\Release\Objects\engine_speed_scan.obj, .\Release\Objects\mileage.obj, .\Rele
>> ase\Objects\instruction.obj, .\Release\Objects\ad_key.obj, .\Release\Objects\fuel_capacity.obj, .\Release\Objects\tem
>> p_of_water.obj, .\Release\Objects\battery.obj, .\Release\Objects\touch_key.obj TO .\Release\Objects\Project PRINT (.\
>> Release\Listings\Project.m51) RAMSIZE (256) CODE (0X0000-0X3EEF) XDATA (0X6000-0X66FF)


MEMORY MODEL: LARGE


INPUT MODULES INCLUDED:
  .\Release\Objects\STARTUP.obj (?C_STARTUP)
  .\Release\Objects\system.obj (SYSTEM)
  .\Release\Objects\tk_set.obj (TK_SET)
  .\Release\Objects\my_gpio.obj (MY_GPIO)
  .\Release\Objects\tmr0.obj (TMR0)
  .\Release\Objects\tmr1.obj (TMR1)
  .\Release\Objects\tmr2.obj (TMR2)
  .\Release\Objects\uart0.obj (UART0)
  .\Release\Objects\adc.obj (ADC)
  .\Release\Objects\flash.obj (FLASH)
  .\Release\Objects\aip1302.obj (AIP1302)
  .\Release\Objects\uart1.obj (UART1)
  .\Release\Objects\key_driver.obj (KEY_DRIVER)
  .\Release\Objects\main.obj (MAIN)
  .\Release\Objects\fun_info.obj (FUN_INFO)
  .\Release\Objects\send_data.obj (SEND_DATA)
  .\Release\Objects\pin_level_scan.obj (PIN_LEVEL_SCAN)
  .\Release\Objects\speed_scan.obj (SPEED_SCAN)
  .\Release\Objects\engine_speed_scan.obj (ENGINE_SPEED_SCAN)
  .\Release\Objects\mileage.obj (MILEAGE)
  .\Release\Objects\instruction.obj (INSTRUCTION)
  .\Release\Objects\ad_key.obj (AD_KEY)
  .\Release\Objects\fuel_capacity.obj (FUEL_CAPACITY)
  .\Release\Objects\temp_of_water.obj (TEMP_OF_WATER)
  .\Release\Objects\battery.obj (BATTERY)
  .\Release\Objects\touch_key.obj (TOUCH_KEY)
  ..\..\User\lib\tk_simplify_algorithm_V1.0.0.LIB (TK_LIB)
  C:\KEIL_V5\C51\LIB\C51L.LIB (?C_INIT)
  C:\KEIL_V5\C51\LIB\C51L.LIB (?C?COPY)
  C:\KEIL_V5\C51\LIB\C51L.LIB (?C?CLDPTR)
  C:\KEIL_V5\C51\LIB\C51L.LIB (?C?CLDOPTR)
  C:\KEIL_V5\C51\LIB\C51L.LIB (?C?CILDOPTR)
  C:\KEIL_V5\C51\LIB\C51L.LIB (?C?CSTPTR)
  C:\KEIL_V5\C51\LIB\C51L.LIB (?C?CSTOPTR)
  C:\KEIL_V5\C51\LIB\C51L.LIB (?C?IILDX)
  C:\KEIL_V5\C51\LIB\C51L.LIB (?C?LADD)
  C:\KEIL_V5\C51\LIB\C51L.LIB (?C?LSUB)
  C:\KEIL_V5\C51\LIB\C51L.LIB (?C?LMUL)
  C:\KEIL_V5\C51\LIB\C51L.LIB (?C?ULDIV)
  C:\KEIL_V5\C51\LIB\C51L.LIB (?C?LOR)
  C:\KEIL_V5\C51\LIB\C51L.LIB (?C?LNOT)
  C:\KEIL_V5\C51\LIB\C51L.LIB (?C?LNEG)
BL51 BANKED LINKER/LOCATER V6.22.4.0                                                  05/21/2025  17:58:53  PAGE 2


  C:\KEIL_V5\C51\LIB\C51L.LIB (?C?SLCMP)
  C:\KEIL_V5\C51\LIB\C51L.LIB (?C?ULCMP)
  C:\KEIL_V5\C51\LIB\C51L.LIB (?C?ULSHR)
  C:\KEIL_V5\C51\LIB\C51L.LIB (?C?LSHL)
  C:\KEIL_V5\C51\LIB\C51L.LIB (?C?LLDXDATA)
  C:\KEIL_V5\C51\LIB\C51L.LIB (?C?LLDCODE)
  C:\KEIL_V5\C51\LIB\C51L.LIB (?C?LLDXDATA0)
  C:\KEIL_V5\C51\LIB\C51L.LIB (?C?LSTXDATA)
  C:\KEIL_V5\C51\LIB\C51L.LIB (?C?LSTKXDATA)
  C:\KEIL_V5\C51\LIB\C51L.LIB (?C?OFFXADD)
  C:\KEIL_V5\C51\LIB\C51L.LIB (?C?PLDXDATA)
  C:\KEIL_V5\C51\LIB\C51L.LIB (?C?PLDIXDATA)
  C:\KEIL_V5\C51\LIB\C51L.LIB (?C?PSTXDATA)
  C:\KEIL_V5\C51\LIB\C51L.LIB (?C?PLDOPTR)
  C:\KEIL_V5\C51\LIB\C51L.LIB (?C?ICALL)
  C:\KEIL_V5\C51\LIB\C51L.LIB (?C?LIMUL)
  C:\KEIL_V5\C51\LIB\C51L.LIB (PRINTF)
  C:\KEIL_V5\C51\LIB\C51L.LIB (?C?MEMSET)
  C:\KEIL_V5\C51\LIB\C51L.LIB (?C?PLDIDATA)
  C:\KEIL_V5\C51\LIB\C51L.LIB (?C?PLDPDATA)
  C:\KEIL_V5\C51\LIB\C51L.LIB (?C?PLDCODE)
  C:\KEIL_V5\C51\LIB\C51L.LIB (?C?CCASE)


LINK MAP OF MODULE:  .\Release\Objects\Project (?C_STARTUP)


            TYPE    BASE      LENGTH    RELOCATION   SEGMENT NAME
            -----------------------------------------------------

            * * * * * * *   D A T A   M E M O R Y   * * * * * * *
            REG     0000H     0008H     ABSOLUTE     "REG BANK 0"
            DATA    0008H     0004H     ABSOLUTE     
            DATA    000CH     0004H     ABSOLUTE     
            DATA    0010H     0004H     ABSOLUTE     
            DATA    0014H     0004H     ABSOLUTE     
            DATA    0018H     0004H     ABSOLUTE     
            DATA    001CH     0004H     ABSOLUTE     
            BIT     0020H.0   0002H.4   UNIT         ?BI?INSTRUCTION
            BIT     0022H.4   0001H.1   UNIT         _BIT_GROUP_
            BIT     0023H.5   0000H.2   UNIT         ?BI?TMR2
            BIT     0023H.7   0000H.2   UNIT         ?BI?TK_LIB
            BIT     0024H.1   0000H.1   UNIT         ?BI?UART0_SCAN_HANDLE?UART0
            BIT     0024H.2   0000H.1   UNIT         ?BI?UART0
            BIT     0024H.3   0000H.1   UNIT         ?BI?SPEED_SCAN
            BIT     0024H.4   0000H.1   UNIT         ?BI?ENGINE_SPEED_SCAN
            BIT     0024H.5   0000H.1   UNIT         ?BI?TOUCH_KEY_SCAN?TOUCH_KEY
            BIT     0024H.6   0000H.1   UNIT         ?BI?TOUCH_KEY
                    0024H.7   000BH.1                *** GAP ***
            DATA    0030H     0004H     ABSOLUTE     
            DATA    0034H     0004H     ABSOLUTE     
            DATA    0038H     0004H     ABSOLUTE     
            DATA    003CH     0004H     ABSOLUTE     
            DATA    0040H     000DH     UNIT         _DATA_GROUP_
                    004DH     0003H                  *** GAP ***
            DATA    0050H     0002H     ABSOLUTE     
            DATA    0052H     0002H     ABSOLUTE     
BL51 BANKED LINKER/LOCATER V6.22.4.0                                                  05/21/2025  17:58:53  PAGE 3


            DATA    0054H     0002H     ABSOLUTE     
                    0056H     000AH                  *** GAP ***
            DATA    0060H     0001H     ABSOLUTE     
            DATA    0061H     0001H     ABSOLUTE     
            DATA    0062H     0001H     ABSOLUTE     
            DATA    0063H     0001H     ABSOLUTE     
            DATA    0064H     0001H     ABSOLUTE     
            DATA    0065H     0001H     ABSOLUTE     
            DATA    0066H     0001H     ABSOLUTE     
            IDATA   0067H     0001H     UNIT         ?STACK

            * * * * * * *  X D A T A   M E M O R Y  * * * * * * *
                    0000H     6000H                  *** GAP ***
            XDATA   6000H     0004H     ABSOLUTE     
            XDATA   6004H     0004H     ABSOLUTE     
            XDATA   6008H     0004H     ABSOLUTE     
            XDATA   600CH     0004H     UNIT         ?XD?TMR0
            XDATA   6010H     0004H     ABSOLUTE     
            XDATA   6014H     0004H     ABSOLUTE     
            XDATA   6018H     0394H     UNIT         ?XD?TK_LIB
            XDATA   63ACH     0030H     UNIT         _XDATA_GROUP_
            XDATA   63DCH     002EH     UNIT         ?XD?UART0
            XDATA   640AH     0027H     UNIT         ?XD?AD_KEY
            XDATA   6431H     0023H     UNIT         ?XD?FUN_INFO
            XDATA   6454H     0018H     UNIT         ?XD?TK_SET
            XDATA   646CH     0012H     UNIT         ?XD?MILEAGE
            XDATA   647EH     0011H     UNIT         ?XD?SPEED_SCAN
            XDATA   648FH     0011H     UNIT         ?XD?ENGINE_SPEED_SCAN
            XDATA   64A0H     000DH     UNIT         ?XD?FUEL_CAPACITY
            XDATA   64ADH     000CH     UNIT         ?XD?TEMP_OF_WATER
            XDATA   64B9H     000CH     UNIT         ?XD?BATTERY
            XDATA   64C5H     000BH     UNIT         ?XD?ADC_GETVAL?ADC
            XDATA   64D0H     000BH     UNIT         ?XD?TOUCH_KEY
            XDATA   64DBH     0009H     UNIT         ?XD?TMR1
            XDATA   64E4H     0009H     UNIT         ?XD?_SEND_DATA?SEND_DATA
            XDATA   64EDH     0009H     UNIT         ?XD?INSTRUCTION
            XDATA   64F6H     0009H     UNIT         ?XD?___IS_DOUBLE_CLICK?TOUCH_KEY
            XDATA   64FFH     0008H     UNIT         ?XD?HEART_BEAT_HANDLE?TMR1
            XDATA   6507H     0007H     UNIT         ?XD?AIP1302_UPDATE_TIME?AIP1302
            XDATA   650EH     0007H     UNIT         ?XD?AIP1302_UPDATE_DATE?AIP1302
            XDATA   6515H     0006H     UNIT         ?XD?_KEY_DRIVER_SCAN?KEY_DRIVER
            XDATA   651BH     0005H     UNIT         ?XD?_FLASH_WRITE?FLASH
            XDATA   6520H     0004H     UNIT         ?XD?SPEED_SCAN?SPEED_SCAN
            XDATA   6524H     0004H     UNIT         ?XD?ENGINE_SPEED_SCAN?ENGINE_SPEED_SCAN
            XDATA   6528H     0004H     UNIT         ?XD?INSTRUCTION_HANDLE?INSTRUCTION
            XDATA   652CH     0004H     UNIT         ?XD?_CONVER_VOLTAGE_OF_BATTERY_TO_PERCENTAGE?BATTERY
            XDATA   6530H     0004H     UNIT         ?XD?TOUCH_KEY_SCAN?TOUCH_KEY
            XDATA   6534H     0003H     UNIT         ?XD?UART0_SCAN_HANDLE?UART0
            XDATA   6537H     0002H     UNIT         ?XD?ADC
            XDATA   6539H     0002H     UNIT         ?XD?PIN_LEVEL_SCAN
            XDATA   653BH     0002H     UNIT         ?XD?___CONVER_CUR_AD_TO_AD_KEY?AD_KEY
            XDATA   653DH     0002H     UNIT         ?XD?AD_KEY_GET_KEY_ID?AD_KEY
            XDATA   653FH     0002H     UNIT         ?XD?BATTERY_SCAN?BATTERY
            XDATA   6541H     0001H     UNIT         ?XD?KEY_DRIVER
            XDATA   6542H     0001H     UNIT         ?XD?INSTRUCTION_SCAN?INSTRUCTION
            XDATA   6543H     0001H     UNIT         ?XD?___TK_MODE_CARRY_FUNC?TK_LIB

BL51 BANKED LINKER/LOCATER V6.22.4.0                                                  05/21/2025  17:58:53  PAGE 4


            * * * * * * *   C O D E   M E M O R Y   * * * * * * *
            CODE    0000H     0003H     ABSOLUTE     
            CODE    0003H     000CH     ABSOLUTE     
            CODE    000FH     000FH     UNIT         ?PR?ADC
            CODE    001EH     0003H     ABSOLUTE     
            CODE    0021H     0003H     ABSOLUTE     
            CODE    0024H     0003H     ABSOLUTE     
            CODE    0027H     0024H     UNIT         ?PR?MAIN?MAIN
            CODE    004BH     0003H     ABSOLUTE     
            CODE    004EH     000FH     UNIT         ?PR?AIP1302_IS_RUNNING?AIP1302
            CODE    005DH     0003H     ABSOLUTE     
            CODE    0060H     04D3H     UNIT         ?C?LIB_CODE
            CODE    0533H     0365H     UNIT         ?PR?PRINTF?PRINTF
            CODE    0898H     033FH     UNIT         ?PR?__TK_DATA_PROCESS?TK_LIB
            CODE    0BD7H     027EH     UNIT         ?PR?INSTRUCTION_HANDLE?INSTRUCTION
            CODE    0E55H     025BH     UNIT         ?PR?FUEL_CAPACITY_SCAN?FUEL_CAPACITY
            CODE    10B0H     0252H     UNIT         ?PR?___TK_MODE_CARRY_FUNC?TK_LIB
            CODE    1302H     021FH     UNIT         ?PR?_KEY_DRIVER_SCAN?KEY_DRIVER
            CODE    1521H     0205H     UNIT         ?PR?TOUCH_KEY_SCAN?TOUCH_KEY
            CODE    1726H     01E4H     UNIT         ?C_INITSEG
            CODE    190AH     01CBH     UNIT         ?PR?_SEND_DATA?SEND_DATA
            CODE    1AD5H     01B9H     UNIT         ?PR?__TK_BUTTON_DECIDE?TK_LIB
            CODE    1C8EH     01B5H     UNIT         ?PR?___TK_LIB_I_ADJUST?TK_LIB
            CODE    1E43H     01A3H     UNIT         ?PR?HEART_BEAT_HANDLE?TMR1
            CODE    1FE6H     013CH     UNIT         ?PR?TK_GPIO_CONFIG?TK_SET
            CODE    2122H     013AH     UNIT         ?PR?UART0_IRQHANDLER?UART0
            CODE    225CH     0124H     UNIT         ?PR?UART0_SCAN_HANDLE?UART0
            CODE    2380H     0109H     UNIT         ?PR?INSTRUCTION_SCAN?INSTRUCTION
            CODE    2489H     00DCH     UNIT         ?PR?SYSTEM_INIT?SYSTEM
            CODE    2565H     00D4H     UNIT         ?PR?ADC_GETVAL?ADC
            CODE    2639H     00D4H     UNIT         ?PR?SPEED_SCAN?SPEED_SCAN
            CODE    270DH     00D4H     UNIT         ?PR?MILEAGE_SCAN?MILEAGE
            CODE    27E1H     00D0H     UNIT         ?PR?TEMP_OF_WATER_SCAN?TEMP_OF_WATER
            CODE    28B1H     00BDH     UNIT         ?PR?BATTERY_SCAN?BATTERY
            CODE    296EH     00BAH     UNIT         ?PR?PIN_LEVEL_SCAN?PIN_LEVEL_SCAN
            CODE    2A28H     00AFH     UNIT         ?PR?_AIP1302_WRITE_BYTE?AIP1302
            CODE    2AD7H     00ACH     UNIT         ?PR?ENGINE_SPEED_SCAN?ENGINE_SPEED_SCAN
            CODE    2B83H     00A4H     UNIT         ?CO?TOUCH_KEY
            CODE    2C27H     009BH     UNIT         ?PR?__TK_LIB_INIT?TK_LIB
            CODE    2CC2H     0093H     UNIT         ?PR?__TK_BASELINE_INIT?TK_LIB
            CODE    2D55H     0092H     UNIT         ?PR?TK_PARAM_INIT?TK_SET
            CODE    2DE7H     0092H     UNIT         ?PR?___AIP1302_READ_BYTE?AIP1302
            CODE    2E79H     0090H     UNIT         ?PR?___AIP1302_WRITE_BYTE?AIP1302
            CODE    2F09H     008FH     UNIT         ?PR?INSTRUCTION
            CODE    2F98H     008CH     UNIT         ?C_C51STARTUP
            CODE    3024H     0084H     UNIT         ?PR?___TK_SET_NEXT_CH?TK_LIB
            CODE    30A8H     0083H     UNIT         ?PR?TIMR2_IRQHANDLER?TMR2
            CODE    312BH     007EH     UNIT         ?PR?__TK_BASELINE_UPDATE?TK_LIB
            CODE    31A9H     007EH     UNIT         ?PR?__TK_LONG_KEY_CLEAR?TK_LIB
            CODE    3227H     0075H     UNIT         ?PR?__TK_HANDLER?TK_LIB
            CODE    329CH     006EH     UNIT         ?PR?___AIP1302_CONVERT_READ_BYTE?AIP1302
            CODE    330AH     0062H     UNIT         ?PR?__TK_I_SOURCE_ADJUST?TK_LIB
            CODE    336CH     005FH     UNIT         ?PR?TIMR1_IRQHANDLER?TMR1
            CODE    33CBH     005EH     UNIT         ?PR?AIP1302_CONFIG?AIP1302
            CODE    3429H     0059H     UNIT         ?PR?UART0
            CODE    3482H     004FH     UNIT         ?PR?TK_INIT?TK_SET
            CODE    34D1H     004FH     UNIT         ?PR?TIMR0_IRQHANDLER?TMR0
BL51 BANKED LINKER/LOCATER V6.22.4.0                                                  05/21/2025  17:58:53  PAGE 5


            CODE    3520H     004AH     UNIT         ?PR?TMR1
            CODE    356AH     004AH     UNIT         ?PR?___CONVER_CUR_AD_TO_AD_KEY?AD_KEY
            CODE    35B4H     0046H     UNIT         ?PR?AIP1302_READ_ALL?AIP1302
            CODE    35FAH     0046H     UNIT         ?PR?TOUCH_KEY
            CODE    3640H     0045H     UNIT         ?PR?TK_IRQHANDLER?TK_SET
            CODE    3685H     0045H     UNIT         ?PR?SEND_DATA
            CODE    36CAH     0043H     UNIT         ?PR?___IS_DOUBLE_CLICK?TOUCH_KEY
            CODE    370DH     0040H     UNIT         ?PR?TMR2_CONFIG?TMR2
            CODE    374DH     003DH     UNIT         ?PR?TMR1_CONFIG?TMR1
            CODE    378AH     003DH     UNIT         ?PR?__TK_MODE_CONFIG?TK_LIB
            CODE    37C7H     003CH     UNIT         ?PR?TMR0_CONFIG?TMR0
            CODE    3803H     0037H     UNIT         ?PR?_FLASH_WRITE?FLASH
            CODE    383AH     0035H     UNIT         ?PR?_CONVER_VOLTAGE_OF_BATTERY_TO_PERCENTAGE?BATTERY
            CODE    386FH     0034H     UNIT         ?PR?_FLASH_READ?FLASH
            CODE    38A3H     0032H     UNIT         ?PR?AD_KEY_GET_KEY_ID?AD_KEY
            CODE    38D5H     002EH     UNIT         ?PR?_ADC_SEL_PIN?ADC
            CODE    3903H     002EH     UNIT         ?PR?AIP1302
            CODE    3931H     002EH     UNIT         ?PR?USER_INIT?MAIN
            CODE    395FH     002EH     UNIT         ?PR?PIN_LEVEL_SCAN_CONFIG?PIN_LEVEL_SCAN
            CODE    398DH     002BH     UNIT         ?PR?UART0_CONFIG?UART0
            CODE    39B8H     002BH     UNIT         ?PR?MILEAGE
            CODE    39E3H     0029H     UNIT         ?PR?ADC_CONFIG?ADC
            CODE    3A0CH     0028H     UNIT         ?PR?FUEL_CAPACITY
            CODE    3A34H     0023H     UNIT         ?PR?ADC_SINGLE_CONVERT?ADC
            CODE    3A57H     0021H     UNIT         ?PR?AIP1302_UPDATE_DATE?AIP1302
            CODE    3A78H     0020H     UNIT         ?PR?__TK_SCAN?TK_LIB
            CODE    3A98H     001EH     UNIT         ?CO?TK_SET
            CODE    3AB6H     001EH     UNIT         ?PR?TMR2
            CODE    3AD4H     001EH     UNIT         ?PR?AIP1302_UPDATE_TIME?AIP1302
            CODE    3AF2H     001EH     UNIT         ?PR?TEMP_OF_WATER
            CODE    3B10H     001AH     UNIT         ?PR?_REVERSE_U8?AIP1302
            CODE    3B2AH     0018H     UNIT         ?PR?_DELAY_MS?SYSTEM
            CODE    3B42H     0018H     UNIT         ?PR?TK_SET
            CODE    3B5AH     0018H     UNIT         ?PR?FUN_INFO_INIT?FUN_INFO
            CODE    3B72H     0016H     UNIT         ?PR?_AIP1302_READ_BYTE?AIP1302
            CODE    3B88H     0016H     UNIT         ?PR?SPEED_SCAN
            CODE    3B9EH     0016H     UNIT         ?PR?BATTERY
            CODE    3BB4H     0011H     UNIT         ?PR?TMR2_ENABLE?TMR2
            CODE    3BC5H     0011H     UNIT         ?PR?_FLASH_ERASE_SECTOR?FLASH
            CODE    3BD6H     0011H     UNIT         ?PR?KEY_DRIVER
            CODE    3BE7H     0010H     UNIT         ?PR?P03_OUTPUT_CONFIG?MY_GPIO
            CODE    3BF7H     0010H     UNIT         ?PR?TMR0_DISABLE?TMR0
            CODE    3C07H     0010H     UNIT         ?PR?TMR1_ENABLE?TMR1
            CODE    3C17H     0010H     UNIT         ?PR?_CONVER_ADC_VAL_TO_VOLTAGE?BATTERY
            CODE    3C27H     000EH     UNIT         ?PR?_PUTCHAR?UART0
            CODE    3C35H     000EH     UNIT         ?PR?FUN_INFO_SAVE?FUN_INFO
            CODE    3C43H     000DH     UNIT         ?PR?P06_INPUT_CONFIG?MY_GPIO
            CODE    3C50H     000DH     UNIT         ?PR?P07_INPUT_CONFIG?MY_GPIO
            CODE    3C5DH     000DH     UNIT         ?PR?P10_INPUT_CONFIG?MY_GPIO
            CODE    3C6AH     000DH     UNIT         ?PR?P13_INPUT_CONFIG?MY_GPIO
            CODE    3C77H     000DH     UNIT         ?PR?P14_INPUT_CONFIG?MY_GPIO
            CODE    3C84H     000DH     UNIT         ?PR?P21_INPUT_CONFIG?MY_GPIO
            CODE    3C91H     000DH     UNIT         ?PR?P22_INPUT_CONFIG?MY_GPIO
            CODE    3C9EH     000DH     UNIT         ?PR?P23_INPUT_CONFIG?MY_GPIO
            CODE    3CABH     000DH     UNIT         ?PR?P25_INPUT_CONFIG?MY_GPIO
            CODE    3CB8H     000DH     UNIT         ?PR?P27_INPUT_CONFIG?MY_GPIO
            CODE    3CC5H     000DH     UNIT         ?PR?P30_INPUT_CONFIG?MY_GPIO
BL51 BANKED LINKER/LOCATER V6.22.4.0                                                  05/21/2025  17:58:53  PAGE 6


            CODE    3CD2H     000DH     UNIT         ?PR?_UART0_SENDBYTE?UART0
            CODE    3CDFH     000DH     UNIT         ?PR?SPEED_SCAN_CONFIG?SPEED_SCAN
            CODE    3CECH     000CH     UNIT         ?PR?TMR0_ENABLE?TMR0
            CODE    3CF8H     000CH     UNIT         ?PR?FUN_INFO
            CODE    3D04H     000BH     UNIT         ?PR?_DELAY?SYSTEM
            CODE    3D0FH     000BH     UNIT         ?CO?MAIN
            CODE    3D1AH     0008H     UNIT         ?PR?TMR0
            CODE    3D22H     0007H     UNIT         ?PR?ENGINE_SPEED_SCAN_CONFIG?ENGINE_SPEED_SCAN
            CODE    3D29H     0005H     UNIT         ?PR?__TK_MS_HANDLER?TK_LIB



OVERLAY MAP OF MODULE:   .\Release\Objects\Project (?C_STARTUP)


SEGMENT                                             BIT_GROUP          DATA_GROUP          XDATA_GROUP
  +--> CALLED SEGMENT                            START    LENGTH     START    LENGTH     START    LENGTH
--------------------------------------------------------------------------------------------------------
?C_C51STARTUP                                    -----    -----      -----    -----      -----    -----
  +--> ?PR?MAIN?MAIN
  +--> ?C_INITSEG

?PR?MAIN?MAIN                                    -----    -----      -----    -----      -----    -----
  +--> ?PR?SYSTEM_INIT?SYSTEM
  +--> ?PR?USER_INIT?MAIN
  +--> ?CO?MAIN
  +--> ?PR?PRINTF?PRINTF

?PR?SYSTEM_INIT?SYSTEM                           -----    -----      -----    -----      -----    -----
  +--> ?PR?_DELAY?SYSTEM
  +--> ?PR?_DELAY_MS?SYSTEM

?PR?_DELAY_MS?SYSTEM                             -----    -----      -----    -----      -----    -----
  +--> ?PR?_DELAY?SYSTEM

?PR?USER_INIT?MAIN                               -----    -----      -----    -----      -----    -----
  +--> ?PR?AIP1302_CONFIG?AIP1302
  +--> ?PR?FUN_INFO_INIT?FUN_INFO
  +--> ?PR?TMR0_CONFIG?TMR0
  +--> ?PR?UART0_CONFIG?UART0
  +--> ?PR?PIN_LEVEL_SCAN_CONFIG?PIN_LEVEL_SCAN
  +--> ?PR?TMR1_CONFIG?TMR1
  +--> ?PR?SPEED_SCAN_CONFIG?SPEED_SCAN
  +--> ?PR?ENGINE_SPEED_SCAN_CONFIG?ENGINE_S...
  +--> ?PR?ADC_CONFIG?ADC
  +--> ?PR?TK_PARAM_INIT?TK_SET
  +--> ?PR?TMR2_CONFIG?TMR2
  +--> ?PR?TMR1_ENABLE?TMR1
  +--> ?PR?TMR2_ENABLE?TMR2
  +--> ?PR?_DELAY_MS?SYSTEM

?PR?AIP1302_CONFIG?AIP1302                       -----    -----      -----    -----      -----    -----
  +--> ?PR?AIP1302
  +--> ?PR?AIP1302_IS_RUNNING?AIP1302
  +--> ?PR?_AIP1302_WRITE_BYTE?AIP1302
  +--> ?PR?AIP1302_READ_ALL?AIP1302

BL51 BANKED LINKER/LOCATER V6.22.4.0                                                  05/21/2025  17:58:53  PAGE 7


?PR?AIP1302_IS_RUNNING?AIP1302                   -----    -----      -----    -----      -----    -----
  +--> ?PR?___AIP1302_READ_BYTE?AIP1302

?PR?___AIP1302_READ_BYTE?AIP1302                 -----    -----      -----    -----      63ADH    0003H
  +--> ?PR?AIP1302
  +--> ?PR?_DELAY?SYSTEM

?PR?_AIP1302_WRITE_BYTE?AIP1302                  -----    -----      -----    -----      63ACH    0004H
  +--> ?PR?___AIP1302_WRITE_BYTE?AIP1302

?PR?___AIP1302_WRITE_BYTE?AIP1302                -----    -----      -----    -----      63B0H    0003H
  +--> ?PR?AIP1302
  +--> ?PR?_DELAY?SYSTEM

?PR?AIP1302_READ_ALL?AIP1302                     -----    -----      -----    -----      -----    -----
  +--> ?PR?_AIP1302_READ_BYTE?AIP1302

?PR?_AIP1302_READ_BYTE?AIP1302                   -----    -----      -----    -----      63ACH    0001H
  +--> ?PR?___AIP1302_READ_BYTE?AIP1302
  +--> ?PR?___AIP1302_CONVERT_READ_BYTE?AIP1302

?PR?___AIP1302_CONVERT_READ_BYTE?AIP1302         -----    -----      -----    -----      63ADH    0003H
  +--> ?PR?_REVERSE_U8?AIP1302

?PR?FUN_INFO_INIT?FUN_INFO                       -----    -----      -----    -----      -----    -----
  +--> ?PR?FUN_INFO
  +--> ?PR?_FLASH_READ?FLASH

?PR?_FLASH_READ?FLASH                            -----    -----      -----    -----      63ACH    0005H

?PR?TMR0_CONFIG?TMR0                             -----    -----      -----    -----      -----    -----
  +--> ?PR?TMR0

?PR?PIN_LEVEL_SCAN_CONFIG?PIN_LEVEL_SCAN         -----    -----      -----    -----      -----    -----
  +--> ?PR?P21_INPUT_CONFIG?MY_GPIO
  +--> ?PR?P22_INPUT_CONFIG?MY_GPIO
  +--> ?PR?P23_INPUT_CONFIG?MY_GPIO
  +--> ?PR?P25_INPUT_CONFIG?MY_GPIO
  +--> ?PR?P27_INPUT_CONFIG?MY_GPIO
  +--> ?PR?P30_INPUT_CONFIG?MY_GPIO
  +--> ?PR?P14_INPUT_CONFIG?MY_GPIO
  +--> ?PR?P13_INPUT_CONFIG?MY_GPIO
  +--> ?PR?P10_INPUT_CONFIG?MY_GPIO
  +--> ?PR?P07_INPUT_CONFIG?MY_GPIO
  +--> ?PR?P06_INPUT_CONFIG?MY_GPIO

?PR?TK_PARAM_INIT?TK_SET                         -----    -----      -----    -----      -----    -----
  +--> ?CO?TK_SET
  +--> ?PR?TK_SET
  +--> ?PR?TK_GPIO_CONFIG?TK_SET
  +--> ?PR?__TK_LIB_INIT?TK_LIB
  +--> ?PR?TK_INIT?TK_SET

?PR?TK_GPIO_CONFIG?TK_SET                        -----    -----      -----    -----      -----    -----
  +--> ?PR?TK_SET

?PR?__TK_LIB_INIT?TK_LIB                         -----    -----      -----    -----      63ACH    0002H
BL51 BANKED LINKER/LOCATER V6.22.4.0                                                  05/21/2025  17:58:53  PAGE 8


  +--> ?PR?__TK_DATA_PROCESS?TK_LIB
  +--> ?CO?TK_SET
  +--> ?PR?___TK_SET_NEXT_CH?TK_LIB

?PR?__TK_DATA_PROCESS?TK_LIB                     -----    -----      -----    -----      -----    -----
  +--> ?CO?TK_SET

?PR?PRINTF?PRINTF                                0022H.4  0001H.1    0040H    0005H      63ACH    0028H
  +--> ?PR?_PUTCHAR?UART0

?PR?_PUTCHAR?UART0                               -----    -----      -----    -----      63D4H    0001H
  +--> ?PR?_UART0_SENDBYTE?UART0

*** NEW ROOT ***************************************************

?PR?TK_IRQHANDLER?TK_SET                         -----    -----      -----    -----      -----    -----
  +--> ?PR?__TK_HANDLER?TK_LIB

?PR?__TK_HANDLER?TK_LIB                          -----    -----      -----    -----      -----    -----
  +--> ?CO?TK_SET
  +--> ?PR?__TK_MODE_CONFIG?TK_LIB
  +--> ?PR?__TK_I_SOURCE_ADJUST?TK_LIB
  +--> ?PR?__TK_BASELINE_INIT?TK_LIB
  +--> ?PR?___TK_SET_NEXT_CH?TK_LIB

?PR?__TK_MODE_CONFIG?TK_LIB                      -----    -----      -----    -----      -----    -----
  +--> ?PR?___TK_SET_NEXT_CH?TK_LIB

?PR?__TK_I_SOURCE_ADJUST?TK_LIB                  -----    -----      -----    -----      63D5H    0001H
  +--> ?CO?TK_SET
  +--> ?PR?___TK_LIB_I_ADJUST?TK_LIB
  +--> ?PR?__TK_MODE_CONFIG?TK_LIB
  +--> ?PR?___TK_SET_NEXT_CH?TK_LIB

?PR?___TK_LIB_I_ADJUST?TK_LIB                    -----    -----      0045H    0008H      63D6H    0005H
  +--> ?CO?TK_SET

?PR?__TK_BASELINE_INIT?TK_LIB                    -----    -----      -----    -----      -----    -----
  +--> ?CO?TK_SET
  +--> ?PR?___TK_SET_NEXT_CH?TK_LIB

*** NEW ROOT ***************************************************

?PR?TIMR2_IRQHANDLER?TMR2                        -----    -----      -----    -----      -----    -----
  +--> ?PR?TMR2

*** NEW ROOT ***************************************************

?PR?UART0_IRQHANDLER?UART0                       -----    -----      -----    -----      63DBH    0001H
  +--> ?PR?UART0
  +--> ?PR?TMR0_DISABLE?TMR0
  +--> ?PR?TMR0_ENABLE?TMR0

?PR?TMR0_DISABLE?TMR0                            -----    -----      -----    -----      -----    -----
  +--> ?PR?TMR0

?PR?TMR0_ENABLE?TMR0                             -----    -----      -----    -----      -----    -----
BL51 BANKED LINKER/LOCATER V6.22.4.0                                                  05/21/2025  17:58:53  PAGE 9


  +--> ?PR?TMR0



UNRESOLVED EXTERNAL SYMBOLS:
   AD_KEY_SCAN



SYMBOL TABLE OF MODULE:  .\Release\Objects\Project (?C_STARTUP)

  VALUE           TYPE          NAME
  ----------------------------------

  -------         MODULE        ?C_STARTUP
  C:2F98H         SEGMENT       ?C_C51STARTUP
  I:0067H         SEGMENT       ?STACK
  C:0000H         PUBLIC        ?C_STARTUP
  D:00E0H         SYMBOL        ACC
  D:00F0H         SYMBOL        B
  D:0083H         SYMBOL        DPH
  D:0082H         SYMBOL        DPL
  N:0000H         SYMBOL        IBPSTACK
  N:0100H         SYMBOL        IBPSTACKTOP
  N:0080H         SYMBOL        IDATALEN
  C:2F9BH         SYMBOL        IDATALOOP
  N:0000H         SYMBOL        PBPSTACK
  N:0100H         SYMBOL        PBPSTACKTOP
  N:0000H         SYMBOL        PDATALEN
  N:0000H         SYMBOL        PDATASTART
  N:0000H         SYMBOL        PPAGE
  N:0000H         SYMBOL        PPAGEENABLE
  D:00A0H         SYMBOL        PPAGE_SFR
  D:0081H         SYMBOL        SP
  C:2F98H         SYMBOL        STARTUP1
  N:0000H         SYMBOL        XBPSTACK
  N:0000H         SYMBOL        XBPSTACKTOP
  N:0000H         SYMBOL        XDATALEN
  N:0000H         SYMBOL        XDATASTART
  C:0000H         LINE#         126
  C:2F98H         LINE#         133
  C:2F9AH         LINE#         134
  C:2F9BH         LINE#         135
  C:2F9CH         LINE#         136
  C:2F9EH         LINE#         185
  C:2FA1H         LINE#         196
  -------         ENDMOD        ?C_STARTUP

  -------         MODULE        SYSTEM
  C:0000H         SYMBOL        _ICE_DUMMY_
  D:00A7H         PUBLIC        FLASH_TIMEREG0
  C:3D04H         PUBLIC        _delay
  D:00ACH         PUBLIC        FLASH_TIMEREG1
  C:2489H         PUBLIC        system_init
  C:3B2AH         PUBLIC        _delay_ms
  -------         PROC          _DELAY
  D:0006H         SYMBOL        cnt
BL51 BANKED LINKER/LOCATER V6.22.4.0                                                  05/21/2025  17:58:53  PAGE 10


  C:3D04H         LINE#         37
  C:3D04H         LINE#         38
  C:3D04H         LINE#         39
  C:3D0EH         LINE#         40
  C:3D0EH         LINE#         41
  C:3D0EH         LINE#         42
  -------         ENDPROC       _DELAY
  -------         PROC          _DELAY_MS
  D:0002H         SYMBOL        ms
  C:3B2AH         LINE#         49
  C:3B2EH         LINE#         50
  C:3B2EH         LINE#         51
  C:3B38H         LINE#         52
  C:3B38H         LINE#         56
  C:3B3FH         LINE#         57
  C:3B41H         LINE#         58
  -------         ENDPROC       _DELAY_MS
  -------         PROC          SYSTEM_INIT
  -------         DO            
  D:0007H         SYMBOL        i
  -------         ENDDO         
  C:2489H         LINE#         65
  C:2489H         LINE#         66
  C:2489H         LINE#         69
  C:2490H         LINE#         70
  C:249DH         LINE#         71
  C:24A0H         LINE#         74
  C:24A3H         LINE#         75
  C:24A9H         LINE#         76
  C:24AFH         LINE#         77
  C:24B5H         LINE#         78
  C:24BBH         LINE#         79
  C:24C2H         LINE#         83
  C:24C4H         LINE#         84
  C:24C4H         LINE#         85
  C:24D1H         LINE#         86
  C:24D6H         LINE#         88
  C:2564H         LINE#         89
  -------         ENDPROC       SYSTEM_INIT
  -------         ENDMOD        SYSTEM

  -------         MODULE        TK_SET
  C:0000H         SYMBOL        _ICE_DUMMY_
  C:3AADH         PUBLIC        __tk_use_num
  C:3AA7H         PUBLIC        __tk_cs_en
  C:3AABH         PUBLIC        __tk_nm_cm_value
  C:3AA9H         PUBLIC        __tk_nm_num
  X:6454H         PUBLIC        __tk_i_set
  C:3AA8H         PUBLIC        __tk_tp_en
  C:3A98H         PUBLIC        __tk_adjust_line
  X:6458H         PUBLIC        __tk_confirm_cnt
  C:3A9CH         PUBLIC        __tk_adjust_time
  C:3AA5H         PUBLIC        __tk_noise_value
  C:3AA1H         PUBLIC        __tk_valid_time
  C:3A9EH         PUBLIC        __tk_adjust_diff_valu
  C:3AAAH         PUBLIC        __tk_base_update_cnt
  X:645AH         PUBLIC        __tk_update_cnt
BL51 BANKED LINKER/LOCATER V6.22.4.0                                                  05/21/2025  17:58:53  PAGE 11


  C:3640H         PUBLIC        TK_IRQHandler
  X:645CH         PUBLIC        __tk_leave_cnt
  C:3AAEH         SYMBOL        TK_CH_EN_BUG
  D:00A8H         PUBLIC        IE0
  D:00A9H         PUBLIC        IE1
  D:00AAH         PUBLIC        IE2
  D:00ABH         PUBLIC        IE3
  C:3AA0H         PUBLIC        __tk_adjust_en
  X:645EH         PUBLIC        __tk_ch_index
  D:00B8H         PUBLIC        IP0
  D:00B1H         PUBLIC        IP1
  D:00B2H         PUBLIC        IP2
  C:1FE6H         PUBLIC        tk_gpio_config
  D:00B3H         PUBLIC        IP3
  D:00B4H         PUBLIC        IP4
  D:00B5H         PUBLIC        IP5
  D:00B6H         PUBLIC        IP6
  D:00B7H         PUBLIC        IP7
  X:6000H         PUBLIC        __tk_ch_data_0
  X:6004H         PUBLIC        __tk_ch_data_1
  X:6008H         PUBLIC        __tk_ch_data_2
  X:6010H         PUBLIC        __tk_ch_data_3
  X:6014H         PUBLIC        __tk_ch_data_4
  X:6460H         PUBLIC        __tk_ch_data_5
  X:6464H         PUBLIC        __tk_ch_data_6
  C:3AACH         PUBLIC        __tk_cm_valu
  C:2D55H         PUBLIC        tk_param_init
  C:3AA3H         PUBLIC        __tk_long_key_time
  X:6468H         PUBLIC        __tk_ch_fth
  B:00A8H.7       PUBLIC        IE_EA
  C:3482H         PUBLIC        tk_init
  C:3B42H         SYMBOL        Com0055
  C:3B42H         SYMBOL        L?0086
  C:3B42H         SYMBOL        L?0087
  C:3B44H         SYMBOL        L?0088
  C:3B47H         SYMBOL        L?0089
  C:3B50H         SYMBOL        L?0090
  C:3B52H         SYMBOL        L?0091
  -------         PROC          COM0055
  -------         ENDPROC       COM0055
  -------         PROC          TK_GPIO_CONFIG
  -------         DO            
  D:0007H         SYMBOL        i
  -------         ENDDO         
  C:1FE6H         LINE#         262
  C:1FE6H         LINE#         263
  C:1FE6H         LINE#         264
  C:1FE8H         LINE#         266
  C:1FE8H         LINE#         267
  C:1FE8H         LINE#         269
  C:1FF0H         LINE#         270
  C:1FF0H         LINE#         271
  C:1FF8H         LINE#         272
  C:1FF8H         LINE#         273
  C:200DH         LINE#         274
  C:201DH         LINE#         275
  C:2020H         LINE#         277
BL51 BANKED LINKER/LOCATER V6.22.4.0                                                  05/21/2025  17:58:53  PAGE 12


  C:2020H         LINE#         278
  C:2035H         LINE#         279
  C:2045H         LINE#         280
  C:2045H         LINE#         281
  C:2048H         LINE#         282
  C:2058H         LINE#         283
  C:2058H         LINE#         284
  C:2060H         LINE#         285
  C:2060H         LINE#         286
  C:2077H         LINE#         287
  C:2089H         LINE#         288
  C:208CH         LINE#         290
  C:208CH         LINE#         291
  C:20A3H         LINE#         292
  C:20B5H         LINE#         293
  C:20B5H         LINE#         294
  C:20B8H         LINE#         296
  C:20B8H         LINE#         297
  C:20C0H         LINE#         298
  C:20C0H         LINE#         299
  C:20D7H         LINE#         300
  C:20E9H         LINE#         301
  C:20EBH         LINE#         303
  C:20EBH         LINE#         304
  C:2102H         LINE#         305
  C:2118H         LINE#         306
  C:2118H         LINE#         307
  C:2118H         LINE#         308
  C:2121H         LINE#         309
  -------         ENDPROC       TK_GPIO_CONFIG
  -------         PROC          TK_IRQHANDLER
  C:3640H         LINE#         316
  C:365DH         LINE#         318
  C:365DH         LINE#         319
  C:3663H         LINE#         320
  C:3663H         LINE#         321
  C:3667H         LINE#         322
  C:366AH         LINE#         323
  C:366AH         LINE#         324
  C:366AH         LINE#         325
  -------         ENDPROC       TK_IRQHANDLER
  -------         PROC          TK_INIT
  C:3482H         LINE#         332
  C:3482H         LINE#         333
  C:3482H         LINE#         334
  C:3484H         LINE#         335
  C:3487H         LINE#         336
  C:348AH         LINE#         337
  C:3491H         LINE#         338
  C:3494H         LINE#         339
  C:3499H         LINE#         340
  C:349DH         LINE#         341
  C:34A2H         LINE#         342
  C:34A6H         LINE#         343
  C:34ABH         LINE#         344
  C:34AFH         LINE#         345
  C:34B4H         LINE#         346
BL51 BANKED LINKER/LOCATER V6.22.4.0                                                  05/21/2025  17:58:53  PAGE 13


  C:34B8H         LINE#         347
  C:34BBH         LINE#         348
  C:34BDH         LINE#         349
  C:34BFH         LINE#         350
  C:34C4H         LINE#         351
  C:34C8H         LINE#         352
  C:34CCH         LINE#         353
  C:34D0H         LINE#         354
  -------         ENDPROC       TK_INIT
  -------         PROC          TK_PARAM_INIT
  -------         DO            
  D:0003H         SYMBOL        i
  -------         ENDDO         
  C:2D55H         LINE#         403
  C:2D55H         LINE#         404
  C:2D55H         LINE#         405
  C:2D57H         LINE#         408
  C:2D57H         LINE#         409
  C:2D57H         LINE#         410
  C:2D75H         LINE#         411
  C:2D9BH         LINE#         412
  C:2DADH         LINE#         413
  C:2DD5H         LINE#         414
  C:2DDEH         LINE#         417
  C:2DE1H         LINE#         420
  C:2DE4H         LINE#         423
  -------         ENDPROC       TK_PARAM_INIT
  -------         ENDMOD        TK_SET

  -------         MODULE        MY_GPIO
  C:0000H         SYMBOL        _ICE_DUMMY_
  C:3C5DH         PUBLIC        p10_input_config
  C:3CC5H         PUBLIC        p30_input_config
  C:3C84H         PUBLIC        p21_input_config
  C:3C91H         PUBLIC        p22_input_config
  C:3C6AH         PUBLIC        p13_input_config
  C:3C9EH         PUBLIC        p23_input_config
  C:3C77H         PUBLIC        p14_input_config
  C:3BE7H         PUBLIC        p03_output_config
  C:3C43H         PUBLIC        p06_input_config
  C:3CABH         PUBLIC        p25_input_config
  C:3C50H         PUBLIC        p07_input_config
  C:3CB8H         PUBLIC        p27_input_config
  -------         PROC          P03_OUTPUT_CONFIG
  C:3BE7H         LINE#         67
  C:3BE7H         LINE#         68
  C:3BE7H         LINE#         69
  C:3BEDH         LINE#         70
  C:3BF1H         LINE#         72
  C:3BF6H         LINE#         73
  -------         ENDPROC       P03_OUTPUT_CONFIG
  -------         PROC          P06_INPUT_CONFIG
  C:3C43H         LINE#         90
  C:3C43H         LINE#         91
  C:3C43H         LINE#         93
  C:3C49H         LINE#         95
  C:3C4FH         LINE#         96
BL51 BANKED LINKER/LOCATER V6.22.4.0                                                  05/21/2025  17:58:53  PAGE 14


  -------         ENDPROC       P06_INPUT_CONFIG
  -------         PROC          P07_INPUT_CONFIG
  C:3C50H         LINE#         99
  C:3C50H         LINE#         100
  C:3C50H         LINE#         102
  C:3C56H         LINE#         104
  C:3C5CH         LINE#         105
  -------         ENDPROC       P07_INPUT_CONFIG
  -------         PROC          P10_INPUT_CONFIG
  C:3C5DH         LINE#         108
  C:3C5DH         LINE#         109
  C:3C5DH         LINE#         111
  C:3C63H         LINE#         113
  C:3C69H         LINE#         114
  -------         ENDPROC       P10_INPUT_CONFIG
  -------         PROC          P13_INPUT_CONFIG
  C:3C6AH         LINE#         117
  C:3C6AH         LINE#         118
  C:3C6AH         LINE#         120
  C:3C70H         LINE#         122
  C:3C76H         LINE#         123
  -------         ENDPROC       P13_INPUT_CONFIG
  -------         PROC          P14_INPUT_CONFIG
  C:3C77H         LINE#         126
  C:3C77H         LINE#         127
  C:3C77H         LINE#         129
  C:3C7DH         LINE#         131
  C:3C83H         LINE#         132
  -------         ENDPROC       P14_INPUT_CONFIG
  -------         PROC          P21_INPUT_CONFIG
  C:3C84H         LINE#         144
  C:3C84H         LINE#         145
  C:3C84H         LINE#         147
  C:3C8AH         LINE#         149
  C:3C90H         LINE#         150
  -------         ENDPROC       P21_INPUT_CONFIG
  -------         PROC          P22_INPUT_CONFIG
  C:3C91H         LINE#         153
  C:3C91H         LINE#         154
  C:3C91H         LINE#         156
  C:3C97H         LINE#         158
  C:3C9DH         LINE#         159
  -------         ENDPROC       P22_INPUT_CONFIG
  -------         PROC          P23_INPUT_CONFIG
  C:3C9EH         LINE#         162
  C:3C9EH         LINE#         163
  C:3C9EH         LINE#         165
  C:3CA4H         LINE#         167
  C:3CAAH         LINE#         168
  -------         ENDPROC       P23_INPUT_CONFIG
  -------         PROC          P25_INPUT_CONFIG
  C:3CABH         LINE#         171
  C:3CABH         LINE#         172
  C:3CABH         LINE#         174
  C:3CB1H         LINE#         176
  C:3CB7H         LINE#         177
  -------         ENDPROC       P25_INPUT_CONFIG
BL51 BANKED LINKER/LOCATER V6.22.4.0                                                  05/21/2025  17:58:53  PAGE 15


  -------         PROC          P27_INPUT_CONFIG
  C:3CB8H         LINE#         180
  C:3CB8H         LINE#         181
  C:3CB8H         LINE#         183
  C:3CBEH         LINE#         185
  C:3CC4H         LINE#         186
  -------         ENDPROC       P27_INPUT_CONFIG
  -------         PROC          P30_INPUT_CONFIG
  C:3CC5H         LINE#         189
  C:3CC5H         LINE#         190
  C:3CC5H         LINE#         192
  C:3CCBH         LINE#         194
  C:3CD1H         LINE#         195
  -------         ENDPROC       P30_INPUT_CONFIG
  -------         ENDMOD        MY_GPIO

  -------         MODULE        TMR0
  C:0000H         SYMBOL        _ICE_DUMMY_
  C:34D1H         PUBLIC        TIMR0_IRQHandler
  X:600CH         PUBLIC        tmr0_cnt
  C:3BF7H         PUBLIC        tmr0_disable
  D:00A8H         PUBLIC        IE0
  D:00A9H         PUBLIC        IE1
  D:00AAH         PUBLIC        IE2
  D:00ABH         PUBLIC        IE3
  D:00B8H         PUBLIC        IP0
  D:00B1H         PUBLIC        IP1
  D:00B2H         PUBLIC        IP2
  D:00B3H         PUBLIC        IP3
  D:00B4H         PUBLIC        IP4
  D:00B5H         PUBLIC        IP5
  D:00B6H         PUBLIC        IP6
  C:3CECH         PUBLIC        tmr0_enable
  D:00B7H         PUBLIC        IP7
  C:37C7H         PUBLIC        tmr0_config
  B:00A8H.7       PUBLIC        IE_EA
  C:3D1AH         SYMBOL        Com004E
  C:3D1AH         SYMBOL        L?0079
  C:3D1AH         SYMBOL        L?0080
  -------         PROC          COM004E
  -------         ENDPROC       COM004E
  -------         PROC          TMR0_CONFIG
  C:37C7H         LINE#         13
  C:37C7H         LINE#         14
  C:37C7H         LINE#         15
  C:37CDH         LINE#         16
  C:37D0H         LINE#         17
  C:37D2H         LINE#         20
  C:37D6H         LINE#         21
  C:37D8H         LINE#         23
  C:37DEH         LINE#         24
  C:37E2H         LINE#         25
  C:37E6H         LINE#         26
  C:37EAH         LINE#         28
  C:37EFH         LINE#         29
  C:37F3H         LINE#         31
  C:37F8H         LINE#         32
BL51 BANKED LINKER/LOCATER V6.22.4.0                                                  05/21/2025  17:58:53  PAGE 16


  C:37FCH         LINE#         34
  C:37FCH         LINE#         35
  C:3802H         LINE#         36
  -------         ENDPROC       TMR0_CONFIG
  -------         PROC          TMR0_ENABLE
  C:3CECH         LINE#         41
  C:3CECH         LINE#         42
  C:3CECH         LINE#         44
  C:3CECH         LINE#         45
  C:3CF2H         LINE#         47
  C:3CF5H         LINE#         48
  C:3CF7H         LINE#         49
  -------         ENDPROC       TMR0_ENABLE
  -------         PROC          TMR0_DISABLE
  C:3BF7H         LINE#         54
  C:3BF7H         LINE#         55
  C:3BF7H         LINE#         57
  C:3BF7H         LINE#         58
  C:3BFDH         LINE#         61
  C:3C01H         LINE#         62
  C:3C03H         LINE#         64
  C:3C06H         LINE#         65
  -------         ENDPROC       TMR0_DISABLE
  -------         PROC          TIMR0_IRQHANDLER
  C:34D1H         LINE#         68
  C:34E8H         LINE#         71
  C:34E8H         LINE#         77
  C:34EEH         LINE#         78
  C:34EEH         LINE#         79
  C:34F2H         LINE#         80
  C:350BH         LINE#         82
  C:350BH         LINE#         86
  C:350BH         LINE#         87
  -------         ENDPROC       TIMR0_IRQHANDLER
  -------         ENDMOD        TMR0

  -------         MODULE        TMR1
  C:0000H         SYMBOL        _ICE_DUMMY_
  C:336CH         PUBLIC        TIMR1_IRQHandler
  D:00D1H         PUBLIC        TMR_ALLCON
  X:64E0H         PUBLIC        tmr1_cnt
  D:00A8H         PUBLIC        IE0
  D:00A9H         PUBLIC        IE1
  D:00AAH         PUBLIC        IE2
  D:00ABH         PUBLIC        IE3
  D:00B8H         PUBLIC        IP0
  D:00B1H         PUBLIC        IP1
  D:00B2H         PUBLIC        IP2
  D:00B3H         PUBLIC        IP3
  D:00B4H         PUBLIC        IP4
  D:00B5H         PUBLIC        IP5
  D:00B6H         PUBLIC        IP6
  D:00B7H         PUBLIC        IP7
  C:3C07H         PUBLIC        tmr1_enable
  C:374DH         PUBLIC        tmr1_config
  C:1E43H         PUBLIC        heart_beat_handle
  B:00A8H.7       PUBLIC        IE_EA
BL51 BANKED LINKER/LOCATER V6.22.4.0                                                  05/21/2025  17:58:53  PAGE 17


  C:3520H         SYMBOL        Com0052
  C:3520H         SYMBOL        L?0083
  C:353BH         SYMBOL        L?0084
  C:3553H         SYMBOL        L?0085
  C:3556H         SYMBOL        L?0086
  C:355CH         SYMBOL        L?0087
  C:355CH         SYMBOL        L?0088
  C:3564H         SYMBOL        L?0089
  C:3564H         SYMBOL        L?0090
  -------         PROC          COM0052
  -------         ENDPROC       COM0052
  -------         PROC          TMR1_CONFIG
  C:374DH         LINE#         15
  C:374DH         LINE#         16
  C:374DH         LINE#         17
  C:3753H         LINE#         18
  C:3756H         LINE#         19
  C:3758H         LINE#         21
  C:375BH         LINE#         23
  C:3761H         LINE#         24
  C:3765H         LINE#         25
  C:3769H         LINE#         26
  C:376DH         LINE#         28
  C:3772H         LINE#         29
  C:3776H         LINE#         32
  C:377BH         LINE#         33
  C:377FH         LINE#         35
  C:3785H         LINE#         36
  C:3789H         LINE#         37
  -------         ENDPROC       TMR1_CONFIG
  -------         PROC          TMR1_ENABLE
  C:3C07H         LINE#         42
  C:3C07H         LINE#         43
  C:3C07H         LINE#         45
  C:3C0DH         LINE#         46
  C:3C11H         LINE#         48
  C:3C14H         LINE#         49
  C:3C16H         LINE#         50
  -------         ENDPROC       TMR1_ENABLE
  -------         PROC          HEART_BEAT_HANDLE
  -------         DO            
  X:64DBH         SYMBOL        old_time_ms_cnt
  X:64FFH         SYMBOL        cur_time_ms_cnt
  X:6503H         SYMBOL        diff_ms_cnt
  -------         ENDDO         
  C:1E43H         LINE#         68
  C:1E43H         LINE#         69
  C:1E43H         LINE#         71
  C:1E4FH         LINE#         72
  C:1E59H         LINE#         73
  C:1E63H         LINE#         74
  C:1E78H         LINE#         75
  C:1E82H         LINE#         77
  C:1E99H         LINE#         78
  C:1E99H         LINE#         80
  C:1EA5H         LINE#         81
  C:1EA5H         LINE#         83
BL51 BANKED LINKER/LOCATER V6.22.4.0                                                  05/21/2025  17:58:53  PAGE 18


  C:1EB0H         LINE#         84
  C:1EB0H         LINE#         86
  C:1EB6H         LINE#         87
  C:1EC7H         LINE#         88
  C:1EC7H         LINE#         89
  C:1ED3H         LINE#         90
  C:1EDAH         LINE#         95
  C:1EE6H         LINE#         96
  C:1EF0H         LINE#         97
  C:1EF2H         LINE#         98
  C:1EF2H         LINE#         99
  C:1EF2H         LINE#         101
  C:1EFDH         LINE#         102
  C:1EFDH         LINE#         104
  C:1F03H         LINE#         105
  C:1F14H         LINE#         106
  C:1F14H         LINE#         107
  C:1F20H         LINE#         108
  C:1F27H         LINE#         113
  C:1F33H         LINE#         114
  C:1F3DH         LINE#         115
  C:1F3FH         LINE#         116
  C:1F3FH         LINE#         117
  C:1F3FH         LINE#         119
  C:1F4AH         LINE#         120
  C:1F4AH         LINE#         122
  C:1F59H         LINE#         123
  C:1F59H         LINE#         125
  C:1F64H         LINE#         126
  C:1F64H         LINE#         128
  C:1F73H         LINE#         129
  C:1F73H         LINE#         131
  C:1F7AH         LINE#         132
  C:1F7AH         LINE#         134
  C:1F80H         LINE#         135
  C:1F91H         LINE#         136
  C:1F91H         LINE#         138
  C:1F95H         LINE#         139
  C:1F99H         LINE#         140
  C:1F99H         LINE#         141
  C:1F99H         LINE#         143
  C:1FA0H         LINE#         144
  C:1FA0H         LINE#         147
  C:1FA6H         LINE#         148
  C:1FB7H         LINE#         149
  C:1FB7H         LINE#         151
  C:1FBBH         LINE#         152
  C:1FBFH         LINE#         153
  C:1FBFH         LINE#         154
  C:1FBFH         LINE#         156
  C:1FC6H         LINE#         157
  C:1FC6H         LINE#         160
  C:1FCCH         LINE#         161
  C:1FDDH         LINE#         162
  C:1FDDH         LINE#         164
  C:1FE1H         LINE#         165
  C:1FE5H         LINE#         166
BL51 BANKED LINKER/LOCATER V6.22.4.0                                                  05/21/2025  17:58:53  PAGE 19


  C:1FE5H         LINE#         167
  C:1FE5H         LINE#         168
  -------         ENDPROC       HEART_BEAT_HANDLE
  -------         PROC          TIMR1_IRQHANDLER
  -------         DO            
  X:64DFH         SYMBOL        cnt
  -------         ENDDO         
  C:336CH         LINE#         171
  C:3383H         LINE#         174
  C:3383H         LINE#         195
  C:3389H         LINE#         196
  C:3389H         LINE#         197
  C:338DH         LINE#         199
  C:33A6H         LINE#         201
  C:33A6H         LINE#         203
  C:33ACH         LINE#         204
  C:33B2H         LINE#         205
  C:33B2H         LINE#         206
  C:33B4H         LINE#         207
  C:33B6H         LINE#         218
  C:33B6H         LINE#         219
  C:33B6H         LINE#         220
  C:33B6H         LINE#         224
  C:33B6H         LINE#         225
  -------         ENDPROC       TIMR1_IRQHANDLER
  -------         ENDMOD        TMR1

  -------         MODULE        TMR2
  C:0000H         SYMBOL        _ICE_DUMMY_
  C:30A8H         PUBLIC        TIMR2_IRQHandler
  D:00D1H         PUBLIC        TMR_ALLCON
  B:0080H.2       PUBLIC        P02
  B:0090H.5       PUBLIC        P15
  D:00A8H         PUBLIC        IE0
  D:00A9H         PUBLIC        IE1
  D:00AAH         PUBLIC        IE2
  D:00ABH         PUBLIC        IE3
  D:00B8H         PUBLIC        IP0
  D:00B1H         PUBLIC        IP1
  D:00B2H         PUBLIC        IP2
  D:00B3H         PUBLIC        IP3
  D:00B4H         PUBLIC        IP4
  D:00B5H         PUBLIC        IP5
  D:00B6H         PUBLIC        IP6
  D:00B7H         PUBLIC        IP7
  C:3BB4H         PUBLIC        tmr2_enable
  C:370DH         PUBLIC        tmr2_config
  B:00A8H.7       PUBLIC        IE_EA
  C:3AB6H         SYMBOL        Com004B
  C:3AB6H         SYMBOL        L?0076
  C:3AC7H         SYMBOL        L?0077
  -------         PROC          COM004B
  -------         ENDPROC       COM004B
  -------         PROC          TMR2_CONFIG
  C:370DH         LINE#         14
  C:370DH         LINE#         15
  C:370DH         LINE#         16
BL51 BANKED LINKER/LOCATER V6.22.4.0                                                  05/21/2025  17:58:53  PAGE 20


  C:3713H         LINE#         17
  C:3716H         LINE#         18
  C:3718H         LINE#         21
  C:371BH         LINE#         23
  C:3722H         LINE#         24
  C:3724H         LINE#         25
  C:3728H         LINE#         26
  C:372CH         LINE#         29
  C:3732H         LINE#         30
  C:3738H         LINE#         32
  C:373FH         LINE#         33
  C:3743H         LINE#         34
  C:3748H         LINE#         35
  C:374CH         LINE#         36
  -------         ENDPROC       TMR2_CONFIG
  -------         PROC          TMR2_ENABLE
  C:3BB4H         LINE#         41
  C:3BB4H         LINE#         42
  C:3BB4H         LINE#         44
  C:3BBBH         LINE#         45
  C:3BBFH         LINE#         47
  C:3BC2H         LINE#         48
  C:3BC4H         LINE#         49
  -------         ENDPROC       TMR2_ENABLE
  -------         PROC          TIMR2_IRQHANDLER
  -------         DO            
  B:0023H.5       SYMBOL        last_engine_speed_scan_level
  B:0023H.6       SYMBOL        last_speed_scan_level
  -------         ENDDO         
  C:30A8H         LINE#         68
  C:30C5H         LINE#         75
  C:30C5H         LINE#         80
  C:30CCH         LINE#         81
  C:30CCH         LINE#         82
  C:30D0H         LINE#         84
  C:30D3H         LINE#         85
  C:30D3H         LINE#         86
  C:30D6H         LINE#         87
  C:30D6H         LINE#         89
  C:30DEH         LINE#         90
  C:30DEH         LINE#         91
  C:30EAH         LINE#         92
  C:30EAH         LINE#         93
  C:30EAH         LINE#         95
  C:30ECH         LINE#         96
  C:30EEH         LINE#         98
  C:30EEH         LINE#         100
  C:30F0H         LINE#         101
  C:30F0H         LINE#         103
  C:30F3H         LINE#         104
  C:30F3H         LINE#         105
  C:30F6H         LINE#         106
  C:30F6H         LINE#         108
  C:30FEH         LINE#         109
  C:30FEH         LINE#         110
  C:310AH         LINE#         111
  C:310AH         LINE#         112
BL51 BANKED LINKER/LOCATER V6.22.4.0                                                  05/21/2025  17:58:53  PAGE 21


  C:310AH         LINE#         114
  C:310CH         LINE#         115
  C:310EH         LINE#         117
  C:310EH         LINE#         119
  C:3110H         LINE#         120
  C:3110H         LINE#         121
  C:3110H         LINE#         125
  C:3110H         LINE#         126
  -------         ENDPROC       TIMR2_IRQHANDLER
  -------         ENDMOD        TMR2

  -------         MODULE        UART0
  C:0000H         SYMBOL        _ICE_DUMMY_
  C:2122H         PUBLIC        UART0_IRQHandler
  X:63DCH         SYMBOL        cur_recv_len
  X:63DDH         SYMBOL        blank_index
  D:00D5H         PUBLIC        UART0_BAUD0
  D:00D6H         PUBLIC        UART0_BAUD1
  X:63E1H         PUBLIC        uart0_recv_buf
  X:63FFH         PUBLIC        uart0_recv_len
  B:0024H.2       SYMBOL        flag_is_recving_data
  X:6402H         SYMBOL        frame_len
  C:3CD2H         PUBLIC        _uart0_sendbyte
  D:00D4H         PUBLIC        UART0_STA
  X:6403H         PUBLIC        recved_flagbuf
  D:00A8H         PUBLIC        IE0
  D:00A9H         PUBLIC        IE1
  D:00AAH         PUBLIC        IE2
  D:00ABH         PUBLIC        IE3
  C:225CH         PUBLIC        uart0_scan_handle
  X:6406H         PUBLIC        recv_frame_cnt
  C:398DH         PUBLIC        uart0_config
  D:00B8H         PUBLIC        IP0
  D:00B1H         PUBLIC        IP1
  D:00B2H         PUBLIC        IP2
  D:00B3H         PUBLIC        IP3
  D:00B4H         PUBLIC        IP4
  D:00B5H         PUBLIC        IP5
  D:00B6H         PUBLIC        IP6
  D:00B7H         PUBLIC        IP7
  D:00D2H         PUBLIC        UART0_CON0
  D:00D7H         PUBLIC        UART0_DATA
  B:00A8H.7       PUBLIC        IE_EA
  X:6407H         PUBLIC        flagbuf_valid_instruction
  C:3C27H         PUBLIC        _putchar
  C:3429H         SYMBOL        Com005A
  C:3429H         SYMBOL        L?0091
  C:3432H         SYMBOL        L?0092
  C:343AH         SYMBOL        L?0093
  C:3441H         SYMBOL        L?0094
  C:3449H         SYMBOL        L?0095
  C:345BH         SYMBOL        L?0096
  C:345EH         SYMBOL        L?0097
  C:3466H         SYMBOL        L?0098
  C:3472H         SYMBOL        L?0099
  C:347CH         SYMBOL        L?0100
  -------         PROC          COM005A
BL51 BANKED LINKER/LOCATER V6.22.4.0                                                  05/21/2025  17:58:53  PAGE 22


  -------         ENDPROC       COM005A
  -------         PROC          _PUTCHAR
  X:63D4H         SYMBOL        c
  C:3C27H         LINE#         28
  C:3C2CH         LINE#         29
  C:3C2CH         LINE#         30
  C:3C2FH         LINE#         31
  C:3C34H         LINE#         32
  -------         ENDPROC       _PUTCHAR
  -------         PROC          UART0_CONFIG
  C:398DH         LINE#         36
  C:398DH         LINE#         37
  C:398DH         LINE#         39
  C:3993H         LINE#         40
  C:3997H         LINE#         41
  C:399BH         LINE#         42
  C:39A2H         LINE#         43
  C:39A9H         LINE#         51
  C:39ACH         LINE#         52
  C:39AEH         LINE#         54
  C:39B1H         LINE#         55
  C:39B4H         LINE#         56
  C:39B7H         LINE#         61
  -------         ENDPROC       UART0_CONFIG
  -------         PROC          UART0_IRQHANDLER
  -------         DO            
  X:63DBH         SYMBOL        uart0_tmp_val
  -------         ENDDO         
  C:2122H         LINE#         64
  C:213FH         LINE#         66
  C:2144H         LINE#         69
  C:2144H         LINE#         74
  C:214CH         LINE#         75
  C:214CH         LINE#         77
  C:214FH         LINE#         79
  C:215FH         LINE#         81
  C:215FH         LINE#         85
  C:215FH         LINE#         86
  C:215FH         LINE#         87
  C:2162H         LINE#         89
  C:2162H         LINE#         92
  C:2169H         LINE#         93
  C:2169H         LINE#         96
  C:216BH         LINE#         97
  C:216BH         LINE#         98
  C:216EH         LINE#         99
  C:2171H         LINE#         100
  C:217BH         LINE#         101
  C:217EH         LINE#         102
  C:217EH         LINE#         104
  C:2185H         LINE#         105
  C:2185H         LINE#         107
  C:218DH         LINE#         110
  C:218DH         LINE#         113
  C:2196H         LINE#         114
  C:2196H         LINE#         116
  C:21C5H         LINE#         118
BL51 BANKED LINKER/LOCATER V6.22.4.0                                                  05/21/2025  17:58:53  PAGE 23


  C:21CFH         LINE#         121
  C:21DEH         LINE#         123
  C:21DEH         LINE#         125
  C:21F1H         LINE#         127
  C:21F3H         LINE#         128
  C:21F3H         LINE#         129
  C:21F6H         LINE#         131
  C:21FCH         LINE#         132
  C:2202H         LINE#         134
  C:221BH         LINE#         135
  C:222AH         LINE#         136
  C:222AH         LINE#         137
  C:2234H         LINE#         138
  C:2234H         LINE#         163
  C:2234H         LINE#         164
  C:2237H         LINE#         165
  C:2241H         LINE#         166
  C:2241H         LINE#         168
  C:2241H         LINE#         169
  C:2241H         LINE#         171
  C:2241H         LINE#         176
  C:2241H         LINE#         180
  C:2241H         LINE#         181
  -------         ENDPROC       UART0_IRQHANDLER
  -------         PROC          _UART0_SENDBYTE
  D:0007H         SYMBOL        senddata
  C:3CD2H         LINE#         184
  C:3CD2H         LINE#         185
  C:3CD2H         LINE#         186
  C:3CD7H         LINE#         188
  C:3CD9H         LINE#         189
  C:3CDEH         LINE#         191
  -------         ENDPROC       _UART0_SENDBYTE
  -------         PROC          UART0_SCAN_HANDLE
  -------         DO            
  X:6534H         SYMBOL        i
  X:6535H         SYMBOL        checksum
  B:0024H.1       SYMBOL        __flag_is_crc_or_len_err
  -------         DO            
  X:6536H         SYMBOL        __loop_crc_cnt
  -------         ENDDO         
  -------         ENDDO         
  C:225CH         LINE#         207
  C:225CH         LINE#         208
  C:225CH         LINE#         209
  C:2261H         LINE#         210
  C:2263H         LINE#         211
  C:2265H         LINE#         215
  C:2276H         LINE#         216
  C:2276H         LINE#         220
  C:2279H         LINE#         221
  C:2283H         LINE#         224
  C:2288H         LINE#         225
  C:228CH         LINE#         226
  C:228FH         LINE#         260
  C:228FH         LINE#         264
  C:22A1H         LINE#         265
BL51 BANKED LINKER/LOCATER V6.22.4.0                                                  05/21/2025  17:58:53  PAGE 24


  C:22A1H         LINE#         266
  C:22ADH         LINE#         267
  C:22ADH         LINE#         271
  C:22CAH         LINE#         272
  C:22CAH         LINE#         281
  C:22D3H         LINE#         282
  C:22D3H         LINE#         283
  C:22E4H         LINE#         286
  C:22E4H         LINE#         288
  C:22E4H         LINE#         289
  C:22E9H         LINE#         290
  C:22EDH         LINE#         291
  C:22FEH         LINE#         292
  C:22FEH         LINE#         293
  C:231AH         LINE#         294
  C:2320H         LINE#         297
  C:2325H         LINE#         298
  C:2344H         LINE#         299
  C:2344H         LINE#         301
  C:2346H         LINE#         302
  C:2346H         LINE#         303
  C:2346H         LINE#         305
  C:2349H         LINE#         306
  C:2349H         LINE#         332
  C:234BH         LINE#         333
  C:2355H         LINE#         334
  C:2355H         LINE#         335
  C:2366H         LINE#         336
  C:2366H         LINE#         339
  C:2376H         LINE#         340
  C:2376H         LINE#         341
  C:237FH         LINE#         342
  -------         ENDPROC       UART0_SCAN_HANDLE
  -------         ENDMOD        UART0

  -------         MODULE        ADC
  C:0000H         SYMBOL        _ICE_DUMMY_
  C:39E3H         PUBLIC        adc_config
  C:2565H         PUBLIC        adc_getval
  D:0099H         PUBLIC        ADC_CHS0
  D:0093H         PUBLIC        ADC_DATAH0
  D:0094H         PUBLIC        ADC_DATAL0
  X:6537H         PUBLIC        adc_val
  C:3A34H         PUBLIC        adc_single_convert
  C:38D5H         PUBLIC        _adc_sel_pin
  C:000FH         SYMBOL        Com0012
  C:000FH         SYMBOL        L?0019
  C:0018H         SYMBOL        L?0020
  -------         PROC          COM0012
  -------         ENDPROC       COM0012
  -------         PROC          ADC_CONFIG
  C:39E3H         LINE#         7
  C:39E3H         LINE#         8
  C:39E3H         LINE#         10
  C:39E9H         LINE#         12
  C:39EDH         LINE#         14
  C:39F2H         LINE#         16
BL51 BANKED LINKER/LOCATER V6.22.4.0                                                  05/21/2025  17:58:53  PAGE 25


  C:39F6H         LINE#         19
  C:39FDH         LINE#         20
  C:3A01H         LINE#         22
  C:3A05H         LINE#         23
  C:3A0BH         LINE#         26
  -------         ENDPROC       ADC_CONFIG
  -------         PROC          _ADC_SEL_PIN
  D:0007H         SYMBOL        adc_pin
  C:38D5H         LINE#         30
  C:38D5H         LINE#         31
  C:38D5H         LINE#         32
  C:38E4H         LINE#         33
  C:38E4H         LINE#         34
  C:38E4H         LINE#         35
  C:38E7H         LINE#         37
  C:38E9H         LINE#         40
  C:38E9H         LINE#         41
  C:38ECH         LINE#         43
  C:38EEH         LINE#         45
  C:38EEH         LINE#         46
  C:38F1H         LINE#         48
  C:38F3H         LINE#         50
  C:38F3H         LINE#         51
  C:38F6H         LINE#         53
  C:38F6H         LINE#         54
  C:38F6H         LINE#         56
  C:38FCH         LINE#         59
  -------         ENDPROC       _ADC_SEL_PIN
  -------         PROC          ADC_SINGLE_CONVERT
  C:3A34H         LINE#         63
  C:3A34H         LINE#         64
  C:3A34H         LINE#         65
  C:3A3AH         LINE#         66
  C:3A40H         LINE#         68
  C:3A43H         LINE#         69
  C:3A56H         LINE#         70
  -------         ENDPROC       ADC_SINGLE_CONVERT
  -------         PROC          ADC_GETVAL
  -------         DO            
  X:64C5H         SYMBOL        adc_val_tmp
  X:64C7H         SYMBOL        adc_val_sum
  X:64CBH         SYMBOL        get_adcmax
  X:64CDH         SYMBOL        get_adcmin
  X:64CFH         SYMBOL        i
  -------         ENDDO         
  C:2565H         LINE#         73
  C:2565H         LINE#         74
  C:2565H         LINE#         75
  C:256CH         LINE#         76
  C:2574H         LINE#         77
  C:257BH         LINE#         78
  C:2581H         LINE#         79
  C:2584H         LINE#         81
  C:2585H         LINE#         82
  C:2585H         LINE#         83
  C:2590H         LINE#         84
  C:2599H         LINE#         85
BL51 BANKED LINKER/LOCATER V6.22.4.0                                                  05/21/2025  17:58:53  PAGE 26


  C:2599H         LINE#         86
  C:25AFH         LINE#         87
  C:25B7H         LINE#         88
  C:25C6H         LINE#         89
  C:25D5H         LINE#         90
  C:25EDH         LINE#         91
  C:25F9H         LINE#         93
  C:2611H         LINE#         94
  C:2628H         LINE#         95
  C:2638H         LINE#         97
  C:2638H         LINE#         98
  -------         ENDPROC       ADC_GETVAL
  -------         ENDMOD        ADC

  -------         MODULE        FLASH
  C:0000H         SYMBOL        _ICE_DUMMY_
  C:386FH         PUBLIC        _flash_read
  C:3803H         PUBLIC        _flash_write
  D:00A4H         PUBLIC        FLASH_CON
  D:00A5H         PUBLIC        FLASH_STA
  D:00AEH         PUBLIC        FLASH_PASSWORD
  D:00A6H         PUBLIC        FLASH_DATA
  D:00AFH         PUBLIC        FLASH_ADDR
  C:3BC5H         PUBLIC        _flash_erase_sector
  -------         PROC          _FLASH_ERASE_SECTOR
  D:0007H         SYMBOL        addr
  C:3BC5H         LINE#         11
  C:3BC5H         LINE#         12
  C:3BC5H         LINE#         13
  C:3BC8H         LINE#         14
  C:3BCAH         LINE#         15
  C:3BCDH         LINE#         16
  C:3BD0H         LINE#         18
  C:3BD5H         LINE#         20
  -------         ENDPROC       _FLASH_ERASE_SECTOR
  -------         PROC          _FLASH_WRITE
  D:0007H         SYMBOL        addr
  X:651CH         SYMBOL        p_data
  X:651FH         SYMBOL        len
  C:3803H         LINE#         29
  C:3809H         LINE#         30
  C:3809H         LINE#         31
  C:380CH         LINE#         32
  C:380EH         LINE#         34
  C:3817H         LINE#         35
  C:3817H         LINE#         36
  C:381CH         LINE#         38
  C:382BH         LINE#         39
  C:382EH         LINE#         40
  C:3831H         LINE#         42
  C:3837H         LINE#         43
  C:3839H         LINE#         44
  -------         ENDPROC       _FLASH_WRITE
  -------         PROC          _FLASH_READ
  D:0007H         SYMBOL        addr
  X:63ADH         SYMBOL        p_data
  X:63B0H         SYMBOL        len
BL51 BANKED LINKER/LOCATER V6.22.4.0                                                  05/21/2025  17:58:53  PAGE 27


  C:386FH         LINE#         53
  C:3875H         LINE#         54
  C:3875H         LINE#         55
  C:387BH         LINE#         56
  C:387BH         LINE#         57
  C:389AH         LINE#         58
  C:38A0H         LINE#         59
  C:38A2H         LINE#         60
  -------         ENDPROC       _FLASH_READ
  -------         ENDMOD        FLASH

  -------         MODULE        AIP1302
  C:0000H         SYMBOL        _ICE_DUMMY_
  C:3B10H         PUBLIC        _reverse_u8
  C:3B72H         PUBLIC        _aip1302_read_byte
  C:35B4H         PUBLIC        aip1302_read_all
  C:004EH         SYMBOL        aip1302_is_running
  C:2A28H         PUBLIC        _aip1302_write_byte
  B:00A0H.4       PUBLIC        P24
  B:0090H.6       PUBLIC        P16
  B:0090H.7       PUBLIC        P17
  C:329CH         SYMBOL        ___aip1302_convert_read_byte
  C:2DE7H         PUBLIC        ___aip1302_read_byte
  C:33CBH         PUBLIC        aip1302_config
  C:2E79H         SYMBOL        ___aip1302_write_byte
  C:3A57H         PUBLIC        aip1302_update_date
  C:3AD4H         PUBLIC        aip1302_update_time
  C:3903H         SYMBOL        Com0043
  C:3903H         SYMBOL        L?0068
  C:3905H         SYMBOL        L?0069
  C:3915H         SYMBOL        L?0073
  C:3920H         SYMBOL        L?0074
  C:392AH         SYMBOL        L?0075
  -------         PROC          COM0043
  -------         ENDPROC       COM0043
  -------         PROC          AIP1302_CONFIG
  -------         DO            
  D:0007H         SYMBOL        ret
  -------         ENDDO         
  C:33CBH         LINE#         6
  C:33CBH         LINE#         7
  C:33CBH         LINE#         8
  C:33CDH         LINE#         12
  C:33D3H         LINE#         13
  C:33D7H         LINE#         14
  C:33DCH         LINE#         16
  C:33E0H         LINE#         17
  C:33E4H         LINE#         18
  C:33E9H         LINE#         20
  C:33E9H         LINE#         21
  C:33E9H         LINE#         22
  C:33ECH         LINE#         24
  C:33EEH         LINE#         25
  C:33F0H         LINE#         30
  C:33F3H         LINE#         31
  C:33F6H         LINE#         32
  C:33F6H         LINE#         35
BL51 BANKED LINKER/LOCATER V6.22.4.0                                                  05/21/2025  17:58:53  PAGE 28


  C:33F6H         LINE#         37
  C:33F6H         LINE#         41
  C:33FCH         LINE#         42
  C:3403H         LINE#         43
  C:340AH         LINE#         44
  C:3411H         LINE#         45
  C:3418H         LINE#         46
  C:341FH         LINE#         47
  C:3426H         LINE#         48
  C:3426H         LINE#         51
  -------         ENDPROC       AIP1302_CONFIG
  -------         PROC          _REVERSE_U8
  D:0007H         SYMBOL        arg
  -------         DO            
  D:0006H         SYMBOL        tmp
  D:0005H         SYMBOL        i
  -------         ENDDO         
  C:3B10H         LINE#         55
  C:3B10H         LINE#         56
  C:3B10H         LINE#         58
  C:3B12H         LINE#         61
  C:3B12H         LINE#         62
  C:3B12H         LINE#         63
  C:3B16H         LINE#         64
  C:3B1AH         LINE#         65
  C:3B1AH         LINE#         66
  C:3B1EH         LINE#         67
  C:3B1EH         LINE#         69
  C:3B1EH         LINE#         70
  C:3B1EH         LINE#         71
  C:3B22H         LINE#         72
  C:3B27H         LINE#         74
  C:3B29H         LINE#         75
  -------         ENDPROC       _REVERSE_U8
  -------         PROC          ___AIP1302_CONVERT_READ_BYTE
  D:0004H         SYMBOL        cmd
  D:0005H         SYMBOL        byte
  -------         DO            
  D:0007H         SYMBOL        tmp
  X:63ADH         SYMBOL        i
  -------         DO            
  X:63AEH         SYMBOL        tens_place
  X:63AFH         SYMBOL        one_place
  -------         ENDDO         
  -------         ENDDO         
  C:329CH         LINE#         78
  C:329EH         LINE#         79
  C:329EH         LINE#         80
  C:329FH         LINE#         81
  C:32A3H         LINE#         84
  C:32A8H         LINE#         93
  C:32C6H         LINE#         94
  C:32C6H         LINE#         95
  C:32CBH         LINE#         96
  C:32CDH         LINE#         99
  C:32D6H         LINE#         100
  C:32D6H         LINE#         103
BL51 BANKED LINKER/LOCATER V6.22.4.0                                                  05/21/2025  17:58:53  PAGE 29


  C:32DAH         LINE#         104
  C:32DCH         LINE#         105
  C:32E5H         LINE#         106
  C:32E5H         LINE#         108
  C:32E9H         LINE#         109
  C:32EBH         LINE#         110
  C:32EFH         LINE#         111
  C:32EFH         LINE#         113
  C:32F3H         LINE#         114
  C:32F3H         LINE#         116
  C:32FCH         LINE#         117
  C:3302H         LINE#         118
  C:3309H         LINE#         119
  C:3309H         LINE#         121
  C:3309H         LINE#         122
  -------         ENDPROC       ___AIP1302_CONVERT_READ_BYTE
  C:2E5BH         SYMBOL        L?0070
  C:2E65H         SYMBOL        L?0071
  -------         PROC          ___AIP1302_READ_BYTE
  X:63ADH         SYMBOL        cmd
  -------         DO            
  X:63AEH         SYMBOL        recv_data
  X:63AFH         SYMBOL        i
  -------         ENDDO         
  C:2DE7H         LINE#         125
  C:2DECH         LINE#         126
  C:2DECH         LINE#         127
  C:2DEFH         LINE#         128
  C:2DEFH         LINE#         131
  C:2DEFH         LINE#         132
  C:2DEFH         LINE#         133
  C:2DF2H         LINE#         135
  C:2DF2H         LINE#         136
  C:2DF2H         LINE#         137
  C:2DF2H         LINE#         138
  C:2DF8H         LINE#         140
  C:2DFDH         LINE#         141
  C:2DFDH         LINE#         142
  C:2DFDH         LINE#         143
  C:2E00H         LINE#         144
  C:2E13H         LINE#         145
  C:2E13H         LINE#         146
  C:2E15H         LINE#         147
  C:2E17H         LINE#         149
  C:2E17H         LINE#         150
  C:2E19H         LINE#         151
  C:2E19H         LINE#         152
  C:2E20H         LINE#         154
  C:2E20H         LINE#         155
  C:2E20H         LINE#         156
  C:2E25H         LINE#         159
  C:2E2BH         LINE#         160
  C:2E31H         LINE#         162
  C:2E36H         LINE#         163
  C:2E36H         LINE#         164
  C:2E3DH         LINE#         165
  C:2E3DH         LINE#         166
BL51 BANKED LINKER/LOCATER V6.22.4.0                                                  05/21/2025  17:58:53  PAGE 30


  C:2E40H         LINE#         167
  C:2E43H         LINE#         168
  C:2E43H         LINE#         169
  C:2E4AH         LINE#         170
  C:2E4AH         LINE#         172
  C:2E4AH         LINE#         173
  C:2E4AH         LINE#         174
  C:2E4AH         LINE#         175
  C:2E4AH         LINE#         176
  C:2E4FH         LINE#         178
  C:2E51H         LINE#         179
  C:2E53H         LINE#         180
  C:2E55H         LINE#         182
  C:2E5AH         LINE#         183
  -------         ENDPROC       ___AIP1302_READ_BYTE
  -------         PROC          _AIP1302_READ_BYTE
  X:63ACH         SYMBOL        cmd
  -------         DO            
  D:0006H         SYMBOL        recv_data
  -------         ENDDO         
  C:3B72H         LINE#         192
  C:3B77H         LINE#         193
  C:3B77H         LINE#         194
  C:3B79H         LINE#         195
  C:3B7EH         LINE#         196
  -------         ENDPROC       _AIP1302_READ_BYTE
  C:2EEEH         SYMBOL        L?0066
  C:2EFFH         SYMBOL        L?0072
  -------         PROC          ___AIP1302_WRITE_BYTE
  X:63B0H         SYMBOL        cmd
  X:63B1H         SYMBOL        byte
  -------         DO            
  X:63B2H         SYMBOL        i
  -------         ENDDO         
  C:2E79H         LINE#         206
  C:2E81H         LINE#         207
  C:2E81H         LINE#         208
  C:2E82H         LINE#         211
  C:2E82H         LINE#         212
  C:2E82H         LINE#         213
  C:2E85H         LINE#         215
  C:2E85H         LINE#         216
  C:2E85H         LINE#         217
  C:2E85H         LINE#         218
  C:2E8BH         LINE#         220
  C:2E90H         LINE#         221
  C:2E90H         LINE#         222
  C:2E90H         LINE#         223
  C:2E93H         LINE#         224
  C:2EA6H         LINE#         225
  C:2EA6H         LINE#         226
  C:2EA8H         LINE#         227
  C:2EAAH         LINE#         229
  C:2EAAH         LINE#         230
  C:2EACH         LINE#         231
  C:2EACH         LINE#         232
  C:2EACH         LINE#         233
BL51 BANKED LINKER/LOCATER V6.22.4.0                                                  05/21/2025  17:58:53  PAGE 31


  C:2EACH         LINE#         234
  C:2EAFH         LINE#         235
  C:2EB4H         LINE#         237
  C:2EB9H         LINE#         238
  C:2EB9H         LINE#         239
  C:2EB9H         LINE#         240
  C:2EBCH         LINE#         241
  C:2ED2H         LINE#         242
  C:2ED2H         LINE#         243
  C:2ED4H         LINE#         244
  C:2ED6H         LINE#         246
  C:2ED6H         LINE#         247
  C:2ED8H         LINE#         248
  C:2ED8H         LINE#         249
  C:2ED8H         LINE#         250
  C:2ED8H         LINE#         251
  C:2EDBH         LINE#         252
  C:2EE0H         LINE#         254
  C:2EE2H         LINE#         255
  C:2EE9H         LINE#         256
  C:2EEBH         LINE#         257
  C:2EEDH         LINE#         258
  -------         ENDPROC       ___AIP1302_WRITE_BYTE
  -------         PROC          AIP1302_IS_RUNNING
  -------         DO            
  D:0007H         SYMBOL        recv_data
  -------         ENDDO         
  C:004EH         LINE#         265
  C:004EH         LINE#         266
  C:004EH         LINE#         267
  C:0053H         LINE#         268
  C:0057H         LINE#         269
  C:0057H         LINE#         271
  C:005AH         LINE#         272
  C:005AH         LINE#         274
  C:005AH         LINE#         276
  C:005CH         LINE#         277
  C:005CH         LINE#         278
  -------         ENDPROC       AIP1302_IS_RUNNING
  -------         PROC          _AIP1302_WRITE_BYTE
  X:63ACH         SYMBOL        cmd
  D:0005H         SYMBOL        byte
  -------         DO            
  X:63ADH         SYMBOL        tmp
  -------         DO            
  X:63AEH         SYMBOL        tens_place
  X:63AFH         SYMBOL        one_place
  -------         ENDDO         
  -------         ENDDO         
  C:2A28H         LINE#         291
  C:2A2DH         LINE#         292
  C:2A2DH         LINE#         293
  C:2A30H         LINE#         301
  C:2A52H         LINE#         302
  C:2A52H         LINE#         303
  C:2A57H         LINE#         304
  C:2A59H         LINE#         305
BL51 BANKED LINKER/LOCATER V6.22.4.0                                                  05/21/2025  17:58:53  PAGE 32


  C:2A63H         LINE#         306
  C:2A63H         LINE#         307
  C:2A6AH         LINE#         308
  C:2A6AH         LINE#         309
  C:2A79H         LINE#         312
  C:2A86H         LINE#         316
  C:2A93H         LINE#         317
  C:2A93H         LINE#         318
  C:2A9AH         LINE#         319
  C:2A9CH         LINE#         320
  C:2AA9H         LINE#         321
  C:2AA9H         LINE#         324
  C:2AB0H         LINE#         325
  C:2AB2H         LINE#         326
  C:2AB9H         LINE#         327
  C:2AB9H         LINE#         329
  C:2ABEH         LINE#         330
  C:2ABEH         LINE#         331
  C:2ABEH         LINE#         334
  C:2AC5H         LINE#         335
  C:2AD0H         LINE#         337
  -------         ENDPROC       _AIP1302_WRITE_BYTE
  -------         PROC          AIP1302_UPDATE_TIME
  X:6507H         SYMBOL        aip1302_saveinfo
  C:3AD4H         LINE#         410
  C:3AD4H         LINE#         411
  C:3AD4H         LINE#         412
  C:3ADEH         LINE#         413
  C:3AE8H         LINE#         414
  -------         ENDPROC       AIP1302_UPDATE_TIME
  -------         PROC          AIP1302_UPDATE_DATE
  X:650EH         SYMBOL        aip1302_saveinfo
  C:3A57H         LINE#         418
  C:3A57H         LINE#         419
  C:3A57H         LINE#         420
  C:3A61H         LINE#         421
  C:3A6BH         LINE#         422
  -------         ENDPROC       AIP1302_UPDATE_DATE
  -------         PROC          AIP1302_READ_ALL
  C:35B4H         LINE#         432
  C:35B4H         LINE#         433
  C:35B4H         LINE#         434
  C:35BEH         LINE#         435
[...]
  C:12ABH         LINE#         312
  C:12AEH         LINE#         313
  C:12B1H         LINE#         314
  C:12B1H         LINE#         315
  C:12B2H         LINE#         321
  C:12B5H         LINE#         322
  C:12E2H         LINE#         323
  C:1301H         LINE#         324
  C:1301H         LINE#         325
  C:1301H         LINE#         326
  -------         ENDPROC       ___TK_MODE_CARRY_FUNC
  -------         PROC          __TK_DATA_PROCESS
  C:0898H         LINE#         333
  C:0898H         LINE#         334
  C:0898H         LINE#         335
  C:08AAH         LINE#         338
  C:08C3H         LINE#         339
  C:08C6H         LINE#         341
  C:08DCH         LINE#         342
  C:08DFH         LINE#         347
  C:0911H         LINE#         348
  C:091EH         LINE#         349
  C:0921H         LINE#         350
  C:0924H         LINE#         351
  C:0924H         LINE#         352
  C:0926H         LINE#         353
  C:0929H         LINE#         354
  C:0929H         LINE#         356
  C:092EH         LINE#         357
  C:093FH         LINE#         358
  C:0950H         LINE#         359
  C:0953H         LINE#         363
  C:0969H         LINE#         364
  C:096CH         LINE#         365
  C:097CH         LINE#         366
  C:099CH         LINE#         369
  C:09B3H         LINE#         370
  C:09B6H         LINE#         371
  C:09C6H         LINE#         372
  C:09E6H         LINE#         377
  C:09E6H         LINE#         378
  C:0A04H         LINE#         380
  C:0A3EH         LINE#         381
  C:0A3EH         LINE#         382
  C:0A3EH         LINE#         383
  C:0A75H         LINE#         384
  C:0A83H         LINE#         385
  C:0A9BH         LINE#         386
  C:0AA8H         LINE#         387
  C:0ACCH         LINE#         388
  C:0AF0H         LINE#         389
BL51 BANKED LINKER/LOCATER V6.22.4.0                                                  05/21/2025  17:58:53  PAGE 58


  C:0AF0H         LINE#         390
  C:0AF2H         LINE#         391
  C:0AFFH         LINE#         392
  C:0AFFH         LINE#         397
  C:0B21H         LINE#         398
  C:0B24H         LINE#         399
  C:0B34H         LINE#         401
  C:0B4CH         LINE#         402
  C:0B4FH         LINE#         404
  C:0B66H         LINE#         405
  C:0B69H         LINE#         409
  C:0B8AH         LINE#         410
  C:0B8DH         LINE#         411
  C:0B9DH         LINE#         413
  C:0BB5H         LINE#         414
  C:0BB8H         LINE#         416
  C:0BCEH         LINE#         417
  C:0BD1H         LINE#         422
  C:0BD6H         LINE#         423
  -------         ENDPROC       __TK_DATA_PROCESS
  -------         PROC          __TK_BUTTON_DECIDE
  C:1AD5H         LINE#         430
  C:1AD5H         LINE#         431
  C:1AD5H         LINE#         432
  C:1AE7H         LINE#         433
  C:1B05H         LINE#         434
  C:1B37H         LINE#         435
  C:1B44H         LINE#         436
  C:1B49H         LINE#         437
  C:1BBEH         LINE#         438
  C:1BBEH         LINE#         439
  C:1BCBH         LINE#         440
  C:1BD9H         LINE#         442
  C:1BEDH         LINE#         443
  C:1BFAH         LINE#         444
  C:1C27H         LINE#         445
  C:1C4BH         LINE#         446
  C:1C79H         LINE#         447
  C:1C79H         LINE#         448
  C:1C7BH         LINE#         449
  C:1C88H         LINE#         450
  C:1C88H         LINE#         451
  C:1C8DH         LINE#         452
  -------         ENDPROC       __TK_BUTTON_DECIDE
  -------         PROC          __TK_BASELINE_UPDATE
  C:312BH         LINE#         459
  C:312BH         LINE#         460
  C:312BH         LINE#         461
  C:313AH         LINE#         462
  C:314BH         LINE#         463
  C:315CH         LINE#         464
  C:3180H         LINE#         465
  C:31A4H         LINE#         466
  C:31A8H         LINE#         467
  -------         ENDPROC       __TK_BASELINE_UPDATE
  -------         PROC          __TK_BASELINE_INIT
  -------         DO            
BL51 BANKED LINKER/LOCATER V6.22.4.0                                                  05/21/2025  17:58:53  PAGE 59


  X:6018H         SYMBOL        init_flag
  -------         ENDDO         
  C:2CC2H         LINE#         474
  C:2CC2H         LINE#         475
  C:2CC2H         LINE#         478
  C:2CD1H         LINE#         479
  C:2CE1H         LINE#         480
  C:2CEAH         LINE#         481
  C:2D0FH         LINE#         482
  C:2D0FH         LINE#         483
  C:2D34H         LINE#         484
  C:2D34H         LINE#         485
  C:2D38H         LINE#         487
  C:2D45H         LINE#         488
  C:2D48H         LINE#         489
  C:2D4AH         LINE#         490
  C:2D50H         LINE#         491
  C:2D50H         LINE#         493
  -------         ENDPROC       __TK_BASELINE_INIT
  -------         PROC          __TK_LONG_KEY_CLEAR
  -------         DO            
  X:6019H         SYMBOL        __tk_long_cnt
  -------         ENDDO         
  C:31A9H         LINE#         501
  C:31A9H         LINE#         502
  C:31A9H         LINE#         505
  C:31BCH         LINE#         506
  C:31CAH         LINE#         507
  C:31E4H         LINE#         508
  C:31E8H         LINE#         509
  C:31F0H         LINE#         510
  C:31F8H         LINE#         511
  C:3200H         LINE#         512
  C:3202H         LINE#         513
  C:3205H         LINE#         514
  C:321CH         LINE#         515
  C:321EH         LINE#         516
  C:321EH         LINE#         517
  C:321FH         LINE#         518
  C:3226H         LINE#         519
  C:3226H         LINE#         520
  -------         ENDPROC       __TK_LONG_KEY_CLEAR
  -------         PROC          ___TK_LIB_I_ADJUST
  X:63D6H         SYMBOL        i_ch
  X:63D7H         SYMBOL        adjust_line
  -------         DO            
  X:601BH         SYMBOL        sta_finish
  X:601CH         SYMBOL        n_sta
  X:601DH         SYMBOL        p_sta
  X:601EH         SYMBOL        min_iset
  X:601FH         SYMBOL        min_diff
  D:0045H         SYMBOL        diff
  D:0049H         SYMBOL        temp
  -------         ENDDO         
  C:1C8EH         LINE#         528
  C:1C93H         LINE#         529
  C:1C93H         LINE#         537
BL51 BANKED LINKER/LOCATER V6.22.4.0                                                  05/21/2025  17:58:53  PAGE 60


  C:1CA6H         LINE#         538
  C:1CABH         LINE#         539
  C:1CAFH         LINE#         540
  C:1CB8H         LINE#         541
  C:1CBBH         LINE#         542
  C:1CBEH         LINE#         545
  C:1CFBH         LINE#         546
  C:1D26H         LINE#         547
  C:1D3CH         LINE#         548
  C:1D3CH         LINE#         550
  C:1D53H         LINE#         551
  C:1D69H         LINE#         552
  C:1D6CH         LINE#         553
  C:1D6EH         LINE#         555
  C:1D81H         LINE#         557
  C:1D9DH         LINE#         558
  C:1DB0H         LINE#         559
  C:1DB3H         LINE#         560
  C:1DB3H         LINE#         561
  C:1DB5H         LINE#         563
  C:1DD1H         LINE#         564
  C:1DE4H         LINE#         565
  C:1DEAH         LINE#         566
  C:1DEAH         LINE#         567
  C:1DEAH         LINE#         568
  C:1DEAH         LINE#         569
  C:1DF8H         LINE#         570
  C:1DFCH         LINE#         571
  C:1DFEH         LINE#         572
  C:1E03H         LINE#         573
  C:1E03H         LINE#         575
  C:1E0BH         LINE#         576
  C:1E24H         LINE#         577
  C:1E2CH         LINE#         578
  C:1E32H         LINE#         579
  C:1E37H         LINE#         580
  C:1E39H         LINE#         581
  C:1E3DH         LINE#         582
  C:1E40H         LINE#         583
  C:1E40H         LINE#         585
  C:1E42H         LINE#         586
  -------         ENDPROC       ___TK_LIB_I_ADJUST
  -------         PROC          __TK_I_SOURCE_ADJUST
  -------         DO            
  X:63D5H         SYMBOL        result
  -------         ENDDO         
  C:330AH         LINE#         593
  C:330AH         LINE#         594
  C:330AH         LINE#         595
  C:330FH         LINE#         597
  C:3328H         LINE#         598
  C:332AH         LINE#         600
  C:332FH         LINE#         601
  C:3332H         LINE#         602
  C:3338H         LINE#         603
  C:3338H         LINE#         605
  C:3344H         LINE#         606
BL51 BANKED LINKER/LOCATER V6.22.4.0                                                  05/21/2025  17:58:53  PAGE 61


  C:3347H         LINE#         607
  C:334AH         LINE#         608
  C:334AH         LINE#         609
  C:334AH         LINE#         611
  C:3361H         LINE#         612
  C:3363H         LINE#         613
  C:3366H         LINE#         614
  C:3366H         LINE#         615
  C:336BH         LINE#         616
  C:336BH         LINE#         617
  -------         ENDPROC       __TK_I_SOURCE_ADJUST
  -------         PROC          ___TK_SET_NEXT_CH
  D:0007H         SYMBOL        kick_type
  C:3024H         LINE#         625
  C:3024H         LINE#         626
  C:3024H         LINE#         627
  C:3027H         LINE#         629
  C:3045H         LINE#         630
  C:304BH         LINE#         631
  C:304FH         LINE#         632
  C:3053H         LINE#         633
  C:3057H         LINE#         634
  C:305BH         LINE#         636
  C:3075H         LINE#         638
  C:3085H         LINE#         639
  C:3085H         LINE#         640
  C:3087H         LINE#         642
  C:30A1H         LINE#         643
  C:30A7H         LINE#         644
  C:30A7H         LINE#         645
  -------         ENDPROC       ___TK_SET_NEXT_CH
  -------         PROC          __TK_LIB_INIT
  -------         DO            
  X:63ACH         SYMBOL        i
  -------         ENDDO         
  C:2C27H         LINE#         652
  C:2C27H         LINE#         653
  C:2C27H         LINE#         655
  C:2C6FH         LINE#         656
  C:2C7DH         LINE#         658
  C:2C80H         LINE#         659
  C:2C88H         LINE#         660
  C:2C8AH         LINE#         661
  C:2C8CH         LINE#         662
  C:2C94H         LINE#         663
  C:2C9CH         LINE#         664
  C:2CA4H         LINE#         665
  C:2CBAH         LINE#         666
  C:2CBDH         LINE#         667
  -------         ENDPROC       __TK_LIB_INIT
  -------         PROC          __TK_HANDLER
  C:3227H         LINE#         675
  C:3227H         LINE#         676
  C:3227H         LINE#         677
  C:322CH         LINE#         678
  C:3230H         LINE#         679
  C:3257H         LINE#         682
BL51 BANKED LINKER/LOCATER V6.22.4.0                                                  05/21/2025  17:58:53  PAGE 62


  C:325AH         LINE#         683
  C:3261H         LINE#         684
  C:3263H         LINE#         685
  C:3266H         LINE#         686
  C:3266H         LINE#         687
  C:3269H         LINE#         688
  C:3269H         LINE#         689
  C:3269H         LINE#         690
  C:326BH         LINE#         691
  C:3277H         LINE#         692
  C:3287H         LINE#         693
  C:328AH         LINE#         694
  C:328FH         LINE#         696
  C:3292H         LINE#         697
  C:3292H         LINE#         699
  C:3295H         LINE#         700
  C:3295H         LINE#         701
  C:3296H         LINE#         702
  C:329BH         LINE#         703
  C:329BH         LINE#         704
  C:329BH         LINE#         705
  -------         ENDPROC       __TK_HANDLER
  -------         PROC          __TK_MS_HANDLER
  C:3D29H         LINE#         712
  C:3D29H         LINE#         713
  C:3D29H         LINE#         714
  C:3D2BH         LINE#         716
  -------         ENDPROC       __TK_MS_HANDLER
  -------         PROC          __TK_SCAN
  C:3A78H         LINE#         724
  C:3A78H         LINE#         725
  C:3A78H         LINE#         727
  C:3A7DH         LINE#         730
  C:3A89H         LINE#         735
  C:3A8CH         LINE#         739
  C:3A8FH         LINE#         740
  C:3A94H         LINE#         741
  C:3A97H         LINE#         742
  C:3A97H         LINE#         743
  -------         ENDPROC       __TK_SCAN
  -------         ENDMOD        TK_LIB

  -------         MODULE        ?C?COPY
  C:0130H         PUBLIC        ?C?COPY
  -------         ENDMOD        ?C?COPY

  -------         MODULE        ?C?CLDPTR
  C:0156H         PUBLIC        ?C?CLDPTR
  -------         ENDMOD        ?C?CLDPTR

  -------         MODULE        ?C?CLDOPTR
  C:016FH         PUBLIC        ?C?CLDOPTR
  -------         ENDMOD        ?C?CLDOPTR

  -------         MODULE        ?C?CILDOPTR
  C:019CH         PUBLIC        ?C?CILDOPTR
  -------         ENDMOD        ?C?CILDOPTR
BL51 BANKED LINKER/LOCATER V6.22.4.0                                                  05/21/2025  17:58:53  PAGE 63



  -------         MODULE        ?C?CSTPTR
  C:01CFH         PUBLIC        ?C?CSTPTR
  -------         ENDMOD        ?C?CSTPTR

  -------         MODULE        ?C?CSTOPTR
  C:01E1H         PUBLIC        ?C?CSTOPTR
  -------         ENDMOD        ?C?CSTOPTR

  -------         MODULE        ?C?IILDX
  C:0203H         PUBLIC        ?C?IILDX
  -------         ENDMOD        ?C?IILDX

  -------         MODULE        ?C?LADD
  C:0219H         PUBLIC        ?C?LADD
  -------         ENDMOD        ?C?LADD

  -------         MODULE        ?C?LSUB
  C:0226H         PUBLIC        ?C?LSUB
  -------         ENDMOD        ?C?LSUB

  -------         MODULE        ?C?LMUL
  C:0234H         PUBLIC        ?C?LMUL
  -------         ENDMOD        ?C?LMUL

  -------         MODULE        ?C?ULDIV
  C:02BFH         PUBLIC        ?C?ULDIV
  -------         ENDMOD        ?C?ULDIV

  -------         MODULE        ?C?LOR
  C:0351H         PUBLIC        ?C?LOR
  -------         ENDMOD        ?C?LOR

  -------         MODULE        ?C?LNOT
  C:035EH         PUBLIC        ?C?LNOT
  -------         ENDMOD        ?C?LNOT

  -------         MODULE        ?C?LNEG
  C:036BH         PUBLIC        ?C?LNEG
  -------         ENDMOD        ?C?LNEG

  -------         MODULE        ?C?SLCMP
  C:0379H         PUBLIC        ?C?SLCMP
  -------         ENDMOD        ?C?SLCMP

  -------         MODULE        ?C?ULCMP
  C:038FH         PUBLIC        ?C?ULCMP
  -------         ENDMOD        ?C?ULCMP

  -------         MODULE        ?C?ULSHR
  C:03A0H         PUBLIC        ?C?ULSHR
  -------         ENDMOD        ?C?ULSHR

  -------         MODULE        ?C?LSHL
  C:03B3H         PUBLIC        ?C?LSHL
  -------         ENDMOD        ?C?LSHL

BL51 BANKED LINKER/LOCATER V6.22.4.0                                                  05/21/2025  17:58:53  PAGE 64


  -------         MODULE        ?C?LLDXDATA
  C:03C6H         PUBLIC        ?C?LLDXDATA
  -------         ENDMOD        ?C?LLDXDATA

  -------         MODULE        ?C?LLDCODE
  C:03D2H         PUBLIC        ?C?LLDCODE
  -------         ENDMOD        ?C?LLDCODE

  -------         MODULE        ?C?LLDXDATA0
  C:03E2H         PUBLIC        ?C?LLDXDATA0
  -------         ENDMOD        ?C?LLDXDATA0

  -------         MODULE        ?C?LSTXDATA
  C:03EEH         PUBLIC        ?C?LSTXDATA
  -------         ENDMOD        ?C?LSTXDATA

  -------         MODULE        ?C?LSTKXDATA
  C:03FAH         PUBLIC        ?C?LSTKXDATA
  -------         ENDMOD        ?C?LSTKXDATA

  -------         MODULE        ?C?OFFXADD
  C:042BH         PUBLIC        ?C?OFFXADD
  -------         ENDMOD        ?C?OFFXADD

  -------         MODULE        ?C?PLDXDATA
  C:0437H         PUBLIC        ?C?PLDXDATA
  -------         ENDMOD        ?C?PLDXDATA

  -------         MODULE        ?C?PLDIXDATA
  C:0440H         PUBLIC        ?C?PLDIXDATA
  -------         ENDMOD        ?C?PLDIXDATA

  -------         MODULE        ?C?PSTXDATA
  C:0457H         PUBLIC        ?C?PSTXDATA
  -------         ENDMOD        ?C?PSTXDATA

  -------         MODULE        ?C?PLDOPTR
  C:0460H         PUBLIC        ?C?PLDOPTR
  -------         ENDMOD        ?C?PLDOPTR

  -------         MODULE        ?C?ICALL
  C:0490H         PUBLIC        ?C?ICALL
  C:0494H         PUBLIC        ?C?ICALL2
  -------         ENDMOD        ?C?ICALL

  -------         MODULE        ?C?LIMUL
  C:0496H         PUBLIC        ?C?LIMUL
  -------         ENDMOD        ?C?LIMUL

  -------         MODULE        PRINTF
  X:63ACH         PUBLIC        ?_PRINTF517?BYTE
  X:63ACH         PUBLIC        ?_PRINTF?BYTE
  X:63ACH         PUBLIC        ?_SPRINTF517?BYTE
  X:63ACH         PUBLIC        ?_SPRINTF?BYTE
  C:059EH         PUBLIC        _PRINTF
  C:059EH         PUBLIC        _PRINTF517
  C:0598H         PUBLIC        _SPRINTF
BL51 BANKED LINKER/LOCATER V6.22.4.0                                                  05/21/2025  17:58:53  PAGE 65


  C:0598H         PUBLIC        _SPRINTF517
  -------         ENDMOD        PRINTF

  -------         MODULE        ?C?MEMSET
  C:04C3H         PUBLIC        ?C?MEMSET
  -------         ENDMOD        ?C?MEMSET

  -------         MODULE        ?C?PLDIDATA
  C:04EFH         PUBLIC        ?C?PLDIDATA
  -------         ENDMOD        ?C?PLDIDATA

  -------         MODULE        ?C?PLDPDATA
  C:04F8H         PUBLIC        ?C?PLDPDATA
  -------         ENDMOD        ?C?PLDPDATA

  -------         MODULE        ?C?PLDCODE
  C:0501H         PUBLIC        ?C?PLDCODE
  -------         ENDMOD        ?C?PLDCODE

  -------         MODULE        ?C?CCASE
  C:050DH         PUBLIC        ?C?CCASE
  -------         ENDMOD        ?C?CCASE

*** WARNING L16: UNCALLED SEGMENT, IGNORED FOR OVERLAY PROCESS
    SEGMENT: ?PR?P03_OUTPUT_CONFIG?MY_GPIO

*** WARNING L16: UNCALLED SEGMENT, IGNORED FOR OVERLAY PROCESS
    SEGMENT: ?PR?HEART_BEAT_HANDLE?TMR1

*** WARNING L16: UNCALLED SEGMENT, IGNORED FOR OVERLAY PROCESS
    SEGMENT: ?PR?UART0_SCAN_HANDLE?UART0

*** WARNING L16: UNCALLED SEGMENT, IGNORED FOR OVERLAY PROCESS
    SEGMENT: ?PR?_KEY_DRIVER_SCAN?KEY_DRIVER

*** WARNING L16: UNCALLED SEGMENT, IGNORED FOR OVERLAY PROCESS
    SEGMENT: ?PR?PIN_LEVEL_SCAN?PIN_LEVEL_SCAN

*** WARNING L16: UNCALLED SEGMENT, IGNORED FOR OVERLAY PROCESS
    SEGMENT: ?PR?SPEED_SCAN?SPEED_SCAN

*** WARNING L16: UNCALLED SEGMENT, IGNORED FOR OVERLAY PROCESS
    SEGMENT: ?PR?ENGINE_SPEED_SCAN?ENGINE_SPEED_SCAN

*** WARNING L16: UNCALLED SEGMENT, IGNORED FOR OVERLAY PROCESS
    SEGMENT: ?PR?MILEAGE_SCAN?MILEAGE

*** WARNING L16: UNCALLED SEGMENT, IGNORED FOR OVERLAY PROCESS
    SEGMENT: ?PR?INSTRUCTION_SCAN?INSTRUCTION

*** WARNING L16: UNCALLED SEGMENT, IGNORED FOR OVERLAY PROCESS
    SEGMENT: ?PR?INSTRUCTION_HANDLE?INSTRUCTION

*** WARNING L16: UNCALLED SEGMENT, IGNORED FOR OVERLAY PROCESS
    SEGMENT: ?PR?AD_KEY_GET_KEY_ID?AD_KEY

*** WARNING L16: UNCALLED SEGMENT, IGNORED FOR OVERLAY PROCESS
BL51 BANKED LINKER/LOCATER V6.22.4.0                                                  05/21/2025  17:58:53  PAGE 66


    SEGMENT: ?PR?FUEL_CAPACITY_SCAN?FUEL_CAPACITY

*** WARNING L16: UNCALLED SEGMENT, IGNORED FOR OVERLAY PROCESS
    SEGMENT: ?PR?TEMP_OF_WATER_SCAN?TEMP_OF_WATER

*** WARNING L16: UNCALLED SEGMENT, IGNORED FOR OVERLAY PROCESS
    SEGMENT: ?PR?BATTERY_SCAN?BATTERY

*** WARNING L16: UNCALLED SEGMENT, IGNORED FOR OVERLAY PROCESS
    SEGMENT: ?PR?TOUCH_KEY_SCAN?TOUCH_KEY

*** WARNING L16: UNCALLED SEGMENT, IGNORED FOR OVERLAY PROCESS
    SEGMENT: ?PR?__TK_MS_HANDLER?TK_LIB

*** WARNING L1: UNRESOLVED EXTERNAL SYMBOL
    SYMBOL:  AD_KEY_SCAN
    MODULE:  .\Release\Objects\main.obj (MAIN)

*** WARNING L2: REFERENCE MADE TO UNRESOLVED EXTERNAL
    SYMBOL:  AD_KEY_SCAN
    MODULE:  .\Release\Objects\main.obj (MAIN)
    ADDRESS: 0044H

Program Size: data=79.7 xdata=1348 code=15662
LINK/LOCATE RUN COMPLETE.  18 WARNING(S),  0 ERROR(S)
