BL51 BANKED LINKER/LOCATER V6.22.4.0                                                    06/19/2025  16:47:01  PAGE 1


BL51 BANKED LINKER/LOCATER V6.22.4.0, INVOKED BY:
C:\KEIL_V5\C51\BIN\BL51.EXE .\Release\Objects\STARTUP.obj, .\Release\Objects\system.obj, ..\..\User\lib\tk_simplify_algo
>> rithm_V1.0.0.LIB, .\Release\Objects\tk_set.obj, .\Release\Objects\my_gpio.obj, .\Release\Objects\tmr0.obj, .\Release\
>> Objects\tmr1.obj, .\Release\Objects\tmr2.obj, .\Release\Objects\uart0.obj, .\Release\Objects\adc.obj, .\Release\Objec
>> ts\flash.obj, .\Release\Objects\aip1302.obj, .\Release\Objects\uart1.obj, .\Release\Objects\key_driver.obj, .\Release
>> \Objects\main.obj, .\Release\Objects\fun_info.obj, .\Release\Objects\send_data.obj, .\Release\Objects\pin_level_scan.
>> obj, .\Release\Objects\speed_scan.obj, .\Release\Objects\engine_speed_scan.obj, .\Release\Objects\mileage.obj, .\Rele
>> ase\Objects\instruction.obj, .\Release\Objects\ad_key.obj, .\Release\Objects\fuel_capacity.obj, .\Release\Objects\tem
>> p_of_water.obj, .\Release\Objects\battery.obj, .\Release\Objects\touch_key.obj TO .\Release\Objects\Project PRINT (.\
>> Release\Listings\Project.m51) RAMSIZE (256) CODE (0X0000-0X3EEF) XDATA (0X6000-0X66FF)


MEMORY MODEL: LARGE


INPUT MODULES INCLUDED:
  .\Release\Objects\STARTUP.obj (?C_STARTUP)
  .\Release\Objects\system.obj (SYSTEM)
  .\Release\Objects\tk_set.obj (TK_SET)
  .\Release\Objects\my_gpio.obj (MY_GPIO)
  .\Release\Objects\tmr0.obj (TMR0)
  .\Release\Objects\tmr1.obj (TMR1)
  .\Release\Objects\tmr2.obj (TMR2)
  .\Release\Objects\uart0.obj (UART0)
  .\Release\Objects\adc.obj (ADC)
  .\Release\Objects\flash.obj (FLASH)
  .\Release\Objects\aip1302.obj (AIP1302)
  .\Release\Objects\uart1.obj (UART1)
  .\Release\Objects\key_driver.obj (KEY_DRIVER)
  .\Release\Objects\main.obj (MAIN)
  .\Release\Objects\fun_info.obj (FUN_INFO)
  .\Release\Objects\send_data.obj (SEND_DATA)
  .\Release\Objects\pin_level_scan.obj (PIN_LEVEL_SCAN)
  .\Release\Objects\speed_scan.obj (SPEED_SCAN)
  .\Release\Objects\engine_speed_scan.obj (ENGINE_SPEED_SCAN)
  .\Release\Objects\mileage.obj (MILEAGE)
  .\Release\Objects\instruction.obj (INSTRUCTION)
  .\Release\Objects\ad_key.obj (AD_KEY)
  .\Release\Objects\fuel_capacity.obj (FUEL_CAPACITY)
  .\Release\Objects\temp_of_water.obj (TEMP_OF_WATER)
  .\Release\Objects\battery.obj (BATTERY)
  .\Release\Objects\touch_key.obj (TOUCH_KEY)
  ..\..\User\lib\tk_simplify_algorithm_V1.0.0.LIB (TK_LIB)
  C:\KEIL_V5\C51\LIB\C51L.LIB (?C_INIT)
  C:\KEIL_V5\C51\LIB\C51L.LIB (?C?COPY)
  C:\KEIL_V5\C51\LIB\C51L.LIB (?C?CLDPTR)
  C:\KEIL_V5\C51\LIB\C51L.LIB (?C?CLDOPTR)
  C:\KEIL_V5\C51\LIB\C51L.LIB (?C?CILDOPTR)
  C:\KEIL_V5\C51\LIB\C51L.LIB (?C?CSTPTR)
  C:\KEIL_V5\C51\LIB\C51L.LIB (?C?CSTOPTR)
  C:\KEIL_V5\C51\LIB\C51L.LIB (?C?IMUL)
  C:\KEIL_V5\C51\LIB\C51L.LIB (?C?UIDIV)
  C:\KEIL_V5\C51\LIB\C51L.LIB (?C?IILDX)
  C:\KEIL_V5\C51\LIB\C51L.LIB (?C?LADD)
  C:\KEIL_V5\C51\LIB\C51L.LIB (?C?LSUB)
  C:\KEIL_V5\C51\LIB\C51L.LIB (?C?LMUL)
  C:\KEIL_V5\C51\LIB\C51L.LIB (?C?ULDIV)
  C:\KEIL_V5\C51\LIB\C51L.LIB (?C?LNOT)
BL51 BANKED LINKER/LOCATER V6.22.4.0                                                  06/19/2025  16:47:01  PAGE 2


  C:\KEIL_V5\C51\LIB\C51L.LIB (?C?LNEG)
  C:\KEIL_V5\C51\LIB\C51L.LIB (?C?SLCMP)
  C:\KEIL_V5\C51\LIB\C51L.LIB (?C?ULCMP)
  C:\KEIL_V5\C51\LIB\C51L.LIB (?C?ULSHR)
  C:\KEIL_V5\C51\LIB\C51L.LIB (?C?LSHL)
  C:\KEIL_V5\C51\LIB\C51L.LIB (?C?LLDXDATA)
  C:\KEIL_V5\C51\LIB\C51L.LIB (?C?LLDCODE)
  C:\KEIL_V5\C51\LIB\C51L.LIB (?C?LLDXDATA0)
  C:\KEIL_V5\C51\LIB\C51L.LIB (?C?LSTXDATA)
  C:\KEIL_V5\C51\LIB\C51L.LIB (?C?LSTKXDATA)
  C:\KEIL_V5\C51\LIB\C51L.LIB (?C?OFFXADD)
  C:\KEIL_V5\C51\LIB\C51L.LIB (?C?PLDXDATA)
  C:\KEIL_V5\C51\LIB\C51L.LIB (?C?PLDIXDATA)
  C:\KEIL_V5\C51\LIB\C51L.LIB (?C?PSTXDATA)
  C:\KEIL_V5\C51\LIB\C51L.LIB (?C?PLDOPTR)
  C:\KEIL_V5\C51\LIB\C51L.LIB (?C?CCASE)
  C:\KEIL_V5\C51\LIB\C51L.LIB (?C?ICALL)
  C:\KEIL_V5\C51\LIB\C51L.LIB (?C?LIMUL)
  C:\KEIL_V5\C51\LIB\C51L.LIB (?C?MEMSET)
  C:\KEIL_V5\C51\LIB\C51L.LIB (?C?PLDIDATA)
  C:\KEIL_V5\C51\LIB\C51L.LIB (?C?PLDPDATA)
  C:\KEIL_V5\C51\LIB\C51L.LIB (?C?PLDCODE)


LINK MAP OF MODULE:  .\Release\Objects\Project (?C_STARTUP)


            TYPE    BASE      LENGTH    RELOCATION   SEGMENT NAME
            -----------------------------------------------------

            * * * * * * *   D A T A   M E M O R Y   * * * * * * *
            REG     0000H     0008H     ABSOLUTE     "REG BANK 0"
            DATA    0008H     0004H     ABSOLUTE     
            DATA    000CH     0004H     ABSOLUTE     
            DATA    0010H     0004H     ABSOLUTE     
            DATA    0014H     0004H     ABSOLUTE     
            DATA    0018H     0004H     ABSOLUTE     
            DATA    001CH     0004H     ABSOLUTE     
            BIT     0020H.0   0002H.5   UNIT         ?BI?INSTRUCTION
            BIT     0022H.5   0000H.2   UNIT         ?BI?TMR2
            BIT     0022H.7   0000H.2   UNIT         ?BI?TK_LIB
            BIT     0023H.1   0000H.1   UNIT         ?BI?UART0
            BIT     0023H.2   0000H.1   UNIT         ?BI?SPEED_SCAN
            BIT     0023H.3   0000H.1   UNIT         ?BI?ENGINE_SPEED_SCAN
            BIT     0023H.4   0000H.1   UNIT         _BIT_GROUP_
                    0023H.5   0000H.3                *** GAP ***
            DATA    0024H     0008H     UNIT         _DATA_GROUP_
                    002CH     0004H                  *** GAP ***
            DATA    0030H     0004H     ABSOLUTE     
            DATA    0034H     0004H     ABSOLUTE     
            DATA    0038H     0004H     ABSOLUTE     
            DATA    003CH     0004H     ABSOLUTE     
                    0040H     0010H                  *** GAP ***
            DATA    0050H     0002H     ABSOLUTE     
            DATA    0052H     0002H     ABSOLUTE     
            DATA    0054H     0002H     ABSOLUTE     
                    0056H     000AH                  *** GAP ***
BL51 BANKED LINKER/LOCATER V6.22.4.0                                                  06/19/2025  16:47:01  PAGE 3


            DATA    0060H     0001H     ABSOLUTE     
            DATA    0061H     0001H     ABSOLUTE     
            DATA    0062H     0001H     ABSOLUTE     
            DATA    0063H     0001H     ABSOLUTE     
            DATA    0064H     0001H     ABSOLUTE     
            DATA    0065H     0001H     ABSOLUTE     
            DATA    0066H     0001H     ABSOLUTE     
            IDATA   0067H     0001H     UNIT         ?STACK

            * * * * * * *  X D A T A   M E M O R Y  * * * * * * *
                    0000H     6000H                  *** GAP ***
            XDATA   6000H     0004H     ABSOLUTE     
            XDATA   6004H     0004H     ABSOLUTE     
            XDATA   6008H     0004H     ABSOLUTE     
            XDATA   600CH     0004H     UNIT         ?XD?TMR0
            XDATA   6010H     0004H     ABSOLUTE     
            XDATA   6014H     0004H     ABSOLUTE     
            XDATA   6018H     0394H     UNIT         ?XD?TK_LIB
            XDATA   63ACH     0045H     UNIT         ?XD?AD_KEY
            XDATA   63F1H     003DH     UNIT         ?XD?UART0
            XDATA   642EH     002EH     UNIT         ?XD?FUEL_CAPACITY
            XDATA   645CH     0027H     UNIT         ?XD?FUN_INFO
            XDATA   6483H     001FH     UNIT         ?XD?TOUCH_KEY
            XDATA   64A2H     0019H     UNIT         _XDATA_GROUP_
            XDATA   64BBH     0018H     UNIT         ?XD?TK_SET
            XDATA   64D3H     0012H     UNIT         ?XD?MILEAGE
            XDATA   64E5H     0010H     UNIT         ?XD?SPEED_SCAN
            XDATA   64F5H     0010H     UNIT         ?XD?ENGINE_SPEED_SCAN
            XDATA   6505H     000CH     UNIT         ?XD?TEMP_OF_WATER
            XDATA   6511H     000CH     UNIT         ?XD?BATTERY
            XDATA   651DH     0009H     UNIT         ?XD?INSTRUCTION
            XDATA   6526H     0008H     UNIT         ?XD?TMR1
            XDATA   652EH     0007H     UNIT         ?XD?AIP1302_UPDATE_ALL_DATA?AIP1302
            XDATA   6535H     0004H     UNIT         ?XD?KEY_DRIVER
            XDATA   6539H     0003H     UNIT         ?XD?TMR2
            XDATA   653CH     0003H     UNIT         ?XD?_UART0_SEND_BUFF?UART0
            XDATA   653FH     0002H     UNIT         ?XD?ADC
            XDATA   6541H     0002H     UNIT         ?XD?PIN_LEVEL_SCAN
            XDATA   6543H     0001H     UNIT         ?XD?_PUTCHAR?UART0

            * * * * * * *   C O D E   M E M O R Y   * * * * * * *
            CODE    0000H     0003H     ABSOLUTE     
            CODE    0003H     000CH     ABSOLUTE     
            CODE    000FH     000FH     UNIT         ?PR?AIP1302_IS_RUNNING?AIP1302
            CODE    001EH     0003H     ABSOLUTE     
            CODE    0021H     0003H     ABSOLUTE     
            CODE    0024H     0003H     ABSOLUTE     
            CODE    0027H     0023H     UNIT         ?PR?_UART0_SEND_BUFF?UART0
                    004AH     0001H                  *** GAP ***
            CODE    004BH     0003H     ABSOLUTE     
            CODE    004EH     000FH     UNIT         ?PR?AD_KEY
            CODE    005DH     0003H     ABSOLUTE     
            CODE    0060H     052DH     UNIT         ?C?LIB_CODE
            CODE    058DH     033FH     UNIT         ?PR?__TK_DATA_PROCESS?TK_LIB
            CODE    08CCH     0252H     UNIT         ?PR?___TK_MODE_CARRY_FUNC?TK_LIB
            CODE    0B1EH     0248H     UNIT         ?C_INITSEG
            CODE    0D66H     0247H     UNIT         ?PR?INSTRUCTION_HANDLE?INSTRUCTION
BL51 BANKED LINKER/LOCATER V6.22.4.0                                                  06/19/2025  16:47:01  PAGE 4


            CODE    0FADH     0206H     UNIT         ?PR?_SEND_DATA?SEND_DATA
            CODE    11B3H     01B9H     UNIT         ?PR?__TK_BUTTON_DECIDE?TK_LIB
            CODE    136CH     01B5H     UNIT         ?PR?___TK_LIB_I_ADJUST?TK_LIB
            CODE    1521H     0193H     UNIT         ?PR?_KEY_DRIVER_SCAN?KEY_DRIVER
            CODE    16B4H     014EH     UNIT         ?PR?INSTRUCTION_SCAN?INSTRUCTION
            CODE    1802H     013CH     UNIT         ?PR?TK_GPIO_CONFIG?TK_SET
            CODE    193EH     0138H     UNIT         ?PR?UART0_IRQHANDLER?UART0
            CODE    1A76H     0130H     UNIT         ?PR?HEART_BEAT_HANDLE?TMR1
            CODE    1BA6H     0124H     UNIT         ?PR?UART0_SCAN_HANDLE?UART0
            CODE    1CCAH     00EDH     UNIT         ?PR?TIMR2_IRQHANDLER?TMR2
            CODE    1DB7H     00DCH     UNIT         ?PR?SYSTEM_INIT?SYSTEM
            CODE    1E93H     00D8H     UNIT         ?PR?MILEAGE_SCAN?MILEAGE
            CODE    1F6BH     00D4H     UNIT         ?PR?ADC_GETVAL?ADC
            CODE    203FH     00D0H     UNIT         ?PR?SPEED_SCAN?SPEED_SCAN
            CODE    210FH     00D0H     UNIT         ?PR?TEMP_OF_WATER_SCAN?TEMP_OF_WATER
            CODE    21DFH     00CBH     UNIT         ?PR?BATTERY_SCAN?BATTERY
            CODE    22AAH     00BAH     UNIT         ?PR?AD_KEY_HANDLE?AD_KEY
            CODE    2364H     00AFH     UNIT         ?PR?_AIP1302_WRITE_BYTE?AIP1302
            CODE    2413H     00A8H     UNIT         ?PR?PIN_LEVEL_SCAN?PIN_LEVEL_SCAN
            CODE    24BBH     009CH     UNIT         ?PR?TOUCH_KEY_HANDLE?TOUCH_KEY
            CODE    2557H     009BH     UNIT         ?PR?__TK_LIB_INIT?TK_LIB
            CODE    25F2H     009AH     UNIT         ?C_C51STARTUP
            CODE    268CH     0099H     UNIT         ?PR?FUEL_CAPACITY_SCAN?FUEL_CAPACITY
            CODE    2725H     0093H     UNIT         ?PR?__TK_BASELINE_INIT?TK_LIB
            CODE    27B8H     0092H     UNIT         ?PR?TK_PARAM_INIT?TK_SET
            CODE    284AH     0092H     UNIT         ?PR?___AIP1302_READ_BYTE?AIP1302
            CODE    28DCH     0090H     UNIT         ?PR?___AIP1302_WRITE_BYTE?AIP1302
            CODE    296CH     008AH     UNIT         ?PR?ENGINE_SPEED_SCAN?ENGINE_SPEED_SCAN
            CODE    29F6H     0084H     UNIT         ?PR?___TK_SET_NEXT_CH?TK_LIB
            CODE    2A7AH     007EH     UNIT         ?PR?__TK_BASELINE_UPDATE?TK_LIB
            CODE    2AF8H     007EH     UNIT         ?PR?__TK_LONG_KEY_CLEAR?TK_LIB
            CODE    2B76H     0075H     UNIT         ?PR?__TK_HANDLER?TK_LIB
            CODE    2BEBH     0074H     UNIT         ?PR?TIMR1_IRQHANDLER?TMR1
            CODE    2C5FH     006EH     UNIT         ?PR?___AIP1302_CONVERT_READ_BYTE?AIP1302
            CODE    2CCDH     006DH     UNIT         ?PR?TIMR0_IRQHANDLER?TMR0
            CODE    2D3AH     006CH     UNIT         ?PR?_GET_FILTERED_ADC?FUEL_CAPACITY
            CODE    2DA6H     0062H     UNIT         ?PR?__TK_I_SOURCE_ADJUST?TK_LIB
            CODE    2E08H     005FH     UNIT         ?PR?MAIN?MAIN
            CODE    2E67H     005EH     UNIT         ?PR?AIP1302_CONFIG?AIP1302
            CODE    2EC5H     0059H     UNIT         ?PR?UART0
            CODE    2F1EH     004FH     UNIT         ?PR?TK_INIT?TK_SET
            CODE    2F6DH     004CH     UNIT         ?PR?___CONVER_CUR_AD_TO_AD_KEY?AD_KEY
            CODE    2FB9H     004BH     UNIT         ?PR?TMR1
            CODE    3004H     0049H     UNIT         ?PR?TOUCH_KEY_GET_KEY_ID?TOUCH_KEY
            CODE    304DH     0048H     UNIT         ?PR?INSTRUCTION
            CODE    3095H     0046H     UNIT         ?PR?AIP1302_READ_ALL?AIP1302
            CODE    30DBH     0045H     UNIT         ?PR?TK_IRQHANDLER?TK_SET
            CODE    3120H     0044H     UNIT         ?PR?_CONVERT_FUEL_ADC_TO_PERCENT?FUEL_CAPACITY
            CODE    3164H     0040H     UNIT         ?PR?TMR2_CONFIG?TMR2
            CODE    31A4H     003FH     UNIT         ?PR?AIP1302_UPDATE_ALL_DATA?AIP1302
            CODE    31E3H     003FH     UNIT         ?PR?AIP1302_UPDATE_TIME?AIP1302
            CODE    3222H     003FH     UNIT         ?PR?UPDATE_ENGINE_SPEED_SCAN_DATA?ENGINE_SPEED_SCAN
            CODE    3261H     003EH     UNIT         ?PR?SEND_DATA
            CODE    329FH     003DH     UNIT         ?PR?TMR1_CONFIG?TMR1
            CODE    32DCH     003DH     UNIT         ?PR?USER_INIT?MAIN
            CODE    3319H     003DH     UNIT         ?PR?__TK_MODE_CONFIG?TK_LIB
            CODE    3356H     003CH     UNIT         ?PR?TMR0_CONFIG?TMR0
BL51 BANKED LINKER/LOCATER V6.22.4.0                                                  06/19/2025  16:47:01  PAGE 5


            CODE    3392H     003AH     UNIT         ?PR?_ADC_SEL_PIN?ADC
            CODE    33CCH     0039H     UNIT         ?PR?UPDATE_SPEED_SCAN_DATA?SPEED_SCAN
            CODE    3405H     0037H     UNIT         ?PR?_FLASH_WRITE?FLASH
            CODE    343CH     0034H     UNIT         ?PR?_FLASH_READ?FLASH
            CODE    3470H     0032H     UNIT         ?PR?AD_KEY_GET_KEY_ID?AD_KEY
            CODE    34A2H     002EH     UNIT         ?PR?AIP1302
            CODE    34D0H     002CH     UNIT         ?PR?___TOUCH_KEY_GET_EVENT?TOUCH_KEY
            CODE    34FCH     002BH     UNIT         ?PR?UART0_CONFIG?UART0
            CODE    3527H     002BH     UNIT         ?PR?PIN_LEVEL_SCAN_CONFIG?PIN_LEVEL_SCAN
            CODE    3552H     002BH     UNIT         ?PR?MILEAGE
            CODE    357DH     0028H     UNIT         ?PR?ADC_CONFIG?ADC
            CODE    35A5H     0023H     UNIT         ?PR?ADC_SINGLE_CONVERT?ADC
            CODE    35C8H     0023H     UNIT         ?PR?___AD_KEY_GET_EVENT?AD_KEY
            CODE    35EBH     0021H     UNIT         ?PR?KEY_DRIVER
            CODE    360CH     0020H     UNIT         ?PR?__TK_SCAN?TK_LIB
            CODE    362CH     001FH     UNIT         ?PR?TMR2
            CODE    364BH     001FH     UNIT         ?PR?TOUCH_KEY
            CODE    366AH     001EH     UNIT         ?CO?TK_SET
            CODE    3688H     001EH     UNIT         ?PR?TEMP_OF_WATER
            CODE    36A6H     001BH     UNIT         ?PR?_DELAY_MS?SYSTEM
            CODE    36C1H     001BH     UNIT         ?PR?ADC
            CODE    36DCH     001AH     UNIT         ?PR?_REVERSE_U8?AIP1302
            CODE    36F6H     0019H     UNIT         ?PR?_CONVER_ADC_VAL_TO_VOLTAGE?BATTERY
            CODE    370FH     0018H     UNIT         ?PR?TK_SET
            CODE    3727H     0018H     UNIT         ?PR?FUN_INFO_INIT?FUN_INFO
            CODE    373FH     0016H     UNIT         ?PR?_AIP1302_READ_BYTE?AIP1302
            CODE    3755H     0015H     UNIT         ?PR?FUEL_CAPACITY
            CODE    376AH     0011H     UNIT         ?PR?TMR2_ENABLE?TMR2
            CODE    377BH     0011H     UNIT         ?PR?_FLASH_ERASE_SECTOR?FLASH
            CODE    378CH     0011H     UNIT         ?PR?_SAMPLES_INIT?FUEL_CAPACITY
            CODE    379DH     0010H     UNIT         ?PR?P03_OUTPUT_CONFIG?MY_GPIO
            CODE    37ADH     0010H     UNIT         ?PR?TMR0_DISABLE?TMR0
            CODE    37BDH     0010H     UNIT         ?PR?TMR1_ENABLE?TMR1
            CODE    37CDH     000EH     UNIT         ?PR?_PUTCHAR?UART0
            CODE    37DBH     000EH     UNIT         ?PR?FUN_INFO_SAVE?FUN_INFO
            CODE    37E9H     000EH     UNIT         ?PR?_CONVER_VOLTAGE_OF_BATTERY_TO_PERCENTAGE?BATTERY
            CODE    37F7H     000DH     UNIT         ?PR?P06_INPUT_CONFIG?MY_GPIO
            CODE    3804H     000DH     UNIT         ?PR?P07_INPUT_CONFIG?MY_GPIO
            CODE    3811H     000DH     UNIT         ?PR?P10_INPUT_CONFIG?MY_GPIO
            CODE    381EH     000DH     UNIT         ?PR?P13_INPUT_CONFIG?MY_GPIO
            CODE    382BH     000DH     UNIT         ?PR?P14_INPUT_CONFIG?MY_GPIO
            CODE    3838H     000DH     UNIT         ?PR?P21_INPUT_CONFIG?MY_GPIO
            CODE    3845H     000DH     UNIT         ?PR?P22_INPUT_CONFIG?MY_GPIO
            CODE    3852H     000DH     UNIT         ?PR?P23_INPUT_CONFIG?MY_GPIO
            CODE    385FH     000DH     UNIT         ?PR?P25_INPUT_CONFIG?MY_GPIO
            CODE    386CH     000DH     UNIT         ?PR?P27_INPUT_CONFIG?MY_GPIO
            CODE    3879H     000DH     UNIT         ?PR?P30_INPUT_CONFIG?MY_GPIO
            CODE    3886H     000DH     UNIT         ?PR?_UART0_SENDBYTE?UART0
            CODE    3893H     000DH     UNIT         ?PR?SPEED_SCAN_CONFIG?SPEED_SCAN
            CODE    38A0H     000DH     UNIT         ?PR?ENGINE_SPEED_SCAN_CONFIG?ENGINE_SPEED_SCAN
            CODE    38ADH     000CH     UNIT         ?PR?TMR0_ENABLE?TMR0
            CODE    38B9H     000CH     UNIT         ?PR?FUN_INFO
            CODE    38C5H     000CH     UNIT         ?PR?SPEED_SCAN
            CODE    38D1H     000BH     UNIT         ?PR?_DELAY?SYSTEM
            CODE    38DCH     0008H     UNIT         ?PR?TMR0
            CODE    38E4H     0006H     UNIT         ?PR?ENGINE_SPEED_SCAN
            CODE    38EAH     0005H     UNIT         ?PR?__TK_MS_HANDLER?TK_LIB
BL51 BANKED LINKER/LOCATER V6.22.4.0                                                  06/19/2025  16:47:01  PAGE 6





OVERLAY MAP OF MODULE:   .\Release\Objects\Project (?C_STARTUP)


SEGMENT                                             BIT_GROUP          DATA_GROUP          XDATA_GROUP
  +--> CALLED SEGMENT                            START    LENGTH     START    LENGTH     START    LENGTH
--------------------------------------------------------------------------------------------------------
?C_C51STARTUP                                    -----    -----      -----    -----      -----    -----
  +--> ?PR?MAIN?MAIN
  +--> ?C_INITSEG

?PR?MAIN?MAIN                                    -----    -----      -----    -----      -----    -----
  +--> ?PR?SYSTEM_INIT?SYSTEM
  +--> ?PR?USER_INIT?MAIN
  +--> ?PR?_DELAY_MS?SYSTEM
  +--> ?PR?__TK_SCAN?TK_LIB
  +--> ?PR?_KEY_DRIVER_SCAN?KEY_DRIVER
  +--> ?PR?AD_KEY_HANDLE?AD_KEY
  +--> ?PR?TOUCH_KEY_HANDLE?TOUCH_KEY
  +--> ?PR?SPEED_SCAN?SPEED_SCAN
  +--> ?PR?MILEAGE_SCAN?MILEAGE
  +--> ?PR?ENGINE_SPEED_SCAN?ENGINE_SPEED_SCAN
  +--> ?PR?FUEL_CAPACITY_SCAN?FUEL_CAPACITY
  +--> ?PR?BATTERY_SCAN?BATTERY
  +--> ?PR?UART0_SCAN_HANDLE?UART0
  +--> ?PR?INSTRUCTION_SCAN?INSTRUCTION
  +--> ?PR?INSTRUCTION_HANDLE?INSTRUCTION
  +--> ?PR?HEART_BEAT_HANDLE?TMR1

?PR?SYSTEM_INIT?SYSTEM                           -----    -----      -----    -----      -----    -----
  +--> ?PR?_DELAY?SYSTEM
  +--> ?PR?_DELAY_MS?SYSTEM

?PR?_DELAY_MS?SYSTEM                             -----    -----      -----    -----      -----    -----
  +--> ?PR?_DELAY?SYSTEM

?PR?USER_INIT?MAIN                               -----    -----      -----    -----      -----    -----
  +--> ?PR?FUN_INFO_INIT?FUN_INFO
  +--> ?PR?TMR0_CONFIG?TMR0
  +--> ?PR?UART0_CONFIG?UART0
  +--> ?PR?PIN_LEVEL_SCAN_CONFIG?PIN_LEVEL_SCAN
  +--> ?PR?TMR1_CONFIG?TMR1
  +--> ?PR?SPEED_SCAN_CONFIG?SPEED_SCAN
  +--> ?PR?ENGINE_SPEED_SCAN_CONFIG?ENGINE_S...
  +--> ?PR?ADC_CONFIG?ADC
  +--> ?PR?TK_PARAM_INIT?TK_SET
  +--> ?PR?AIP1302_CONFIG?AIP1302
  +--> ?PR?TMR2_CONFIG?TMR2
  +--> ?PR?TMR1_ENABLE?TMR1
  +--> ?PR?TMR2_ENABLE?TMR2
  +--> ?PR?_DELAY_MS?SYSTEM

?PR?FUN_INFO_INIT?FUN_INFO                       -----    -----      -----    -----      -----    -----
  +--> ?PR?FUN_INFO
  +--> ?PR?_FLASH_READ?FLASH
BL51 BANKED LINKER/LOCATER V6.22.4.0                                                  06/19/2025  16:47:01  PAGE 7



?PR?_FLASH_READ?FLASH                            -----    -----      -----    -----      64A2H    0005H

?PR?TMR0_CONFIG?TMR0                             -----    -----      -----    -----      -----    -----
  +--> ?PR?TMR0

?PR?PIN_LEVEL_SCAN_CONFIG?PIN_LEVEL_SCAN         -----    -----      -----    -----      -----    -----
  +--> ?PR?P21_INPUT_CONFIG?MY_GPIO
  +--> ?PR?P22_INPUT_CONFIG?MY_GPIO
  +--> ?PR?P25_INPUT_CONFIG?MY_GPIO
  +--> ?PR?P27_INPUT_CONFIG?MY_GPIO
  +--> ?PR?P30_INPUT_CONFIG?MY_GPIO
  +--> ?PR?P14_INPUT_CONFIG?MY_GPIO
  +--> ?PR?P13_INPUT_CONFIG?MY_GPIO
  +--> ?PR?P10_INPUT_CONFIG?MY_GPIO
  +--> ?PR?P07_INPUT_CONFIG?MY_GPIO
  +--> ?PR?P06_INPUT_CONFIG?MY_GPIO

?PR?ADC_CONFIG?ADC                               -----    -----      -----    -----      -----    -----
  +--> ?PR?ADC

?PR?TK_PARAM_INIT?TK_SET                         -----    -----      -----    -----      -----    -----
  +--> ?CO?TK_SET
  +--> ?PR?TK_SET
  +--> ?PR?TK_GPIO_CONFIG?TK_SET
  +--> ?PR?__TK_LIB_INIT?TK_LIB
  +--> ?PR?TK_INIT?TK_SET

?PR?TK_GPIO_CONFIG?TK_SET                        -----    -----      -----    -----      -----    -----
  +--> ?PR?TK_SET

?PR?__TK_LIB_INIT?TK_LIB                         -----    -----      -----    -----      64A2H    0002H
  +--> ?PR?__TK_DATA_PROCESS?TK_LIB
  +--> ?CO?TK_SET
  +--> ?PR?___TK_SET_NEXT_CH?TK_LIB

?PR?__TK_DATA_PROCESS?TK_LIB                     -----    -----      -----    -----      -----    -----
  +--> ?CO?TK_SET

?PR?AIP1302_CONFIG?AIP1302                       -----    -----      -----    -----      -----    -----
  +--> ?PR?AIP1302
  +--> ?PR?AIP1302_IS_RUNNING?AIP1302
  +--> ?PR?_AIP1302_WRITE_BYTE?AIP1302
  +--> ?PR?AIP1302_READ_ALL?AIP1302

?PR?AIP1302_IS_RUNNING?AIP1302                   -----    -----      -----    -----      -----    -----
  +--> ?PR?___AIP1302_READ_BYTE?AIP1302

?PR?___AIP1302_READ_BYTE?AIP1302                 -----    -----      -----    -----      64A7H    0003H
  +--> ?PR?AIP1302
  +--> ?PR?_DELAY?SYSTEM

?PR?_AIP1302_WRITE_BYTE?AIP1302                  -----    -----      -----    -----      64ADH    0004H
  +--> ?PR?___AIP1302_WRITE_BYTE?AIP1302

?PR?___AIP1302_WRITE_BYTE?AIP1302                -----    -----      -----    -----      64B1H    0003H
  +--> ?PR?AIP1302
BL51 BANKED LINKER/LOCATER V6.22.4.0                                                  06/19/2025  16:47:01  PAGE 8


  +--> ?PR?_DELAY?SYSTEM

?PR?AIP1302_READ_ALL?AIP1302                     -----    -----      -----    -----      -----    -----
  +--> ?PR?_AIP1302_READ_BYTE?AIP1302

?PR?_AIP1302_READ_BYTE?AIP1302                   -----    -----      -----    -----      64A6H    0001H
  +--> ?PR?___AIP1302_READ_BYTE?AIP1302
  +--> ?PR?___AIP1302_CONVERT_READ_BYTE?AIP1302

?PR?___AIP1302_CONVERT_READ_BYTE?AIP1302         -----    -----      -----    -----      64A7H    0003H
  +--> ?PR?_REVERSE_U8?AIP1302

?PR?__TK_SCAN?TK_LIB                             -----    -----      -----    -----      -----    -----
  +--> ?PR?__TK_BUTTON_DECIDE?TK_LIB
  +--> ?PR?___TK_SET_NEXT_CH?TK_LIB

?PR?__TK_BUTTON_DECIDE?TK_LIB                    -----    -----      -----    -----      -----    -----
  +--> ?CO?TK_SET
  +--> ?PR?___TK_MODE_CARRY_FUNC?TK_LIB

?PR?___TK_MODE_CARRY_FUNC?TK_LIB                 -----    -----      -----    -----      64A2H    0001H
  +--> ?CO?TK_SET
  +--> ?PR?__TK_BASELINE_UPDATE?TK_LIB

?PR?__TK_BASELINE_UPDATE?TK_LIB                  -----    -----      -----    -----      -----    -----
  +--> ?CO?TK_SET

?PR?_KEY_DRIVER_SCAN?KEY_DRIVER                  -----    -----      -----    -----      64A2H    0002H
  +--> ?PR?KEY_DRIVER

?PR?AD_KEY_HANDLE?AD_KEY                         -----    -----      -----    -----      -----    -----
  +--> ?PR?___AD_KEY_GET_EVENT?AD_KEY
  +--> ?PR?_SEND_DATA?SEND_DATA

?PR?___AD_KEY_GET_EVENT?AD_KEY                   -----    -----      -----    -----      -----    -----
  +--> ?PR?AD_KEY

?PR?_SEND_DATA?SEND_DATA                         -----    -----      -----    -----      64A6H    0009H
  +--> ?PR?_UART0_SENDBYTE?UART0
  +--> ?PR?SEND_DATA
  +--> ?PR?_DELAY_MS?SYSTEM

?PR?TOUCH_KEY_HANDLE?TOUCH_KEY                   -----    -----      -----    -----      -----    -----
  +--> ?PR?___TOUCH_KEY_GET_EVENT?TOUCH_KEY
  +--> ?PR?_SEND_DATA?SEND_DATA

?PR?___TOUCH_KEY_GET_EVENT?TOUCH_KEY             -----    -----      -----    -----      64A2H    0001H
  +--> ?PR?TOUCH_KEY

?PR?SPEED_SCAN?SPEED_SCAN                        -----    -----      -----    -----      64A2H    0008H
  +--> ?PR?SPEED_SCAN

?PR?MILEAGE_SCAN?MILEAGE                         -----    -----      -----    -----      -----    -----
  +--> ?PR?MILEAGE
  +--> ?PR?FUN_INFO_SAVE?FUN_INFO

?PR?FUN_INFO_SAVE?FUN_INFO                       -----    -----      -----    -----      -----    -----
BL51 BANKED LINKER/LOCATER V6.22.4.0                                                  06/19/2025  16:47:01  PAGE 9


  +--> ?PR?_FLASH_ERASE_SECTOR?FLASH
  +--> ?PR?FUN_INFO
  +--> ?PR?_FLASH_WRITE?FLASH

?PR?_FLASH_WRITE?FLASH                           -----    -----      -----    -----      64A6H    0005H

?PR?ENGINE_SPEED_SCAN?ENGINE_SPEED_SCAN          -----    -----      -----    -----      64A2H    0004H
  +--> ?PR?ENGINE_SPEED_SCAN

?PR?FUEL_CAPACITY_SCAN?FUEL_CAPACITY             -----    -----      -----    -----      64A2H    0003H
  +--> ?PR?_ADC_SEL_PIN?ADC
  +--> ?PR?_GET_FILTERED_ADC?FUEL_CAPACITY
  +--> ?PR?FUEL_CAPACITY
  +--> ?PR?_SAMPLES_INIT?FUEL_CAPACITY
  +--> ?PR?_CONVERT_FUEL_ADC_TO_PERCENT?FUEL...
  +--> ?PR?ADC_GETVAL?ADC

?PR?_ADC_SEL_PIN?ADC                             -----    -----      -----    -----      -----    -----
  +--> ?PR?ADC
  +--> ?PR?_DELAY_MS?SYSTEM

?PR?_GET_FILTERED_ADC?FUEL_CAPACITY              -----    -----      -----    -----      64A5H    0005H
  +--> ?PR?FUEL_CAPACITY

?PR?_SAMPLES_INIT?FUEL_CAPACITY                  -----    -----      -----    -----      -----    -----
  +--> ?PR?FUEL_CAPACITY

?PR?_CONVERT_FUEL_ADC_TO_PERCENT?FUEL...         -----    -----      -----    -----      64A5H    0002H

?PR?ADC_GETVAL?ADC                               -----    -----      -----    -----      64A5H    000BH
  +--> ?PR?ADC_SINGLE_CONVERT?ADC
  +--> ?PR?ADC

?PR?BATTERY_SCAN?BATTERY                         -----    -----      -----    -----      64A2H    0003H
  +--> ?PR?_ADC_SEL_PIN?ADC
  +--> ?PR?ADC_GETVAL?ADC
  +--> ?PR?_CONVER_ADC_VAL_TO_VOLTAGE?BATTERY
  +--> ?PR?_CONVER_VOLTAGE_OF_BATTERY_TO_PER...

?PR?UART0_SCAN_HANDLE?UART0                      0023H.4  0000H.1    -----    -----      64A2H    0003H
  +--> ?PR?TMR0_DISABLE?TMR0
  +--> ?PR?UART0

?PR?TMR0_DISABLE?TMR0                            -----    -----      -----    -----      -----    -----
  +--> ?PR?TMR0

?PR?INSTRUCTION_SCAN?INSTRUCTION                 -----    -----      -----    -----      64A2H    0001H
  +--> ?PR?INSTRUCTION

?PR?INSTRUCTION_HANDLE?INSTRUCTION               -----    -----      -----    -----      64A2H    0004H
  +--> ?PR?INSTRUCTION
  +--> ?PR?_SEND_DATA?SEND_DATA
  +--> ?PR?AIP1302_READ_ALL?AIP1302
  +--> ?PR?AIP1302_UPDATE_TIME?AIP1302
  +--> ?PR?FUN_INFO_SAVE?FUN_INFO

?PR?AIP1302_UPDATE_TIME?AIP1302                  -----    -----      -----    -----      64A6H    0007H
BL51 BANKED LINKER/LOCATER V6.22.4.0                                                  06/19/2025  16:47:01  PAGE 10


  +--> ?PR?_AIP1302_WRITE_BYTE?AIP1302

?PR?HEART_BEAT_HANDLE?TMR1                       -----    -----      -----    -----      64A2H    0008H
  +--> ?PR?TMR1

?C_INITSEG                                       -----    -----      -----    -----      -----    -----
  +--> ?PR?AD_KEY_GET_KEY_ID?AD_KEY
  +--> ?PR?TOUCH_KEY_GET_KEY_ID?TOUCH_KEY

?PR?AD_KEY_GET_KEY_ID?AD_KEY                     -----    -----      -----    -----      64A2H    0002H
  +--> ?PR?_ADC_SEL_PIN?ADC
  +--> ?PR?ADC_SINGLE_CONVERT?ADC
  +--> ?PR?___CONVER_CUR_AD_TO_AD_KEY?AD_KEY

?PR?___CONVER_CUR_AD_TO_AD_KEY?AD_KEY            -----    -----      -----    -----      64A4H    0002H

?PR?TOUCH_KEY_GET_KEY_ID?TOUCH_KEY               -----    -----      -----    -----      64A2H    0005H
  +--> ?PR?TOUCH_KEY

*** NEW ROOT ***************************************************

?PR?TK_IRQHANDLER?TK_SET                         -----    -----      -----    -----      -----    -----
  +--> ?PR?__TK_HANDLER?TK_LIB

?PR?__TK_HANDLER?TK_LIB                          -----    -----      -----    -----      -----    -----
  +--> ?CO?TK_SET
  +--> ?PR?__TK_MODE_CONFIG?TK_LIB
  +--> ?PR?__TK_I_SOURCE_ADJUST?TK_LIB
  +--> ?PR?__TK_BASELINE_INIT?TK_LIB
  +--> ?PR?___TK_SET_NEXT_CH?TK_LIB

?PR?__TK_MODE_CONFIG?TK_LIB                      -----    -----      -----    -----      -----    -----
  +--> ?PR?___TK_SET_NEXT_CH?TK_LIB

?PR?__TK_I_SOURCE_ADJUST?TK_LIB                  -----    -----      -----    -----      64B4H    0001H
  +--> ?CO?TK_SET
  +--> ?PR?___TK_LIB_I_ADJUST?TK_LIB
  +--> ?PR?__TK_MODE_CONFIG?TK_LIB
  +--> ?PR?___TK_SET_NEXT_CH?TK_LIB

?PR?___TK_LIB_I_ADJUST?TK_LIB                    -----    -----      0024H    0008H      64B5H    0005H
  +--> ?CO?TK_SET

?PR?__TK_BASELINE_INIT?TK_LIB                    -----    -----      -----    -----      -----    -----
  +--> ?CO?TK_SET
  +--> ?PR?___TK_SET_NEXT_CH?TK_LIB

*** NEW ROOT ***************************************************

?PR?TIMR1_IRQHANDLER?TMR1                        -----    -----      -----    -----      -----    -----
  +--> ?PR?TMR1

*** NEW ROOT ***************************************************

?PR?TIMR2_IRQHANDLER?TMR2                        -----    -----      -----    -----      -----    -----
  +--> ?PR?TMR2
  +--> ?PR?UPDATE_ENGINE_SPEED_SCAN_DATA?ENG...
BL51 BANKED LINKER/LOCATER V6.22.4.0                                                  06/19/2025  16:47:01  PAGE 11


  +--> ?PR?UPDATE_SPEED_SCAN_DATA?SPEED_SCAN

?PR?UPDATE_SPEED_SCAN_DATA?SPEED_SCAN            -----    -----      -----    -----      -----    -----
  +--> ?PR?SPEED_SCAN

*** NEW ROOT ***************************************************

?PR?UART0_IRQHANDLER?UART0                       -----    -----      -----    -----      64BAH    0001H
  +--> ?PR?UART0
  +--> ?PR?TMR0_DISABLE?TMR0
  +--> ?PR?TMR0_ENABLE?TMR0

?PR?TMR0_ENABLE?TMR0                             -----    -----      -----    -----      -----    -----
  +--> ?PR?TMR0



SYMBOL TABLE OF MODULE:  .\Release\Objects\Project (?C_STARTUP)

  VALUE           TYPE          NAME
  ----------------------------------

  -------         MODULE        ?C_STARTUP
  C:25F2H         SEGMENT       ?C_C51STARTUP
  I:0067H         SEGMENT       ?STACK
  C:0000H         PUBLIC        ?C_STARTUP
  D:00E0H         SYMBOL        ACC
  D:00F0H         SYMBOL        B
  D:0083H         SYMBOL        DPH
  D:0082H         SYMBOL        DPL
  N:0000H         SYMBOL        IBPSTACK
  N:0100H         SYMBOL        IBPSTACKTOP
  N:0080H         SYMBOL        IDATALEN
  C:25F5H         SYMBOL        IDATALOOP
  N:0000H         SYMBOL        PBPSTACK
  N:0100H         SYMBOL        PBPSTACKTOP
  N:0000H         SYMBOL        PDATALEN
  N:0000H         SYMBOL        PDATASTART
  N:0000H         SYMBOL        PPAGE
  N:0000H         SYMBOL        PPAGEENABLE
  D:00A0H         SYMBOL        PPAGE_SFR
  D:0081H         SYMBOL        SP
  C:25F2H         SYMBOL        STARTUP1
  N:0000H         SYMBOL        XBPSTACK
  N:0000H         SYMBOL        XBPSTACKTOP
  N:0700H         SYMBOL        XDATALEN
  C:2600H         SYMBOL        XDATALOOP
  N:6000H         SYMBOL        XDATASTART
  C:0000H         LINE#         126
  C:25F2H         LINE#         133
  C:25F4H         LINE#         134
  C:25F5H         LINE#         135
  C:25F6H         LINE#         136
  C:25F8H         LINE#         140
  C:25FBH         LINE#         141
  C:25FDH         LINE#         145
  C:25FFH         LINE#         147
BL51 BANKED LINKER/LOCATER V6.22.4.0                                                  06/19/2025  16:47:01  PAGE 12


  C:2600H         LINE#         148
  C:2601H         LINE#         149
  C:2602H         LINE#         150
  C:2604H         LINE#         151
  C:2606H         LINE#         185
  C:2609H         LINE#         196
  -------         ENDMOD        ?C_STARTUP

  -------         MODULE        SYSTEM
  C:0000H         SYMBOL        _ICE_DUMMY_
  D:00D9H         PUBLIC        WDT_KEY
  D:00A7H         PUBLIC        FLASH_TIMEREG0
  D:00ACH         PUBLIC        FLASH_TIMEREG1
  C:38D1H         PUBLIC        _delay
  C:36A6H         PUBLIC        _delay_ms
  C:1DB7H         PUBLIC        system_init
  -------         PROC          _DELAY
  D:0006H         SYMBOL        cnt
  C:38D1H         LINE#         37
  C:38D1H         LINE#         38
  C:38D1H         LINE#         39
  C:38DBH         LINE#         40
  C:38DBH         LINE#         41
  C:38DBH         LINE#         42
  -------         ENDPROC       _DELAY
  -------         PROC          _DELAY_MS
  D:0002H         SYMBOL        ms
  C:36A6H         LINE#         49
  C:36AAH         LINE#         50
  C:36AAH         LINE#         51
  C:36B4H         LINE#         52
  C:36B4H         LINE#         53
  C:36BBH         LINE#         54
  C:36BEH         LINE#         55
  C:36C0H         LINE#         56
  -------         ENDPROC       _DELAY_MS
  -------         PROC          SYSTEM_INIT
  -------         DO            
  D:0007H         SYMBOL        i
  -------         ENDDO         
  C:1DB7H         LINE#         63
  C:1DB7H         LINE#         64
  C:1DB7H         LINE#         67
  C:1DBEH         LINE#         68
  C:1DCBH         LINE#         69
  C:1DCEH         LINE#         72
  C:1DD1H         LINE#         73
  C:1DD7H         LINE#         74
  C:1DDDH         LINE#         75
  C:1DE3H         LINE#         76
  C:1DE9H         LINE#         77
  C:1DF0H         LINE#         81
  C:1DF2H         LINE#         82
  C:1DF2H         LINE#         83
  C:1DFFH         LINE#         84
  C:1E04H         LINE#         86
  C:1E92H         LINE#         87
BL51 BANKED LINKER/LOCATER V6.22.4.0                                                  06/19/2025  16:47:01  PAGE 13


  -------         ENDPROC       SYSTEM_INIT
  -------         ENDMOD        SYSTEM

  -------         MODULE        TK_SET
  C:0000H         SYMBOL        _ICE_DUMMY_
  D:00A8H         PUBLIC        IE0
  D:00A9H         PUBLIC        IE1
  D:00AAH         PUBLIC        IE2
  D:00ABH         PUBLIC        IE3
  B:00A8H.7       PUBLIC        IE_EA
  D:00B8H         PUBLIC        IP0
  D:00B1H         PUBLIC        IP1
  D:00B2H         PUBLIC        IP2
  D:00B3H         PUBLIC        IP3
  D:00B4H         PUBLIC        IP4
  D:00B5H         PUBLIC        IP5
  D:00B6H         PUBLIC        IP6
  D:00B7H         PUBLIC        IP7
  C:27B8H         PUBLIC        tk_param_init
  X:64BBH         PUBLIC        __tk_update_cnt
  X:64BDH         PUBLIC        __tk_confirm_cnt
  X:64BFH         PUBLIC        __tk_leave_cnt
  X:64C1H         PUBLIC        __tk_ch_index
  X:64C3H         PUBLIC        __tk_ch_fth
  X:64C7H         PUBLIC        __tk_i_set
  X:6000H         PUBLIC        __tk_ch_data_0
  X:6004H         PUBLIC        __tk_ch_data_1
  X:6008H         PUBLIC        __tk_ch_data_2
  X:6010H         PUBLIC        __tk_ch_data_3
  X:6014H         PUBLIC        __tk_ch_data_4
  X:64CBH         PUBLIC        __tk_ch_data_5
  X:64CFH         PUBLIC        __tk_ch_data_6
  C:366AH         PUBLIC        __tk_adjust_line
  C:366EH         PUBLIC        __tk_adjust_time
  C:3670H         PUBLIC        __tk_adjust_diff_valu
  C:3672H         PUBLIC        __tk_adjust_en
  C:3673H         PUBLIC        __tk_valid_time
  C:3675H         PUBLIC        __tk_long_key_time
  C:367FH         PUBLIC        __tk_use_num
  C:3679H         PUBLIC        __tk_cs_en
  C:367BH         PUBLIC        __tk_nm_num
  C:367AH         PUBLIC        __tk_tp_en
  C:367CH         PUBLIC        __tk_base_update_cnt
  C:367EH         PUBLIC        __tk_cm_valu
  C:3677H         PUBLIC        __tk_noise_value
  C:367DH         PUBLIC        __tk_nm_cm_value
  C:3680H         SYMBOL        TK_CH_EN_BUG
  C:1802H         PUBLIC        tk_gpio_config
  C:30DBH         PUBLIC        TK_IRQHandler
  C:2F1EH         PUBLIC        tk_init
  C:370FH         SYMBOL        Com0055
  C:370FH         SYMBOL        L?0086
  C:370FH         SYMBOL        L?0087
  C:3711H         SYMBOL        L?0088
  C:3714H         SYMBOL        L?0089
  C:371DH         SYMBOL        L?0090
  C:371FH         SYMBOL        L?0091
BL51 BANKED LINKER/LOCATER V6.22.4.0                                                  06/19/2025  16:47:01  PAGE 14


  -------         PROC          COM0055
  -------         ENDPROC       COM0055
  -------         PROC          TK_GPIO_CONFIG
  -------         DO            
  D:0007H         SYMBOL        i
  -------         ENDDO         
  C:1802H         LINE#         262
  C:1802H         LINE#         263
  C:1802H         LINE#         264
  C:1804H         LINE#         266
  C:1804H         LINE#         267
  C:1804H         LINE#         269
  C:180CH         LINE#         270
  C:180CH         LINE#         271
  C:1814H         LINE#         272
  C:1814H         LINE#         273
  C:1829H         LINE#         274
  C:1839H         LINE#         275
  C:183CH         LINE#         277
  C:183CH         LINE#         278
  C:1851H         LINE#         279
  C:1861H         LINE#         280
  C:1861H         LINE#         281
  C:1864H         LINE#         282
  C:1874H         LINE#         283
  C:1874H         LINE#         284
  C:187CH         LINE#         285
  C:187CH         LINE#         286
  C:1893H         LINE#         287
  C:18A5H         LINE#         288
  C:18A8H         LINE#         290
  C:18A8H         LINE#         291
  C:18BFH         LINE#         292
  C:18D1H         LINE#         293
  C:18D1H         LINE#         294
  C:18D4H         LINE#         296
  C:18D4H         LINE#         297
  C:18DCH         LINE#         298
  C:18DCH         LINE#         299
  C:18F3H         LINE#         300
  C:1905H         LINE#         301
  C:1907H         LINE#         303
  C:1907H         LINE#         304
  C:191EH         LINE#         305
  C:1934H         LINE#         306
  C:1934H         LINE#         307
  C:1934H         LINE#         308
  C:193DH         LINE#         309
  -------         ENDPROC       TK_GPIO_CONFIG
  -------         PROC          TK_IRQHANDLER
  C:30DBH         LINE#         316
  C:30F8H         LINE#         318
  C:30F8H         LINE#         319
  C:30FEH         LINE#         320
  C:30FEH         LINE#         321
  C:3102H         LINE#         322
  C:3105H         LINE#         323
BL51 BANKED LINKER/LOCATER V6.22.4.0                                                  06/19/2025  16:47:01  PAGE 15


  C:3105H         LINE#         324
  C:3105H         LINE#         325
  -------         ENDPROC       TK_IRQHANDLER
  -------         PROC          TK_INIT
  C:2F1EH         LINE#         332
  C:2F1EH         LINE#         333
  C:2F1EH         LINE#         334
  C:2F20H         LINE#         335
  C:2F23H         LINE#         336
  C:2F26H         LINE#         337
  C:2F2DH         LINE#         338
  C:2F30H         LINE#         339
  C:2F35H         LINE#         340
  C:2F39H         LINE#         341
  C:2F3EH         LINE#         342
  C:2F42H         LINE#         343
  C:2F47H         LINE#         344
  C:2F4BH         LINE#         345
  C:2F50H         LINE#         346
  C:2F54H         LINE#         347
  C:2F57H         LINE#         348
  C:2F59H         LINE#         349
  C:2F5BH         LINE#         350
  C:2F60H         LINE#         351
  C:2F64H         LINE#         352
  C:2F68H         LINE#         353
  C:2F6CH         LINE#         354
  -------         ENDPROC       TK_INIT
  -------         PROC          TK_PARAM_INIT
  -------         DO            
  D:0003H         SYMBOL        i
  -------         ENDDO         
  C:27B8H         LINE#         403
  C:27B8H         LINE#         404
  C:27B8H         LINE#         405
  C:27BAH         LINE#         408
  C:27BAH         LINE#         409
  C:27BAH         LINE#         410
  C:27D8H         LINE#         411
  C:27FEH         LINE#         412
  C:2810H         LINE#         413
  C:2838H         LINE#         414
  C:2841H         LINE#         417
  C:2844H         LINE#         420
  C:2847H         LINE#         423
  -------         ENDPROC       TK_PARAM_INIT
  -------         ENDMOD        TK_SET

  -------         MODULE        MY_GPIO
  C:0000H         SYMBOL        _ICE_DUMMY_
  C:379DH         PUBLIC        p03_output_config
  C:37F7H         PUBLIC        p06_input_config
  C:3804H         PUBLIC        p07_input_config
  C:3811H         PUBLIC        p10_input_config
  C:381EH         PUBLIC        p13_input_config
  C:382BH         PUBLIC        p14_input_config
  C:3838H         PUBLIC        p21_input_config
BL51 BANKED LINKER/LOCATER V6.22.4.0                                                  06/19/2025  16:47:01  PAGE 16


  C:3845H         PUBLIC        p22_input_config
  C:3852H         PUBLIC        p23_input_config
  C:385FH         PUBLIC        p25_input_config
  C:386CH         PUBLIC        p27_input_config
  C:3879H         PUBLIC        p30_input_config
  -------         PROC          P03_OUTPUT_CONFIG
  C:379DH         LINE#         67
  C:379DH         LINE#         68
  C:379DH         LINE#         69
  C:37A3H         LINE#         70
  C:37A7H         LINE#         72
  C:37ACH         LINE#         73
  -------         ENDPROC       P03_OUTPUT_CONFIG
  -------         PROC          P06_INPUT_CONFIG
  C:37F7H         LINE#         90
  C:37F7H         LINE#         91
  C:37F7H         LINE#         93
  C:37FDH         LINE#         95
  C:3803H         LINE#         96
  -------         ENDPROC       P06_INPUT_CONFIG
  -------         PROC          P07_INPUT_CONFIG
  C:3804H         LINE#         99
  C:3804H         LINE#         100
  C:3804H         LINE#         102
  C:380AH         LINE#         104
  C:3810H         LINE#         105
  -------         ENDPROC       P07_INPUT_CONFIG
  -------         PROC          P10_INPUT_CONFIG
  C:3811H         LINE#         108
  C:3811H         LINE#         109
  C:3811H         LINE#         111
  C:3817H         LINE#         113
  C:381DH         LINE#         114
  -------         ENDPROC       P10_INPUT_CONFIG
  -------         PROC          P13_INPUT_CONFIG
  C:381EH         LINE#         117
  C:381EH         LINE#         118
  C:381EH         LINE#         120
  C:3824H         LINE#         122
  C:382AH         LINE#         123
  -------         ENDPROC       P13_INPUT_CONFIG
  -------         PROC          P14_INPUT_CONFIG
  C:382BH         LINE#         126
  C:382BH         LINE#         127
  C:382BH         LINE#         129
  C:3831H         LINE#         131
  C:3837H         LINE#         132
  -------         ENDPROC       P14_INPUT_CONFIG
  -------         PROC          P21_INPUT_CONFIG
  C:3838H         LINE#         144
  C:3838H         LINE#         145
  C:3838H         LINE#         147
  C:383EH         LINE#         149
  C:3844H         LINE#         150
  -------         ENDPROC       P21_INPUT_CONFIG
  -------         PROC          P22_INPUT_CONFIG
  C:3845H         LINE#         153
BL51 BANKED LINKER/LOCATER V6.22.4.0                                                  06/19/2025  16:47:01  PAGE 17


  C:3845H         LINE#         154
  C:3845H         LINE#         156
  C:384BH         LINE#         158
  C:3851H         LINE#         159
  -------         ENDPROC       P22_INPUT_CONFIG
  -------         PROC          P23_INPUT_CONFIG
  C:3852H         LINE#         162
  C:3852H         LINE#         163
  C:3852H         LINE#         165
  C:3858H         LINE#         167
  C:385EH         LINE#         168
  -------         ENDPROC       P23_INPUT_CONFIG
  -------         PROC          P25_INPUT_CONFIG
  C:385FH         LINE#         171
  C:385FH         LINE#         172
  C:385FH         LINE#         174
  C:3865H         LINE#         176
  C:386BH         LINE#         177
  -------         ENDPROC       P25_INPUT_CONFIG
  -------         PROC          P27_INPUT_CONFIG
  C:386CH         LINE#         180
  C:386CH         LINE#         181
  C:386CH         LINE#         183
  C:3872H         LINE#         185
  C:3878H         LINE#         186
  -------         ENDPROC       P27_INPUT_CONFIG
  -------         PROC          P30_INPUT_CONFIG
  C:3879H         LINE#         189
  C:3879H         LINE#         190
  C:3879H         LINE#         192
  C:387FH         LINE#         194
  C:3885H         LINE#         195
  -------         ENDPROC       P30_INPUT_CONFIG
  -------         ENDMOD        MY_GPIO

  -------         MODULE        TMR0
  C:0000H         SYMBOL        _ICE_DUMMY_
  D:00A8H         PUBLIC        IE0
  D:00A9H         PUBLIC        IE1
  D:00AAH         PUBLIC        IE2
  D:00ABH         PUBLIC        IE3
  B:00A8H.7       PUBLIC        IE_EA
  D:00B8H         PUBLIC        IP0
  D:00B1H         PUBLIC        IP1
  D:00B2H         PUBLIC        IP2
  D:00B3H         PUBLIC        IP3
  D:00B4H         PUBLIC        IP4
  D:00B5H         PUBLIC        IP5
  D:00B6H         PUBLIC        IP6
  D:00B7H         PUBLIC        IP7
  X:600CH         PUBLIC        tmr0_cnt
  C:3356H         PUBLIC        tmr0_config
  C:38ADH         PUBLIC        tmr0_enable
  C:37ADH         PUBLIC        tmr0_disable
  C:2CCDH         PUBLIC        TIMR0_IRQHandler
  C:38DCH         SYMBOL        Com004F
  C:38DCH         SYMBOL        L?0080
BL51 BANKED LINKER/LOCATER V6.22.4.0                                                  06/19/2025  16:47:01  PAGE 18


  C:38DCH         SYMBOL        L?0081
  -------         PROC          COM004F
  -------         ENDPROC       COM004F
  -------         PROC          TMR0_CONFIG
  C:3356H         LINE#         13
  C:3356H         LINE#         14
  C:3356H         LINE#         15
  C:335CH         LINE#         16
  C:335FH         LINE#         17
  C:3361H         LINE#         20
  C:3365H         LINE#         21
  C:3367H         LINE#         23
  C:336DH         LINE#         24
  C:3371H         LINE#         25
  C:3375H         LINE#         26
  C:3379H         LINE#         28
  C:337EH         LINE#         29
  C:3382H         LINE#         31
  C:3387H         LINE#         32
  C:338BH         LINE#         34
  C:338BH         LINE#         35
  C:3391H         LINE#         36
  -------         ENDPROC       TMR0_CONFIG
  -------         PROC          TMR0_ENABLE
  C:38ADH         LINE#         41
  C:38ADH         LINE#         42
  C:38ADH         LINE#         44
  C:38ADH         LINE#         45
  C:38B3H         LINE#         47
  C:38B6H         LINE#         48
  C:38B8H         LINE#         49
  -------         ENDPROC       TMR0_ENABLE
  -------         PROC          TMR0_DISABLE
  C:37ADH         LINE#         54
  C:37ADH         LINE#         55
  C:37ADH         LINE#         57
  C:37ADH         LINE#         58
  C:37B3H         LINE#         61
  C:37B7H         LINE#         62
  C:37B9H         LINE#         64
  C:37BCH         LINE#         65
  -------         ENDPROC       TMR0_DISABLE
  -------         PROC          TIMR0_IRQHANDLER
  C:2CCDH         LINE#         68
  C:2CEAH         LINE#         71
  C:2CEAH         LINE#         77
  C:2CF0H         LINE#         78
  C:2CF0H         LINE#         79
  C:2CF4H         LINE#         80
  C:2D06H         LINE#         81
  C:2D06H         LINE#         82
  C:2D1FH         LINE#         83
  C:2D1FH         LINE#         86
  C:2D1FH         LINE#         90
  C:2D1FH         LINE#         91
  -------         ENDPROC       TIMR0_IRQHANDLER
  -------         ENDMOD        TMR0
BL51 BANKED LINKER/LOCATER V6.22.4.0                                                  06/19/2025  16:47:01  PAGE 19



  -------         MODULE        TMR1
  C:0000H         SYMBOL        _ICE_DUMMY_
  D:00A8H         PUBLIC        IE0
  D:00A9H         PUBLIC        IE1
  D:00AAH         PUBLIC        IE2
  D:00ABH         PUBLIC        IE3
  B:00A8H.7       PUBLIC        IE_EA
  D:00B8H         PUBLIC        IP0
  D:00B1H         PUBLIC        IP1
  D:00B2H         PUBLIC        IP2
  D:00B3H         PUBLIC        IP3
  D:00B4H         PUBLIC        IP4
  D:00B5H         PUBLIC        IP5
  D:00B6H         PUBLIC        IP6
  D:00B7H         PUBLIC        IP7
  D:00D1H         PUBLIC        TMR_ALLCON
  C:329FH         PUBLIC        tmr1_config
  C:37BDH         PUBLIC        tmr1_enable
  C:1A76H         PUBLIC        heart_beat_handle
  X:652AH         PUBLIC        tmr1_cnt
  C:2BEBH         PUBLIC        TIMR1_IRQHandler
  C:2FB9H         SYMBOL        Com0052
  C:2FB9H         SYMBOL        L?0083
  C:2FCAH         SYMBOL        L?0084
  C:2FD1H         SYMBOL        L?0085
  C:2FE2H         SYMBOL        L?0086
  C:2FE5H         SYMBOL        L?0087
  C:2FEBH         SYMBOL        L?0088
  C:2FF8H         SYMBOL        L?0089
  C:2FF8H         SYMBOL        L?0090
  C:2FFEH         SYMBOL        L?0091
  C:2FFEH         SYMBOL        L?0092
  -------         PROC          COM0052
  -------         ENDPROC       COM0052
  -------         PROC          TMR1_CONFIG
  C:329FH         LINE#         15
  C:329FH         LINE#         16
  C:329FH         LINE#         17
  C:32A5H         LINE#         18
  C:32A8H         LINE#         19
  C:32AAH         LINE#         21
  C:32ADH         LINE#         23
  C:32B3H         LINE#         24
  C:32B7H         LINE#         25
  C:32BBH         LINE#         26
  C:32BFH         LINE#         28
  C:32C4H         LINE#         29
  C:32C8H         LINE#         32
  C:32CDH         LINE#         33
  C:32D1H         LINE#         35
  C:32D7H         LINE#         36
  C:32DBH         LINE#         37
  -------         ENDPROC       TMR1_CONFIG
  -------         PROC          TMR1_ENABLE
  C:37BDH         LINE#         42
  C:37BDH         LINE#         43
BL51 BANKED LINKER/LOCATER V6.22.4.0                                                  06/19/2025  16:47:01  PAGE 20


  C:37BDH         LINE#         45
  C:37C3H         LINE#         46
  C:37C7H         LINE#         48
  C:37CAH         LINE#         49
  C:37CCH         LINE#         50
  -------         ENDPROC       TMR1_ENABLE
  -------         PROC          HEART_BEAT_HANDLE
  -------         DO            
  X:6526H         SYMBOL        old_time_ms_cnt
  X:64A2H         SYMBOL        cur_time_ms_cnt
  X:64A6H         SYMBOL        diff_ms_cnt
  -------         ENDDO         
  C:1A76H         LINE#         68
  C:1A76H         LINE#         69
  C:1A76H         LINE#         71
  C:1A82H         LINE#         72
  C:1A8CH         LINE#         73
  C:1A96H         LINE#         74
  C:1AABH         LINE#         75
  C:1AB5H         LINE#         77
  C:1AC2H         LINE#         78
  C:1AC2H         LINE#         80
  C:1ACBH         LINE#         81
  C:1ACBH         LINE#         123
  C:1AD6H         LINE#         124
  C:1AD6H         LINE#         126
  C:1AE5H         LINE#         127
  C:1AE5H         LINE#         129
  C:1AF0H         LINE#         130
  C:1AF0H         LINE#         132
  C:1AFFH         LINE#         133
  C:1AFFH         LINE#         135
  C:1B06H         LINE#         136
  C:1B06H         LINE#         138
  C:1B0FH         LINE#         139
  C:1B1EH         LINE#         140
  C:1B1EH         LINE#         142
  C:1B22H         LINE#         143
  C:1B26H         LINE#         144
  C:1B26H         LINE#         145
  C:1B26H         LINE#         147
  C:1B2DH         LINE#         148
  C:1B2DH         LINE#         151
  C:1B36H         LINE#         152
  C:1B45H         LINE#         153
  C:1B45H         LINE#         155
  C:1B49H         LINE#         156
  C:1B4DH         LINE#         157
  C:1B4DH         LINE#         158
  C:1B4DH         LINE#         160
  C:1B54H         LINE#         161
  C:1B54H         LINE#         164
  C:1B5DH         LINE#         165
  C:1B6CH         LINE#         166
  C:1B6CH         LINE#         168
  C:1B70H         LINE#         169
  C:1B74H         LINE#         170
BL51 BANKED LINKER/LOCATER V6.22.4.0                                                  06/19/2025  16:47:01  PAGE 21


  C:1B74H         LINE#         171
  C:1B74H         LINE#         173
  C:1B81H         LINE#         174
  C:1B81H         LINE#         175
  C:1B8BH         LINE#         176
  C:1B8BH         LINE#         178
  C:1B99H         LINE#         179
  C:1B99H         LINE#         180
  C:1BA5H         LINE#         181
  C:1BA5H         LINE#         182
  -------         ENDPROC       HEART_BEAT_HANDLE
  -------         PROC          TIMR1_IRQHANDLER
  C:2BEBH         LINE#         185
  C:2C08H         LINE#         188
  C:2C08H         LINE#         209
  C:2C0EH         LINE#         210
  C:2C0EH         LINE#         211
  C:2C12H         LINE#         213
  C:2C20H         LINE#         214
  C:2C20H         LINE#         215
  C:2C2CH         LINE#         216
  C:2C2CH         LINE#         218
  C:2C2CH         LINE#         238
  C:2C35H         LINE#         239
  C:2C35H         LINE#         240
  C:2C38H         LINE#         241
  C:2C38H         LINE#         243
  C:2C41H         LINE#         244
  C:2C41H         LINE#         245
  C:2C44H         LINE#         246
  C:2C44H         LINE#         247
  C:2C44H         LINE#         248
  C:2C44H         LINE#         252
  C:2C44H         LINE#         253
  -------         ENDPROC       TIMR1_IRQHANDLER
  -------         ENDMOD        TMR1

  -------         MODULE        TMR2
  C:0000H         SYMBOL        _ICE_DUMMY_
  D:00A8H         PUBLIC        IE0
  D:00A9H         PUBLIC        IE1
  D:00AAH         PUBLIC        IE2
  D:00ABH         PUBLIC        IE3
  B:00A8H.7       PUBLIC        IE_EA
  D:00B8H         PUBLIC        IP0
  D:00B1H         PUBLIC        IP1
  D:00B2H         PUBLIC        IP2
  D:00B3H         PUBLIC        IP3
  D:00B4H         PUBLIC        IP4
  D:00B5H         PUBLIC        IP5
  D:00B6H         PUBLIC        IP6
  D:00B7H         PUBLIC        IP7
  B:0080H.2       PUBLIC        P02
  B:0090H.5       PUBLIC        P15
  D:00D1H         PUBLIC        TMR_ALLCON
  C:3164H         PUBLIC        tmr2_config
  C:376AH         PUBLIC        tmr2_enable
BL51 BANKED LINKER/LOCATER V6.22.4.0                                                  06/19/2025  16:47:01  PAGE 22


  C:1CCAH         PUBLIC        TIMR2_IRQHandler
  C:362CH         SYMBOL        Com004D
  C:362CH         SYMBOL        L?0078
  C:362CH         SYMBOL        L?0079
  C:363DH         SYMBOL        L?0080
  -------         PROC          COM004D
  -------         ENDPROC       COM004D
  -------         PROC          TMR2_CONFIG
  C:3164H         LINE#         14
  C:3164H         LINE#         15
  C:3164H         LINE#         16
  C:316AH         LINE#         17
  C:316DH         LINE#         18
  C:316FH         LINE#         21
  C:3172H         LINE#         23
  C:3179H         LINE#         24
  C:317BH         LINE#         25
  C:317FH         LINE#         26
  C:3183H         LINE#         29
  C:3189H         LINE#         30
  C:318FH         LINE#         32
  C:3196H         LINE#         33
  C:319AH         LINE#         34
  C:319FH         LINE#         35
  C:31A3H         LINE#         36
  -------         ENDPROC       TMR2_CONFIG
  -------         PROC          TMR2_ENABLE
  C:376AH         LINE#         41
  C:376AH         LINE#         42
  C:376AH         LINE#         44
  C:3771H         LINE#         45
  C:3775H         LINE#         47
  C:3778H         LINE#         48
  C:377AH         LINE#         49
  -------         ENDPROC       TMR2_ENABLE
  -------         PROC          TIMR2_IRQHANDLER
  -------         DO            
  B:0022H.5       SYMBOL        last_engine_speed_scan_level
  B:0022H.6       SYMBOL        last_speed_scan_level
  -------         DO            
  X:6539H         SYMBOL        cnt
  X:653AH         SYMBOL        cnt
  -------         ENDDO         
  -------         DO            
  X:653AH         SYMBOL        cnt
  -------         ENDDO         
  -------         ENDDO         
  C:1CCAH         LINE#         70
  C:1CE7H         LINE#         77
  C:1CE7H         LINE#         82
  C:1CF1H         LINE#         83
  C:1CF1H         LINE#         84
  C:1CF5H         LINE#         86
  C:1CF5H         LINE#         88
  C:1CFBH         LINE#         89
  C:1D01H         LINE#         90
  C:1D01H         LINE#         91
BL51 BANKED LINKER/LOCATER V6.22.4.0                                                  06/19/2025  16:47:01  PAGE 23


  C:1D03H         LINE#         92
  C:1D0FH         LINE#         94
  C:1D1AH         LINE#         96
  C:1D1AH         LINE#         97
  C:1D24H         LINE#         98
  C:1D26H         LINE#         99
  C:1D26H         LINE#         100
  C:1D26H         LINE#         101
  C:1D26H         LINE#         103
  C:1D29H         LINE#         104
  C:1D29H         LINE#         105
  C:1D2CH         LINE#         106
  C:1D2CH         LINE#         112
  C:1D38H         LINE#         113
  C:1D3BH         LINE#         114
  C:1D3BH         LINE#         116
  C:1D3DH         LINE#         117
  C:1D3FH         LINE#         119
  C:1D3FH         LINE#         121
  C:1D41H         LINE#         122
  C:1D41H         LINE#         124
  C:1D41H         LINE#         126
  C:1D4BH         LINE#         127
  C:1D5AH         LINE#         128
  C:1D5AH         LINE#         129
  C:1D5EH         LINE#         130
  C:1D6AH         LINE#         133
  C:1D75H         LINE#         135
  C:1D75H         LINE#         136
  C:1D7FH         LINE#         137
  C:1D81H         LINE#         138
  C:1D81H         LINE#         139
  C:1D81H         LINE#         140
  C:1D81H         LINE#         142
  C:1D84H         LINE#         143
  C:1D84H         LINE#         144
  C:1D87H         LINE#         145
  C:1D87H         LINE#         154
  C:1D93H         LINE#         155
  C:1D96H         LINE#         156
  C:1D96H         LINE#         158
  C:1D98H         LINE#         159
  C:1D9AH         LINE#         161
  C:1D9AH         LINE#         163
  C:1D9CH         LINE#         164
  C:1D9CH         LINE#         165
  C:1D9CH         LINE#         169
  C:1D9CH         LINE#         170
  -------         ENDPROC       TIMR2_IRQHANDLER
  -------         ENDMOD        TMR2

  -------         MODULE        UART0
  C:0000H         SYMBOL        _ICE_DUMMY_
  D:00A8H         PUBLIC        IE0
  D:00A9H         PUBLIC        IE1
  D:00AAH         PUBLIC        IE2
  D:00ABH         PUBLIC        IE3
BL51 BANKED LINKER/LOCATER V6.22.4.0                                                  06/19/2025  16:47:01  PAGE 24


  B:00A8H.7       PUBLIC        IE_EA
  D:00B8H         PUBLIC        IP0
  D:00B1H         PUBLIC        IP1
  D:00B2H         PUBLIC        IP2
  D:00B3H         PUBLIC        IP3
  D:00B4H         PUBLIC        IP4
  D:00B5H         PUBLIC        IP5
  D:00B6H         PUBLIC        IP6
  D:00B7H         PUBLIC        IP7
  D:00D2H         PUBLIC        UART0_CON0
  D:00D4H         PUBLIC        UART0_STA
  D:00D5H         PUBLIC        UART0_BAUD0
  D:00D6H         PUBLIC        UART0_BAUD1
  D:00D7H         PUBLIC        UART0_DATA
  C:37CDH         PUBLIC        _putchar
  X:63F1H         PUBLIC        uart0_recv_buf
  X:641EH         PUBLIC        uart0_recv_len
  X:6421H         PUBLIC        recved_flagbuf
  X:6424H         PUBLIC        recv_frame_cnt
  X:6425H         PUBLIC        flagbuf_valid_instruction
  C:34FCH         PUBLIC        uart0_config
  C:3886H         PUBLIC        _uart0_sendbyte
  C:0027H         PUBLIC        _uart0_send_buff
  C:1BA6H         PUBLIC        uart0_scan_handle
  B:0023H.1       SYMBOL        flag_is_recving_data
  X:6428H         SYMBOL        frame_len
  X:6429H         SYMBOL        cur_recv_len
  X:642AH         SYMBOL        blank_index
  C:193EH         PUBLIC        UART0_IRQHandler
  C:2EC5H         SYMBOL        Com005E
  C:2EC5H         SYMBOL        L?0095
  C:2ECEH         SYMBOL        L?0096
  C:2ED6H         SYMBOL        L?0097
  C:2EDDH         SYMBOL        L?0098
  C:2EE5H         SYMBOL        L?0099
  C:2EF7H         SYMBOL        L?0100
  C:2EFAH         SYMBOL        L?0101
  C:2F02H         SYMBOL        L?0102
  C:2F0EH         SYMBOL        L?0103
  C:2F18H         SYMBOL        L?0104
  -------         PROC          COM005E
  -------         ENDPROC       COM005E
  -------         PROC          _PUTCHAR
  X:6543H         SYMBOL        c
  C:37CDH         LINE#         29
  C:37D2H         LINE#         30
  C:37D2H         LINE#         31
  C:37D5H         LINE#         32
  C:37DAH         LINE#         33
  -------         ENDPROC       _PUTCHAR
  -------         PROC          UART0_CONFIG
  C:34FCH         LINE#         38
  C:34FCH         LINE#         39
  C:34FCH         LINE#         42
  C:3502H         LINE#         43
  C:3506H         LINE#         44
  C:350AH         LINE#         45
BL51 BANKED LINKER/LOCATER V6.22.4.0                                                  06/19/2025  16:47:01  PAGE 25


  C:3511H         LINE#         46
  C:3518H         LINE#         65
  C:351BH         LINE#         66
  C:351DH         LINE#         68
  C:3520H         LINE#         69
  C:3523H         LINE#         70
  C:3526H         LINE#         75
  -------         ENDPROC       UART0_CONFIG
  -------         PROC          UART0_IRQHANDLER
  -------         DO            
  X:64BAH         SYMBOL        uart0_tmp_val
  -------         ENDDO         
  C:193EH         LINE#         78
  C:195BH         LINE#         80
  C:1960H         LINE#         83
  C:1960H         LINE#         88
  C:1968H         LINE#         89
  C:1968H         LINE#         91
  C:196BH         LINE#         93
  C:197BH         LINE#         95
  C:197BH         LINE#         99
  C:197BH         LINE#         100
  C:197BH         LINE#         101
  C:197EH         LINE#         103
  C:197EH         LINE#         106
  C:1985H         LINE#         107
  C:1985H         LINE#         110
  C:1987H         LINE#         111
  C:1987H         LINE#         112
  C:198AH         LINE#         113
  C:198DH         LINE#         114
  C:1997H         LINE#         115
  C:199AH         LINE#         116
  C:199AH         LINE#         118
  C:19A1H         LINE#         119
  C:19A1H         LINE#         121
  C:19A9H         LINE#         124
  C:19A9H         LINE#         127
  C:19B2H         LINE#         128
  C:19B2H         LINE#         130
  C:19E1H         LINE#         132
  C:19EBH         LINE#         135
  C:19F8H         LINE#         137
  C:19F8H         LINE#         139
  C:1A0BH         LINE#         141
  C:1A0DH         LINE#         142
  C:1A0DH         LINE#         143
  C:1A10H         LINE#         145
  C:1A16H         LINE#         146
  C:1A1CH         LINE#         148
  C:1A35H         LINE#         149
  C:1A44H         LINE#         150
  C:1A44H         LINE#         151
  C:1A4EH         LINE#         152
  C:1A4EH         LINE#         177
  C:1A4EH         LINE#         178
  C:1A51H         LINE#         179
BL51 BANKED LINKER/LOCATER V6.22.4.0                                                  06/19/2025  16:47:01  PAGE 26


  C:1A5BH         LINE#         180
  C:1A5BH         LINE#         182
  C:1A5BH         LINE#         183
  C:1A5BH         LINE#         185
  C:1A5BH         LINE#         190
  C:1A5BH         LINE#         194
  C:1A5BH         LINE#         195
  -------         ENDPROC       UART0_IRQHANDLER
  -------         PROC          _UART0_SENDBYTE
  D:0007H         SYMBOL        senddata
  C:3886H         LINE#         198
  C:3886H         LINE#         199
  C:3886H         LINE#         200
  C:388BH         LINE#         202
  C:388DH         LINE#         203
  C:3892H         LINE#         205
  -------         ENDPROC       _UART0_SENDBYTE
  -------         PROC          _UART0_SEND_BUFF
  X:653CH         SYMBOL        buf
  D:0005H         SYMBOL        len
  -------         DO            
  D:0006H         SYMBOL        i
  -------         ENDDO         
  C:0027H         LINE#         209
  C:002DH         LINE#         210
  C:002DH         LINE#         211
  C:002FH         LINE#         212
  C:0034H         LINE#         213
  C:0034H         LINE#         214
  C:0046H         LINE#         215
  C:0049H         LINE#         216
  -------         ENDPROC       _UART0_SEND_BUFF
  -------         PROC          UART0_SCAN_HANDLE
  -------         DO            
  X:64A2H         SYMBOL        i
  X:64A3H         SYMBOL        checksum
  B:0023H.4       SYMBOL        __flag_is_crc_or_len_err
  -------         DO            
  X:64A4H         SYMBOL        __loop_crc_cnt
  -------         ENDDO         
  -------         ENDDO         
  C:1BA6H         LINE#         221
  C:1BA6H         LINE#         222
  C:1BA6H         LINE#         223
  C:1BABH         LINE#         224
  C:1BADH         LINE#         225
  C:1BAFH         LINE#         229
  C:1BC0H         LINE#         230
  C:1BC0H         LINE#         234
  C:1BC3H         LINE#         235
  C:1BCDH         LINE#         238
  C:1BD2H         LINE#         239
  C:1BD6H         LINE#         240
  C:1BD9H         LINE#         268
  C:1BD9H         LINE#         272
  C:1BEBH         LINE#         273
  C:1BEBH         LINE#         274
BL51 BANKED LINKER/LOCATER V6.22.4.0                                                  06/19/2025  16:47:01  PAGE 27


  C:1BF7H         LINE#         275
  C:1BF7H         LINE#         279
  C:1C14H         LINE#         280
  C:1C14H         LINE#         287
  C:1C1DH         LINE#         288
  C:1C1DH         LINE#         289
  C:1C2EH         LINE#         292
  C:1C2EH         LINE#         294
  C:1C2EH         LINE#         295
  C:1C33H         LINE#         296
  C:1C37H         LINE#         297
  C:1C48H         LINE#         298
  C:1C48H         LINE#         299
  C:1C64H         LINE#         300
  C:1C6AH         LINE#         303
  C:1C6FH         LINE#         304
  C:1C8EH         LINE#         305
  C:1C8EH         LINE#         307
  C:1C90H         LINE#         308
  C:1C90H         LINE#         309
  C:1C90H         LINE#         311
  C:1C93H         LINE#         312
  C:1C93H         LINE#         333
  C:1C95H         LINE#         334
  C:1C9FH         LINE#         335
  C:1C9FH         LINE#         336
  C:1CB0H         LINE#         337
  C:1CB0H         LINE#         340
  C:1CC0H         LINE#         341
  C:1CC0H         LINE#         342
  C:1CC9H         LINE#         343
  -------         ENDPROC       UART0_SCAN_HANDLE
  -------         ENDMOD        UART0

  -------         MODULE        ADC
  C:0000H         SYMBOL        _ICE_DUMMY_
  D:0091H         PUBLIC        ADC_CFG2
  D:0093H         PUBLIC        ADC_DATAH0
  D:0094H         PUBLIC        ADC_DATAL0
  D:0099H         PUBLIC        ADC_CHS0
  D:009EH         PUBLIC        ADC_TRGS0
  X:653FH         PUBLIC        adc_val
  C:357DH         PUBLIC        adc_config
  C:3392H         PUBLIC        _adc_sel_pin
  C:35A5H         PUBLIC        adc_single_convert
  C:1F6BH         PUBLIC        adc_getval
  C:36C1H         SYMBOL        Com0012
  C:36C1H         SYMBOL        L?0019
  C:36C1H         SYMBOL        L?0020
  C:36CDH         SYMBOL        L?0021
  C:36D6H         SYMBOL        L?0022
  -------         PROC          COM0012
  -------         ENDPROC       COM0012
  -------         PROC          ADC_CONFIG
  C:357DH         LINE#         7
  C:357DH         LINE#         8
  C:357DH         LINE#         10
BL51 BANKED LINKER/LOCATER V6.22.4.0                                                  06/19/2025  16:47:01  PAGE 28


  C:3583H         LINE#         12
  C:3587H         LINE#         14
  C:358CH         LINE#         18
  C:3592H         LINE#         19
  C:3595H         LINE#         26
  C:3595H         LINE#         27
  C:3598H         LINE#         28
  C:359EH         LINE#         31
  C:35A1H         LINE#         32
  C:35A4H         LINE#         33
  -------         ENDPROC       ADC_CONFIG
  -------         PROC          _ADC_SEL_PIN
  D:0007H         SYMBOL        adc_pin
  C:3392H         LINE#         37
  C:3392H         LINE#         38
  C:3392H         LINE#         39
  C:3395H         LINE#         41
  C:33A1H         LINE#         42
  C:33A1H         LINE#         43
  C:33A1H         LINE#         44
  C:33A8H         LINE#         45
  C:33ACH         LINE#         46
  C:33AFH         LINE#         47
  C:33B1H         LINE#         50
  C:33B1H         LINE#         51
  C:33B1H         LINE#         52
  C:33B4H         LINE#         53
  C:33B7H         LINE#         55
  C:33B9H         LINE#         57
  C:33B9H         LINE#         58
  C:33B9H         LINE#         59
  C:33BCH         LINE#         60
  C:33BFH         LINE#         61
  C:33BFH         LINE#         63
  C:33BFH         LINE#         67
  C:33BFH         LINE#         68
  C:33BFH         LINE#         70
  C:33C5H         LINE#         73
  -------         ENDPROC       _ADC_SEL_PIN
  -------         PROC          ADC_SINGLE_CONVERT
  C:35A5H         LINE#         77
  C:35A5H         LINE#         78
  C:35A5H         LINE#         79
  C:35ABH         LINE#         80
  C:35B1H         LINE#         82
  C:35B4H         LINE#         83
  C:35C7H         LINE#         84
  -------         ENDPROC       ADC_SINGLE_CONVERT
  -------         PROC          ADC_GETVAL
  -------         DO            
  X:64A5H         SYMBOL        adc_val_tmp
  X:64A7H         SYMBOL        adc_val_sum
  X:64ABH         SYMBOL        get_adcmax
  X:64ADH         SYMBOL        get_adcmin
  X:64AFH         SYMBOL        i
  -------         ENDDO         
  C:1F6BH         LINE#         87
BL51 BANKED LINKER/LOCATER V6.22.4.0                                                  06/19/2025  16:47:01  PAGE 29


  C:1F6BH         LINE#         88
  C:1F6BH         LINE#         89
  C:1F72H         LINE#         90
  C:1F7AH         LINE#         91
  C:1F81H         LINE#         92
  C:1F87H         LINE#         93
  C:1F8AH         LINE#         95
  C:1F8BH         LINE#         96
  C:1F8BH         LINE#         97
  C:1F96H         LINE#         98
  C:1F9FH         LINE#         99
  C:1F9FH         LINE#         100
  C:1FB5H         LINE#         101
  C:1FBDH         LINE#         102
  C:1FCCH         LINE#         103
  C:1FDBH         LINE#         104
  C:1FF3H         LINE#         105
  C:1FFFH         LINE#         107
  C:2017H         LINE#         108
  C:202EH         LINE#         109
  C:203EH         LINE#         111
  C:203EH         LINE#         112
  -------         ENDPROC       ADC_GETVAL
  -------         ENDMOD        ADC

  -------         MODULE        FLASH
  C:0000H         SYMBOL        _ICE_DUMMY_
  D:00A4H         PUBLIC        FLASH_CON
  D:00A5H         PUBLIC        FLASH_STA
  D:00A6H         PUBLIC        FLASH_DATA
  D:00AEH         PUBLIC        FLASH_PASSWORD
  D:00AFH         PUBLIC        FLASH_ADDR
  C:377BH         PUBLIC        _flash_erase_sector
  C:3405H         PUBLIC        _flash_write
  C:343CH         PUBLIC        _flash_read
  -------         PROC          _FLASH_ERASE_SECTOR
  D:0007H         SYMBOL        addr
  C:377BH         LINE#         11
  C:377BH         LINE#         12
  C:377BH         LINE#         13
  C:377EH         LINE#         14
  C:3780H         LINE#         15
  C:3783H         LINE#         16
  C:3786H         LINE#         18
  C:378BH         LINE#         20
  -------         ENDPROC       _FLASH_ERASE_SECTOR
  -------         PROC          _FLASH_WRITE
  D:0007H         SYMBOL        addr
  X:64A7H         SYMBOL        p_data
  X:64AAH         SYMBOL        len
  C:3405H         LINE#         29
  C:340BH         LINE#         30
  C:340BH         LINE#         31
  C:340EH         LINE#         32
  C:3410H         LINE#         34
  C:3419H         LINE#         35
  C:3419H         LINE#         36
BL51 BANKED LINKER/LOCATER V6.22.4.0                                                  06/19/2025  16:47:01  PAGE 30


  C:341EH         LINE#         38
  C:342DH         LINE#         39
  C:3430H         LINE#         40
  C:3433H         LINE#         42
  C:3439H         LINE#         43
  C:343BH         LINE#         44
  -------         ENDPROC       _FLASH_WRITE
  -------         PROC          _FLASH_READ
  D:0007H         SYMBOL        addr
  X:64A3H         SYMBOL        p_data
  X:64A6H         SYMBOL        len
  C:343CH         LINE#         53
  C:3442H         LINE#         54
  C:3442H         LINE#         55
  C:3448H         LINE#         56
  C:3448H         LINE#         57
  C:3467H         LINE#         58
  C:346DH         LINE#         59
  C:346FH         LINE#         60
  -------         ENDPROC       _FLASH_READ
  -------         ENDMOD        FLASH

  -------         MODULE        AIP1302
  C:0000H         SYMBOL        _ICE_DUMMY_
  B:0090H.6       PUBLIC        P16
  B:0090H.7       PUBLIC        P17
  B:00A0H.4       PUBLIC        P24
  C:284AH         PUBLIC        ___aip1302_read_byte
  C:000FH         PUBLIC        aip1302_is_running
  C:2E67H         PUBLIC        aip1302_config
  C:373FH         PUBLIC        _aip1302_read_byte
  C:2364H         PUBLIC        _aip1302_write_byte
  C:31E3H         PUBLIC        aip1302_update_time
  C:3095H         PUBLIC        aip1302_read_all
  C:31A4H         PUBLIC        aip1302_update_all_data
  C:36DCH         SYMBOL        _reverse_u8
  C:2C5FH         SYMBOL        ___aip1302_convert_read_byte
  C:28DCH         SYMBOL        ___aip1302_write_byte
  C:34A2H         SYMBOL        Com0043
  C:34A2H         SYMBOL        L?0068
  C:34A4H         SYMBOL        L?0069
  C:34B4H         SYMBOL        L?0073
  C:34BFH         SYMBOL        L?0074
  C:34C9H         SYMBOL        L?0075
  -------         PROC          COM0043
  -------         ENDPROC       COM0043
  -------         PROC          AIP1302_CONFIG
  -------         DO            
  D:0007H         SYMBOL        ret
  -------         ENDDO         
  C:2E67H         LINE#         6
  C:2E67H         LINE#         7
  C:2E67H         LINE#         8
  C:2E69H         LINE#         12
  C:2E6FH         LINE#         13
  C:2E73H         LINE#         14
  C:2E78H         LINE#         16
BL51 BANKED LINKER/LOCATER V6.22.4.0                                                  06/19/2025  16:47:01  PAGE 31


  C:2E7CH         LINE#         17
  C:2E80H         LINE#         18
  C:2E85H         LINE#         20
  C:2E85H         LINE#         21
  C:2E85H         LINE#         22
  C:2E88H         LINE#         24
  C:2E8AH         LINE#         25
  C:2E8CH         LINE#         30
  C:2E8FH         LINE#         31
  C:2E92H         LINE#         32
  C:2E92H         LINE#         35
  C:2E92H         LINE#         37
  C:2E92H         LINE#         41
  C:2E98H         LINE#         42
  C:2E9FH         LINE#         43
  C:2EA6H         LINE#         44
  C:2EADH         LINE#         45
  C:2EB4H         LINE#         46
  C:2EBBH         LINE#         47
  C:2EC2H         LINE#         48
  C:2EC2H         LINE#         51
  -------         ENDPROC       AIP1302_CONFIG
  -------         PROC          _REVERSE_U8
  D:0007H         SYMBOL        arg
  -------         DO            
  D:0006H         SYMBOL        tmp
  D:0005H         SYMBOL        i
  -------         ENDDO         
  C:36DCH         LINE#         55
  C:36DCH         LINE#         56
  C:36DCH         LINE#         58
  C:36DEH         LINE#         61
  C:36DEH         LINE#         62
  C:36DEH         LINE#         63
  C:36E2H         LINE#         64
  C:36E6H         LINE#         65
  C:36E6H         LINE#         66
  C:36EAH         LINE#         67
  C:36EAH         LINE#         69
  C:36EAH         LINE#         70
  C:36EAH         LINE#         71
  C:36EEH         LINE#         72
  C:36F3H         LINE#         74
  C:36F5H         LINE#         75
  -------         ENDPROC       _REVERSE_U8
  -------         PROC          ___AIP1302_CONVERT_READ_BYTE
  D:0004H         SYMBOL        cmd
  D:0005H         SYMBOL        byte
  -------         DO            
  D:0007H         SYMBOL        tmp
  X:64A7H         SYMBOL        i
  -------         DO            
  X:64A8H         SYMBOL        tens_place
  X:64A9H         SYMBOL        one_place
  -------         ENDDO         
  -------         ENDDO         
  C:2C5FH         LINE#         78
BL51 BANKED LINKER/LOCATER V6.22.4.0                                                  06/19/2025  16:47:01  PAGE 32


  C:2C61H         LINE#         79
  C:2C61H         LINE#         80
  C:2C62H         LINE#         81
  C:2C66H         LINE#         84
  C:2C6BH         LINE#         93
  C:2C89H         LINE#         94
  C:2C89H         LINE#         95
  C:2C8EH         LINE#         96
  C:2C90H         LINE#         99
  C:2C99H         LINE#         100
  C:2C99H         LINE#         103
  C:2C9DH         LINE#         104
  C:2C9FH         LINE#         105
  C:2CA8H         LINE#         106
  C:2CA8H         LINE#         108
  C:2CACH         LINE#         109
  C:2CAEH         LINE#         110
  C:2CB2H         LINE#         111
  C:2CB2H         LINE#         113
  C:2CB6H         LINE#         114
  C:2CB6H         LINE#         116
  C:2CBFH         LINE#         117
  C:2CC5H         LINE#         118
  C:2CCCH         LINE#         119
  C:2CCCH         LINE#         121
  C:2CCCH         LINE#         122
  -------         ENDPROC       ___AIP1302_CONVERT_READ_BYTE
  C:28BEH         SYMBOL        L?0070
  C:28C8H         SYMBOL        L?0071
  -------         PROC          ___AIP1302_READ_BYTE
  X:64A7H         SYMBOL        cmd
  -------         DO            
  X:64A8H         SYMBOL        recv_data
  X:64A9H         SYMBOL        i
  -------         ENDDO         
[...]
  C:3319H         LINE#         262
  C:3319H         LINE#         263
  C:3319H         LINE#         264
  C:331CH         LINE#         265
  C:332BH         LINE#         266
  C:3331H         LINE#         267
  C:3335H         LINE#         268
  C:3339H         LINE#         269
  C:333DH         LINE#         270
  C:3341H         LINE#         272
  C:3351H         LINE#         273
  -------         ENDPROC       __TK_MODE_CONFIG
  -------         PROC          ___TK_MODE_CARRY_FUNC
  X:64A2H         SYMBOL        ch_index
  C:08CCH         LINE#         283
  C:08D1H         LINE#         284
  C:08D1H         LINE#         285
  C:08DFH         LINE#         286
  C:08EBH         LINE#         288
  C:08FEH         LINE#         289
  C:090EH         LINE#         291
  C:0919H         LINE#         292
  C:0942H         LINE#         293
  C:0973H         LINE#         294
  C:09B3H         LINE#         295
  C:09E3H         LINE#         296
  C:0A09H         LINE#         297
  C:0A25H         LINE#         299
  C:0A40H         LINE#         300
  C:0A57H         LINE#         301
  C:0A64H         LINE#         302
  C:0A64H         LINE#         304
  C:0A7CH         LINE#         305
  C:0A8DH         LINE#         306
  C:0A90H         LINE#         307
  C:0A98H         LINE#         308
  C:0AACH         LINE#         309
  C:0ABFH         LINE#         310
  C:0AC4H         LINE#         311
  C:0AC7H         LINE#         312
BL51 BANKED LINKER/LOCATER V6.22.4.0                                                  06/19/2025  16:47:01  PAGE 61


  C:0ACAH         LINE#         313
  C:0ACDH         LINE#         314
  C:0ACDH         LINE#         315
  C:0ACEH         LINE#         321
  C:0AD1H         LINE#         322
  C:0AFEH         LINE#         323
  C:0B1DH         LINE#         324
  C:0B1DH         LINE#         325
  C:0B1DH         LINE#         326
  -------         ENDPROC       ___TK_MODE_CARRY_FUNC
  -------         PROC          __TK_DATA_PROCESS
  C:058DH         LINE#         333
  C:058DH         LINE#         334
  C:058DH         LINE#         335
  C:059FH         LINE#         338
  C:05B8H         LINE#         339
  C:05BBH         LINE#         341
  C:05D1H         LINE#         342
  C:05D4H         LINE#         347
  C:0606H         LINE#         348
  C:0613H         LINE#         349
  C:0616H         LINE#         350
  C:0619H         LINE#         351
  C:0619H         LINE#         352
  C:061BH         LINE#         353
  C:061EH         LINE#         354
  C:061EH         LINE#         356
  C:0623H         LINE#         357
  C:0634H         LINE#         358
  C:0645H         LINE#         359
  C:0648H         LINE#         363
  C:065EH         LINE#         364
  C:0661H         LINE#         365
  C:0671H         LINE#         366
  C:0691H         LINE#         369
  C:06A8H         LINE#         370
  C:06ABH         LINE#         371
  C:06BBH         LINE#         372
  C:06DBH         LINE#         377
  C:06DBH         LINE#         378
  C:06F9H         LINE#         380
  C:0733H         LINE#         381
  C:0733H         LINE#         382
  C:0733H         LINE#         383
  C:076AH         LINE#         384
  C:0778H         LINE#         385
  C:0790H         LINE#         386
  C:079DH         LINE#         387
  C:07C1H         LINE#         388
  C:07E5H         LINE#         389
  C:07E5H         LINE#         390
  C:07E7H         LINE#         391
  C:07F4H         LINE#         392
  C:07F4H         LINE#         397
  C:0816H         LINE#         398
  C:0819H         LINE#         399
  C:0829H         LINE#         401
BL51 BANKED LINKER/LOCATER V6.22.4.0                                                  06/19/2025  16:47:01  PAGE 62


  C:0841H         LINE#         402
  C:0844H         LINE#         404
  C:085BH         LINE#         405
  C:085EH         LINE#         409
  C:087FH         LINE#         410
  C:0882H         LINE#         411
  C:0892H         LINE#         413
  C:08AAH         LINE#         414
  C:08ADH         LINE#         416
  C:08C3H         LINE#         417
  C:08C6H         LINE#         422
  C:08CBH         LINE#         423
  -------         ENDPROC       __TK_DATA_PROCESS
  -------         PROC          __TK_BUTTON_DECIDE
  C:11B3H         LINE#         430
  C:11B3H         LINE#         431
  C:11B3H         LINE#         432
  C:11C5H         LINE#         433
  C:11E3H         LINE#         434
  C:1215H         LINE#         435
  C:1222H         LINE#         436
  C:1227H         LINE#         437
  C:129CH         LINE#         438
  C:129CH         LINE#         439
  C:12A9H         LINE#         440
  C:12B7H         LINE#         442
  C:12CBH         LINE#         443
  C:12D8H         LINE#         444
  C:1305H         LINE#         445
  C:1329H         LINE#         446
  C:1357H         LINE#         447
  C:1357H         LINE#         448
  C:1359H         LINE#         449
  C:1366H         LINE#         450
  C:1366H         LINE#         451
  C:136BH         LINE#         452
  -------         ENDPROC       __TK_BUTTON_DECIDE
  -------         PROC          __TK_BASELINE_UPDATE
  C:2A7AH         LINE#         459
  C:2A7AH         LINE#         460
  C:2A7AH         LINE#         461
  C:2A89H         LINE#         462
  C:2A9AH         LINE#         463
  C:2AABH         LINE#         464
  C:2ACFH         LINE#         465
  C:2AF3H         LINE#         466
  C:2AF7H         LINE#         467
  -------         ENDPROC       __TK_BASELINE_UPDATE
  -------         PROC          __TK_BASELINE_INIT
  -------         DO            
  X:6018H         SYMBOL        init_flag
  -------         ENDDO         
  C:2725H         LINE#         474
  C:2725H         LINE#         475
  C:2725H         LINE#         478
  C:2734H         LINE#         479
  C:2744H         LINE#         480
BL51 BANKED LINKER/LOCATER V6.22.4.0                                                  06/19/2025  16:47:01  PAGE 63


  C:274DH         LINE#         481
  C:2772H         LINE#         482
  C:2772H         LINE#         483
  C:2797H         LINE#         484
  C:2797H         LINE#         485
  C:279BH         LINE#         487
  C:27A8H         LINE#         488
  C:27ABH         LINE#         489
  C:27ADH         LINE#         490
  C:27B3H         LINE#         491
  C:27B3H         LINE#         493
  -------         ENDPROC       __TK_BASELINE_INIT
  -------         PROC          __TK_LONG_KEY_CLEAR
  -------         DO            
  X:6019H         SYMBOL        __tk_long_cnt
  -------         ENDDO         
  C:2AF8H         LINE#         501
  C:2AF8H         LINE#         502
  C:2AF8H         LINE#         505
  C:2B0BH         LINE#         506
  C:2B19H         LINE#         507
  C:2B33H         LINE#         508
  C:2B37H         LINE#         509
  C:2B3FH         LINE#         510
  C:2B47H         LINE#         511
  C:2B4FH         LINE#         512
  C:2B51H         LINE#         513
  C:2B54H         LINE#         514
  C:2B6BH         LINE#         515
  C:2B6DH         LINE#         516
  C:2B6DH         LINE#         517
  C:2B6EH         LINE#         518
  C:2B75H         LINE#         519
  C:2B75H         LINE#         520
  -------         ENDPROC       __TK_LONG_KEY_CLEAR
  -------         PROC          ___TK_LIB_I_ADJUST
  X:64B5H         SYMBOL        i_ch
  X:64B6H         SYMBOL        adjust_line
  -------         DO            
  X:601BH         SYMBOL        sta_finish
  X:601CH         SYMBOL        n_sta
  X:601DH         SYMBOL        p_sta
  X:601EH         SYMBOL        min_iset
  X:601FH         SYMBOL        min_diff
  D:0024H         SYMBOL        diff
  D:0028H         SYMBOL        temp
  -------         ENDDO         
  C:136CH         LINE#         528
  C:1371H         LINE#         529
  C:1371H         LINE#         537
  C:1384H         LINE#         538
  C:1389H         LINE#         539
  C:138DH         LINE#         540
  C:1396H         LINE#         541
  C:1399H         LINE#         542
  C:139CH         LINE#         545
  C:13D9H         LINE#         546
BL51 BANKED LINKER/LOCATER V6.22.4.0                                                  06/19/2025  16:47:01  PAGE 64


  C:1404H         LINE#         547
  C:141AH         LINE#         548
  C:141AH         LINE#         550
  C:1431H         LINE#         551
  C:1447H         LINE#         552
  C:144AH         LINE#         553
  C:144CH         LINE#         555
  C:145FH         LINE#         557
  C:147BH         LINE#         558
  C:148EH         LINE#         559
  C:1491H         LINE#         560
  C:1491H         LINE#         561
  C:1493H         LINE#         563
  C:14AFH         LINE#         564
  C:14C2H         LINE#         565
  C:14C8H         LINE#         566
  C:14C8H         LINE#         567
  C:14C8H         LINE#         568
  C:14C8H         LINE#         569
  C:14D6H         LINE#         570
  C:14DAH         LINE#         571
  C:14DCH         LINE#         572
  C:14E1H         LINE#         573
  C:14E1H         LINE#         575
  C:14E9H         LINE#         576
  C:1502H         LINE#         577
  C:150AH         LINE#         578
  C:1510H         LINE#         579
  C:1515H         LINE#         580
  C:1517H         LINE#         581
  C:151BH         LINE#         582
  C:151EH         LINE#         583
  C:151EH         LINE#         585
  C:1520H         LINE#         586
  -------         ENDPROC       ___TK_LIB_I_ADJUST
  -------         PROC          __TK_I_SOURCE_ADJUST
  -------         DO            
  X:64B4H         SYMBOL        result
  -------         ENDDO         
  C:2DA6H         LINE#         593
  C:2DA6H         LINE#         594
  C:2DA6H         LINE#         595
  C:2DABH         LINE#         597
  C:2DC4H         LINE#         598
  C:2DC6H         LINE#         600
  C:2DCBH         LINE#         601
  C:2DCEH         LINE#         602
  C:2DD4H         LINE#         603
  C:2DD4H         LINE#         605
  C:2DE0H         LINE#         606
  C:2DE3H         LINE#         607
  C:2DE6H         LINE#         608
  C:2DE6H         LINE#         609
  C:2DE6H         LINE#         611
  C:2DFDH         LINE#         612
  C:2DFFH         LINE#         613
  C:2E02H         LINE#         614
BL51 BANKED LINKER/LOCATER V6.22.4.0                                                  06/19/2025  16:47:01  PAGE 65


  C:2E02H         LINE#         615
  C:2E07H         LINE#         616
  C:2E07H         LINE#         617
  -------         ENDPROC       __TK_I_SOURCE_ADJUST
  -------         PROC          ___TK_SET_NEXT_CH
  D:0007H         SYMBOL        kick_type
  C:29F6H         LINE#         625
  C:29F6H         LINE#         626
  C:29F6H         LINE#         627
  C:29F9H         LINE#         629
  C:2A17H         LINE#         630
  C:2A1DH         LINE#         631
  C:2A21H         LINE#         632
  C:2A25H         LINE#         633
  C:2A29H         LINE#         634
  C:2A2DH         LINE#         636
  C:2A47H         LINE#         638
  C:2A57H         LINE#         639
  C:2A57H         LINE#         640
  C:2A59H         LINE#         642
  C:2A73H         LINE#         643
  C:2A79H         LINE#         644
  C:2A79H         LINE#         645
  -------         ENDPROC       ___TK_SET_NEXT_CH
  -------         PROC          __TK_LIB_INIT
  -------         DO            
  X:64A2H         SYMBOL        i
  -------         ENDDO         
  C:2557H         LINE#         652
  C:2557H         LINE#         653
  C:2557H         LINE#         655
  C:259FH         LINE#         656
  C:25ADH         LINE#         658
  C:25B0H         LINE#         659
  C:25B8H         LINE#         660
  C:25BAH         LINE#         661
  C:25BCH         LINE#         662
  C:25C4H         LINE#         663
  C:25CCH         LINE#         664
  C:25D4H         LINE#         665
  C:25EAH         LINE#         666
  C:25EDH         LINE#         667
  -------         ENDPROC       __TK_LIB_INIT
  -------         PROC          __TK_HANDLER
  C:2B76H         LINE#         675
  C:2B76H         LINE#         676
  C:2B76H         LINE#         677
  C:2B7BH         LINE#         678
  C:2B7FH         LINE#         679
  C:2BA6H         LINE#         682
  C:2BA9H         LINE#         683
  C:2BB0H         LINE#         684
  C:2BB2H         LINE#         685
  C:2BB5H         LINE#         686
  C:2BB5H         LINE#         687
  C:2BB8H         LINE#         688
  C:2BB8H         LINE#         689
BL51 BANKED LINKER/LOCATER V6.22.4.0                                                  06/19/2025  16:47:01  PAGE 66


  C:2BB8H         LINE#         690
  C:2BBAH         LINE#         691
  C:2BC6H         LINE#         692
  C:2BD6H         LINE#         693
  C:2BD9H         LINE#         694
  C:2BDEH         LINE#         696
  C:2BE1H         LINE#         697
  C:2BE1H         LINE#         699
  C:2BE4H         LINE#         700
  C:2BE4H         LINE#         701
  C:2BE5H         LINE#         702
  C:2BEAH         LINE#         703
  C:2BEAH         LINE#         704
  C:2BEAH         LINE#         705
  -------         ENDPROC       __TK_HANDLER
  -------         PROC          __TK_MS_HANDLER
  C:38EAH         LINE#         712
  C:38EAH         LINE#         713
  C:38EAH         LINE#         714
  C:38ECH         LINE#         716
  -------         ENDPROC       __TK_MS_HANDLER
  -------         PROC          __TK_SCAN
  C:360CH         LINE#         724
  C:360CH         LINE#         725
  C:360CH         LINE#         727
  C:3611H         LINE#         730
  C:361DH         LINE#         735
  C:3620H         LINE#         739
  C:3623H         LINE#         740
  C:3628H         LINE#         741
  C:362BH         LINE#         742
  C:362BH         LINE#         743
  -------         ENDPROC       __TK_SCAN
  -------         ENDMOD        TK_LIB

  -------         MODULE        ?C?COPY
  C:0130H         PUBLIC        ?C?COPY
  -------         ENDMOD        ?C?COPY

  -------         MODULE        ?C?CLDPTR
  C:0156H         PUBLIC        ?C?CLDPTR
  -------         ENDMOD        ?C?CLDPTR

  -------         MODULE        ?C?CLDOPTR
  C:016FH         PUBLIC        ?C?CLDOPTR
  -------         ENDMOD        ?C?CLDOPTR

  -------         MODULE        ?C?CILDOPTR
  C:019CH         PUBLIC        ?C?CILDOPTR
  -------         ENDMOD        ?C?CILDOPTR

  -------         MODULE        ?C?CSTPTR
  C:01CFH         PUBLIC        ?C?CSTPTR
  -------         ENDMOD        ?C?CSTPTR

  -------         MODULE        ?C?CSTOPTR
  C:01E1H         PUBLIC        ?C?CSTOPTR
BL51 BANKED LINKER/LOCATER V6.22.4.0                                                  06/19/2025  16:47:01  PAGE 67


  -------         ENDMOD        ?C?CSTOPTR

  -------         MODULE        ?C?IMUL
  C:0203H         PUBLIC        ?C?IMUL
  -------         ENDMOD        ?C?IMUL

  -------         MODULE        ?C?UIDIV
  C:0215H         PUBLIC        ?C?UIDIV
  -------         ENDMOD        ?C?UIDIV

  -------         MODULE        ?C?IILDX
  C:026AH         PUBLIC        ?C?IILDX
  -------         ENDMOD        ?C?IILDX

  -------         MODULE        ?C?LADD
  C:0280H         PUBLIC        ?C?LADD
  -------         ENDMOD        ?C?LADD

  -------         MODULE        ?C?LSUB
  C:028DH         PUBLIC        ?C?LSUB
  -------         ENDMOD        ?C?LSUB

  -------         MODULE        ?C?LMUL
  C:029BH         PUBLIC        ?C?LMUL
  -------         ENDMOD        ?C?LMUL

  -------         MODULE        ?C?ULDIV
  C:0326H         PUBLIC        ?C?ULDIV
  -------         ENDMOD        ?C?ULDIV

  -------         MODULE        ?C?LNOT
  C:03B8H         PUBLIC        ?C?LNOT
  -------         ENDMOD        ?C?LNOT

  -------         MODULE        ?C?LNEG
  C:03C5H         PUBLIC        ?C?LNEG
  -------         ENDMOD        ?C?LNEG

  -------         MODULE        ?C?SLCMP
  C:03D3H         PUBLIC        ?C?SLCMP
  -------         ENDMOD        ?C?SLCMP

  -------         MODULE        ?C?ULCMP
  C:03E9H         PUBLIC        ?C?ULCMP
  -------         ENDMOD        ?C?ULCMP

  -------         MODULE        ?C?ULSHR
  C:03FAH         PUBLIC        ?C?ULSHR
  -------         ENDMOD        ?C?ULSHR

  -------         MODULE        ?C?LSHL
  C:040DH         PUBLIC        ?C?LSHL
  -------         ENDMOD        ?C?LSHL

  -------         MODULE        ?C?LLDXDATA
  C:0420H         PUBLIC        ?C?LLDXDATA
  -------         ENDMOD        ?C?LLDXDATA
BL51 BANKED LINKER/LOCATER V6.22.4.0                                                  06/19/2025  16:47:01  PAGE 68



  -------         MODULE        ?C?LLDCODE
  C:042CH         PUBLIC        ?C?LLDCODE
  -------         ENDMOD        ?C?LLDCODE

  -------         MODULE        ?C?LLDXDATA0
  C:043CH         PUBLIC        ?C?LLDXDATA0
  -------         ENDMOD        ?C?LLDXDATA0

  -------         MODULE        ?C?LSTXDATA
  C:0448H         PUBLIC        ?C?LSTXDATA
  -------         ENDMOD        ?C?LSTXDATA

  -------         MODULE        ?C?LSTKXDATA
  C:0454H         PUBLIC        ?C?LSTKXDATA
  -------         ENDMOD        ?C?LSTKXDATA

  -------         MODULE        ?C?OFFXADD
  C:0485H         PUBLIC        ?C?OFFXADD
  -------         ENDMOD        ?C?OFFXADD

  -------         MODULE        ?C?PLDXDATA
  C:0491H         PUBLIC        ?C?PLDXDATA
  -------         ENDMOD        ?C?PLDXDATA

  -------         MODULE        ?C?PLDIXDATA
  C:049AH         PUBLIC        ?C?PLDIXDATA
  -------         ENDMOD        ?C?PLDIXDATA

  -------         MODULE        ?C?PSTXDATA
  C:04B1H         PUBLIC        ?C?PSTXDATA
  -------         ENDMOD        ?C?PSTXDATA

  -------         MODULE        ?C?PLDOPTR
  C:04BAH         PUBLIC        ?C?PLDOPTR
  -------         ENDMOD        ?C?PLDOPTR

  -------         MODULE        ?C?CCASE
  C:04EAH         PUBLIC        ?C?CCASE
  -------         ENDMOD        ?C?CCASE

  -------         MODULE        ?C?ICALL
  C:0510H         PUBLIC        ?C?ICALL
  C:0514H         PUBLIC        ?C?ICALL2
  -------         ENDMOD        ?C?ICALL

  -------         MODULE        ?C?LIMUL
  C:0516H         PUBLIC        ?C?LIMUL
  -------         ENDMOD        ?C?LIMUL

  -------         MODULE        ?C?MEMSET
  C:0543H         PUBLIC        ?C?MEMSET
  -------         ENDMOD        ?C?MEMSET

  -------         MODULE        ?C?PLDIDATA
  C:056FH         PUBLIC        ?C?PLDIDATA
  -------         ENDMOD        ?C?PLDIDATA
BL51 BANKED LINKER/LOCATER V6.22.4.0                                                  06/19/2025  16:47:01  PAGE 69



  -------         MODULE        ?C?PLDPDATA
  C:0578H         PUBLIC        ?C?PLDPDATA
  -------         ENDMOD        ?C?PLDPDATA

  -------         MODULE        ?C?PLDCODE
  C:0581H         PUBLIC        ?C?PLDCODE
  -------         ENDMOD        ?C?PLDCODE

*** WARNING L16: UNCALLED SEGMENT, IGNORED FOR OVERLAY PROCESS
    SEGMENT: ?PR?P03_OUTPUT_CONFIG?MY_GPIO

*** WARNING L16: UNCALLED SEGMENT, IGNORED FOR OVERLAY PROCESS
    SEGMENT: ?PR?P23_INPUT_CONFIG?MY_GPIO

*** WARNING L16: UNCALLED SEGMENT, IGNORED FOR OVERLAY PROCESS
    SEGMENT: ?PR?_PUTCHAR?UART0

*** WARNING L16: UNCALLED SEGMENT, IGNORED FOR OVERLAY PROCESS
    SEGMENT: ?PR?_UART0_SEND_BUFF?UART0

*** WARNING L16: UNCALLED SEGMENT, IGNORED FOR OVERLAY PROCESS
    SEGMENT: ?PR?AIP1302_UPDATE_ALL_DATA?AIP1302

*** WARNING L16: UNCALLED SEGMENT, IGNORED FOR OVERLAY PROCESS
    SEGMENT: ?PR?PIN_LEVEL_SCAN?PIN_LEVEL_SCAN

*** WARNING L16: UNCALLED SEGMENT, IGNORED FOR OVERLAY PROCESS
    SEGMENT: ?PR?TEMP_OF_WATER_SCAN?TEMP_OF_WATER

*** WARNING L16: UNCALLED SEGMENT, IGNORED FOR OVERLAY PROCESS
    SEGMENT: ?PR?__TK_MS_HANDLER?TK_LIB

Program Size: data=73.5 xdata=1348 code=14574
LINK/LOCATE RUN COMPLETE.  8 WARNING(S),  0 ERROR(S)
