BL51 BANKED LINKER/LOCATER V6.22.4.0                                                    06/12/2025  11:16:50  PAGE 1


BL51 BANKED LINKER/LOCATER V6.22.4.0, INVOKED BY:
C:\KEIL_V5\C51\BIN\BL51.EXE .\Release\Objects\STARTUP.obj, .\Release\Objects\system.obj, ..\..\User\lib\tk_simplify_algo
>> rithm_V1.0.0.LIB, .\Release\Objects\tk_set.obj, .\Release\Objects\my_gpio.obj, .\Release\Objects\tmr0.obj, .\Release\
>> Objects\tmr1.obj, .\Release\Objects\tmr2.obj, .\Release\Objects\uart0.obj, .\Release\Objects\adc.obj, .\Release\Objec
>> ts\flash.obj, .\Release\Objects\aip1302.obj, .\Release\Objects\uart1.obj, .\Release\Objects\key_driver.obj, .\Release
>> \Objects\main.obj, .\Release\Objects\fun_info.obj, .\Release\Objects\send_data.obj, .\Release\Objects\pin_level_scan.
>> obj, .\Release\Objects\speed_scan.obj, .\Release\Objects\engine_speed_scan.obj, .\Release\Objects\mileage.obj, .\Rele
>> ase\Objects\instruction.obj, .\Release\Objects\ad_key.obj, .\Release\Objects\fuel_capacity.obj, .\Release\Objects\tem
>> p_of_water.obj, .\Release\Objects\battery.obj, .\Release\Objects\touch_key.obj TO .\Release\Objects\Project PRINT (.\
>> Release\Listings\Project.m51) RAMSIZE (256) CODE (0X0000-0X3EEF) XDATA (0X6000-0X66FF)


MEMORY MODEL: LARGE


INPUT MODULES INCLUDED:
  .\Release\Objects\STARTUP.obj (?C_STARTUP)
  .\Release\Objects\system.obj (SYSTEM)
  .\Release\Objects\tk_set.obj (TK_SET)
  .\Release\Objects\my_gpio.obj (MY_GPIO)
  .\Release\Objects\tmr0.obj (TMR0)
  .\Release\Objects\tmr1.obj (TMR1)
  .\Release\Objects\tmr2.obj (TMR2)
  .\Release\Objects\uart0.obj (UART0)
  .\Release\Objects\adc.obj (ADC)
  .\Release\Objects\flash.obj (FLASH)
  .\Release\Objects\aip1302.obj (AIP1302)
  .\Release\Objects\uart1.obj (UART1)
  .\Release\Objects\key_driver.obj (KEY_DRIVER)
  .\Release\Objects\main.obj (MAIN)
  .\Release\Objects\fun_info.obj (FUN_INFO)
  .\Release\Objects\send_data.obj (SEND_DATA)
  .\Release\Objects\pin_level_scan.obj (PIN_LEVEL_SCAN)
  .\Release\Objects\speed_scan.obj (SPEED_SCAN)
  .\Release\Objects\engine_speed_scan.obj (ENGINE_SPEED_SCAN)
  .\Release\Objects\mileage.obj (MILEAGE)
  .\Release\Objects\instruction.obj (INSTRUCTION)
  .\Release\Objects\ad_key.obj (AD_KEY)
  .\Release\Objects\fuel_capacity.obj (FUEL_CAPACITY)
  .\Release\Objects\temp_of_water.obj (TEMP_OF_WATER)
  .\Release\Objects\battery.obj (BATTERY)
  .\Release\Objects\touch_key.obj (TOUCH_KEY)
  ..\..\User\lib\tk_simplify_algorithm_V1.0.0.LIB (TK_LIB)
  C:\KEIL_V5\C51\LIB\C51L.LIB (?C_INIT)
  C:\KEIL_V5\C51\LIB\C51L.LIB (?C?COPY)
  C:\KEIL_V5\C51\LIB\C51L.LIB (?C?CLDPTR)
  C:\KEIL_V5\C51\LIB\C51L.LIB (?C?CLDOPTR)
  C:\KEIL_V5\C51\LIB\C51L.LIB (?C?CILDOPTR)
  C:\KEIL_V5\C51\LIB\C51L.LIB (?C?CSTPTR)
  C:\KEIL_V5\C51\LIB\C51L.LIB (?C?CSTOPTR)
  C:\KEIL_V5\C51\LIB\C51L.LIB (?C?IMUL)
  C:\KEIL_V5\C51\LIB\C51L.LIB (?C?UIDIV)
  C:\KEIL_V5\C51\LIB\C51L.LIB (?C?IILDX)
  C:\KEIL_V5\C51\LIB\C51L.LIB (?C?LADD)
  C:\KEIL_V5\C51\LIB\C51L.LIB (?C?LSUB)
  C:\KEIL_V5\C51\LIB\C51L.LIB (?C?LMUL)
  C:\KEIL_V5\C51\LIB\C51L.LIB (?C?ULDIV)
  C:\KEIL_V5\C51\LIB\C51L.LIB (?C?LNOT)
BL51 BANKED LINKER/LOCATER V6.22.4.0                                                  06/12/2025  11:16:50  PAGE 2


  C:\KEIL_V5\C51\LIB\C51L.LIB (?C?LNEG)
  C:\KEIL_V5\C51\LIB\C51L.LIB (?C?SLCMP)
  C:\KEIL_V5\C51\LIB\C51L.LIB (?C?ULCMP)
  C:\KEIL_V5\C51\LIB\C51L.LIB (?C?ULSHR)
  C:\KEIL_V5\C51\LIB\C51L.LIB (?C?LSHL)
  C:\KEIL_V5\C51\LIB\C51L.LIB (?C?LLDXDATA)
  C:\KEIL_V5\C51\LIB\C51L.LIB (?C?LLDCODE)
  C:\KEIL_V5\C51\LIB\C51L.LIB (?C?LLDXDATA0)
  C:\KEIL_V5\C51\LIB\C51L.LIB (?C?LSTXDATA)
  C:\KEIL_V5\C51\LIB\C51L.LIB (?C?LSTKXDATA)
  C:\KEIL_V5\C51\LIB\C51L.LIB (?C?OFFXADD)
  C:\KEIL_V5\C51\LIB\C51L.LIB (?C?PLDXDATA)
  C:\KEIL_V5\C51\LIB\C51L.LIB (?C?PLDIXDATA)
  C:\KEIL_V5\C51\LIB\C51L.LIB (?C?PSTXDATA)
  C:\KEIL_V5\C51\LIB\C51L.LIB (?C?PLDOPTR)
  C:\KEIL_V5\C51\LIB\C51L.LIB (?C?CCASE)
  C:\KEIL_V5\C51\LIB\C51L.LIB (?C?ICALL)
  C:\KEIL_V5\C51\LIB\C51L.LIB (?C?LIMUL)
  C:\KEIL_V5\C51\LIB\C51L.LIB (PRINTF)
  C:\KEIL_V5\C51\LIB\C51L.LIB (?C?MEMSET)
  C:\KEIL_V5\C51\LIB\C51L.LIB (?C?PLDIDATA)
  C:\KEIL_V5\C51\LIB\C51L.LIB (?C?PLDPDATA)
  C:\KEIL_V5\C51\LIB\C51L.LIB (?C?PLDCODE)


LINK MAP OF MODULE:  .\Release\Objects\Project (?C_STARTUP)


            TYPE    BASE      LENGTH    RELOCATION   SEGMENT NAME
            -----------------------------------------------------

            * * * * * * *   D A T A   M E M O R Y   * * * * * * *
            REG     0000H     0008H     ABSOLUTE     "REG BANK 0"
            DATA    0008H     0004H     ABSOLUTE     
            DATA    000CH     0004H     ABSOLUTE     
            DATA    0010H     0004H     ABSOLUTE     
            DATA    0014H     0004H     ABSOLUTE     
            DATA    0018H     0004H     ABSOLUTE     
            DATA    001CH     0004H     ABSOLUTE     
            BIT     0020H.0   0002H.5   UNIT         ?BI?INSTRUCTION
            BIT     0022H.5   0001H.1   UNIT         _BIT_GROUP_
            BIT     0023H.6   0000H.2   UNIT         ?BI?TMR2
            BIT     0024H.0   0000H.2   UNIT         ?BI?TK_LIB
            BIT     0024H.2   0000H.1   UNIT         ?BI?UART0
            BIT     0024H.3   0000H.1   UNIT         ?BI?SPEED_SCAN
            BIT     0024H.4   0000H.1   UNIT         ?BI?ENGINE_SPEED_SCAN
                    0024H.5   000BH.3                *** GAP ***
            DATA    0030H     0004H     ABSOLUTE     
            DATA    0034H     0004H     ABSOLUTE     
            DATA    0038H     0004H     ABSOLUTE     
            DATA    003CH     0004H     ABSOLUTE     
            DATA    0040H     000DH     UNIT         _DATA_GROUP_
                    004DH     0003H                  *** GAP ***
            DATA    0050H     0002H     ABSOLUTE     
            DATA    0052H     0002H     ABSOLUTE     
            DATA    0054H     0002H     ABSOLUTE     
                    0056H     000AH                  *** GAP ***
BL51 BANKED LINKER/LOCATER V6.22.4.0                                                  06/12/2025  11:16:50  PAGE 3


            DATA    0060H     0001H     ABSOLUTE     
            DATA    0061H     0001H     ABSOLUTE     
            DATA    0062H     0001H     ABSOLUTE     
            DATA    0063H     0001H     ABSOLUTE     
            DATA    0064H     0001H     ABSOLUTE     
            DATA    0065H     0001H     ABSOLUTE     
            DATA    0066H     0001H     ABSOLUTE     
            IDATA   0067H     0001H     UNIT         ?STACK

            * * * * * * *  X D A T A   M E M O R Y  * * * * * * *
                    0000H     6000H                  *** GAP ***
            XDATA   6000H     0004H     ABSOLUTE     
            XDATA   6004H     0004H     ABSOLUTE     
            XDATA   6008H     0004H     ABSOLUTE     
            XDATA   600CH     0004H     UNIT         ?XD?TMR0
            XDATA   6010H     0004H     ABSOLUTE     
            XDATA   6014H     0004H     ABSOLUTE     
            XDATA   6018H     0394H     UNIT         ?XD?TK_LIB
            XDATA   63ACH     0045H     UNIT         ?XD?AD_KEY
            XDATA   63F1H     003DH     UNIT         ?XD?UART0
            XDATA   642EH     0033H     UNIT         _XDATA_GROUP_
            XDATA   6461H     002EH     UNIT         ?XD?FUEL_CAPACITY
            XDATA   648FH     0027H     UNIT         ?XD?FUN_INFO
            XDATA   64B6H     001FH     UNIT         ?XD?TOUCH_KEY
            XDATA   64D5H     0018H     UNIT         ?XD?TK_SET
            XDATA   64EDH     0012H     UNIT         ?XD?MILEAGE
            XDATA   64FFH     0010H     UNIT         ?XD?SPEED_SCAN
            XDATA   650FH     0010H     UNIT         ?XD?ENGINE_SPEED_SCAN
            XDATA   651FH     000CH     UNIT         ?XD?TEMP_OF_WATER
            XDATA   652BH     000CH     UNIT         ?XD?BATTERY
            XDATA   6537H     0009H     UNIT         ?XD?INSTRUCTION
            XDATA   6540H     0008H     UNIT         ?XD?TMR1
            XDATA   6548H     0007H     UNIT         ?XD?AIP1302_UPDATE_ALL_DATA?AIP1302
            XDATA   654FH     0004H     UNIT         ?XD?KEY_DRIVER
            XDATA   6553H     0003H     UNIT         ?XD?TMR2
            XDATA   6556H     0003H     UNIT         ?XD?_UART0_SEND_BUFF?UART0
            XDATA   6559H     0002H     UNIT         ?XD?ADC
            XDATA   655BH     0002H     UNIT         ?XD?PIN_LEVEL_SCAN
            XDATA   655DH     0002H     UNIT         ?XD?__TK_LIB_INIT?TK_LIB
            XDATA   655FH     0001H     UNIT         ?XD?___TOUCH_KEY_GET_EVENT?TOUCH_KEY

            * * * * * * *   C O D E   M E M O R Y   * * * * * * *
            CODE    0000H     0003H     ABSOLUTE     
            CODE    0003H     000CH     ABSOLUTE     
            CODE    000FH     000FH     UNIT         ?PR?AIP1302_IS_RUNNING?AIP1302
            CODE    001EH     0003H     ABSOLUTE     
            CODE    0021H     0003H     ABSOLUTE     
            CODE    0024H     0003H     ABSOLUTE     
            CODE    0027H     0023H     UNIT         ?PR?_UART0_SEND_BUFF?UART0
                    004AH     0001H                  *** GAP ***
            CODE    004BH     0003H     ABSOLUTE     
            CODE    004EH     000FH     UNIT         ?PR?AD_KEY
            CODE    005DH     0003H     ABSOLUTE     
            CODE    0060H     052DH     UNIT         ?C?LIB_CODE
            CODE    058DH     0365H     UNIT         ?PR?PRINTF?PRINTF
            CODE    08F2H     033FH     UNIT         ?PR?__TK_DATA_PROCESS?TK_LIB
            CODE    0C31H     0252H     UNIT         ?PR?___TK_MODE_CARRY_FUNC?TK_LIB
BL51 BANKED LINKER/LOCATER V6.22.4.0                                                  06/12/2025  11:16:50  PAGE 4


            CODE    0E83H     0248H     UNIT         ?C_INITSEG
            CODE    10CBH     0247H     UNIT         ?PR?INSTRUCTION_HANDLE?INSTRUCTION
            CODE    1312H     0206H     UNIT         ?PR?_SEND_DATA?SEND_DATA
            CODE    1518H     01B9H     UNIT         ?PR?__TK_BUTTON_DECIDE?TK_LIB
            CODE    16D1H     01B5H     UNIT         ?PR?___TK_LIB_I_ADJUST?TK_LIB
            CODE    1886H     0193H     UNIT         ?PR?_KEY_DRIVER_SCAN?KEY_DRIVER
            CODE    1A19H     014EH     UNIT         ?PR?INSTRUCTION_SCAN?INSTRUCTION
            CODE    1B67H     013CH     UNIT         ?PR?TK_GPIO_CONFIG?TK_SET
            CODE    1CA3H     0138H     UNIT         ?PR?UART0_IRQHANDLER?UART0
            CODE    1DDBH     0130H     UNIT         ?PR?HEART_BEAT_HANDLE?TMR1
            CODE    1F0BH     0124H     UNIT         ?PR?UART0_SCAN_HANDLE?UART0
            CODE    202FH     00EDH     UNIT         ?PR?TIMR2_IRQHANDLER?TMR2
            CODE    211CH     00DCH     UNIT         ?PR?SYSTEM_INIT?SYSTEM
            CODE    21F8H     00D8H     UNIT         ?PR?MILEAGE_SCAN?MILEAGE
            CODE    22D0H     00D4H     UNIT         ?PR?ADC_GETVAL?ADC
            CODE    23A4H     00D0H     UNIT         ?PR?SPEED_SCAN?SPEED_SCAN
            CODE    2474H     00D0H     UNIT         ?PR?TEMP_OF_WATER_SCAN?TEMP_OF_WATER
            CODE    2544H     00C0H     UNIT         ?PR?BATTERY_SCAN?BATTERY
            CODE    2604H     00BAH     UNIT         ?PR?AD_KEY_HANDLE?AD_KEY
            CODE    26BEH     00B6H     UNIT         ?PR?FUEL_CAPACITY_SCAN?FUEL_CAPACITY
            CODE    2774H     00AFH     UNIT         ?PR?_AIP1302_WRITE_BYTE?AIP1302
            CODE    2823H     00A8H     UNIT         ?PR?PIN_LEVEL_SCAN?PIN_LEVEL_SCAN
            CODE    28CBH     009BH     UNIT         ?PR?__TK_LIB_INIT?TK_LIB
            CODE    2966H     0093H     UNIT         ?PR?__TK_BASELINE_INIT?TK_LIB
            CODE    29F9H     0092H     UNIT         ?PR?TK_PARAM_INIT?TK_SET
            CODE    2A8BH     0092H     UNIT         ?PR?___AIP1302_READ_BYTE?AIP1302
            CODE    2B1DH     0090H     UNIT         ?PR?___AIP1302_WRITE_BYTE?AIP1302
            CODE    2BADH     008CH     UNIT         ?C_C51STARTUP
            CODE    2C39H     008AH     UNIT         ?PR?ENGINE_SPEED_SCAN?ENGINE_SPEED_SCAN
            CODE    2CC3H     0084H     UNIT         ?PR?___TK_SET_NEXT_CH?TK_LIB
            CODE    2D47H     007EH     UNIT         ?PR?__TK_BASELINE_UPDATE?TK_LIB
            CODE    2DC5H     007EH     UNIT         ?PR?__TK_LONG_KEY_CLEAR?TK_LIB
            CODE    2E43H     0075H     UNIT         ?PR?__TK_HANDLER?TK_LIB
            CODE    2EB8H     006EH     UNIT         ?PR?___AIP1302_CONVERT_READ_BYTE?AIP1302
            CODE    2F26H     006CH     UNIT         ?PR?_GET_FILTERED_ADC?FUEL_CAPACITY
            CODE    2F92H     0062H     UNIT         ?PR?__TK_I_SOURCE_ADJUST?TK_LIB
            CODE    2FF4H     005EH     UNIT         ?PR?AIP1302_CONFIG?AIP1302
            CODE    3052H     005AH     UNIT         ?PR?TIMR1_IRQHANDLER?TMR1
            CODE    30ACH     0059H     UNIT         ?PR?UART0
            CODE    3105H     004FH     UNIT         ?PR?TK_INIT?TK_SET
            CODE    3154H     004FH     UNIT         ?PR?TIMR0_IRQHANDLER?TMR0
            CODE    31A3H     004CH     UNIT         ?PR?___CONVER_CUR_AD_TO_AD_KEY?AD_KEY
            CODE    31EFH     004BH     UNIT         ?PR?TMR1
            CODE    323AH     004AH     UNIT         ?PR?MAIN?MAIN
            CODE    3284H     0048H     UNIT         ?PR?INSTRUCTION
            CODE    32CCH     0046H     UNIT         ?PR?AIP1302_READ_ALL?AIP1302
            CODE    3312H     0045H     UNIT         ?PR?TK_IRQHANDLER?TK_SET
            CODE    3357H     0044H     UNIT         ?PR?_CONVERT_FUEL_ADC_TO_PERCENT?FUEL_CAPACITY
            CODE    339BH     0040H     UNIT         ?PR?TMR2_CONFIG?TMR2
            CODE    33DBH     003FH     UNIT         ?PR?AIP1302_UPDATE_ALL_DATA?AIP1302
            CODE    341AH     003FH     UNIT         ?PR?AIP1302_UPDATE_TIME?AIP1302
            CODE    3459H     003FH     UNIT         ?PR?UPDATE_ENGINE_SPEED_SCAN_DATA?ENGINE_SPEED_SCAN
            CODE    3498H     003EH     UNIT         ?PR?SEND_DATA
            CODE    34D6H     003DH     UNIT         ?PR?TMR1_CONFIG?TMR1
            CODE    3513H     003DH     UNIT         ?PR?__TK_MODE_CONFIG?TK_LIB
            CODE    3550H     003CH     UNIT         ?PR?TMR0_CONFIG?TMR0
            CODE    358CH     003AH     UNIT         ?PR?USER_INIT?MAIN
BL51 BANKED LINKER/LOCATER V6.22.4.0                                                  06/12/2025  11:16:50  PAGE 5


            CODE    35C6H     0039H     UNIT         ?PR?UPDATE_SPEED_SCAN_DATA?SPEED_SCAN
            CODE    35FFH     0037H     UNIT         ?PR?_ADC_SEL_PIN?ADC
            CODE    3636H     0037H     UNIT         ?PR?_FLASH_WRITE?FLASH
            CODE    366DH     0034H     UNIT         ?PR?_FLASH_READ?FLASH
            CODE    36A1H     0032H     UNIT         ?PR?AD_KEY_GET_KEY_ID?AD_KEY
            CODE    36D3H     002EH     UNIT         ?PR?AIP1302
            CODE    3701H     002EH     UNIT         ?CO?FUEL_CAPACITY
            CODE    372FH     002CH     UNIT         ?PR?___TOUCH_KEY_GET_EVENT?TOUCH_KEY
            CODE    375BH     002BH     UNIT         ?PR?UART0_CONFIG?UART0
            CODE    3786H     002BH     UNIT         ?PR?PIN_LEVEL_SCAN_CONFIG?PIN_LEVEL_SCAN
            CODE    37B1H     002BH     UNIT         ?PR?MILEAGE
            CODE    37DCH     0023H     UNIT         ?PR?ADC_SINGLE_CONVERT?ADC
            CODE    37FFH     0023H     UNIT         ?PR?___AD_KEY_GET_EVENT?AD_KEY
            CODE    3822H     0022H     UNIT         ?PR?ADC_CONFIG?ADC
            CODE    3844H     0021H     UNIT         ?PR?KEY_DRIVER
            CODE    3865H     0020H     UNIT         ?PR?TOUCH_KEY_GET_KEY_ID?TOUCH_KEY
            CODE    3885H     0020H     UNIT         ?PR?__TK_SCAN?TK_LIB
            CODE    38A5H     001FH     UNIT         ?PR?TMR2
            CODE    38C4H     001FH     UNIT         ?PR?TOUCH_KEY
            CODE    38E3H     001EH     UNIT         ?CO?TK_SET
            CODE    3901H     001EH     UNIT         ?PR?TEMP_OF_WATER
            CODE    391FH     001BH     UNIT         ?PR?_DELAY_MS?SYSTEM
            CODE    393AH     001BH     UNIT         ?PR?ADC
            CODE    3955H     001AH     UNIT         ?PR?_REVERSE_U8?AIP1302
            CODE    396FH     0018H     UNIT         ?PR?TK_SET
            CODE    3987H     0018H     UNIT         ?PR?FUN_INFO_INIT?FUN_INFO
            CODE    399FH     0016H     UNIT         ?PR?_AIP1302_READ_BYTE?AIP1302
            CODE    39B5H     0016H     UNIT         ?PR?TOUCH_KEY_HANDLE?TOUCH_KEY
            CODE    39CBH     0015H     UNIT         ?PR?FUEL_CAPACITY
            CODE    39E0H     0011H     UNIT         ?PR?TMR2_ENABLE?TMR2
            CODE    39F1H     0011H     UNIT         ?PR?_FLASH_ERASE_SECTOR?FLASH
            CODE    3A02H     0011H     UNIT         ?PR?_SAMPLES_INIT?FUEL_CAPACITY
            CODE    3A13H     0010H     UNIT         ?PR?P03_OUTPUT_CONFIG?MY_GPIO
            CODE    3A23H     0010H     UNIT         ?PR?TMR0_DISABLE?TMR0
            CODE    3A33H     0010H     UNIT         ?PR?TMR1_ENABLE?TMR1
            CODE    3A43H     0010H     UNIT         ?PR?_CONVER_ADC_VAL_TO_VOLTAGE?BATTERY
            CODE    3A53H     000EH     UNIT         ?PR?_PUTCHAR?UART0
            CODE    3A61H     000EH     UNIT         ?PR?FUN_INFO_SAVE?FUN_INFO
            CODE    3A6FH     000EH     UNIT         ?PR?_CONVER_VOLTAGE_OF_BATTERY_TO_PERCENTAGE?BATTERY
            CODE    3A7DH     000DH     UNIT         ?PR?P06_INPUT_CONFIG?MY_GPIO
            CODE    3A8AH     000DH     UNIT         ?PR?P07_INPUT_CONFIG?MY_GPIO
            CODE    3A97H     000DH     UNIT         ?PR?P10_INPUT_CONFIG?MY_GPIO
            CODE    3AA4H     000DH     UNIT         ?PR?P13_INPUT_CONFIG?MY_GPIO
            CODE    3AB1H     000DH     UNIT         ?PR?P14_INPUT_CONFIG?MY_GPIO
            CODE    3ABEH     000DH     UNIT         ?PR?P21_INPUT_CONFIG?MY_GPIO
            CODE    3ACBH     000DH     UNIT         ?PR?P22_INPUT_CONFIG?MY_GPIO
            CODE    3AD8H     000DH     UNIT         ?PR?P23_INPUT_CONFIG?MY_GPIO
            CODE    3AE5H     000DH     UNIT         ?PR?P25_INPUT_CONFIG?MY_GPIO
            CODE    3AF2H     000DH     UNIT         ?PR?P27_INPUT_CONFIG?MY_GPIO
            CODE    3AFFH     000DH     UNIT         ?PR?P30_INPUT_CONFIG?MY_GPIO
            CODE    3B0CH     000DH     UNIT         ?PR?_UART0_SENDBYTE?UART0
            CODE    3B19H     000DH     UNIT         ?PR?SPEED_SCAN_CONFIG?SPEED_SCAN
            CODE    3B26H     000DH     UNIT         ?PR?ENGINE_SPEED_SCAN_CONFIG?ENGINE_SPEED_SCAN
            CODE    3B33H     000CH     UNIT         ?PR?TMR0_ENABLE?TMR0
            CODE    3B3FH     000CH     UNIT         ?PR?FUN_INFO
            CODE    3B4BH     000CH     UNIT         ?PR?SPEED_SCAN
            CODE    3B57H     000BH     UNIT         ?PR?_DELAY?SYSTEM
BL51 BANKED LINKER/LOCATER V6.22.4.0                                                  06/12/2025  11:16:50  PAGE 6


            CODE    3B62H     0008H     UNIT         ?PR?TMR0
            CODE    3B6AH     0006H     UNIT         ?PR?ENGINE_SPEED_SCAN
            CODE    3B70H     0005H     UNIT         ?PR?__TK_MS_HANDLER?TK_LIB



OVERLAY MAP OF MODULE:   .\Release\Objects\Project (?C_STARTUP)


SEGMENT                                             BIT_GROUP          DATA_GROUP          XDATA_GROUP
  +--> CALLED SEGMENT                            START    LENGTH     START    LENGTH     START    LENGTH
--------------------------------------------------------------------------------------------------------
?C_C51STARTUP                                    -----    -----      -----    -----      -----    -----
  +--> ?PR?MAIN?MAIN
  +--> ?C_INITSEG

?PR?MAIN?MAIN                                    -----    -----      -----    -----      -----    -----
  +--> ?PR?SYSTEM_INIT?SYSTEM
  +--> ?PR?USER_INIT?MAIN
  +--> ?PR?_DELAY_MS?SYSTEM
  +--> ?PR?_KEY_DRIVER_SCAN?KEY_DRIVER
  +--> ?PR?AD_KEY_HANDLE?AD_KEY
  +--> ?PR?SPEED_SCAN?SPEED_SCAN
  +--> ?PR?MILEAGE_SCAN?MILEAGE
  +--> ?PR?ENGINE_SPEED_SCAN?ENGINE_SPEED_SCAN
  +--> ?PR?FUEL_CAPACITY_SCAN?FUEL_CAPACITY
  +--> ?PR?BATTERY_SCAN?BATTERY
  +--> ?PR?UART0_SCAN_HANDLE?UART0
  +--> ?PR?INSTRUCTION_SCAN?INSTRUCTION
  +--> ?PR?INSTRUCTION_HANDLE?INSTRUCTION
  +--> ?PR?HEART_BEAT_HANDLE?TMR1

?PR?SYSTEM_INIT?SYSTEM                           -----    -----      -----    -----      -----    -----
  +--> ?PR?_DELAY?SYSTEM
  +--> ?PR?_DELAY_MS?SYSTEM

?PR?_DELAY_MS?SYSTEM                             -----    -----      -----    -----      -----    -----
  +--> ?PR?_DELAY?SYSTEM

?PR?USER_INIT?MAIN                               -----    -----      -----    -----      -----    -----
  +--> ?PR?FUN_INFO_INIT?FUN_INFO
  +--> ?PR?TMR0_CONFIG?TMR0
  +--> ?PR?UART0_CONFIG?UART0
  +--> ?PR?PIN_LEVEL_SCAN_CONFIG?PIN_LEVEL_SCAN
  +--> ?PR?TMR1_CONFIG?TMR1
  +--> ?PR?SPEED_SCAN_CONFIG?SPEED_SCAN
  +--> ?PR?ENGINE_SPEED_SCAN_CONFIG?ENGINE_S...
  +--> ?PR?ADC_CONFIG?ADC
  +--> ?PR?AIP1302_CONFIG?AIP1302
  +--> ?PR?TMR2_CONFIG?TMR2
  +--> ?PR?TMR1_ENABLE?TMR1
  +--> ?PR?TMR2_ENABLE?TMR2
  +--> ?PR?_DELAY_MS?SYSTEM

?PR?FUN_INFO_INIT?FUN_INFO                       -----    -----      -----    -----      -----    -----
  +--> ?PR?FUN_INFO
  +--> ?PR?_FLASH_READ?FLASH
BL51 BANKED LINKER/LOCATER V6.22.4.0                                                  06/12/2025  11:16:50  PAGE 7



?PR?_FLASH_READ?FLASH                            -----    -----      -----    -----      642EH    0005H

?PR?TMR0_CONFIG?TMR0                             -----    -----      -----    -----      -----    -----
  +--> ?PR?TMR0

?PR?PIN_LEVEL_SCAN_CONFIG?PIN_LEVEL_SCAN         -----    -----      -----    -----      -----    -----
  +--> ?PR?P21_INPUT_CONFIG?MY_GPIO
  +--> ?PR?P22_INPUT_CONFIG?MY_GPIO
  +--> ?PR?P25_INPUT_CONFIG?MY_GPIO
  +--> ?PR?P27_INPUT_CONFIG?MY_GPIO
  +--> ?PR?P30_INPUT_CONFIG?MY_GPIO
  +--> ?PR?P14_INPUT_CONFIG?MY_GPIO
  +--> ?PR?P13_INPUT_CONFIG?MY_GPIO
  +--> ?PR?P10_INPUT_CONFIG?MY_GPIO
  +--> ?PR?P07_INPUT_CONFIG?MY_GPIO
  +--> ?PR?P06_INPUT_CONFIG?MY_GPIO

?PR?ADC_CONFIG?ADC                               -----    -----      -----    -----      -----    -----
  +--> ?PR?ADC

?PR?AIP1302_CONFIG?AIP1302                       -----    -----      -----    -----      -----    -----
  +--> ?PR?AIP1302
  +--> ?PR?AIP1302_IS_RUNNING?AIP1302
  +--> ?PR?_AIP1302_WRITE_BYTE?AIP1302
  +--> ?PR?AIP1302_READ_ALL?AIP1302

?PR?AIP1302_IS_RUNNING?AIP1302                   -----    -----      -----    -----      -----    -----
  +--> ?PR?___AIP1302_READ_BYTE?AIP1302

?PR?___AIP1302_READ_BYTE?AIP1302                 -----    -----      -----    -----      6433H    0003H
  +--> ?PR?AIP1302
  +--> ?PR?_DELAY?SYSTEM

?PR?_AIP1302_WRITE_BYTE?AIP1302                  -----    -----      -----    -----      6439H    0004H
  +--> ?PR?___AIP1302_WRITE_BYTE?AIP1302

?PR?___AIP1302_WRITE_BYTE?AIP1302                -----    -----      -----    -----      643DH    0003H
  +--> ?PR?AIP1302
  +--> ?PR?_DELAY?SYSTEM

?PR?AIP1302_READ_ALL?AIP1302                     -----    -----      -----    -----      -----    -----
  +--> ?PR?_AIP1302_READ_BYTE?AIP1302

?PR?_AIP1302_READ_BYTE?AIP1302                   -----    -----      -----    -----      6432H    0001H
  +--> ?PR?___AIP1302_READ_BYTE?AIP1302
  +--> ?PR?___AIP1302_CONVERT_READ_BYTE?AIP1302

?PR?___AIP1302_CONVERT_READ_BYTE?AIP1302         -----    -----      -----    -----      6433H    0003H
  +--> ?PR?_REVERSE_U8?AIP1302

?PR?_KEY_DRIVER_SCAN?KEY_DRIVER                  -----    -----      -----    -----      642EH    0002H
  +--> ?PR?KEY_DRIVER

?PR?AD_KEY_HANDLE?AD_KEY                         -----    -----      -----    -----      -----    -----
  +--> ?PR?___AD_KEY_GET_EVENT?AD_KEY
  +--> ?PR?_SEND_DATA?SEND_DATA
BL51 BANKED LINKER/LOCATER V6.22.4.0                                                  06/12/2025  11:16:50  PAGE 8



?PR?___AD_KEY_GET_EVENT?AD_KEY                   -----    -----      -----    -----      -----    -----
  +--> ?PR?AD_KEY

?PR?_SEND_DATA?SEND_DATA                         -----    -----      -----    -----      6432H    0009H
  +--> ?PR?_UART0_SENDBYTE?UART0
  +--> ?PR?SEND_DATA
  +--> ?PR?_DELAY_MS?SYSTEM

?PR?SPEED_SCAN?SPEED_SCAN                        -----    -----      -----    -----      642EH    0008H
  +--> ?PR?SPEED_SCAN

?PR?MILEAGE_SCAN?MILEAGE                         -----    -----      -----    -----      -----    -----
  +--> ?PR?MILEAGE
  +--> ?PR?FUN_INFO_SAVE?FUN_INFO

?PR?FUN_INFO_SAVE?FUN_INFO                       -----    -----      -----    -----      -----    -----
  +--> ?PR?_FLASH_ERASE_SECTOR?FLASH
  +--> ?PR?FUN_INFO
  +--> ?PR?_FLASH_WRITE?FLASH

?PR?_FLASH_WRITE?FLASH                           -----    -----      -----    -----      6432H    0005H

?PR?ENGINE_SPEED_SCAN?ENGINE_SPEED_SCAN          -----    -----      -----    -----      642EH    0004H
  +--> ?PR?ENGINE_SPEED_SCAN

?PR?FUEL_CAPACITY_SCAN?FUEL_CAPACITY             -----    -----      -----    -----      642EH    0003H
  +--> ?PR?_ADC_SEL_PIN?ADC
  +--> ?PR?_GET_FILTERED_ADC?FUEL_CAPACITY
  +--> ?PR?FUEL_CAPACITY
  +--> ?PR?_SAMPLES_INIT?FUEL_CAPACITY
  +--> ?PR?_CONVERT_FUEL_ADC_TO_PERCENT?FUEL...
  +--> ?CO?FUEL_CAPACITY
  +--> ?PR?PRINTF?PRINTF
  +--> ?PR?ADC_GETVAL?ADC

?PR?_ADC_SEL_PIN?ADC                             -----    -----      -----    -----      -----    -----
  +--> ?PR?ADC
  +--> ?PR?_DELAY_MS?SYSTEM

?PR?_GET_FILTERED_ADC?FUEL_CAPACITY              -----    -----      -----    -----      6431H    0005H
  +--> ?PR?FUEL_CAPACITY

?PR?_SAMPLES_INIT?FUEL_CAPACITY                  -----    -----      -----    -----      -----    -----
  +--> ?PR?FUEL_CAPACITY

?PR?_CONVERT_FUEL_ADC_TO_PERCENT?FUEL...         -----    -----      -----    -----      6431H    0002H

?PR?PRINTF?PRINTF                                0022H.5  0001H.1    0040H    0005H      6431H    0028H
  +--> ?PR?_PUTCHAR?UART0

?PR?_PUTCHAR?UART0                               -----    -----      -----    -----      6459H    0001H
  +--> ?PR?_UART0_SENDBYTE?UART0

?PR?ADC_GETVAL?ADC                               -----    -----      -----    -----      6431H    000BH
  +--> ?PR?ADC_SINGLE_CONVERT?ADC
  +--> ?PR?ADC
BL51 BANKED LINKER/LOCATER V6.22.4.0                                                  06/12/2025  11:16:50  PAGE 9



?PR?BATTERY_SCAN?BATTERY                         -----    -----      -----    -----      642EH    0002H
  +--> ?PR?_ADC_SEL_PIN?ADC
  +--> ?PR?ADC_GETVAL?ADC
  +--> ?PR?_CONVER_ADC_VAL_TO_VOLTAGE?BATTERY
  +--> ?PR?_CONVER_VOLTAGE_OF_BATTERY_TO_PER...

?PR?UART0_SCAN_HANDLE?UART0                      0022H.5  0000H.1    -----    -----      642EH    0003H
  +--> ?PR?TMR0_DISABLE?TMR0
  +--> ?PR?UART0

?PR?TMR0_DISABLE?TMR0                            -----    -----      -----    -----      -----    -----
  +--> ?PR?TMR0

?PR?INSTRUCTION_SCAN?INSTRUCTION                 -----    -----      -----    -----      642EH    0001H
  +--> ?PR?INSTRUCTION

?PR?INSTRUCTION_HANDLE?INSTRUCTION               -----    -----      -----    -----      642EH    0004H
  +--> ?PR?INSTRUCTION
  +--> ?PR?_SEND_DATA?SEND_DATA
  +--> ?PR?AIP1302_READ_ALL?AIP1302
  +--> ?PR?AIP1302_UPDATE_TIME?AIP1302
  +--> ?PR?FUN_INFO_SAVE?FUN_INFO

?PR?AIP1302_UPDATE_TIME?AIP1302                  -----    -----      -----    -----      6432H    0007H
  +--> ?PR?_AIP1302_WRITE_BYTE?AIP1302

?PR?HEART_BEAT_HANDLE?TMR1                       -----    -----      -----    -----      642EH    0008H
  +--> ?PR?TMR1

?C_INITSEG                                       -----    -----      -----    -----      -----    -----
  +--> ?PR?AD_KEY_GET_KEY_ID?AD_KEY
  +--> ?PR?TOUCH_KEY_GET_KEY_ID?TOUCH_KEY

?PR?AD_KEY_GET_KEY_ID?AD_KEY                     -----    -----      -----    -----      642EH    0002H
  +--> ?PR?_ADC_SEL_PIN?ADC
  +--> ?PR?ADC_SINGLE_CONVERT?ADC
  +--> ?PR?___CONVER_CUR_AD_TO_AD_KEY?AD_KEY

?PR?___CONVER_CUR_AD_TO_AD_KEY?AD_KEY            -----    -----      -----    -----      6430H    0002H

?PR?TOUCH_KEY_GET_KEY_ID?TOUCH_KEY               -----    -----      -----    -----      -----    -----
  +--> ?PR?__TK_SCAN?TK_LIB
  +--> ?PR?TOUCH_KEY

?PR?__TK_SCAN?TK_LIB                             -----    -----      -----    -----      -----    -----
  +--> ?PR?__TK_BUTTON_DECIDE?TK_LIB
  +--> ?PR?___TK_SET_NEXT_CH?TK_LIB

?PR?__TK_BUTTON_DECIDE?TK_LIB                    -----    -----      -----    -----      -----    -----
  +--> ?CO?TK_SET
  +--> ?PR?___TK_MODE_CARRY_FUNC?TK_LIB

?PR?___TK_MODE_CARRY_FUNC?TK_LIB                 -----    -----      -----    -----      642EH    0001H
  +--> ?CO?TK_SET
  +--> ?PR?__TK_BASELINE_UPDATE?TK_LIB

BL51 BANKED LINKER/LOCATER V6.22.4.0                                                  06/12/2025  11:16:50  PAGE 10


?PR?__TK_BASELINE_UPDATE?TK_LIB                  -----    -----      -----    -----      -----    -----
  +--> ?CO?TK_SET

*** NEW ROOT ***************************************************

?PR?TK_IRQHANDLER?TK_SET                         -----    -----      -----    -----      -----    -----
  +--> ?PR?__TK_HANDLER?TK_LIB

?PR?__TK_HANDLER?TK_LIB                          -----    -----      -----    -----      -----    -----
  +--> ?CO?TK_SET
  +--> ?PR?__TK_MODE_CONFIG?TK_LIB
  +--> ?PR?__TK_I_SOURCE_ADJUST?TK_LIB
  +--> ?PR?__TK_BASELINE_INIT?TK_LIB
  +--> ?PR?___TK_SET_NEXT_CH?TK_LIB

?PR?__TK_MODE_CONFIG?TK_LIB                      -----    -----      -----    -----      -----    -----
  +--> ?PR?___TK_SET_NEXT_CH?TK_LIB

?PR?__TK_I_SOURCE_ADJUST?TK_LIB                  -----    -----      -----    -----      645AH    0001H
  +--> ?CO?TK_SET
  +--> ?PR?___TK_LIB_I_ADJUST?TK_LIB
  +--> ?PR?__TK_MODE_CONFIG?TK_LIB
  +--> ?PR?___TK_SET_NEXT_CH?TK_LIB

?PR?___TK_LIB_I_ADJUST?TK_LIB                    -----    -----      0045H    0008H      645BH    0005H
  +--> ?CO?TK_SET

?PR?__TK_BASELINE_INIT?TK_LIB                    -----    -----      -----    -----      -----    -----
  +--> ?CO?TK_SET
  +--> ?PR?___TK_SET_NEXT_CH?TK_LIB

*** NEW ROOT ***************************************************

?PR?TIMR1_IRQHANDLER?TMR1                        -----    -----      -----    -----      -----    -----
  +--> ?PR?TMR1

*** NEW ROOT ***************************************************

?PR?TIMR2_IRQHANDLER?TMR2                        -----    -----      -----    -----      -----    -----
  +--> ?PR?TMR2
  +--> ?PR?UPDATE_ENGINE_SPEED_SCAN_DATA?ENG...
  +--> ?PR?UPDATE_SPEED_SCAN_DATA?SPEED_SCAN

?PR?UPDATE_SPEED_SCAN_DATA?SPEED_SCAN            -----    -----      -----    -----      -----    -----
  +--> ?PR?SPEED_SCAN

*** NEW ROOT ***************************************************

?PR?UART0_IRQHANDLER?UART0                       -----    -----      -----    -----      6460H    0001H
  +--> ?PR?UART0
  +--> ?PR?TMR0_DISABLE?TMR0
  +--> ?PR?TMR0_ENABLE?TMR0

?PR?TMR0_ENABLE?TMR0                             -----    -----      -----    -----      -----    -----
  +--> ?PR?TMR0


BL51 BANKED LINKER/LOCATER V6.22.4.0                                                  06/12/2025  11:16:50  PAGE 11



SYMBOL TABLE OF MODULE:  .\Release\Objects\Project (?C_STARTUP)

  VALUE           TYPE          NAME
  ----------------------------------

  -------         MODULE        ?C_STARTUP
  C:2BADH         SEGMENT       ?C_C51STARTUP
  I:0067H         SEGMENT       ?STACK
  C:0000H         PUBLIC        ?C_STARTUP
  D:00E0H         SYMBOL        ACC
  D:00F0H         SYMBOL        B
  D:0083H         SYMBOL        DPH
  D:0082H         SYMBOL        DPL
  N:0000H         SYMBOL        IBPSTACK
  N:0100H         SYMBOL        IBPSTACKTOP
  N:0080H         SYMBOL        IDATALEN
  C:2BB0H         SYMBOL        IDATALOOP
  N:0000H         SYMBOL        PBPSTACK
  N:0100H         SYMBOL        PBPSTACKTOP
  N:0000H         SYMBOL        PDATALEN
  N:0000H         SYMBOL        PDATASTART
  N:0000H         SYMBOL        PPAGE
  N:0000H         SYMBOL        PPAGEENABLE
  D:00A0H         SYMBOL        PPAGE_SFR
  D:0081H         SYMBOL        SP
  C:2BADH         SYMBOL        STARTUP1
  N:0000H         SYMBOL        XBPSTACK
  N:0000H         SYMBOL        XBPSTACKTOP
  N:0000H         SYMBOL        XDATALEN
  N:0000H         SYMBOL        XDATASTART
  C:0000H         LINE#         126
  C:2BADH         LINE#         133
  C:2BAFH         LINE#         134
  C:2BB0H         LINE#         135
  C:2BB1H         LINE#         136
  C:2BB3H         LINE#         185
  C:2BB6H         LINE#         196
  -------         ENDMOD        ?C_STARTUP

  -------         MODULE        SYSTEM
  C:0000H         SYMBOL        _ICE_DUMMY_
  D:00D9H         PUBLIC        WDT_KEY
  D:00A7H         PUBLIC        FLASH_TIMEREG0
  D:00ACH         PUBLIC        FLASH_TIMEREG1
  C:3B57H         PUBLIC        _delay
  C:391FH         PUBLIC        _delay_ms
  C:211CH         PUBLIC        system_init
  -------         PROC          _DELAY
  D:0006H         SYMBOL        cnt
  C:3B57H         LINE#         37
  C:3B57H         LINE#         38
  C:3B57H         LINE#         39
  C:3B61H         LINE#         40
  C:3B61H         LINE#         41
  C:3B61H         LINE#         42
  -------         ENDPROC       _DELAY
BL51 BANKED LINKER/LOCATER V6.22.4.0                                                  06/12/2025  11:16:50  PAGE 12


  -------         PROC          _DELAY_MS
  D:0002H         SYMBOL        ms
  C:391FH         LINE#         49
  C:3923H         LINE#         50
  C:3923H         LINE#         51
  C:392DH         LINE#         52
  C:392DH         LINE#         53
  C:3930H         LINE#         56
  C:3937H         LINE#         57
  C:3939H         LINE#         58
  -------         ENDPROC       _DELAY_MS
  -------         PROC          SYSTEM_INIT
  -------         DO            
  D:0007H         SYMBOL        i
  -------         ENDDO         
  C:211CH         LINE#         65
  C:211CH         LINE#         66
  C:211CH         LINE#         69
  C:2123H         LINE#         70
  C:2130H         LINE#         71
  C:2133H         LINE#         74
  C:2136H         LINE#         75
  C:213CH         LINE#         76
  C:2142H         LINE#         77
  C:2148H         LINE#         78
  C:214EH         LINE#         79
  C:2155H         LINE#         83
  C:2157H         LINE#         84
  C:2157H         LINE#         85
  C:2164H         LINE#         86
  C:2169H         LINE#         88
  C:21F7H         LINE#         89
  -------         ENDPROC       SYSTEM_INIT
  -------         ENDMOD        SYSTEM

  -------         MODULE        TK_SET
  C:0000H         SYMBOL        _ICE_DUMMY_
  D:00A8H         PUBLIC        IE0
  D:00A9H         PUBLIC        IE1
  D:00AAH         PUBLIC        IE2
  D:00ABH         PUBLIC        IE3
  B:00A8H.7       PUBLIC        IE_EA
  D:00B8H         PUBLIC        IP0
  D:00B1H         PUBLIC        IP1
  D:00B2H         PUBLIC        IP2
  D:00B3H         PUBLIC        IP3
  D:00B4H         PUBLIC        IP4
  D:00B5H         PUBLIC        IP5
  D:00B6H         PUBLIC        IP6
  D:00B7H         PUBLIC        IP7
  C:29F9H         PUBLIC        tk_param_init
  X:64D5H         PUBLIC        __tk_update_cnt
  X:64D7H         PUBLIC        __tk_confirm_cnt
  X:64D9H         PUBLIC        __tk_leave_cnt
  X:64DBH         PUBLIC        __tk_ch_index
  X:64DDH         PUBLIC        __tk_ch_fth
  X:64E1H         PUBLIC        __tk_i_set
BL51 BANKED LINKER/LOCATER V6.22.4.0                                                  06/12/2025  11:16:50  PAGE 13


  X:6000H         PUBLIC        __tk_ch_data_0
  X:6004H         PUBLIC        __tk_ch_data_1
  X:6008H         PUBLIC        __tk_ch_data_2
  X:6010H         PUBLIC        __tk_ch_data_3
  X:6014H         PUBLIC        __tk_ch_data_4
  X:64E5H         PUBLIC        __tk_ch_data_5
  X:64E9H         PUBLIC        __tk_ch_data_6
  C:38E3H         PUBLIC        __tk_adjust_line
  C:38E7H         PUBLIC        __tk_adjust_time
  C:38E9H         PUBLIC        __tk_adjust_diff_valu
  C:38EBH         PUBLIC        __tk_adjust_en
  C:38ECH         PUBLIC        __tk_valid_time
  C:38EEH         PUBLIC        __tk_long_key_time
  C:38F8H         PUBLIC        __tk_use_num
  C:38F2H         PUBLIC        __tk_cs_en
  C:38F4H         PUBLIC        __tk_nm_num
  C:38F3H         PUBLIC        __tk_tp_en
  C:38F5H         PUBLIC        __tk_base_update_cnt
  C:38F7H         PUBLIC        __tk_cm_valu
  C:38F0H         PUBLIC        __tk_noise_value
  C:38F6H         PUBLIC        __tk_nm_cm_value
  C:38F9H         SYMBOL        TK_CH_EN_BUG
  C:1B67H         PUBLIC        tk_gpio_config
  C:3312H         PUBLIC        TK_IRQHandler
  C:3105H         PUBLIC        tk_init
  C:396FH         SYMBOL        Com0055
  C:396FH         SYMBOL        L?0086
  C:396FH         SYMBOL        L?0087
  C:3971H         SYMBOL        L?0088
  C:3974H         SYMBOL        L?0089
  C:397DH         SYMBOL        L?0090
  C:397FH         SYMBOL        L?0091
  -------         PROC          COM0055
  -------         ENDPROC       COM0055
  -------         PROC          TK_GPIO_CONFIG
  -------         DO            
  D:0007H         SYMBOL        i
  -------         ENDDO         
  C:1B67H         LINE#         262
  C:1B67H         LINE#         263
  C:1B67H         LINE#         264
  C:1B69H         LINE#         266
  C:1B69H         LINE#         267
  C:1B69H         LINE#         269
  C:1B71H         LINE#         270
  C:1B71H         LINE#         271
  C:1B79H         LINE#         272
  C:1B79H         LINE#         273
  C:1B8EH         LINE#         274
  C:1B9EH         LINE#         275
  C:1BA1H         LINE#         277
  C:1BA1H         LINE#         278
  C:1BB6H         LINE#         279
  C:1BC6H         LINE#         280
  C:1BC6H         LINE#         281
  C:1BC9H         LINE#         282
  C:1BD9H         LINE#         283
BL51 BANKED LINKER/LOCATER V6.22.4.0                                                  06/12/2025  11:16:50  PAGE 14


  C:1BD9H         LINE#         284
  C:1BE1H         LINE#         285
  C:1BE1H         LINE#         286
  C:1BF8H         LINE#         287
  C:1C0AH         LINE#         288
  C:1C0DH         LINE#         290
  C:1C0DH         LINE#         291
  C:1C24H         LINE#         292
  C:1C36H         LINE#         293
  C:1C36H         LINE#         294
  C:1C39H         LINE#         296
  C:1C39H         LINE#         297
  C:1C41H         LINE#         298
  C:1C41H         LINE#         299
  C:1C58H         LINE#         300
  C:1C6AH         LINE#         301
  C:1C6CH         LINE#         303
  C:1C6CH         LINE#         304
  C:1C83H         LINE#         305
  C:1C99H         LINE#         306
  C:1C99H         LINE#         307
  C:1C99H         LINE#         308
  C:1CA2H         LINE#         309
  -------         ENDPROC       TK_GPIO_CONFIG
  -------         PROC          TK_IRQHANDLER
  C:3312H         LINE#         316
  C:332FH         LINE#         318
  C:332FH         LINE#         319
  C:3335H         LINE#         320
  C:3335H         LINE#         321
  C:3339H         LINE#         322
  C:333CH         LINE#         323
  C:333CH         LINE#         324
  C:333CH         LINE#         325
  -------         ENDPROC       TK_IRQHANDLER
  -------         PROC          TK_INIT
  C:3105H         LINE#         332
  C:3105H         LINE#         333
  C:3105H         LINE#         334
  C:3107H         LINE#         335
  C:310AH         LINE#         336
  C:310DH         LINE#         337
  C:3114H         LINE#         338
  C:3117H         LINE#         339
  C:311CH         LINE#         340
  C:3120H         LINE#         341
  C:3125H         LINE#         342
  C:3129H         LINE#         343
  C:312EH         LINE#         344
  C:3132H         LINE#         345
  C:3137H         LINE#         346
  C:313BH         LINE#         347
  C:313EH         LINE#         348
  C:3140H         LINE#         349
  C:3142H         LINE#         350
  C:3147H         LINE#         351
  C:314BH         LINE#         352
BL51 BANKED LINKER/LOCATER V6.22.4.0                                                  06/12/2025  11:16:50  PAGE 15


  C:314FH         LINE#         353
  C:3153H         LINE#         354
  -------         ENDPROC       TK_INIT
  -------         PROC          TK_PARAM_INIT
  -------         DO            
  D:0003H         SYMBOL        i
  -------         ENDDO         
  C:29F9H         LINE#         403
  C:29F9H         LINE#         404
  C:29F9H         LINE#         405
  C:29FBH         LINE#         408
  C:29FBH         LINE#         409
  C:29FBH         LINE#         410
  C:2A19H         LINE#         411
  C:2A3FH         LINE#         412
  C:2A51H         LINE#         413
  C:2A79H         LINE#         414
  C:2A82H         LINE#         417
  C:2A85H         LINE#         420
  C:2A88H         LINE#         423
  -------         ENDPROC       TK_PARAM_INIT
  -------         ENDMOD        TK_SET

  -------         MODULE        MY_GPIO
  C:0000H         SYMBOL        _ICE_DUMMY_
  C:3A13H         PUBLIC        p03_output_config
  C:3A7DH         PUBLIC        p06_input_config
  C:3A8AH         PUBLIC        p07_input_config
  C:3A97H         PUBLIC        p10_input_config
  C:3AA4H         PUBLIC        p13_input_config
  C:3AB1H         PUBLIC        p14_input_config
  C:3ABEH         PUBLIC        p21_input_config
  C:3ACBH         PUBLIC        p22_input_config
  C:3AD8H         PUBLIC        p23_input_config
  C:3AE5H         PUBLIC        p25_input_config
  C:3AF2H         PUBLIC        p27_input_config
  C:3AFFH         PUBLIC        p30_input_config
  -------         PROC          P03_OUTPUT_CONFIG
  C:3A13H         LINE#         67
  C:3A13H         LINE#         68
  C:3A13H         LINE#         69
  C:3A19H         LINE#         70
  C:3A1DH         LINE#         72
  C:3A22H         LINE#         73
  -------         ENDPROC       P03_OUTPUT_CONFIG
  -------         PROC          P06_INPUT_CONFIG
  C:3A7DH         LINE#         90
  C:3A7DH         LINE#         91
  C:3A7DH         LINE#         93
  C:3A83H         LINE#         95
  C:3A89H         LINE#         96
  -------         ENDPROC       P06_INPUT_CONFIG
  -------         PROC          P07_INPUT_CONFIG
  C:3A8AH         LINE#         99
  C:3A8AH         LINE#         100
  C:3A8AH         LINE#         102
  C:3A90H         LINE#         104
BL51 BANKED LINKER/LOCATER V6.22.4.0                                                  06/12/2025  11:16:50  PAGE 16


  C:3A96H         LINE#         105
  -------         ENDPROC       P07_INPUT_CONFIG
  -------         PROC          P10_INPUT_CONFIG
  C:3A97H         LINE#         108
  C:3A97H         LINE#         109
  C:3A97H         LINE#         111
  C:3A9DH         LINE#         113
  C:3AA3H         LINE#         114
  -------         ENDPROC       P10_INPUT_CONFIG
  -------         PROC          P13_INPUT_CONFIG
  C:3AA4H         LINE#         117
  C:3AA4H         LINE#         118
  C:3AA4H         LINE#         120
  C:3AAAH         LINE#         122
  C:3AB0H         LINE#         123
  -------         ENDPROC       P13_INPUT_CONFIG
  -------         PROC          P14_INPUT_CONFIG
  C:3AB1H         LINE#         126
  C:3AB1H         LINE#         127
  C:3AB1H         LINE#         129
  C:3AB7H         LINE#         131
  C:3ABDH         LINE#         132
  -------         ENDPROC       P14_INPUT_CONFIG
  -------         PROC          P21_INPUT_CONFIG
  C:3ABEH         LINE#         144
  C:3ABEH         LINE#         145
  C:3ABEH         LINE#         147
  C:3AC4H         LINE#         149
  C:3ACAH         LINE#         150
  -------         ENDPROC       P21_INPUT_CONFIG
  -------         PROC          P22_INPUT_CONFIG
  C:3ACBH         LINE#         153
  C:3ACBH         LINE#         154
  C:3ACBH         LINE#         156
  C:3AD1H         LINE#         158
  C:3AD7H         LINE#         159
  -------         ENDPROC       P22_INPUT_CONFIG
  -------         PROC          P23_INPUT_CONFIG
  C:3AD8H         LINE#         162
  C:3AD8H         LINE#         163
  C:3AD8H         LINE#         165
  C:3ADEH         LINE#         167
  C:3AE4H         LINE#         168
  -------         ENDPROC       P23_INPUT_CONFIG
  -------         PROC          P25_INPUT_CONFIG
  C:3AE5H         LINE#         171
  C:3AE5H         LINE#         172
  C:3AE5H         LINE#         174
  C:3AEBH         LINE#         176
  C:3AF1H         LINE#         177
  -------         ENDPROC       P25_INPUT_CONFIG
  -------         PROC          P27_INPUT_CONFIG
  C:3AF2H         LINE#         180
  C:3AF2H         LINE#         181
  C:3AF2H         LINE#         183
  C:3AF8H         LINE#         185
  C:3AFEH         LINE#         186
BL51 BANKED LINKER/LOCATER V6.22.4.0                                                  06/12/2025  11:16:50  PAGE 17


  -------         ENDPROC       P27_INPUT_CONFIG
  -------         PROC          P30_INPUT_CONFIG
  C:3AFFH         LINE#         189
  C:3AFFH         LINE#         190
  C:3AFFH         LINE#         192
  C:3B05H         LINE#         194
  C:3B0BH         LINE#         195
  -------         ENDPROC       P30_INPUT_CONFIG
  -------         ENDMOD        MY_GPIO

  -------         MODULE        TMR0
  C:0000H         SYMBOL        _ICE_DUMMY_
  D:00A8H         PUBLIC        IE0
  D:00A9H         PUBLIC        IE1
  D:00AAH         PUBLIC        IE2
  D:00ABH         PUBLIC        IE3
  B:00A8H.7       PUBLIC        IE_EA
  D:00B8H         PUBLIC        IP0
  D:00B1H         PUBLIC        IP1
  D:00B2H         PUBLIC        IP2
  D:00B3H         PUBLIC        IP3
  D:00B4H         PUBLIC        IP4
  D:00B5H         PUBLIC        IP5
  D:00B6H         PUBLIC        IP6
  D:00B7H         PUBLIC        IP7
  X:600CH         PUBLIC        tmr0_cnt
  C:3550H         PUBLIC        tmr0_config
  C:3B33H         PUBLIC        tmr0_enable
  C:3A23H         PUBLIC        tmr0_disable
  C:3154H         PUBLIC        TIMR0_IRQHandler
  C:3B62H         SYMBOL        Com004E
  C:3B62H         SYMBOL        L?0079
  C:3B62H         SYMBOL        L?0080
  -------         PROC          COM004E
  -------         ENDPROC       COM004E
  -------         PROC          TMR0_CONFIG
  C:3550H         LINE#         13
  C:3550H         LINE#         14
  C:3550H         LINE#         15
  C:3556H         LINE#         16
  C:3559H         LINE#         17
  C:355BH         LINE#         20
  C:355FH         LINE#         21
  C:3561H         LINE#         23
  C:3567H         LINE#         24
  C:356BH         LINE#         25
  C:356FH         LINE#         26
  C:3573H         LINE#         28
  C:3578H         LINE#         29
  C:357CH         LINE#         31
  C:3581H         LINE#         32
  C:3585H         LINE#         34
  C:3585H         LINE#         35
  C:358BH         LINE#         36
  -------         ENDPROC       TMR0_CONFIG
  -------         PROC          TMR0_ENABLE
  C:3B33H         LINE#         41
BL51 BANKED LINKER/LOCATER V6.22.4.0                                                  06/12/2025  11:16:50  PAGE 18


  C:3B33H         LINE#         42
  C:3B33H         LINE#         44
  C:3B33H         LINE#         45
  C:3B39H         LINE#         47
  C:3B3CH         LINE#         48
  C:3B3EH         LINE#         49
  -------         ENDPROC       TMR0_ENABLE
  -------         PROC          TMR0_DISABLE
  C:3A23H         LINE#         54
  C:3A23H         LINE#         55
  C:3A23H         LINE#         57
  C:3A23H         LINE#         58
  C:3A29H         LINE#         61
  C:3A2DH         LINE#         62
  C:3A2FH         LINE#         64
  C:3A32H         LINE#         65
  -------         ENDPROC       TMR0_DISABLE
  -------         PROC          TIMR0_IRQHANDLER
  C:3154H         LINE#         68
  C:316BH         LINE#         71
  C:316BH         LINE#         77
  C:3171H         LINE#         78
  C:3171H         LINE#         79
  C:3175H         LINE#         80
  C:318EH         LINE#         82
  C:318EH         LINE#         86
  C:318EH         LINE#         87
  -------         ENDPROC       TIMR0_IRQHANDLER
  -------         ENDMOD        TMR0

  -------         MODULE        TMR1
  C:0000H         SYMBOL        _ICE_DUMMY_
  D:00A8H         PUBLIC        IE0
  D:00A9H         PUBLIC        IE1
  D:00AAH         PUBLIC        IE2
  D:00ABH         PUBLIC        IE3
  B:00A8H.7       PUBLIC        IE_EA
  D:00B8H         PUBLIC        IP0
  D:00B1H         PUBLIC        IP1
  D:00B2H         PUBLIC        IP2
  D:00B3H         PUBLIC        IP3
  D:00B4H         PUBLIC        IP4
  D:00B5H         PUBLIC        IP5
  D:00B6H         PUBLIC        IP6
  D:00B7H         PUBLIC        IP7
  D:00D1H         PUBLIC        TMR_ALLCON
  C:34D6H         PUBLIC        tmr1_config
  C:3A33H         PUBLIC        tmr1_enable
  C:1DDBH         PUBLIC        heart_beat_handle
  X:6544H         PUBLIC        tmr1_cnt
  C:3052H         PUBLIC        TIMR1_IRQHandler
  C:31EFH         SYMBOL        Com0051
  C:31EFH         SYMBOL        L?0082
  C:3200H         SYMBOL        L?0083
  C:3207H         SYMBOL        L?0084
  C:3218H         SYMBOL        L?0085
  C:321BH         SYMBOL        L?0086
BL51 BANKED LINKER/LOCATER V6.22.4.0                                                  06/12/2025  11:16:50  PAGE 19


  C:3221H         SYMBOL        L?0087
  C:322EH         SYMBOL        L?0088
  C:322EH         SYMBOL        L?0089
  C:3234H         SYMBOL        L?0090
  C:3234H         SYMBOL        L?0091
  -------         PROC          COM0051
  -------         ENDPROC       COM0051
  -------         PROC          TMR1_CONFIG
  C:34D6H         LINE#         15
  C:34D6H         LINE#         16
  C:34D6H         LINE#         17
  C:34DCH         LINE#         18
  C:34DFH         LINE#         19
  C:34E1H         LINE#         21
  C:34E4H         LINE#         23
  C:34EAH         LINE#         24
  C:34EEH         LINE#         25
  C:34F2H         LINE#         26
  C:34F6H         LINE#         28
  C:34FBH         LINE#         29
  C:34FFH         LINE#         32
  C:3504H         LINE#         33
  C:3508H         LINE#         35
  C:350EH         LINE#         36
  C:3512H         LINE#         37
  -------         ENDPROC       TMR1_CONFIG
  -------         PROC          TMR1_ENABLE
  C:3A33H         LINE#         42
  C:3A33H         LINE#         43
  C:3A33H         LINE#         45
  C:3A39H         LINE#         46
  C:3A3DH         LINE#         48
  C:3A40H         LINE#         49
  C:3A42H         LINE#         50
  -------         ENDPROC       TMR1_ENABLE
  -------         PROC          HEART_BEAT_HANDLE
  -------         DO            
  X:6540H         SYMBOL        old_time_ms_cnt
  X:642EH         SYMBOL        cur_time_ms_cnt
  X:6432H         SYMBOL        diff_ms_cnt
  -------         ENDDO         
  C:1DDBH         LINE#         68
  C:1DDBH         LINE#         69
  C:1DDBH         LINE#         71
  C:1DE7H         LINE#         72
  C:1DF1H         LINE#         73
  C:1DFBH         LINE#         74
  C:1E10H         LINE#         75
  C:1E1AH         LINE#         77
  C:1E27H         LINE#         78
  C:1E27H         LINE#         80
  C:1E30H         LINE#         81
  C:1E30H         LINE#         123
  C:1E3BH         LINE#         124
  C:1E3BH         LINE#         126
  C:1E4AH         LINE#         127
  C:1E4AH         LINE#         129
BL51 BANKED LINKER/LOCATER V6.22.4.0                                                  06/12/2025  11:16:50  PAGE 20


  C:1E55H         LINE#         130
  C:1E55H         LINE#         132
  C:1E64H         LINE#         133
  C:1E64H         LINE#         135
  C:1E6BH         LINE#         136
  C:1E6BH         LINE#         138
  C:1E74H         LINE#         139
  C:1E83H         LINE#         140
  C:1E83H         LINE#         142
  C:1E87H         LINE#         143
  C:1E8BH         LINE#         144
  C:1E8BH         LINE#         145
  C:1E8BH         LINE#         147
  C:1E92H         LINE#         148
  C:1E92H         LINE#         151
  C:1E9BH         LINE#         152
  C:1EAAH         LINE#         153
  C:1EAAH         LINE#         155
  C:1EAEH         LINE#         156
  C:1EB2H         LINE#         157
  C:1EB2H         LINE#         158
  C:1EB2H         LINE#         160
  C:1EB9H         LINE#         161
  C:1EB9H         LINE#         164
  C:1EC2H         LINE#         165
  C:1ED1H         LINE#         166
  C:1ED1H         LINE#         168
  C:1ED5H         LINE#         169
  C:1ED9H         LINE#         170
  C:1ED9H         LINE#         171
  C:1ED9H         LINE#         173
  C:1EE6H         LINE#         174
  C:1EE6H         LINE#         175
  C:1EF0H         LINE#         176
  C:1EF0H         LINE#         178
  C:1EFEH         LINE#         179
  C:1EFEH         LINE#         180
  C:1F0AH         LINE#         181
  C:1F0AH         LINE#         182
  -------         ENDPROC       HEART_BEAT_HANDLE
  -------         PROC          TIMR1_IRQHANDLER
  C:3052H         LINE#         185
  C:3069H         LINE#         188
  C:3069H         LINE#         209
  C:306FH         LINE#         210
  C:306FH         LINE#         211
  C:3073H         LINE#         213
  C:307FH         LINE#         215
  C:307FH         LINE#         235
  C:3088H         LINE#         236
  C:3088H         LINE#         237
  C:308BH         LINE#         238
  C:308BH         LINE#         240
  C:3094H         LINE#         241
  C:3094H         LINE#         242
  C:3097H         LINE#         243
  C:3097H         LINE#         244
BL51 BANKED LINKER/LOCATER V6.22.4.0                                                  06/12/2025  11:16:50  PAGE 21


  C:3097H         LINE#         245
  C:3097H         LINE#         249
  C:3097H         LINE#         250
  -------         ENDPROC       TIMR1_IRQHANDLER
  -------         ENDMOD        TMR1

  -------         MODULE        TMR2
  C:0000H         SYMBOL        _ICE_DUMMY_
  D:00A8H         PUBLIC        IE0
  D:00A9H         PUBLIC        IE1
  D:00AAH         PUBLIC        IE2
  D:00ABH         PUBLIC        IE3
  B:00A8H.7       PUBLIC        IE_EA
  D:00B8H         PUBLIC        IP0
  D:00B1H         PUBLIC        IP1
  D:00B2H         PUBLIC        IP2
  D:00B3H         PUBLIC        IP3
  D:00B4H         PUBLIC        IP4
  D:00B5H         PUBLIC        IP5
  D:00B6H         PUBLIC        IP6
  D:00B7H         PUBLIC        IP7
  B:0080H.2       PUBLIC        P02
  B:0090H.5       PUBLIC        P15
  D:00D1H         PUBLIC        TMR_ALLCON
  C:339BH         PUBLIC        tmr2_config
  C:39E0H         PUBLIC        tmr2_enable
  C:202FH         PUBLIC        TIMR2_IRQHandler
  C:38A5H         SYMBOL        Com004D
  C:38A5H         SYMBOL        L?0078
  C:38A5H         SYMBOL        L?0079
  C:38B6H         SYMBOL        L?0080
  -------         PROC          COM004D
  -------         ENDPROC       COM004D
  -------         PROC          TMR2_CONFIG
  C:339BH         LINE#         14
  C:339BH         LINE#         15
  C:339BH         LINE#         16
  C:33A1H         LINE#         17
  C:33A4H         LINE#         18
  C:33A6H         LINE#         21
  C:33A9H         LINE#         23
  C:33B0H         LINE#         24
  C:33B2H         LINE#         25
  C:33B6H         LINE#         26
  C:33BAH         LINE#         29
  C:33C0H         LINE#         30
  C:33C6H         LINE#         32
  C:33CDH         LINE#         33
  C:33D1H         LINE#         34
  C:33D6H         LINE#         35
  C:33DAH         LINE#         36
  -------         ENDPROC       TMR2_CONFIG
  -------         PROC          TMR2_ENABLE
  C:39E0H         LINE#         41
  C:39E0H         LINE#         42
  C:39E0H         LINE#         44
  C:39E7H         LINE#         45
BL51 BANKED LINKER/LOCATER V6.22.4.0                                                  06/12/2025  11:16:50  PAGE 22


  C:39EBH         LINE#         47
  C:39EEH         LINE#         48
  C:39F0H         LINE#         49
  -------         ENDPROC       TMR2_ENABLE
  -------         PROC          TIMR2_IRQHANDLER
  -------         DO            
  B:0023H.6       SYMBOL        last_engine_speed_scan_level
  B:0023H.7       SYMBOL        last_speed_scan_level
  -------         DO            
  X:6553H         SYMBOL        cnt
  X:6554H         SYMBOL        cnt
  -------         ENDDO         
  -------         DO            
  X:6554H         SYMBOL        cnt
  -------         ENDDO         
  -------         ENDDO         
  C:202FH         LINE#         70
  C:204CH         LINE#         77
  C:204CH         LINE#         82
  C:2056H         LINE#         83
  C:2056H         LINE#         84
  C:205AH         LINE#         86
  C:205AH         LINE#         88
  C:2060H         LINE#         89
  C:2066H         LINE#         90
  C:2066H         LINE#         91
  C:2068H         LINE#         92
  C:2074H         LINE#         94
  C:207FH         LINE#         96
  C:207FH         LINE#         97
  C:2089H         LINE#         98
  C:208BH         LINE#         99
  C:208BH         LINE#         100
  C:208BH         LINE#         101
  C:208BH         LINE#         103
  C:208EH         LINE#         104
  C:208EH         LINE#         105
  C:2091H         LINE#         106
  C:2091H         LINE#         112
  C:209DH         LINE#         113
  C:20A0H         LINE#         114
  C:20A0H         LINE#         116
  C:20A2H         LINE#         117
  C:20A4H         LINE#         119
  C:20A4H         LINE#         121
  C:20A6H         LINE#         122
  C:20A6H         LINE#         124
  C:20A6H         LINE#         126
  C:20B0H         LINE#         127
  C:20BFH         LINE#         128
  C:20BFH         LINE#         129
  C:20C3H         LINE#         130
  C:20CFH         LINE#         133
  C:20DAH         LINE#         135
  C:20DAH         LINE#         136
  C:20E4H         LINE#         137
  C:20E6H         LINE#         138
BL51 BANKED LINKER/LOCATER V6.22.4.0                                                  06/12/2025  11:16:50  PAGE 23


  C:20E6H         LINE#         139
  C:20E6H         LINE#         140
  C:20E6H         LINE#         142
  C:20E9H         LINE#         143
  C:20E9H         LINE#         144
  C:20ECH         LINE#         145
  C:20ECH         LINE#         154
  C:20F8H         LINE#         155
  C:20FBH         LINE#         156
  C:20FBH         LINE#         158
  C:20FDH         LINE#         159
  C:20FFH         LINE#         161
  C:20FFH         LINE#         163
  C:2101H         LINE#         164
  C:2101H         LINE#         165
  C:2101H         LINE#         169
  C:2101H         LINE#         170
  -------         ENDPROC       TIMR2_IRQHANDLER
  -------         ENDMOD        TMR2

  -------         MODULE        UART0
  C:0000H         SYMBOL        _ICE_DUMMY_
  D:00A8H         PUBLIC        IE0
  D:00A9H         PUBLIC        IE1
  D:00AAH         PUBLIC        IE2
  D:00ABH         PUBLIC        IE3
  B:00A8H.7       PUBLIC        IE_EA
  D:00B8H         PUBLIC        IP0
  D:00B1H         PUBLIC        IP1
  D:00B2H         PUBLIC        IP2
  D:00B3H         PUBLIC        IP3
  D:00B4H         PUBLIC        IP4
  D:00B5H         PUBLIC        IP5
  D:00B6H         PUBLIC        IP6
  D:00B7H         PUBLIC        IP7
  D:00D2H         PUBLIC        UART0_CON0
  D:00D4H         PUBLIC        UART0_STA
  D:00D5H         PUBLIC        UART0_BAUD0
  D:00D6H         PUBLIC        UART0_BAUD1
  D:00D7H         PUBLIC        UART0_DATA
  C:3A53H         PUBLIC        _putchar
  X:63F1H         PUBLIC        uart0_recv_buf
  X:641EH         PUBLIC        uart0_recv_len
  X:6421H         PUBLIC        recved_flagbuf
  X:6424H         PUBLIC        recv_frame_cnt
  X:6425H         PUBLIC        flagbuf_valid_instruction
  C:375BH         PUBLIC        uart0_config
  C:3B0CH         PUBLIC        _uart0_sendbyte
  C:0027H         PUBLIC        _uart0_send_buff
  C:1F0BH         PUBLIC        uart0_scan_handle
  B:0024H.2       SYMBOL        flag_is_recving_data
  X:6428H         SYMBOL        frame_len
  X:6429H         SYMBOL        cur_recv_len
  X:642AH         SYMBOL        blank_index
  C:1CA3H         PUBLIC        UART0_IRQHandler
  C:30ACH         SYMBOL        Com005E
  C:30ACH         SYMBOL        L?0095
BL51 BANKED LINKER/LOCATER V6.22.4.0                                                  06/12/2025  11:16:50  PAGE 24


  C:30B5H         SYMBOL        L?0096
  C:30BDH         SYMBOL        L?0097
  C:30C4H         SYMBOL        L?0098
  C:30CCH         SYMBOL        L?0099
  C:30DEH         SYMBOL        L?0100
  C:30E1H         SYMBOL        L?0101
  C:30E9H         SYMBOL        L?0102
  C:30F5H         SYMBOL        L?0103
  C:30FFH         SYMBOL        L?0104
  -------         PROC          COM005E
  -------         ENDPROC       COM005E
  -------         PROC          _PUTCHAR
  X:6459H         SYMBOL        c
  C:3A53H         LINE#         29
  C:3A58H         LINE#         30
  C:3A58H         LINE#         31
  C:3A5BH         LINE#         32
  C:3A60H         LINE#         33
  -------         ENDPROC       _PUTCHAR
  -------         PROC          UART0_CONFIG
  C:375BH         LINE#         38
  C:375BH         LINE#         39
  C:375BH         LINE#         41
  C:3761H         LINE#         42
  C:3765H         LINE#         43
  C:3769H         LINE#         44
  C:3770H         LINE#         45
  C:3777H         LINE#         63
  C:377AH         LINE#         64
  C:377CH         LINE#         66
  C:377FH         LINE#         67
  C:3782H         LINE#         68
  C:3785H         LINE#         73
  -------         ENDPROC       UART0_CONFIG
  -------         PROC          UART0_IRQHANDLER
  -------         DO            
  X:6460H         SYMBOL        uart0_tmp_val
  -------         ENDDO         
  C:1CA3H         LINE#         76
  C:1CC0H         LINE#         78
  C:1CC5H         LINE#         81
  C:1CC5H         LINE#         86
  C:1CCDH         LINE#         87
  C:1CCDH         LINE#         89
  C:1CD0H         LINE#         91
  C:1CE0H         LINE#         93
  C:1CE0H         LINE#         97
  C:1CE0H         LINE#         98
  C:1CE0H         LINE#         99
  C:1CE3H         LINE#         101
  C:1CE3H         LINE#         104
  C:1CEAH         LINE#         105
  C:1CEAH         LINE#         108
  C:1CECH         LINE#         109
  C:1CECH         LINE#         110
  C:1CEFH         LINE#         111
  C:1CF2H         LINE#         112
BL51 BANKED LINKER/LOCATER V6.22.4.0                                                  06/12/2025  11:16:50  PAGE 25


  C:1CFCH         LINE#         113
  C:1CFFH         LINE#         114
  C:1CFFH         LINE#         116
  C:1D06H         LINE#         117
  C:1D06H         LINE#         119
  C:1D0EH         LINE#         122
  C:1D0EH         LINE#         125
  C:1D17H         LINE#         126
  C:1D17H         LINE#         128
  C:1D46H         LINE#         130
  C:1D50H         LINE#         133
  C:1D5DH         LINE#         135
  C:1D5DH         LINE#         137
  C:1D70H         LINE#         139
  C:1D72H         LINE#         140
  C:1D72H         LINE#         141
  C:1D75H         LINE#         143
  C:1D7BH         LINE#         144
  C:1D81H         LINE#         146
  C:1D9AH         LINE#         147
  C:1DA9H         LINE#         148
  C:1DA9H         LINE#         149
  C:1DB3H         LINE#         150
  C:1DB3H         LINE#         175
  C:1DB3H         LINE#         176
  C:1DB6H         LINE#         177
  C:1DC0H         LINE#         178
  C:1DC0H         LINE#         180
  C:1DC0H         LINE#         181
  C:1DC0H         LINE#         183
  C:1DC0H         LINE#         188
  C:1DC0H         LINE#         192
  C:1DC0H         LINE#         193
  -------         ENDPROC       UART0_IRQHANDLER
  -------         PROC          _UART0_SENDBYTE
  D:0007H         SYMBOL        senddata
  C:3B0CH         LINE#         196
  C:3B0CH         LINE#         197
  C:3B0CH         LINE#         198
  C:3B11H         LINE#         200
  C:3B13H         LINE#         201
  C:3B18H         LINE#         203
  -------         ENDPROC       _UART0_SENDBYTE
  -------         PROC          _UART0_SEND_BUFF
  X:6556H         SYMBOL        buf
  D:0005H         SYMBOL        len
  -------         DO            
  D:0006H         SYMBOL        i
  -------         ENDDO         
  C:0027H         LINE#         207
  C:002DH         LINE#         208
  C:002DH         LINE#         209
  C:002FH         LINE#         210
  C:0034H         LINE#         211
  C:0034H         LINE#         212
  C:0046H         LINE#         213
  C:0049H         LINE#         214
BL51 BANKED LINKER/LOCATER V6.22.4.0                                                  06/12/2025  11:16:50  PAGE 26


  -------         ENDPROC       _UART0_SEND_BUFF
  -------         PROC          UART0_SCAN_HANDLE
  -------         DO            
  X:642EH         SYMBOL        i
  X:642FH         SYMBOL        checksum
  B:0022H.5       SYMBOL        __flag_is_crc_or_len_err
  -------         DO            
  X:6430H         SYMBOL        __loop_crc_cnt
  -------         ENDDO         
  -------         ENDDO         
  C:1F0BH         LINE#         219
  C:1F0BH         LINE#         220
  C:1F0BH         LINE#         221
  C:1F10H         LINE#         222
  C:1F12H         LINE#         223
  C:1F14H         LINE#         227
  C:1F25H         LINE#         228
  C:1F25H         LINE#         232
  C:1F28H         LINE#         233
  C:1F32H         LINE#         236
  C:1F37H         LINE#         237
  C:1F3BH         LINE#         238
  C:1F3EH         LINE#         266
  C:1F3EH         LINE#         270
  C:1F50H         LINE#         271
  C:1F50H         LINE#         272
  C:1F5CH         LINE#         273
  C:1F5CH         LINE#         277
  C:1F79H         LINE#         278
  C:1F79H         LINE#         285
  C:1F82H         LINE#         286
  C:1F82H         LINE#         287
  C:1F93H         LINE#         290
  C:1F93H         LINE#         292
  C:1F93H         LINE#         293
  C:1F98H         LINE#         294
  C:1F9CH         LINE#         295
  C:1FADH         LINE#         296
  C:1FADH         LINE#         297
  C:1FC9H         LINE#         298
  C:1FCFH         LINE#         301
  C:1FD4H         LINE#         302
  C:1FF3H         LINE#         303
  C:1FF3H         LINE#         305
  C:1FF5H         LINE#         306
  C:1FF5H         LINE#         307
  C:1FF5H         LINE#         309
  C:1FF8H         LINE#         310
  C:1FF8H         LINE#         331
  C:1FFAH         LINE#         332
  C:2004H         LINE#         333
  C:2004H         LINE#         334
  C:2015H         LINE#         335
  C:2015H         LINE#         338
  C:2025H         LINE#         339
  C:2025H         LINE#         340
  C:202EH         LINE#         341
BL51 BANKED LINKER/LOCATER V6.22.4.0                                                  06/12/2025  11:16:50  PAGE 27


  -------         ENDPROC       UART0_SCAN_HANDLE
  -------         ENDMOD        UART0

  -------         MODULE        ADC
  C:0000H         SYMBOL        _ICE_DUMMY_
  D:0091H         PUBLIC        ADC_CFG2
  D:0093H         PUBLIC        ADC_DATAH0
  D:0094H         PUBLIC        ADC_DATAL0
  D:0099H         PUBLIC        ADC_CHS0
  X:6559H         PUBLIC        adc_val
  C:3822H         PUBLIC        adc_config
  C:35FFH         PUBLIC        _adc_sel_pin
  C:37DCH         PUBLIC        adc_single_convert
  C:22D0H         PUBLIC        adc_getval
  C:393AH         SYMBOL        Com0012
  C:393AH         SYMBOL        L?0019
  C:393AH         SYMBOL        L?0020
  C:3946H         SYMBOL        L?0021
  C:394FH         SYMBOL        L?0022
  -------         PROC          COM0012
  -------         ENDPROC       COM0012
  -------         PROC          ADC_CONFIG
  C:3822H         LINE#         7
  C:3822H         LINE#         8
  C:3822H         LINE#         10
  C:3828H         LINE#         12
  C:382CH         LINE#         14
  C:3831H         LINE#         18
  C:3837H         LINE#         19
  C:383AH         LINE#         26
  C:383AH         LINE#         27
  C:383DH         LINE#         28
  C:3843H         LINE#         31
  -------         ENDPROC       ADC_CONFIG
  -------         PROC          _ADC_SEL_PIN
  D:0007H         SYMBOL        adc_pin
  C:35FFH         LINE#         35
  C:35FFH         LINE#         36
  C:35FFH         LINE#         37
  C:360BH         LINE#         38
  C:360BH         LINE#         39
  C:360BH         LINE#         40
  C:3612H         LINE#         41
  C:3616H         LINE#         42
  C:3619H         LINE#         43
  C:361BH         LINE#         46
  C:361BH         LINE#         47
  C:361BH         LINE#         48
  C:361EH         LINE#         49
  C:3621H         LINE#         51
  C:3623H         LINE#         53
  C:3623H         LINE#         54
  C:3623H         LINE#         55
  C:3626H         LINE#         56
  C:3629H         LINE#         57
  C:3629H         LINE#         59
  C:3629H         LINE#         63
BL51 BANKED LINKER/LOCATER V6.22.4.0                                                  06/12/2025  11:16:50  PAGE 28


  C:3629H         LINE#         64
  C:3629H         LINE#         66
  C:362FH         LINE#         69
  -------         ENDPROC       _ADC_SEL_PIN
  -------         PROC          ADC_SINGLE_CONVERT
  C:37DCH         LINE#         73
  C:37DCH         LINE#         74
  C:37DCH         LINE#         75
  C:37E2H         LINE#         76
  C:37E8H         LINE#         78
  C:37EBH         LINE#         79
  C:37FEH         LINE#         80
  -------         ENDPROC       ADC_SINGLE_CONVERT
  -------         PROC          ADC_GETVAL
  -------         DO            
  X:6431H         SYMBOL        adc_val_tmp
  X:6433H         SYMBOL        adc_val_sum
  X:6437H         SYMBOL        get_adcmax
  X:6439H         SYMBOL        get_adcmin
  X:643BH         SYMBOL        i
  -------         ENDDO         
  C:22D0H         LINE#         83
  C:22D0H         LINE#         84
  C:22D0H         LINE#         85
  C:22D7H         LINE#         86
  C:22DFH         LINE#         87
  C:22E6H         LINE#         88
  C:22ECH         LINE#         89
  C:22EFH         LINE#         91
  C:22F0H         LINE#         92
  C:22F0H         LINE#         93
  C:22FBH         LINE#         94
  C:2304H         LINE#         95
  C:2304H         LINE#         96
  C:231AH         LINE#         97
  C:2322H         LINE#         98
  C:2331H         LINE#         99
  C:2340H         LINE#         100
  C:2358H         LINE#         101
  C:2364H         LINE#         103
  C:237CH         LINE#         104
  C:2393H         LINE#         105
  C:23A3H         LINE#         107
  C:23A3H         LINE#         108
  -------         ENDPROC       ADC_GETVAL
  -------         ENDMOD        ADC

  -------         MODULE        FLASH
  C:0000H         SYMBOL        _ICE_DUMMY_
  D:00A4H         PUBLIC        FLASH_CON
  D:00A5H         PUBLIC        FLASH_STA
  D:00A6H         PUBLIC        FLASH_DATA
  D:00AEH         PUBLIC        FLASH_PASSWORD
  D:00AFH         PUBLIC        FLASH_ADDR
  C:39F1H         PUBLIC        _flash_erase_sector
  C:3636H         PUBLIC        _flash_write
  C:366DH         PUBLIC        _flash_read
BL51 BANKED LINKER/LOCATER V6.22.4.0                                                  06/12/2025  11:16:50  PAGE 29


  -------         PROC          _FLASH_ERASE_SECTOR
  D:0007H         SYMBOL        addr
  C:39F1H         LINE#         11
  C:39F1H         LINE#         12
  C:39F1H         LINE#         13
  C:39F4H         LINE#         14
  C:39F6H         LINE#         15
  C:39F9H         LINE#         16
  C:39FCH         LINE#         18
  C:3A01H         LINE#         20
  -------         ENDPROC       _FLASH_ERASE_SECTOR
  -------         PROC          _FLASH_WRITE
  D:0007H         SYMBOL        addr
  X:6433H         SYMBOL        p_data
  X:6436H         SYMBOL        len
  C:3636H         LINE#         29
  C:363CH         LINE#         30
  C:363CH         LINE#         31
  C:363FH         LINE#         32
  C:3641H         LINE#         34
  C:364AH         LINE#         35
  C:364AH         LINE#         36
  C:364FH         LINE#         38
  C:365EH         LINE#         39
  C:3661H         LINE#         40
  C:3664H         LINE#         42
  C:366AH         LINE#         43
  C:366CH         LINE#         44
  -------         ENDPROC       _FLASH_WRITE
  -------         PROC          _FLASH_READ
  D:0007H         SYMBOL        addr
  X:642FH         SYMBOL        p_data
  X:6432H         SYMBOL        len
  C:366DH         LINE#         53
  C:3673H         LINE#         54
  C:3673H         LINE#         55
  C:3679H         LINE#         56
  C:3679H         LINE#         57
  C:3698H         LINE#         58
  C:369EH         LINE#         59
  C:36A0H         LINE#         60
  -------         ENDPROC       _FLASH_READ
  -------         ENDMOD        FLASH

  -------         MODULE        AIP1302
  C:0000H         SYMBOL        _ICE_DUMMY_
  B:0090H.6       PUBLIC        P16
  B:0090H.7       PUBLIC        P17
  B:00A0H.4       PUBLIC        P24
  C:2A8BH         PUBLIC        ___aip1302_read_byte
  C:000FH         PUBLIC        aip1302_is_running
  C:2FF4H         PUBLIC        aip1302_config
  C:399FH         PUBLIC        _aip1302_read_byte
  C:2774H         PUBLIC        _aip1302_write_byte
  C:341AH         PUBLIC        aip1302_update_time
  C:32CCH         PUBLIC        aip1302_read_all
  C:33DBH         PUBLIC        aip1302_update_all_data
BL51 BANKED LINKER/LOCATER V6.22.4.0                                                  06/12/2025  11:16:50  PAGE 30


  C:3955H         SYMBOL        _reverse_u8
  C:2EB8H         SYMBOL        ___aip1302_convert_read_byte
  C:2B1DH         SYMBOL        ___aip1302_write_byte
  C:36D3H         SYMBOL        Com0043
  C:36D3H         SYMBOL        L?0068
  C:36D5H         SYMBOL        L?0069
  C:36E5H         SYMBOL        L?0073
  C:36F0H         SYMBOL        L?0074
  C:36FAH         SYMBOL        L?0075
  -------         PROC          COM0043
  -------         ENDPROC       COM0043
  -------         PROC          AIP1302_CONFIG
  -------         DO            
  D:0007H         SYMBOL        ret
  -------         ENDDO         
  C:2FF4H         LINE#         6
  C:2FF4H         LINE#         7
  C:2FF4H         LINE#         8
  C:2FF6H         LINE#         12
  C:2FFCH         LINE#         13
  C:3000H         LINE#         14
  C:3005H         LINE#         16
  C:3009H         LINE#         17
  C:300DH         LINE#         18
  C:3012H         LINE#         20
  C:3012H         LINE#         21
  C:3012H         LINE#         22
  C:3015H         LINE#         24
  C:3017H         LINE#         25
  C:3019H         LINE#         30
  C:301CH         LINE#         31
  C:301FH         LINE#         32
  C:301FH         LINE#         35
  C:301FH         LINE#         37
  C:301FH         LINE#         41
  C:3025H         LINE#         42
  C:302CH         LINE#         43
  C:3033H         LINE#         44
  C:303AH         LINE#         45
  C:3041H         LINE#         46
  C:3048H         LINE#         47
  C:304FH         LINE#         48
  C:304FH         LINE#         51
  -------         ENDPROC       AIP1302_CONFIG
  -------         PROC          _REVERSE_U8
  D:0007H         SYMBOL        arg
  -------         DO            
  D:0006H         SYMBOL        tmp
  D:0005H         SYMBOL        i
  -------         ENDDO         
  C:3955H         LINE#         55
  C:3955H         LINE#         56
  C:3955H         LINE#         58
  C:3957H         LINE#         61
  C:3957H         LINE#         62
  C:3957H         LINE#         63
  C:395BH         LINE#         64
BL51 BANKED LINKER/LOCATER V6.22.4.0                                                  06/12/2025  11:16:50  PAGE 31


  C:395FH         LINE#         65
  C:395FH         LINE#         66
  C:3963H         LINE#         67
  C:3963H         LINE#         69
  C:3963H         LINE#         70
  C:3963H         LINE#         71
  C:3967H         LINE#         72
  C:396CH         LINE#         74
  C:396EH         LINE#         75
  -------         ENDPROC       _REVERSE_U8
  -------         PROC          ___AIP1302_CONVERT_READ_BYTE
  D:0004H         SYMBOL        cmd
  D:0005H         SYMBOL        byte
  -------         DO            
  D:0007H         SYMBOL        tmp
  X:6433H         SYMBOL        i
  -------         DO            
  X:6434H         SYMBOL        tens_place
  X:6435H         SYMBOL        one_place
  -------         ENDDO         
  -------         ENDDO         
  C:2EB8H         LINE#         78
  C:2EBAH         LINE#         79
  C:2EBAH         LINE#         80
  C:2EBBH         LINE#         81
  C:2EBFH         LINE#         84
  C:2EC4H         LINE#         93
  C:2EE2H         LINE#         94
  C:2EE2H         LINE#         95
  C:2EE7H         LINE#         96
  C:2EE9H         LINE#         99
  C:2EF2H         LINE#         100
  C:2EF2H         LINE#         103
  C:2EF6H         LINE#         104
  C:2EF8H         LINE#         105
  C:2F01H         LINE#         106
  C:2F01H         LINE#         108
  C:2F05H         LINE#         109
  C:2F07H         LINE#         110
  C:2F0BH         LINE#         111
  C:2F0BH         LINE#         113
  C:2F0FH         LINE#         114
  C:2F0FH         LINE#         116
  C:2F18H         LINE#         117
  C:2F1EH         LINE#         118
  C:2F25H         LINE#         119
  C:2F25H         LINE#         121
  C:2F25H         LINE#         122
  -------         ENDPROC       ___AIP1302_CONVERT_READ_BYTE
  C:2AFFH         SYMBOL        L?0070
  C:2B09H         SYMBOL        L?0071
  -------         PROC          ___AIP1302_READ_BYTE
  X:6433H         SYMBOL        cmd
  -------         DO            
  X:6434H         SYMBOL        recv_data
  X:6435H         SYMBOL        i
  -------         ENDDO         
BL51 BANKED LINKER/LOCATER V6.22.4.0                                                  06/12/2025  11:16:50  PAGE 32


  C:2A8BH         LINE#         125
  C:2A90H         LINE#         126
  C:2A90H         LINE#         127
  C:2A93H         LINE#         128
  C:2A93H         LINE#         131
  C:2A93H         LINE#         132
  C:2A93H         LINE#         133
  C:2A96H         LINE#         135
  C:2A96H         LINE#         136
  C:2A96H         LINE#         137
  C:2A96H         LINE#         138
  C:2A9CH         LINE#         140
  C:2AA1H         LINE#         141
  C:2AA1H         LINE#         142
  C:2AA1H         LINE#         143
  C:2AA4H         LINE#         144
  C:2AB7H         LINE#         145
  C:2AB7H         LINE#         146
  C:2AB9H         LINE#         147
  C:2ABBH         LINE#         149
  C:2ABBH         LINE#         150
  C:2ABDH         LINE#         151
  C:2ABDH         LINE#         152
  C:2AC4H         LINE#         154
  C:2AC4H         LINE#         155
  C:2AC4H         LINE#         156
  C:2AC9H         LINE#         159
  C:2ACFH         LINE#         160
  C:2AD5H         LINE#         162
  C:2ADAH         LINE#         163
  C:2ADAH         LINE#         164
  C:2AE1H         LINE#         165
  C:2AE1H         LINE#         166
[...]
  C:0C31H         LINE#         283
  C:0C36H         LINE#         284
  C:0C36H         LINE#         285
  C:0C44H         LINE#         286
  C:0C50H         LINE#         288
  C:0C63H         LINE#         289
  C:0C73H         LINE#         291
  C:0C7EH         LINE#         292
  C:0CA7H         LINE#         293
  C:0CD8H         LINE#         294
  C:0D18H         LINE#         295
  C:0D48H         LINE#         296
  C:0D6EH         LINE#         297
  C:0D8AH         LINE#         299
  C:0DA5H         LINE#         300
  C:0DBCH         LINE#         301
  C:0DC9H         LINE#         302
  C:0DC9H         LINE#         304
  C:0DE1H         LINE#         305
  C:0DF2H         LINE#         306
BL51 BANKED LINKER/LOCATER V6.22.4.0                                                  06/12/2025  11:16:50  PAGE 60


  C:0DF5H         LINE#         307
  C:0DFDH         LINE#         308
  C:0E11H         LINE#         309
  C:0E24H         LINE#         310
  C:0E29H         LINE#         311
  C:0E2CH         LINE#         312
  C:0E2FH         LINE#         313
  C:0E32H         LINE#         314
  C:0E32H         LINE#         315
  C:0E33H         LINE#         321
  C:0E36H         LINE#         322
  C:0E63H         LINE#         323
  C:0E82H         LINE#         324
  C:0E82H         LINE#         325
  C:0E82H         LINE#         326
  -------         ENDPROC       ___TK_MODE_CARRY_FUNC
  -------         PROC          __TK_DATA_PROCESS
  C:08F2H         LINE#         333
  C:08F2H         LINE#         334
  C:08F2H         LINE#         335
  C:0904H         LINE#         338
  C:091DH         LINE#         339
  C:0920H         LINE#         341
  C:0936H         LINE#         342
  C:0939H         LINE#         347
  C:096BH         LINE#         348
  C:0978H         LINE#         349
  C:097BH         LINE#         350
  C:097EH         LINE#         351
  C:097EH         LINE#         352
  C:0980H         LINE#         353
  C:0983H         LINE#         354
  C:0983H         LINE#         356
  C:0988H         LINE#         357
  C:0999H         LINE#         358
  C:09AAH         LINE#         359
  C:09ADH         LINE#         363
  C:09C3H         LINE#         364
  C:09C6H         LINE#         365
  C:09D6H         LINE#         366
  C:09F6H         LINE#         369
  C:0A0DH         LINE#         370
  C:0A10H         LINE#         371
  C:0A20H         LINE#         372
  C:0A40H         LINE#         377
  C:0A40H         LINE#         378
  C:0A5EH         LINE#         380
  C:0A98H         LINE#         381
  C:0A98H         LINE#         382
  C:0A98H         LINE#         383
  C:0ACFH         LINE#         384
  C:0ADDH         LINE#         385
  C:0AF5H         LINE#         386
  C:0B02H         LINE#         387
  C:0B26H         LINE#         388
  C:0B4AH         LINE#         389
  C:0B4AH         LINE#         390
BL51 BANKED LINKER/LOCATER V6.22.4.0                                                  06/12/2025  11:16:50  PAGE 61


  C:0B4CH         LINE#         391
  C:0B59H         LINE#         392
  C:0B59H         LINE#         397
  C:0B7BH         LINE#         398
  C:0B7EH         LINE#         399
  C:0B8EH         LINE#         401
  C:0BA6H         LINE#         402
  C:0BA9H         LINE#         404
  C:0BC0H         LINE#         405
  C:0BC3H         LINE#         409
  C:0BE4H         LINE#         410
  C:0BE7H         LINE#         411
  C:0BF7H         LINE#         413
  C:0C0FH         LINE#         414
  C:0C12H         LINE#         416
  C:0C28H         LINE#         417
  C:0C2BH         LINE#         422
  C:0C30H         LINE#         423
  -------         ENDPROC       __TK_DATA_PROCESS
  -------         PROC          __TK_BUTTON_DECIDE
  C:1518H         LINE#         430
  C:1518H         LINE#         431
  C:1518H         LINE#         432
  C:152AH         LINE#         433
  C:1548H         LINE#         434
  C:157AH         LINE#         435
  C:1587H         LINE#         436
  C:158CH         LINE#         437
  C:1601H         LINE#         438
  C:1601H         LINE#         439
  C:160EH         LINE#         440
  C:161CH         LINE#         442
  C:1630H         LINE#         443
  C:163DH         LINE#         444
  C:166AH         LINE#         445
  C:168EH         LINE#         446
  C:16BCH         LINE#         447
  C:16BCH         LINE#         448
  C:16BEH         LINE#         449
  C:16CBH         LINE#         450
  C:16CBH         LINE#         451
  C:16D0H         LINE#         452
  -------         ENDPROC       __TK_BUTTON_DECIDE
  -------         PROC          __TK_BASELINE_UPDATE
  C:2D47H         LINE#         459
  C:2D47H         LINE#         460
  C:2D47H         LINE#         461
  C:2D56H         LINE#         462
  C:2D67H         LINE#         463
  C:2D78H         LINE#         464
  C:2D9CH         LINE#         465
  C:2DC0H         LINE#         466
  C:2DC4H         LINE#         467
  -------         ENDPROC       __TK_BASELINE_UPDATE
  -------         PROC          __TK_BASELINE_INIT
  -------         DO            
  X:6018H         SYMBOL        init_flag
BL51 BANKED LINKER/LOCATER V6.22.4.0                                                  06/12/2025  11:16:50  PAGE 62


  -------         ENDDO         
  C:2966H         LINE#         474
  C:2966H         LINE#         475
  C:2966H         LINE#         478
  C:2975H         LINE#         479
  C:2985H         LINE#         480
  C:298EH         LINE#         481
  C:29B3H         LINE#         482
  C:29B3H         LINE#         483
  C:29D8H         LINE#         484
  C:29D8H         LINE#         485
  C:29DCH         LINE#         487
  C:29E9H         LINE#         488
  C:29ECH         LINE#         489
  C:29EEH         LINE#         490
  C:29F4H         LINE#         491
  C:29F4H         LINE#         493
  -------         ENDPROC       __TK_BASELINE_INIT
  -------         PROC          __TK_LONG_KEY_CLEAR
  -------         DO            
  X:6019H         SYMBOL        __tk_long_cnt
  -------         ENDDO         
  C:2DC5H         LINE#         501
  C:2DC5H         LINE#         502
  C:2DC5H         LINE#         505
  C:2DD8H         LINE#         506
  C:2DE6H         LINE#         507
  C:2E00H         LINE#         508
  C:2E04H         LINE#         509
  C:2E0CH         LINE#         510
  C:2E14H         LINE#         511
  C:2E1CH         LINE#         512
  C:2E1EH         LINE#         513
  C:2E21H         LINE#         514
  C:2E38H         LINE#         515
  C:2E3AH         LINE#         516
  C:2E3AH         LINE#         517
  C:2E3BH         LINE#         518
  C:2E42H         LINE#         519
  C:2E42H         LINE#         520
  -------         ENDPROC       __TK_LONG_KEY_CLEAR
  -------         PROC          ___TK_LIB_I_ADJUST
  X:645BH         SYMBOL        i_ch
  X:645CH         SYMBOL        adjust_line
  -------         DO            
  X:601BH         SYMBOL        sta_finish
  X:601CH         SYMBOL        n_sta
  X:601DH         SYMBOL        p_sta
  X:601EH         SYMBOL        min_iset
  X:601FH         SYMBOL        min_diff
  D:0045H         SYMBOL        diff
  D:0049H         SYMBOL        temp
  -------         ENDDO         
  C:16D1H         LINE#         528
  C:16D6H         LINE#         529
  C:16D6H         LINE#         537
  C:16E9H         LINE#         538
BL51 BANKED LINKER/LOCATER V6.22.4.0                                                  06/12/2025  11:16:50  PAGE 63


  C:16EEH         LINE#         539
  C:16F2H         LINE#         540
  C:16FBH         LINE#         541
  C:16FEH         LINE#         542
  C:1701H         LINE#         545
  C:173EH         LINE#         546
  C:1769H         LINE#         547
  C:177FH         LINE#         548
  C:177FH         LINE#         550
  C:1796H         LINE#         551
  C:17ACH         LINE#         552
  C:17AFH         LINE#         553
  C:17B1H         LINE#         555
  C:17C4H         LINE#         557
  C:17E0H         LINE#         558
  C:17F3H         LINE#         559
  C:17F6H         LINE#         560
  C:17F6H         LINE#         561
  C:17F8H         LINE#         563
  C:1814H         LINE#         564
  C:1827H         LINE#         565
  C:182DH         LINE#         566
  C:182DH         LINE#         567
  C:182DH         LINE#         568
  C:182DH         LINE#         569
  C:183BH         LINE#         570
  C:183FH         LINE#         571
  C:1841H         LINE#         572
  C:1846H         LINE#         573
  C:1846H         LINE#         575
  C:184EH         LINE#         576
  C:1867H         LINE#         577
  C:186FH         LINE#         578
  C:1875H         LINE#         579
  C:187AH         LINE#         580
  C:187CH         LINE#         581
  C:1880H         LINE#         582
  C:1883H         LINE#         583
  C:1883H         LINE#         585
  C:1885H         LINE#         586
  -------         ENDPROC       ___TK_LIB_I_ADJUST
  -------         PROC          __TK_I_SOURCE_ADJUST
  -------         DO            
  X:645AH         SYMBOL        result
  -------         ENDDO         
  C:2F92H         LINE#         593
  C:2F92H         LINE#         594
  C:2F92H         LINE#         595
  C:2F97H         LINE#         597
  C:2FB0H         LINE#         598
  C:2FB2H         LINE#         600
  C:2FB7H         LINE#         601
  C:2FBAH         LINE#         602
  C:2FC0H         LINE#         603
  C:2FC0H         LINE#         605
  C:2FCCH         LINE#         606
  C:2FCFH         LINE#         607
BL51 BANKED LINKER/LOCATER V6.22.4.0                                                  06/12/2025  11:16:50  PAGE 64


  C:2FD2H         LINE#         608
  C:2FD2H         LINE#         609
  C:2FD2H         LINE#         611
  C:2FE9H         LINE#         612
  C:2FEBH         LINE#         613
  C:2FEEH         LINE#         614
  C:2FEEH         LINE#         615
  C:2FF3H         LINE#         616
  C:2FF3H         LINE#         617
  -------         ENDPROC       __TK_I_SOURCE_ADJUST
  -------         PROC          ___TK_SET_NEXT_CH
  D:0007H         SYMBOL        kick_type
  C:2CC3H         LINE#         625
  C:2CC3H         LINE#         626
  C:2CC3H         LINE#         627
  C:2CC6H         LINE#         629
  C:2CE4H         LINE#         630
  C:2CEAH         LINE#         631
  C:2CEEH         LINE#         632
  C:2CF2H         LINE#         633
  C:2CF6H         LINE#         634
  C:2CFAH         LINE#         636
  C:2D14H         LINE#         638
  C:2D24H         LINE#         639
  C:2D24H         LINE#         640
  C:2D26H         LINE#         642
  C:2D40H         LINE#         643
  C:2D46H         LINE#         644
  C:2D46H         LINE#         645
  -------         ENDPROC       ___TK_SET_NEXT_CH
  -------         PROC          __TK_LIB_INIT
  -------         DO            
  X:655DH         SYMBOL        i
  -------         ENDDO         
  C:28CBH         LINE#         652
  C:28CBH         LINE#         653
  C:28CBH         LINE#         655
  C:2913H         LINE#         656
  C:2921H         LINE#         658
  C:2924H         LINE#         659
  C:292CH         LINE#         660
  C:292EH         LINE#         661
  C:2930H         LINE#         662
  C:2938H         LINE#         663
  C:2940H         LINE#         664
  C:2948H         LINE#         665
  C:295EH         LINE#         666
  C:2961H         LINE#         667
  -------         ENDPROC       __TK_LIB_INIT
  -------         PROC          __TK_HANDLER
  C:2E43H         LINE#         675
  C:2E43H         LINE#         676
  C:2E43H         LINE#         677
  C:2E48H         LINE#         678
  C:2E4CH         LINE#         679
  C:2E73H         LINE#         682
  C:2E76H         LINE#         683
BL51 BANKED LINKER/LOCATER V6.22.4.0                                                  06/12/2025  11:16:50  PAGE 65


  C:2E7DH         LINE#         684
  C:2E7FH         LINE#         685
  C:2E82H         LINE#         686
  C:2E82H         LINE#         687
  C:2E85H         LINE#         688
  C:2E85H         LINE#         689
  C:2E85H         LINE#         690
  C:2E87H         LINE#         691
  C:2E93H         LINE#         692
  C:2EA3H         LINE#         693
  C:2EA6H         LINE#         694
  C:2EABH         LINE#         696
  C:2EAEH         LINE#         697
  C:2EAEH         LINE#         699
  C:2EB1H         LINE#         700
  C:2EB1H         LINE#         701
  C:2EB2H         LINE#         702
  C:2EB7H         LINE#         703
  C:2EB7H         LINE#         704
  C:2EB7H         LINE#         705
  -------         ENDPROC       __TK_HANDLER
  -------         PROC          __TK_MS_HANDLER
  C:3B70H         LINE#         712
  C:3B70H         LINE#         713
  C:3B70H         LINE#         714
  C:3B72H         LINE#         716
  -------         ENDPROC       __TK_MS_HANDLER
  -------         PROC          __TK_SCAN
  C:3885H         LINE#         724
  C:3885H         LINE#         725
  C:3885H         LINE#         727
  C:388AH         LINE#         730
  C:3896H         LINE#         735
  C:3899H         LINE#         739
  C:389CH         LINE#         740
  C:38A1H         LINE#         741
  C:38A4H         LINE#         742
  C:38A4H         LINE#         743
  -------         ENDPROC       __TK_SCAN
  -------         ENDMOD        TK_LIB

  -------         MODULE        ?C?COPY
  C:0130H         PUBLIC        ?C?COPY
  -------         ENDMOD        ?C?COPY

  -------         MODULE        ?C?CLDPTR
  C:0156H         PUBLIC        ?C?CLDPTR
  -------         ENDMOD        ?C?CLDPTR

  -------         MODULE        ?C?CLDOPTR
  C:016FH         PUBLIC        ?C?CLDOPTR
  -------         ENDMOD        ?C?CLDOPTR

  -------         MODULE        ?C?CILDOPTR
  C:019CH         PUBLIC        ?C?CILDOPTR
  -------         ENDMOD        ?C?CILDOPTR

BL51 BANKED LINKER/LOCATER V6.22.4.0                                                  06/12/2025  11:16:50  PAGE 66


  -------         MODULE        ?C?CSTPTR
  C:01CFH         PUBLIC        ?C?CSTPTR
  -------         ENDMOD        ?C?CSTPTR

  -------         MODULE        ?C?CSTOPTR
  C:01E1H         PUBLIC        ?C?CSTOPTR
  -------         ENDMOD        ?C?CSTOPTR

  -------         MODULE        ?C?IMUL
  C:0203H         PUBLIC        ?C?IMUL
  -------         ENDMOD        ?C?IMUL

  -------         MODULE        ?C?UIDIV
  C:0215H         PUBLIC        ?C?UIDIV
  -------         ENDMOD        ?C?UIDIV

  -------         MODULE        ?C?IILDX
  C:026AH         PUBLIC        ?C?IILDX
  -------         ENDMOD        ?C?IILDX

  -------         MODULE        ?C?LADD
  C:0280H         PUBLIC        ?C?LADD
  -------         ENDMOD        ?C?LADD

  -------         MODULE        ?C?LSUB
  C:028DH         PUBLIC        ?C?LSUB
  -------         ENDMOD        ?C?LSUB

  -------         MODULE        ?C?LMUL
  C:029BH         PUBLIC        ?C?LMUL
  -------         ENDMOD        ?C?LMUL

  -------         MODULE        ?C?ULDIV
  C:0326H         PUBLIC        ?C?ULDIV
  -------         ENDMOD        ?C?ULDIV

  -------         MODULE        ?C?LNOT
  C:03B8H         PUBLIC        ?C?LNOT
  -------         ENDMOD        ?C?LNOT

  -------         MODULE        ?C?LNEG
  C:03C5H         PUBLIC        ?C?LNEG
  -------         ENDMOD        ?C?LNEG

  -------         MODULE        ?C?SLCMP
  C:03D3H         PUBLIC        ?C?SLCMP
  -------         ENDMOD        ?C?SLCMP

  -------         MODULE        ?C?ULCMP
  C:03E9H         PUBLIC        ?C?ULCMP
  -------         ENDMOD        ?C?ULCMP

  -------         MODULE        ?C?ULSHR
  C:03FAH         PUBLIC        ?C?ULSHR
  -------         ENDMOD        ?C?ULSHR

  -------         MODULE        ?C?LSHL
BL51 BANKED LINKER/LOCATER V6.22.4.0                                                  06/12/2025  11:16:50  PAGE 67


  C:040DH         PUBLIC        ?C?LSHL
  -------         ENDMOD        ?C?LSHL

  -------         MODULE        ?C?LLDXDATA
  C:0420H         PUBLIC        ?C?LLDXDATA
  -------         ENDMOD        ?C?LLDXDATA

  -------         MODULE        ?C?LLDCODE
  C:042CH         PUBLIC        ?C?LLDCODE
  -------         ENDMOD        ?C?LLDCODE

  -------         MODULE        ?C?LLDXDATA0
  C:043CH         PUBLIC        ?C?LLDXDATA0
  -------         ENDMOD        ?C?LLDXDATA0

  -------         MODULE        ?C?LSTXDATA
  C:0448H         PUBLIC        ?C?LSTXDATA
  -------         ENDMOD        ?C?LSTXDATA

  -------         MODULE        ?C?LSTKXDATA
  C:0454H         PUBLIC        ?C?LSTKXDATA
  -------         ENDMOD        ?C?LSTKXDATA

  -------         MODULE        ?C?OFFXADD
  C:0485H         PUBLIC        ?C?OFFXADD
  -------         ENDMOD        ?C?OFFXADD

  -------         MODULE        ?C?PLDXDATA
  C:0491H         PUBLIC        ?C?PLDXDATA
  -------         ENDMOD        ?C?PLDXDATA

  -------         MODULE        ?C?PLDIXDATA
  C:049AH         PUBLIC        ?C?PLDIXDATA
  -------         ENDMOD        ?C?PLDIXDATA

  -------         MODULE        ?C?PSTXDATA
  C:04B1H         PUBLIC        ?C?PSTXDATA
  -------         ENDMOD        ?C?PSTXDATA

  -------         MODULE        ?C?PLDOPTR
  C:04BAH         PUBLIC        ?C?PLDOPTR
  -------         ENDMOD        ?C?PLDOPTR

  -------         MODULE        ?C?CCASE
  C:04EAH         PUBLIC        ?C?CCASE
  -------         ENDMOD        ?C?CCASE

  -------         MODULE        ?C?ICALL
  C:0510H         PUBLIC        ?C?ICALL
  C:0514H         PUBLIC        ?C?ICALL2
  -------         ENDMOD        ?C?ICALL

  -------         MODULE        ?C?LIMUL
  C:0516H         PUBLIC        ?C?LIMUL
  -------         ENDMOD        ?C?LIMUL

  -------         MODULE        PRINTF
BL51 BANKED LINKER/LOCATER V6.22.4.0                                                  06/12/2025  11:16:50  PAGE 68


  X:6431H         PUBLIC        ?_PRINTF517?BYTE
  X:6431H         PUBLIC        ?_PRINTF?BYTE
  X:6431H         PUBLIC        ?_SPRINTF517?BYTE
  X:6431H         PUBLIC        ?_SPRINTF?BYTE
  C:05F8H         PUBLIC        _PRINTF
  C:05F8H         PUBLIC        _PRINTF517
  C:05F2H         PUBLIC        _SPRINTF
  C:05F2H         PUBLIC        _SPRINTF517
  -------         ENDMOD        PRINTF

  -------         MODULE        ?C?MEMSET
  C:0543H         PUBLIC        ?C?MEMSET
  -------         ENDMOD        ?C?MEMSET

  -------         MODULE        ?C?PLDIDATA
  C:056FH         PUBLIC        ?C?PLDIDATA
  -------         ENDMOD        ?C?PLDIDATA

  -------         MODULE        ?C?PLDPDATA
  C:0578H         PUBLIC        ?C?PLDPDATA
  -------         ENDMOD        ?C?PLDPDATA

  -------         MODULE        ?C?PLDCODE
  C:0581H         PUBLIC        ?C?PLDCODE
  -------         ENDMOD        ?C?PLDCODE

*** WARNING L16: UNCALLED SEGMENT, IGNORED FOR OVERLAY PROCESS
    SEGMENT: ?PR?TK_PARAM_INIT?TK_SET

*** WARNING L16: UNCALLED SEGMENT, IGNORED FOR OVERLAY PROCESS
    SEGMENT: ?PR?P03_OUTPUT_CONFIG?MY_GPIO

*** WARNING L16: UNCALLED SEGMENT, IGNORED FOR OVERLAY PROCESS
    SEGMENT: ?PR?P23_INPUT_CONFIG?MY_GPIO

*** WARNING L16: UNCALLED SEGMENT, IGNORED FOR OVERLAY PROCESS
    SEGMENT: ?PR?_UART0_SEND_BUFF?UART0

*** WARNING L16: UNCALLED SEGMENT, IGNORED FOR OVERLAY PROCESS
    SEGMENT: ?PR?AIP1302_UPDATE_ALL_DATA?AIP1302

*** WARNING L16: UNCALLED SEGMENT, IGNORED FOR OVERLAY PROCESS
    SEGMENT: ?PR?PIN_LEVEL_SCAN?PIN_LEVEL_SCAN

*** WARNING L16: UNCALLED SEGMENT, IGNORED FOR OVERLAY PROCESS
    SEGMENT: ?PR?TEMP_OF_WATER_SCAN?TEMP_OF_WATER

*** WARNING L16: UNCALLED SEGMENT, IGNORED FOR OVERLAY PROCESS
    SEGMENT: ?PR?TOUCH_KEY_HANDLE?TOUCH_KEY

*** WARNING L16: UNCALLED SEGMENT, IGNORED FOR OVERLAY PROCESS
    SEGMENT: ?PR?__TK_MS_HANDLER?TK_LIB

Program Size: data=79.5 xdata=1376 code=15220
LINK/LOCATE RUN COMPLETE.  9 WARNING(S),  0 ERROR(S)
