BL51 BANKED LINKER/LOCATER V6.22.4.0                                                    06/16/2025  18:35:29  PAGE 1


BL51 BANKED LINKER/LOCATER V6.22.4.0, INVOKED BY:
C:\KEIL_V5\C51\BIN\BL51.EXE .\Release\Objects\STARTUP.obj, .\Release\Objects\system.obj, ..\..\User\lib\tk_simplify_algo
>> rithm_V1.0.0.LIB, .\Release\Objects\tk_set.obj, .\Release\Objects\my_gpio.obj, .\Release\Objects\tmr0.obj, .\Release\
>> Objects\tmr1.obj, .\Release\Objects\tmr2.obj, .\Release\Objects\uart0.obj, .\Release\Objects\adc.obj, .\Release\Objec
>> ts\flash.obj, .\Release\Objects\aip1302.obj, .\Release\Objects\uart1.obj, .\Release\Objects\key_driver.obj, .\Release
>> \Objects\main.obj, .\Release\Objects\fun_info.obj, .\Release\Objects\send_data.obj, .\Release\Objects\pin_level_scan.
>> obj, .\Release\Objects\speed_scan.obj, .\Release\Objects\engine_speed_scan.obj, .\Release\Objects\mileage.obj, .\Rele
>> ase\Objects\instruction.obj, .\Release\Objects\ad_key.obj, .\Release\Objects\fuel_capacity.obj, .\Release\Objects\tem
>> p_of_water.obj, .\Release\Objects\battery.obj, .\Release\Objects\touch_key.obj TO .\Release\Objects\Project PRINT (.\
>> Release\Listings\Project.m51) RAMSIZE (256) CODE (0X0000-0X3EEF) XDATA (0X6000-0X66FF)


MEMORY MODEL: LARGE


INPUT MODULES INCLUDED:
  .\Release\Objects\STARTUP.obj (?C_STARTUP)
  .\Release\Objects\system.obj (SYSTEM)
  .\Release\Objects\tk_set.obj (TK_SET)
  .\Release\Objects\my_gpio.obj (MY_GPIO)
  .\Release\Objects\tmr0.obj (TMR0)
  .\Release\Objects\tmr1.obj (TMR1)
  .\Release\Objects\tmr2.obj (TMR2)
  .\Release\Objects\uart0.obj (UART0)
  .\Release\Objects\adc.obj (ADC)
  .\Release\Objects\flash.obj (FLASH)
  .\Release\Objects\aip1302.obj (AIP1302)
  .\Release\Objects\uart1.obj (UART1)
  .\Release\Objects\key_driver.obj (KEY_DRIVER)
  .\Release\Objects\main.obj (MAIN)
  .\Release\Objects\fun_info.obj (FUN_INFO)
  .\Release\Objects\send_data.obj (SEND_DATA)
  .\Release\Objects\pin_level_scan.obj (PIN_LEVEL_SCAN)
  .\Release\Objects\speed_scan.obj (SPEED_SCAN)
  .\Release\Objects\engine_speed_scan.obj (ENGINE_SPEED_SCAN)
  .\Release\Objects\mileage.obj (MILEAGE)
  .\Release\Objects\instruction.obj (INSTRUCTION)
  .\Release\Objects\ad_key.obj (AD_KEY)
  .\Release\Objects\fuel_capacity.obj (FUEL_CAPACITY)
  .\Release\Objects\temp_of_water.obj (TEMP_OF_WATER)
  .\Release\Objects\battery.obj (BATTERY)
  .\Release\Objects\touch_key.obj (TOUCH_KEY)
  ..\..\User\lib\tk_simplify_algorithm_V1.0.0.LIB (TK_LIB)
  C:\KEIL_V5\C51\LIB\C51L.LIB (?C_INIT)
  C:\KEIL_V5\C51\LIB\C51L.LIB (?C?COPY)
  C:\KEIL_V5\C51\LIB\C51L.LIB (?C?CLDPTR)
  C:\KEIL_V5\C51\LIB\C51L.LIB (?C?CLDOPTR)
  C:\KEIL_V5\C51\LIB\C51L.LIB (?C?CILDOPTR)
  C:\KEIL_V5\C51\LIB\C51L.LIB (?C?CSTPTR)
  C:\KEIL_V5\C51\LIB\C51L.LIB (?C?CSTOPTR)
  C:\KEIL_V5\C51\LIB\C51L.LIB (?C?IMUL)
  C:\KEIL_V5\C51\LIB\C51L.LIB (?C?UIDIV)
  C:\KEIL_V5\C51\LIB\C51L.LIB (?C?IILDX)
  C:\KEIL_V5\C51\LIB\C51L.LIB (?C?LADD)
  C:\KEIL_V5\C51\LIB\C51L.LIB (?C?LSUB)
  C:\KEIL_V5\C51\LIB\C51L.LIB (?C?LMUL)
  C:\KEIL_V5\C51\LIB\C51L.LIB (?C?ULDIV)
  C:\KEIL_V5\C51\LIB\C51L.LIB (?C?LNOT)
BL51 BANKED LINKER/LOCATER V6.22.4.0                                                  06/16/2025  18:35:29  PAGE 2


  C:\KEIL_V5\C51\LIB\C51L.LIB (?C?LNEG)
  C:\KEIL_V5\C51\LIB\C51L.LIB (?C?SLCMP)
  C:\KEIL_V5\C51\LIB\C51L.LIB (?C?ULCMP)
  C:\KEIL_V5\C51\LIB\C51L.LIB (?C?ULSHR)
  C:\KEIL_V5\C51\LIB\C51L.LIB (?C?LSHL)
  C:\KEIL_V5\C51\LIB\C51L.LIB (?C?LLDXDATA)
  C:\KEIL_V5\C51\LIB\C51L.LIB (?C?LLDCODE)
  C:\KEIL_V5\C51\LIB\C51L.LIB (?C?LLDXDATA0)
  C:\KEIL_V5\C51\LIB\C51L.LIB (?C?LSTXDATA)
  C:\KEIL_V5\C51\LIB\C51L.LIB (?C?LSTKXDATA)
  C:\KEIL_V5\C51\LIB\C51L.LIB (?C?OFFXADD)
  C:\KEIL_V5\C51\LIB\C51L.LIB (?C?PLDXDATA)
  C:\KEIL_V5\C51\LIB\C51L.LIB (?C?PLDIXDATA)
  C:\KEIL_V5\C51\LIB\C51L.LIB (?C?PSTXDATA)
  C:\KEIL_V5\C51\LIB\C51L.LIB (?C?PLDOPTR)
  C:\KEIL_V5\C51\LIB\C51L.LIB (?C?CCASE)
  C:\KEIL_V5\C51\LIB\C51L.LIB (?C?ICALL)
  C:\KEIL_V5\C51\LIB\C51L.LIB (?C?LIMUL)
  C:\KEIL_V5\C51\LIB\C51L.LIB (PRINTF)
  C:\KEIL_V5\C51\LIB\C51L.LIB (?C?MEMSET)
  C:\KEIL_V5\C51\LIB\C51L.LIB (?C?PLDIDATA)
  C:\KEIL_V5\C51\LIB\C51L.LIB (?C?PLDPDATA)
  C:\KEIL_V5\C51\LIB\C51L.LIB (?C?PLDCODE)


LINK MAP OF MODULE:  .\Release\Objects\Project (?C_STARTUP)


            TYPE    BASE      LENGTH    RELOCATION   SEGMENT NAME
            -----------------------------------------------------

            * * * * * * *   D A T A   M E M O R Y   * * * * * * *
            REG     0000H     0008H     ABSOLUTE     "REG BANK 0"
            DATA    0008H     0004H     ABSOLUTE     
            DATA    000CH     0004H     ABSOLUTE     
            DATA    0010H     0004H     ABSOLUTE     
            DATA    0014H     0004H     ABSOLUTE     
            DATA    0018H     0004H     ABSOLUTE     
            DATA    001CH     0004H     ABSOLUTE     
            BIT     0020H.0   0002H.5   UNIT         ?BI?INSTRUCTION
            BIT     0022H.5   0001H.1   UNIT         _BIT_GROUP_
            BIT     0023H.6   0000H.2   UNIT         ?BI?TMR2
            BIT     0024H.0   0000H.2   UNIT         ?BI?TK_LIB
            BIT     0024H.2   0000H.1   UNIT         ?BI?UART0
            BIT     0024H.3   0000H.1   UNIT         ?BI?SPEED_SCAN
            BIT     0024H.4   0000H.1   UNIT         ?BI?ENGINE_SPEED_SCAN
                    0024H.5   000BH.3                *** GAP ***
            DATA    0030H     0004H     ABSOLUTE     
            DATA    0034H     0004H     ABSOLUTE     
            DATA    0038H     0004H     ABSOLUTE     
            DATA    003CH     0004H     ABSOLUTE     
            DATA    0040H     000DH     UNIT         _DATA_GROUP_
                    004DH     0003H                  *** GAP ***
            DATA    0050H     0002H     ABSOLUTE     
            DATA    0052H     0002H     ABSOLUTE     
            DATA    0054H     0002H     ABSOLUTE     
                    0056H     000AH                  *** GAP ***
BL51 BANKED LINKER/LOCATER V6.22.4.0                                                  06/16/2025  18:35:29  PAGE 3


            DATA    0060H     0001H     ABSOLUTE     
            DATA    0061H     0001H     ABSOLUTE     
            DATA    0062H     0001H     ABSOLUTE     
            DATA    0063H     0001H     ABSOLUTE     
            DATA    0064H     0001H     ABSOLUTE     
            DATA    0065H     0001H     ABSOLUTE     
            DATA    0066H     0001H     ABSOLUTE     
            IDATA   0067H     0001H     UNIT         ?STACK

            * * * * * * *  X D A T A   M E M O R Y  * * * * * * *
                    0000H     6000H                  *** GAP ***
            XDATA   6000H     0004H     ABSOLUTE     
            XDATA   6004H     0004H     ABSOLUTE     
            XDATA   6008H     0004H     ABSOLUTE     
            XDATA   600CH     0004H     UNIT         ?XD?TMR0
            XDATA   6010H     0004H     ABSOLUTE     
            XDATA   6014H     0004H     ABSOLUTE     
            XDATA   6018H     0394H     UNIT         ?XD?TK_LIB
            XDATA   63ACH     0045H     UNIT         ?XD?AD_KEY
            XDATA   63F1H     003DH     UNIT         ?XD?UART0
            XDATA   642EH     0030H     UNIT         _XDATA_GROUP_
            XDATA   645EH     002EH     UNIT         ?XD?FUEL_CAPACITY
            XDATA   648CH     0027H     UNIT         ?XD?FUN_INFO
            XDATA   64B3H     001FH     UNIT         ?XD?TOUCH_KEY
            XDATA   64D2H     0018H     UNIT         ?XD?TK_SET
            XDATA   64EAH     0012H     UNIT         ?XD?MILEAGE
            XDATA   64FCH     0010H     UNIT         ?XD?SPEED_SCAN
            XDATA   650CH     0010H     UNIT         ?XD?ENGINE_SPEED_SCAN
            XDATA   651CH     000CH     UNIT         ?XD?TEMP_OF_WATER
            XDATA   6528H     000CH     UNIT         ?XD?BATTERY
            XDATA   6534H     0009H     UNIT         ?XD?INSTRUCTION
            XDATA   653DH     0008H     UNIT         ?XD?TMR1
            XDATA   6545H     0007H     UNIT         ?XD?AIP1302_UPDATE_ALL_DATA?AIP1302
            XDATA   654CH     0004H     UNIT         ?XD?KEY_DRIVER
            XDATA   6550H     0003H     UNIT         ?XD?TMR2
            XDATA   6553H     0003H     UNIT         ?XD?_UART0_SEND_BUFF?UART0
            XDATA   6556H     0002H     UNIT         ?XD?ADC
            XDATA   6558H     0002H     UNIT         ?XD?PIN_LEVEL_SCAN

            * * * * * * *   C O D E   M E M O R Y   * * * * * * *
            CODE    0000H     0003H     ABSOLUTE     
            CODE    0003H     000CH     ABSOLUTE     
            CODE    000FH     000FH     UNIT         ?PR?AIP1302_IS_RUNNING?AIP1302
            CODE    001EH     0003H     ABSOLUTE     
            CODE    0021H     0003H     ABSOLUTE     
            CODE    0024H     0003H     ABSOLUTE     
            CODE    0027H     0023H     UNIT         ?PR?_UART0_SEND_BUFF?UART0
                    004AH     0001H                  *** GAP ***
            CODE    004BH     0003H     ABSOLUTE     
            CODE    004EH     000FH     UNIT         ?PR?AD_KEY
            CODE    005DH     0003H     ABSOLUTE     
            CODE    0060H     052DH     UNIT         ?C?LIB_CODE
            CODE    058DH     0365H     UNIT         ?PR?PRINTF?PRINTF
            CODE    08F2H     033FH     UNIT         ?PR?__TK_DATA_PROCESS?TK_LIB
            CODE    0C31H     0252H     UNIT         ?PR?___TK_MODE_CARRY_FUNC?TK_LIB
            CODE    0E83H     0248H     UNIT         ?C_INITSEG
            CODE    10CBH     0247H     UNIT         ?PR?INSTRUCTION_HANDLE?INSTRUCTION
BL51 BANKED LINKER/LOCATER V6.22.4.0                                                  06/16/2025  18:35:29  PAGE 4


            CODE    1312H     0206H     UNIT         ?PR?_SEND_DATA?SEND_DATA
            CODE    1518H     01B9H     UNIT         ?PR?__TK_BUTTON_DECIDE?TK_LIB
            CODE    16D1H     01B5H     UNIT         ?PR?___TK_LIB_I_ADJUST?TK_LIB
            CODE    1886H     0193H     UNIT         ?PR?_KEY_DRIVER_SCAN?KEY_DRIVER
            CODE    1A19H     014EH     UNIT         ?PR?INSTRUCTION_SCAN?INSTRUCTION
            CODE    1B67H     013CH     UNIT         ?PR?TK_GPIO_CONFIG?TK_SET
            CODE    1CA3H     0138H     UNIT         ?PR?UART0_IRQHANDLER?UART0
            CODE    1DDBH     0130H     UNIT         ?PR?HEART_BEAT_HANDLE?TMR1
            CODE    1F0BH     0124H     UNIT         ?PR?UART0_SCAN_HANDLE?UART0
            CODE    202FH     00EDH     UNIT         ?PR?TIMR2_IRQHANDLER?TMR2
            CODE    211CH     00DCH     UNIT         ?PR?SYSTEM_INIT?SYSTEM
            CODE    21F8H     00D8H     UNIT         ?PR?MILEAGE_SCAN?MILEAGE
            CODE    22D0H     00D4H     UNIT         ?PR?ADC_GETVAL?ADC
            CODE    23A4H     00D0H     UNIT         ?PR?SPEED_SCAN?SPEED_SCAN
            CODE    2474H     00D0H     UNIT         ?PR?TEMP_OF_WATER_SCAN?TEMP_OF_WATER
            CODE    2544H     00C0H     UNIT         ?PR?BATTERY_SCAN?BATTERY
            CODE    2604H     00BAH     UNIT         ?PR?AD_KEY_HANDLE?AD_KEY
            CODE    26BEH     00AFH     UNIT         ?PR?_AIP1302_WRITE_BYTE?AIP1302
            CODE    276DH     00AEH     UNIT         ?PR?TOUCH_KEY_HANDLE?TOUCH_KEY
            CODE    281BH     00A8H     UNIT         ?PR?PIN_LEVEL_SCAN?PIN_LEVEL_SCAN
            CODE    28C3H     009BH     UNIT         ?PR?__TK_LIB_INIT?TK_LIB
            CODE    295EH     009AH     UNIT         ?C_C51STARTUP
            CODE    29F8H     0099H     UNIT         ?PR?FUEL_CAPACITY_SCAN?FUEL_CAPACITY
            CODE    2A91H     0093H     UNIT         ?PR?__TK_BASELINE_INIT?TK_LIB
            CODE    2B24H     0092H     UNIT         ?PR?TK_PARAM_INIT?TK_SET
            CODE    2BB6H     0092H     UNIT         ?PR?___AIP1302_READ_BYTE?AIP1302
            CODE    2C48H     0090H     UNIT         ?PR?___AIP1302_WRITE_BYTE?AIP1302
            CODE    2CD8H     008AH     UNIT         ?PR?ENGINE_SPEED_SCAN?ENGINE_SPEED_SCAN
            CODE    2D62H     0084H     UNIT         ?PR?___TK_SET_NEXT_CH?TK_LIB
            CODE    2DE6H     007EH     UNIT         ?PR?__TK_BASELINE_UPDATE?TK_LIB
            CODE    2E64H     007EH     UNIT         ?PR?__TK_LONG_KEY_CLEAR?TK_LIB
            CODE    2EE2H     0075H     UNIT         ?PR?__TK_HANDLER?TK_LIB
            CODE    2F57H     0074H     UNIT         ?PR?TIMR1_IRQHANDLER?TMR1
            CODE    2FCBH     0070H     UNIT         ?CO?TOUCH_KEY
            CODE    303BH     006EH     UNIT         ?PR?___AIP1302_CONVERT_READ_BYTE?AIP1302
            CODE    30A9H     006DH     UNIT         ?PR?TIMR0_IRQHANDLER?TMR0
            CODE    3116H     006CH     UNIT         ?PR?_GET_FILTERED_ADC?FUEL_CAPACITY
            CODE    3182H     0062H     UNIT         ?PR?__TK_I_SOURCE_ADJUST?TK_LIB
            CODE    31E4H     005FH     UNIT         ?PR?MAIN?MAIN
            CODE    3243H     005EH     UNIT         ?PR?AIP1302_CONFIG?AIP1302
            CODE    32A1H     0059H     UNIT         ?PR?UART0
            CODE    32FAH     0052H     UNIT         ?PR?TOUCH_KEY_GET_KEY_ID?TOUCH_KEY
            CODE    334CH     004FH     UNIT         ?PR?TK_INIT?TK_SET
            CODE    339BH     004CH     UNIT         ?PR?___CONVER_CUR_AD_TO_AD_KEY?AD_KEY
            CODE    33E7H     004BH     UNIT         ?PR?TMR1
            CODE    3432H     0048H     UNIT         ?PR?INSTRUCTION
            CODE    347AH     0046H     UNIT         ?PR?AIP1302_READ_ALL?AIP1302
            CODE    34C0H     0045H     UNIT         ?PR?TK_IRQHANDLER?TK_SET
            CODE    3505H     0044H     UNIT         ?PR?_CONVERT_FUEL_ADC_TO_PERCENT?FUEL_CAPACITY
            CODE    3549H     0040H     UNIT         ?PR?TMR2_CONFIG?TMR2
            CODE    3589H     003FH     UNIT         ?PR?AIP1302_UPDATE_ALL_DATA?AIP1302
            CODE    35C8H     003FH     UNIT         ?PR?AIP1302_UPDATE_TIME?AIP1302
            CODE    3607H     003FH     UNIT         ?PR?UPDATE_ENGINE_SPEED_SCAN_DATA?ENGINE_SPEED_SCAN
            CODE    3646H     003EH     UNIT         ?PR?SEND_DATA
            CODE    3684H     003DH     UNIT         ?PR?TMR1_CONFIG?TMR1
            CODE    36C1H     003DH     UNIT         ?PR?USER_INIT?MAIN
            CODE    36FEH     003DH     UNIT         ?PR?__TK_MODE_CONFIG?TK_LIB
BL51 BANKED LINKER/LOCATER V6.22.4.0                                                  06/16/2025  18:35:29  PAGE 5


            CODE    373BH     003CH     UNIT         ?PR?TMR0_CONFIG?TMR0
            CODE    3777H     0039H     UNIT         ?PR?UPDATE_SPEED_SCAN_DATA?SPEED_SCAN
            CODE    37B0H     0037H     UNIT         ?PR?_ADC_SEL_PIN?ADC
            CODE    37E7H     0037H     UNIT         ?PR?_FLASH_WRITE?FLASH
            CODE    381EH     0034H     UNIT         ?PR?_FLASH_READ?FLASH
            CODE    3852H     0032H     UNIT         ?PR?AD_KEY_GET_KEY_ID?AD_KEY
            CODE    3884H     002EH     UNIT         ?PR?AIP1302
            CODE    38B2H     002CH     UNIT         ?PR?UART0_CONFIG?UART0
            CODE    38DEH     002CH     UNIT         ?PR?___TOUCH_KEY_GET_EVENT?TOUCH_KEY
            CODE    390AH     002BH     UNIT         ?PR?MILEAGE
            CODE    3935H     0028H     UNIT         ?PR?PIN_LEVEL_SCAN_CONFIG?PIN_LEVEL_SCAN
            CODE    395DH     0023H     UNIT         ?PR?ADC_SINGLE_CONVERT?ADC
            CODE    3980H     0023H     UNIT         ?PR?___AD_KEY_GET_EVENT?AD_KEY
            CODE    39A3H     0022H     UNIT         ?PR?ADC_CONFIG?ADC
            CODE    39C5H     0021H     UNIT         ?PR?KEY_DRIVER
            CODE    39E6H     0020H     UNIT         ?PR?__TK_SCAN?TK_LIB
            CODE    3A06H     001FH     UNIT         ?PR?TMR2
            CODE    3A25H     001FH     UNIT         ?PR?TOUCH_KEY
            CODE    3A44H     001EH     UNIT         ?CO?TK_SET
            CODE    3A62H     001EH     UNIT         ?PR?TEMP_OF_WATER
            CODE    3A80H     001BH     UNIT         ?PR?_DELAY_MS?SYSTEM
            CODE    3A9BH     001BH     UNIT         ?PR?ADC
            CODE    3AB6H     001AH     UNIT         ?PR?_REVERSE_U8?AIP1302
            CODE    3AD0H     0018H     UNIT         ?PR?TK_SET
            CODE    3AE8H     0018H     UNIT         ?PR?FUN_INFO_INIT?FUN_INFO
            CODE    3B00H     0016H     UNIT         ?PR?_AIP1302_READ_BYTE?AIP1302
            CODE    3B16H     0015H     UNIT         ?PR?FUEL_CAPACITY
            CODE    3B2BH     0011H     UNIT         ?PR?TMR2_ENABLE?TMR2
            CODE    3B3CH     0011H     UNIT         ?PR?_FLASH_ERASE_SECTOR?FLASH
            CODE    3B4DH     0011H     UNIT         ?PR?_SAMPLES_INIT?FUEL_CAPACITY
            CODE    3B5EH     0010H     UNIT         ?PR?P03_OUTPUT_CONFIG?MY_GPIO
            CODE    3B6EH     0010H     UNIT         ?PR?TMR0_DISABLE?TMR0
            CODE    3B7EH     0010H     UNIT         ?PR?TMR1_ENABLE?TMR1
            CODE    3B8EH     0010H     UNIT         ?PR?_CONVER_ADC_VAL_TO_VOLTAGE?BATTERY
            CODE    3B9EH     000EH     UNIT         ?PR?_PUTCHAR?UART0
            CODE    3BACH     000EH     UNIT         ?PR?FUN_INFO_SAVE?FUN_INFO
            CODE    3BBAH     000EH     UNIT         ?PR?_CONVER_VOLTAGE_OF_BATTERY_TO_PERCENTAGE?BATTERY
            CODE    3BC8H     000DH     UNIT         ?PR?P06_INPUT_CONFIG?MY_GPIO
            CODE    3BD5H     000DH     UNIT         ?PR?P07_INPUT_CONFIG?MY_GPIO
            CODE    3BE2H     000DH     UNIT         ?PR?P10_INPUT_CONFIG?MY_GPIO
            CODE    3BEFH     000DH     UNIT         ?PR?P13_INPUT_CONFIG?MY_GPIO
            CODE    3BFCH     000DH     UNIT         ?PR?P14_INPUT_CONFIG?MY_GPIO
            CODE    3C09H     000DH     UNIT         ?PR?P21_INPUT_CONFIG?MY_GPIO
            CODE    3C16H     000DH     UNIT         ?PR?P22_INPUT_CONFIG?MY_GPIO
            CODE    3C23H     000DH     UNIT         ?PR?P23_INPUT_CONFIG?MY_GPIO
            CODE    3C30H     000DH     UNIT         ?PR?P25_INPUT_CONFIG?MY_GPIO
            CODE    3C3DH     000DH     UNIT         ?PR?P27_INPUT_CONFIG?MY_GPIO
            CODE    3C4AH     000DH     UNIT         ?PR?P30_INPUT_CONFIG?MY_GPIO
            CODE    3C57H     000DH     UNIT         ?PR?_UART0_SENDBYTE?UART0
            CODE    3C64H     000DH     UNIT         ?PR?SPEED_SCAN_CONFIG?SPEED_SCAN
            CODE    3C71H     000DH     UNIT         ?PR?ENGINE_SPEED_SCAN_CONFIG?ENGINE_SPEED_SCAN
            CODE    3C7EH     000CH     UNIT         ?PR?TMR0_ENABLE?TMR0
            CODE    3C8AH     000CH     UNIT         ?PR?FUN_INFO
            CODE    3C96H     000CH     UNIT         ?PR?SPEED_SCAN
            CODE    3CA2H     000BH     UNIT         ?PR?_DELAY?SYSTEM
            CODE    3CADH     000BH     UNIT         ?CO?MAIN
            CODE    3CB8H     0008H     UNIT         ?PR?TMR0
BL51 BANKED LINKER/LOCATER V6.22.4.0                                                  06/16/2025  18:35:29  PAGE 6


            CODE    3CC0H     0006H     UNIT         ?PR?ENGINE_SPEED_SCAN
            CODE    3CC6H     0005H     UNIT         ?PR?__TK_MS_HANDLER?TK_LIB



OVERLAY MAP OF MODULE:   .\Release\Objects\Project (?C_STARTUP)


SEGMENT                                             BIT_GROUP          DATA_GROUP          XDATA_GROUP
  +--> CALLED SEGMENT                            START    LENGTH     START    LENGTH     START    LENGTH
--------------------------------------------------------------------------------------------------------
?C_C51STARTUP                                    -----    -----      -----    -----      -----    -----
  +--> ?PR?MAIN?MAIN
  +--> ?C_INITSEG

?PR?MAIN?MAIN                                    -----    -----      -----    -----      -----    -----
  +--> ?PR?SYSTEM_INIT?SYSTEM
  +--> ?PR?USER_INIT?MAIN
  +--> ?PR?_DELAY_MS?SYSTEM
  +--> ?CO?MAIN
  +--> ?PR?PRINTF?PRINTF
  +--> ?PR?_KEY_DRIVER_SCAN?KEY_DRIVER
  +--> ?PR?AD_KEY_HANDLE?AD_KEY
  +--> ?PR?TOUCH_KEY_HANDLE?TOUCH_KEY
  +--> ?PR?SPEED_SCAN?SPEED_SCAN
  +--> ?PR?MILEAGE_SCAN?MILEAGE
  +--> ?PR?ENGINE_SPEED_SCAN?ENGINE_SPEED_SCAN
  +--> ?PR?FUEL_CAPACITY_SCAN?FUEL_CAPACITY
  +--> ?PR?BATTERY_SCAN?BATTERY
  +--> ?PR?UART0_SCAN_HANDLE?UART0
  +--> ?PR?INSTRUCTION_SCAN?INSTRUCTION
  +--> ?PR?INSTRUCTION_HANDLE?INSTRUCTION
  +--> ?PR?HEART_BEAT_HANDLE?TMR1

?PR?SYSTEM_INIT?SYSTEM                           -----    -----      -----    -----      -----    -----
  +--> ?PR?_DELAY?SYSTEM
  +--> ?PR?_DELAY_MS?SYSTEM

?PR?_DELAY_MS?SYSTEM                             -----    -----      -----    -----      -----    -----
  +--> ?PR?_DELAY?SYSTEM

?PR?USER_INIT?MAIN                               -----    -----      -----    -----      -----    -----
  +--> ?PR?FUN_INFO_INIT?FUN_INFO
  +--> ?PR?TMR0_CONFIG?TMR0
  +--> ?PR?UART0_CONFIG?UART0
  +--> ?PR?PIN_LEVEL_SCAN_CONFIG?PIN_LEVEL_SCAN
  +--> ?PR?TMR1_CONFIG?TMR1
  +--> ?PR?SPEED_SCAN_CONFIG?SPEED_SCAN
  +--> ?PR?ENGINE_SPEED_SCAN_CONFIG?ENGINE_S...
  +--> ?PR?ADC_CONFIG?ADC
  +--> ?PR?TK_PARAM_INIT?TK_SET
  +--> ?PR?AIP1302_CONFIG?AIP1302
  +--> ?PR?TMR2_CONFIG?TMR2
  +--> ?PR?TMR1_ENABLE?TMR1
  +--> ?PR?TMR2_ENABLE?TMR2
  +--> ?PR?_DELAY_MS?SYSTEM

BL51 BANKED LINKER/LOCATER V6.22.4.0                                                  06/16/2025  18:35:29  PAGE 7


?PR?FUN_INFO_INIT?FUN_INFO                       -----    -----      -----    -----      -----    -----
  +--> ?PR?FUN_INFO
  +--> ?PR?_FLASH_READ?FLASH

?PR?_FLASH_READ?FLASH                            -----    -----      -----    -----      642EH    0005H

?PR?TMR0_CONFIG?TMR0                             -----    -----      -----    -----      -----    -----
  +--> ?PR?TMR0

?PR?PIN_LEVEL_SCAN_CONFIG?PIN_LEVEL_SCAN         -----    -----      -----    -----      -----    -----
  +--> ?PR?P21_INPUT_CONFIG?MY_GPIO
  +--> ?PR?P22_INPUT_CONFIG?MY_GPIO
  +--> ?PR?P27_INPUT_CONFIG?MY_GPIO
  +--> ?PR?P30_INPUT_CONFIG?MY_GPIO
  +--> ?PR?P14_INPUT_CONFIG?MY_GPIO
  +--> ?PR?P13_INPUT_CONFIG?MY_GPIO
  +--> ?PR?P10_INPUT_CONFIG?MY_GPIO
  +--> ?PR?P07_INPUT_CONFIG?MY_GPIO
  +--> ?PR?P06_INPUT_CONFIG?MY_GPIO

?PR?ADC_CONFIG?ADC                               -----    -----      -----    -----      -----    -----
  +--> ?PR?ADC

?PR?TK_PARAM_INIT?TK_SET                         -----    -----      -----    -----      -----    -----
  +--> ?CO?TK_SET
  +--> ?PR?TK_SET
  +--> ?PR?TK_GPIO_CONFIG?TK_SET
  +--> ?PR?__TK_LIB_INIT?TK_LIB
  +--> ?PR?TK_INIT?TK_SET

?PR?TK_GPIO_CONFIG?TK_SET                        -----    -----      -----    -----      -----    -----
  +--> ?PR?TK_SET

?PR?__TK_LIB_INIT?TK_LIB                         -----    -----      -----    -----      642EH    0002H
  +--> ?PR?__TK_DATA_PROCESS?TK_LIB
  +--> ?CO?TK_SET
  +--> ?PR?___TK_SET_NEXT_CH?TK_LIB

?PR?__TK_DATA_PROCESS?TK_LIB                     -----    -----      -----    -----      -----    -----
  +--> ?CO?TK_SET

?PR?AIP1302_CONFIG?AIP1302                       -----    -----      -----    -----      -----    -----
  +--> ?PR?AIP1302
  +--> ?PR?AIP1302_IS_RUNNING?AIP1302
  +--> ?PR?_AIP1302_WRITE_BYTE?AIP1302
  +--> ?PR?AIP1302_READ_ALL?AIP1302

?PR?AIP1302_IS_RUNNING?AIP1302                   -----    -----      -----    -----      -----    -----
  +--> ?PR?___AIP1302_READ_BYTE?AIP1302

?PR?___AIP1302_READ_BYTE?AIP1302                 -----    -----      -----    -----      6433H    0003H
  +--> ?PR?AIP1302
  +--> ?PR?_DELAY?SYSTEM

?PR?_AIP1302_WRITE_BYTE?AIP1302                  -----    -----      -----    -----      6439H    0004H
  +--> ?PR?___AIP1302_WRITE_BYTE?AIP1302

BL51 BANKED LINKER/LOCATER V6.22.4.0                                                  06/16/2025  18:35:29  PAGE 8


?PR?___AIP1302_WRITE_BYTE?AIP1302                -----    -----      -----    -----      643DH    0003H
  +--> ?PR?AIP1302
  +--> ?PR?_DELAY?SYSTEM

?PR?AIP1302_READ_ALL?AIP1302                     -----    -----      -----    -----      -----    -----
  +--> ?PR?_AIP1302_READ_BYTE?AIP1302

?PR?_AIP1302_READ_BYTE?AIP1302                   -----    -----      -----    -----      6432H    0001H
  +--> ?PR?___AIP1302_READ_BYTE?AIP1302
  +--> ?PR?___AIP1302_CONVERT_READ_BYTE?AIP1302

?PR?___AIP1302_CONVERT_READ_BYTE?AIP1302         -----    -----      -----    -----      6433H    0003H
  +--> ?PR?_REVERSE_U8?AIP1302

?PR?PRINTF?PRINTF                                0022H.5  0001H.1    0040H    0005H      642EH    0028H
  +--> ?PR?_PUTCHAR?UART0

?PR?_PUTCHAR?UART0                               -----    -----      -----    -----      6456H    0001H
  +--> ?PR?_UART0_SENDBYTE?UART0

?PR?_KEY_DRIVER_SCAN?KEY_DRIVER                  -----    -----      -----    -----      642EH    0002H
  +--> ?PR?KEY_DRIVER

?PR?AD_KEY_HANDLE?AD_KEY                         -----    -----      -----    -----      -----    -----
  +--> ?PR?___AD_KEY_GET_EVENT?AD_KEY
  +--> ?PR?_SEND_DATA?SEND_DATA

?PR?___AD_KEY_GET_EVENT?AD_KEY                   -----    -----      -----    -----      -----    -----
  +--> ?PR?AD_KEY

?PR?_SEND_DATA?SEND_DATA                         -----    -----      -----    -----      6432H    0009H
  +--> ?PR?_UART0_SENDBYTE?UART0
  +--> ?PR?SEND_DATA
  +--> ?PR?_DELAY_MS?SYSTEM

?PR?TOUCH_KEY_HANDLE?TOUCH_KEY                   -----    -----      -----    -----      -----    -----
  +--> ?PR?___TOUCH_KEY_GET_EVENT?TOUCH_KEY
  +--> ?CO?TOUCH_KEY
  +--> ?PR?PRINTF?PRINTF
  +--> ?PR?_SEND_DATA?SEND_DATA

?PR?___TOUCH_KEY_GET_EVENT?TOUCH_KEY             -----    -----      -----    -----      642EH    0001H
  +--> ?PR?TOUCH_KEY

?PR?SPEED_SCAN?SPEED_SCAN                        -----    -----      -----    -----      642EH    0008H
  +--> ?PR?SPEED_SCAN

?PR?MILEAGE_SCAN?MILEAGE                         -----    -----      -----    -----      -----    -----
  +--> ?PR?MILEAGE
  +--> ?PR?FUN_INFO_SAVE?FUN_INFO

?PR?FUN_INFO_SAVE?FUN_INFO                       -----    -----      -----    -----      -----    -----
  +--> ?PR?_FLASH_ERASE_SECTOR?FLASH
  +--> ?PR?FUN_INFO
  +--> ?PR?_FLASH_WRITE?FLASH

?PR?_FLASH_WRITE?FLASH                           -----    -----      -----    -----      6432H    0005H
BL51 BANKED LINKER/LOCATER V6.22.4.0                                                  06/16/2025  18:35:29  PAGE 9



?PR?ENGINE_SPEED_SCAN?ENGINE_SPEED_SCAN          -----    -----      -----    -----      642EH    0004H
  +--> ?PR?ENGINE_SPEED_SCAN

?PR?FUEL_CAPACITY_SCAN?FUEL_CAPACITY             -----    -----      -----    -----      642EH    0003H
  +--> ?PR?_ADC_SEL_PIN?ADC
  +--> ?PR?_GET_FILTERED_ADC?FUEL_CAPACITY
  +--> ?PR?FUEL_CAPACITY
  +--> ?PR?_SAMPLES_INIT?FUEL_CAPACITY
  +--> ?PR?_CONVERT_FUEL_ADC_TO_PERCENT?FUEL...
  +--> ?PR?ADC_GETVAL?ADC

?PR?_ADC_SEL_PIN?ADC                             -----    -----      -----    -----      -----    -----
  +--> ?PR?ADC
  +--> ?PR?_DELAY_MS?SYSTEM

?PR?_GET_FILTERED_ADC?FUEL_CAPACITY              -----    -----      -----    -----      6431H    0005H
  +--> ?PR?FUEL_CAPACITY

?PR?_SAMPLES_INIT?FUEL_CAPACITY                  -----    -----      -----    -----      -----    -----
  +--> ?PR?FUEL_CAPACITY

?PR?_CONVERT_FUEL_ADC_TO_PERCENT?FUEL...         -----    -----      -----    -----      6431H    0002H

?PR?ADC_GETVAL?ADC                               -----    -----      -----    -----      6431H    000BH
  +--> ?PR?ADC_SINGLE_CONVERT?ADC
  +--> ?PR?ADC

?PR?BATTERY_SCAN?BATTERY                         -----    -----      -----    -----      642EH    0002H
  +--> ?PR?_ADC_SEL_PIN?ADC
  +--> ?PR?ADC_GETVAL?ADC
  +--> ?PR?_CONVER_ADC_VAL_TO_VOLTAGE?BATTERY
  +--> ?PR?_CONVER_VOLTAGE_OF_BATTERY_TO_PER...

?PR?UART0_SCAN_HANDLE?UART0                      0022H.5  0000H.1    -----    -----      642EH    0003H
  +--> ?PR?TMR0_DISABLE?TMR0
  +--> ?PR?UART0

?PR?TMR0_DISABLE?TMR0                            -----    -----      -----    -----      -----    -----
  +--> ?PR?TMR0

?PR?INSTRUCTION_SCAN?INSTRUCTION                 -----    -----      -----    -----      642EH    0001H
  +--> ?PR?INSTRUCTION

?PR?INSTRUCTION_HANDLE?INSTRUCTION               -----    -----      -----    -----      642EH    0004H
  +--> ?PR?INSTRUCTION
  +--> ?PR?_SEND_DATA?SEND_DATA
  +--> ?PR?AIP1302_READ_ALL?AIP1302
  +--> ?PR?AIP1302_UPDATE_TIME?AIP1302
  +--> ?PR?FUN_INFO_SAVE?FUN_INFO

?PR?AIP1302_UPDATE_TIME?AIP1302                  -----    -----      -----    -----      6432H    0007H
  +--> ?PR?_AIP1302_WRITE_BYTE?AIP1302

?PR?HEART_BEAT_HANDLE?TMR1                       -----    -----      -----    -----      642EH    0008H
  +--> ?PR?TMR1

BL51 BANKED LINKER/LOCATER V6.22.4.0                                                  06/16/2025  18:35:29  PAGE 10


?C_INITSEG                                       -----    -----      -----    -----      -----    -----
  +--> ?PR?AD_KEY_GET_KEY_ID?AD_KEY
  +--> ?PR?TOUCH_KEY_GET_KEY_ID?TOUCH_KEY

?PR?AD_KEY_GET_KEY_ID?AD_KEY                     -----    -----      -----    -----      642EH    0002H
  +--> ?PR?_ADC_SEL_PIN?ADC
  +--> ?PR?ADC_SINGLE_CONVERT?ADC
  +--> ?PR?___CONVER_CUR_AD_TO_AD_KEY?AD_KEY

?PR?___CONVER_CUR_AD_TO_AD_KEY?AD_KEY            -----    -----      -----    -----      6430H    0002H

?PR?TOUCH_KEY_GET_KEY_ID?TOUCH_KEY               -----    -----      -----    -----      642EH    0005H
  +--> ?PR?__TK_SCAN?TK_LIB
  +--> ?PR?TOUCH_KEY

?PR?__TK_SCAN?TK_LIB                             -----    -----      -----    -----      -----    -----
  +--> ?PR?__TK_BUTTON_DECIDE?TK_LIB
  +--> ?PR?___TK_SET_NEXT_CH?TK_LIB

?PR?__TK_BUTTON_DECIDE?TK_LIB                    -----    -----      -----    -----      -----    -----
  +--> ?CO?TK_SET
  +--> ?PR?___TK_MODE_CARRY_FUNC?TK_LIB

?PR?___TK_MODE_CARRY_FUNC?TK_LIB                 -----    -----      -----    -----      6433H    0001H
  +--> ?CO?TK_SET
  +--> ?PR?__TK_BASELINE_UPDATE?TK_LIB

?PR?__TK_BASELINE_UPDATE?TK_LIB                  -----    -----      -----    -----      -----    -----
  +--> ?CO?TK_SET

*** NEW ROOT ***************************************************

?PR?TK_IRQHANDLER?TK_SET                         -----    -----      -----    -----      -----    -----
  +--> ?PR?__TK_HANDLER?TK_LIB

?PR?__TK_HANDLER?TK_LIB                          -----    -----      -----    -----      -----    -----
  +--> ?CO?TK_SET
  +--> ?PR?__TK_MODE_CONFIG?TK_LIB
  +--> ?PR?__TK_I_SOURCE_ADJUST?TK_LIB
  +--> ?PR?__TK_BASELINE_INIT?TK_LIB
  +--> ?PR?___TK_SET_NEXT_CH?TK_LIB

?PR?__TK_MODE_CONFIG?TK_LIB                      -----    -----      -----    -----      -----    -----
  +--> ?PR?___TK_SET_NEXT_CH?TK_LIB

?PR?__TK_I_SOURCE_ADJUST?TK_LIB                  -----    -----      -----    -----      6457H    0001H
  +--> ?CO?TK_SET
  +--> ?PR?___TK_LIB_I_ADJUST?TK_LIB
  +--> ?PR?__TK_MODE_CONFIG?TK_LIB
  +--> ?PR?___TK_SET_NEXT_CH?TK_LIB

?PR?___TK_LIB_I_ADJUST?TK_LIB                    -----    -----      0045H    0008H      6458H    0005H
  +--> ?CO?TK_SET

?PR?__TK_BASELINE_INIT?TK_LIB                    -----    -----      -----    -----      -----    -----
  +--> ?CO?TK_SET
  +--> ?PR?___TK_SET_NEXT_CH?TK_LIB
BL51 BANKED LINKER/LOCATER V6.22.4.0                                                  06/16/2025  18:35:29  PAGE 11



*** NEW ROOT ***************************************************

?PR?TIMR1_IRQHANDLER?TMR1                        -----    -----      -----    -----      -----    -----
  +--> ?PR?TMR1

*** NEW ROOT ***************************************************

?PR?TIMR2_IRQHANDLER?TMR2                        -----    -----      -----    -----      -----    -----
  +--> ?PR?TMR2
  +--> ?PR?UPDATE_ENGINE_SPEED_SCAN_DATA?ENG...
  +--> ?PR?UPDATE_SPEED_SCAN_DATA?SPEED_SCAN

?PR?UPDATE_SPEED_SCAN_DATA?SPEED_SCAN            -----    -----      -----    -----      -----    -----
  +--> ?PR?SPEED_SCAN

*** NEW ROOT ***************************************************

?PR?UART0_IRQHANDLER?UART0                       -----    -----      -----    -----      645DH    0001H
  +--> ?PR?UART0
  +--> ?PR?TMR0_DISABLE?TMR0
  +--> ?PR?TMR0_ENABLE?TMR0

?PR?TMR0_ENABLE?TMR0                             -----    -----      -----    -----      -----    -----
  +--> ?PR?TMR0



SYMBOL TABLE OF MODULE:  .\Release\Objects\Project (?C_STARTUP)

  VALUE           TYPE          NAME
  ----------------------------------

  -------         MODULE        ?C_STARTUP
  C:295EH         SEGMENT       ?C_C51STARTUP
  I:0067H         SEGMENT       ?STACK
  C:0000H         PUBLIC        ?C_STARTUP
  D:00E0H         SYMBOL        ACC
  D:00F0H         SYMBOL        B
  D:0083H         SYMBOL        DPH
  D:0082H         SYMBOL        DPL
  N:0000H         SYMBOL        IBPSTACK
  N:0100H         SYMBOL        IBPSTACKTOP
  N:0080H         SYMBOL        IDATALEN
  C:2961H         SYMBOL        IDATALOOP
  N:0000H         SYMBOL        PBPSTACK
  N:0100H         SYMBOL        PBPSTACKTOP
  N:0000H         SYMBOL        PDATALEN
  N:0000H         SYMBOL        PDATASTART
  N:0000H         SYMBOL        PPAGE
  N:0000H         SYMBOL        PPAGEENABLE
  D:00A0H         SYMBOL        PPAGE_SFR
  D:0081H         SYMBOL        SP
  C:295EH         SYMBOL        STARTUP1
  N:0000H         SYMBOL        XBPSTACK
  N:0000H         SYMBOL        XBPSTACKTOP
  N:0700H         SYMBOL        XDATALEN
BL51 BANKED LINKER/LOCATER V6.22.4.0                                                  06/16/2025  18:35:29  PAGE 12


  C:296CH         SYMBOL        XDATALOOP
  N:6000H         SYMBOL        XDATASTART
  C:0000H         LINE#         126
  C:295EH         LINE#         133
  C:2960H         LINE#         134
  C:2961H         LINE#         135
  C:2962H         LINE#         136
  C:2964H         LINE#         140
  C:2967H         LINE#         141
  C:2969H         LINE#         145
  C:296BH         LINE#         147
  C:296CH         LINE#         148
  C:296DH         LINE#         149
  C:296EH         LINE#         150
  C:2970H         LINE#         151
  C:2972H         LINE#         185
  C:2975H         LINE#         196
  -------         ENDMOD        ?C_STARTUP

  -------         MODULE        SYSTEM
  C:0000H         SYMBOL        _ICE_DUMMY_
  D:00D9H         PUBLIC        WDT_KEY
  D:00A7H         PUBLIC        FLASH_TIMEREG0
  D:00ACH         PUBLIC        FLASH_TIMEREG1
  C:3CA2H         PUBLIC        _delay
  C:3A80H         PUBLIC        _delay_ms
  C:211CH         PUBLIC        system_init
  -------         PROC          _DELAY
  D:0006H         SYMBOL        cnt
  C:3CA2H         LINE#         37
  C:3CA2H         LINE#         38
  C:3CA2H         LINE#         39
  C:3CACH         LINE#         40
  C:3CACH         LINE#         41
  C:3CACH         LINE#         42
  -------         ENDPROC       _DELAY
  -------         PROC          _DELAY_MS
  D:0002H         SYMBOL        ms
  C:3A80H         LINE#         49
  C:3A84H         LINE#         50
  C:3A84H         LINE#         51
  C:3A8EH         LINE#         52
  C:3A8EH         LINE#         53
  C:3A95H         LINE#         54
  C:3A98H         LINE#         55
  C:3A9AH         LINE#         56
  -------         ENDPROC       _DELAY_MS
  -------         PROC          SYSTEM_INIT
  -------         DO            
  D:0007H         SYMBOL        i
  -------         ENDDO         
  C:211CH         LINE#         63
  C:211CH         LINE#         64
  C:211CH         LINE#         67
  C:2123H         LINE#         68
  C:2130H         LINE#         69
  C:2133H         LINE#         72
BL51 BANKED LINKER/LOCATER V6.22.4.0                                                  06/16/2025  18:35:29  PAGE 13


  C:2136H         LINE#         73
  C:213CH         LINE#         74
  C:2142H         LINE#         75
  C:2148H         LINE#         76
  C:214EH         LINE#         77
  C:2155H         LINE#         81
  C:2157H         LINE#         82
  C:2157H         LINE#         83
  C:2164H         LINE#         84
  C:2169H         LINE#         86
  C:21F7H         LINE#         87
  -------         ENDPROC       SYSTEM_INIT
  -------         ENDMOD        SYSTEM

  -------         MODULE        TK_SET
  C:0000H         SYMBOL        _ICE_DUMMY_
  D:00A8H         PUBLIC        IE0
  D:00A9H         PUBLIC        IE1
  D:00AAH         PUBLIC        IE2
  D:00ABH         PUBLIC        IE3
  B:00A8H.7       PUBLIC        IE_EA
  D:00B8H         PUBLIC        IP0
  D:00B1H         PUBLIC        IP1
  D:00B2H         PUBLIC        IP2
  D:00B3H         PUBLIC        IP3
  D:00B4H         PUBLIC        IP4
  D:00B5H         PUBLIC        IP5
  D:00B6H         PUBLIC        IP6
  D:00B7H         PUBLIC        IP7
  C:2B24H         PUBLIC        tk_param_init
  X:64D2H         PUBLIC        __tk_update_cnt
  X:64D4H         PUBLIC        __tk_confirm_cnt
  X:64D6H         PUBLIC        __tk_leave_cnt
  X:64D8H         PUBLIC        __tk_ch_index
  X:64DAH         PUBLIC        __tk_ch_fth
  X:64DEH         PUBLIC        __tk_i_set
  X:6000H         PUBLIC        __tk_ch_data_0
  X:6004H         PUBLIC        __tk_ch_data_1
  X:6008H         PUBLIC        __tk_ch_data_2
  X:6010H         PUBLIC        __tk_ch_data_3
  X:6014H         PUBLIC        __tk_ch_data_4
  X:64E2H         PUBLIC        __tk_ch_data_5
  X:64E6H         PUBLIC        __tk_ch_data_6
  C:3A44H         PUBLIC        __tk_adjust_line
  C:3A48H         PUBLIC        __tk_adjust_time
  C:3A4AH         PUBLIC        __tk_adjust_diff_valu
  C:3A4CH         PUBLIC        __tk_adjust_en
  C:3A4DH         PUBLIC        __tk_valid_time
  C:3A4FH         PUBLIC        __tk_long_key_time
  C:3A59H         PUBLIC        __tk_use_num
  C:3A53H         PUBLIC        __tk_cs_en
  C:3A55H         PUBLIC        __tk_nm_num
  C:3A54H         PUBLIC        __tk_tp_en
  C:3A56H         PUBLIC        __tk_base_update_cnt
  C:3A58H         PUBLIC        __tk_cm_valu
  C:3A51H         PUBLIC        __tk_noise_value
  C:3A57H         PUBLIC        __tk_nm_cm_value
BL51 BANKED LINKER/LOCATER V6.22.4.0                                                  06/16/2025  18:35:29  PAGE 14


  C:3A5AH         SYMBOL        TK_CH_EN_BUG
  C:1B67H         PUBLIC        tk_gpio_config
  C:34C0H         PUBLIC        TK_IRQHandler
  C:334CH         PUBLIC        tk_init
  C:3AD0H         SYMBOL        Com0055
  C:3AD0H         SYMBOL        L?0086
  C:3AD0H         SYMBOL        L?0087
  C:3AD2H         SYMBOL        L?0088
  C:3AD5H         SYMBOL        L?0089
  C:3ADEH         SYMBOL        L?0090
  C:3AE0H         SYMBOL        L?0091
  -------         PROC          COM0055
  -------         ENDPROC       COM0055
  -------         PROC          TK_GPIO_CONFIG
  -------         DO            
  D:0007H         SYMBOL        i
  -------         ENDDO         
  C:1B67H         LINE#         262
  C:1B67H         LINE#         263
  C:1B67H         LINE#         264
  C:1B69H         LINE#         266
  C:1B69H         LINE#         267
  C:1B69H         LINE#         269
  C:1B71H         LINE#         270
  C:1B71H         LINE#         271
  C:1B79H         LINE#         272
  C:1B79H         LINE#         273
  C:1B8EH         LINE#         274
  C:1B9EH         LINE#         275
  C:1BA1H         LINE#         277
  C:1BA1H         LINE#         278
  C:1BB6H         LINE#         279
  C:1BC6H         LINE#         280
  C:1BC6H         LINE#         281
  C:1BC9H         LINE#         282
  C:1BD9H         LINE#         283
  C:1BD9H         LINE#         284
  C:1BE1H         LINE#         285
  C:1BE1H         LINE#         286
  C:1BF8H         LINE#         287
  C:1C0AH         LINE#         288
  C:1C0DH         LINE#         290
  C:1C0DH         LINE#         291
  C:1C24H         LINE#         292
  C:1C36H         LINE#         293
  C:1C36H         LINE#         294
  C:1C39H         LINE#         296
  C:1C39H         LINE#         297
  C:1C41H         LINE#         298
  C:1C41H         LINE#         299
  C:1C58H         LINE#         300
  C:1C6AH         LINE#         301
  C:1C6CH         LINE#         303
  C:1C6CH         LINE#         304
  C:1C83H         LINE#         305
  C:1C99H         LINE#         306
  C:1C99H         LINE#         307
BL51 BANKED LINKER/LOCATER V6.22.4.0                                                  06/16/2025  18:35:29  PAGE 15


  C:1C99H         LINE#         308
  C:1CA2H         LINE#         309
  -------         ENDPROC       TK_GPIO_CONFIG
  -------         PROC          TK_IRQHANDLER
  C:34C0H         LINE#         316
  C:34DDH         LINE#         318
  C:34DDH         LINE#         319
  C:34E3H         LINE#         320
  C:34E3H         LINE#         321
  C:34E7H         LINE#         322
  C:34EAH         LINE#         323
  C:34EAH         LINE#         324
  C:34EAH         LINE#         325
  -------         ENDPROC       TK_IRQHANDLER
  -------         PROC          TK_INIT
  C:334CH         LINE#         332
  C:334CH         LINE#         333
  C:334CH         LINE#         334
  C:334EH         LINE#         335
  C:3351H         LINE#         336
  C:3354H         LINE#         337
  C:335BH         LINE#         338
  C:335EH         LINE#         339
  C:3363H         LINE#         340
  C:3367H         LINE#         341
  C:336CH         LINE#         342
  C:3370H         LINE#         343
  C:3375H         LINE#         344
  C:3379H         LINE#         345
  C:337EH         LINE#         346
  C:3382H         LINE#         347
  C:3385H         LINE#         348
  C:3387H         LINE#         349
  C:3389H         LINE#         350
  C:338EH         LINE#         351
  C:3392H         LINE#         352
  C:3396H         LINE#         353
  C:339AH         LINE#         354
  -------         ENDPROC       TK_INIT
  -------         PROC          TK_PARAM_INIT
  -------         DO            
  D:0003H         SYMBOL        i
  -------         ENDDO         
  C:2B24H         LINE#         403
  C:2B24H         LINE#         404
  C:2B24H         LINE#         405
  C:2B26H         LINE#         408
  C:2B26H         LINE#         409
  C:2B26H         LINE#         410
  C:2B44H         LINE#         411
  C:2B6AH         LINE#         412
  C:2B7CH         LINE#         413
  C:2BA4H         LINE#         414
  C:2BADH         LINE#         417
  C:2BB0H         LINE#         420
  C:2BB3H         LINE#         423
  -------         ENDPROC       TK_PARAM_INIT
BL51 BANKED LINKER/LOCATER V6.22.4.0                                                  06/16/2025  18:35:29  PAGE 16


  -------         ENDMOD        TK_SET

  -------         MODULE        MY_GPIO
  C:0000H         SYMBOL        _ICE_DUMMY_
  C:3B5EH         PUBLIC        p03_output_config
  C:3BC8H         PUBLIC        p06_input_config
  C:3BD5H         PUBLIC        p07_input_config
  C:3BE2H         PUBLIC        p10_input_config
  C:3BEFH         PUBLIC        p13_input_config
  C:3BFCH         PUBLIC        p14_input_config
  C:3C09H         PUBLIC        p21_input_config
  C:3C16H         PUBLIC        p22_input_config
  C:3C23H         PUBLIC        p23_input_config
  C:3C30H         PUBLIC        p25_input_config
  C:3C3DH         PUBLIC        p27_input_config
  C:3C4AH         PUBLIC        p30_input_config
  -------         PROC          P03_OUTPUT_CONFIG
  C:3B5EH         LINE#         67
  C:3B5EH         LINE#         68
  C:3B5EH         LINE#         69
  C:3B64H         LINE#         70
  C:3B68H         LINE#         72
  C:3B6DH         LINE#         73
  -------         ENDPROC       P03_OUTPUT_CONFIG
  -------         PROC          P06_INPUT_CONFIG
  C:3BC8H         LINE#         90
  C:3BC8H         LINE#         91
  C:3BC8H         LINE#         93
  C:3BCEH         LINE#         95
  C:3BD4H         LINE#         96
  -------         ENDPROC       P06_INPUT_CONFIG
  -------         PROC          P07_INPUT_CONFIG
  C:3BD5H         LINE#         99
  C:3BD5H         LINE#         100
  C:3BD5H         LINE#         102
  C:3BDBH         LINE#         104
  C:3BE1H         LINE#         105
  -------         ENDPROC       P07_INPUT_CONFIG
  -------         PROC          P10_INPUT_CONFIG
  C:3BE2H         LINE#         108
  C:3BE2H         LINE#         109
  C:3BE2H         LINE#         111
  C:3BE8H         LINE#         113
  C:3BEEH         LINE#         114
  -------         ENDPROC       P10_INPUT_CONFIG
  -------         PROC          P13_INPUT_CONFIG
  C:3BEFH         LINE#         117
  C:3BEFH         LINE#         118
  C:3BEFH         LINE#         120
  C:3BF5H         LINE#         122
  C:3BFBH         LINE#         123
  -------         ENDPROC       P13_INPUT_CONFIG
  -------         PROC          P14_INPUT_CONFIG
  C:3BFCH         LINE#         126
  C:3BFCH         LINE#         127
  C:3BFCH         LINE#         129
  C:3C02H         LINE#         131
BL51 BANKED LINKER/LOCATER V6.22.4.0                                                  06/16/2025  18:35:29  PAGE 17


  C:3C08H         LINE#         132
  -------         ENDPROC       P14_INPUT_CONFIG
  -------         PROC          P21_INPUT_CONFIG
  C:3C09H         LINE#         144
  C:3C09H         LINE#         145
  C:3C09H         LINE#         147
  C:3C0FH         LINE#         149
  C:3C15H         LINE#         150
  -------         ENDPROC       P21_INPUT_CONFIG
  -------         PROC          P22_INPUT_CONFIG
  C:3C16H         LINE#         153
  C:3C16H         LINE#         154
  C:3C16H         LINE#         156
  C:3C1CH         LINE#         158
  C:3C22H         LINE#         159
  -------         ENDPROC       P22_INPUT_CONFIG
  -------         PROC          P23_INPUT_CONFIG
  C:3C23H         LINE#         162
  C:3C23H         LINE#         163
  C:3C23H         LINE#         165
  C:3C29H         LINE#         167
  C:3C2FH         LINE#         168
  -------         ENDPROC       P23_INPUT_CONFIG
  -------         PROC          P25_INPUT_CONFIG
  C:3C30H         LINE#         171
  C:3C30H         LINE#         172
  C:3C30H         LINE#         174
  C:3C36H         LINE#         176
  C:3C3CH         LINE#         177
  -------         ENDPROC       P25_INPUT_CONFIG
  -------         PROC          P27_INPUT_CONFIG
  C:3C3DH         LINE#         180
  C:3C3DH         LINE#         181
  C:3C3DH         LINE#         183
  C:3C43H         LINE#         185
  C:3C49H         LINE#         186
  -------         ENDPROC       P27_INPUT_CONFIG
  -------         PROC          P30_INPUT_CONFIG
  C:3C4AH         LINE#         189
  C:3C4AH         LINE#         190
  C:3C4AH         LINE#         192
  C:3C50H         LINE#         194
  C:3C56H         LINE#         195
  -------         ENDPROC       P30_INPUT_CONFIG
  -------         ENDMOD        MY_GPIO

  -------         MODULE        TMR0
  C:0000H         SYMBOL        _ICE_DUMMY_
  D:00A8H         PUBLIC        IE0
  D:00A9H         PUBLIC        IE1
  D:00AAH         PUBLIC        IE2
  D:00ABH         PUBLIC        IE3
  B:00A8H.7       PUBLIC        IE_EA
  D:00B8H         PUBLIC        IP0
  D:00B1H         PUBLIC        IP1
  D:00B2H         PUBLIC        IP2
  D:00B3H         PUBLIC        IP3
BL51 BANKED LINKER/LOCATER V6.22.4.0                                                  06/16/2025  18:35:29  PAGE 18


  D:00B4H         PUBLIC        IP4
  D:00B5H         PUBLIC        IP5
  D:00B6H         PUBLIC        IP6
  D:00B7H         PUBLIC        IP7
  X:600CH         PUBLIC        tmr0_cnt
  C:373BH         PUBLIC        tmr0_config
  C:3C7EH         PUBLIC        tmr0_enable
  C:3B6EH         PUBLIC        tmr0_disable
  C:30A9H         PUBLIC        TIMR0_IRQHandler
  C:3CB8H         SYMBOL        Com004F
  C:3CB8H         SYMBOL        L?0080
  C:3CB8H         SYMBOL        L?0081
  -------         PROC          COM004F
  -------         ENDPROC       COM004F
  -------         PROC          TMR0_CONFIG
  C:373BH         LINE#         13
  C:373BH         LINE#         14
  C:373BH         LINE#         15
  C:3741H         LINE#         16
  C:3744H         LINE#         17
  C:3746H         LINE#         20
  C:374AH         LINE#         21
  C:374CH         LINE#         23
  C:3752H         LINE#         24
  C:3756H         LINE#         25
  C:375AH         LINE#         26
  C:375EH         LINE#         28
  C:3763H         LINE#         29
  C:3767H         LINE#         31
  C:376CH         LINE#         32
  C:3770H         LINE#         34
  C:3770H         LINE#         35
  C:3776H         LINE#         36
  -------         ENDPROC       TMR0_CONFIG
  -------         PROC          TMR0_ENABLE
  C:3C7EH         LINE#         41
  C:3C7EH         LINE#         42
  C:3C7EH         LINE#         44
  C:3C7EH         LINE#         45
  C:3C84H         LINE#         47
  C:3C87H         LINE#         48
  C:3C89H         LINE#         49
  -------         ENDPROC       TMR0_ENABLE
  -------         PROC          TMR0_DISABLE
  C:3B6EH         LINE#         54
  C:3B6EH         LINE#         55
  C:3B6EH         LINE#         57
  C:3B6EH         LINE#         58
  C:3B74H         LINE#         61
  C:3B78H         LINE#         62
  C:3B7AH         LINE#         64
  C:3B7DH         LINE#         65
  -------         ENDPROC       TMR0_DISABLE
  -------         PROC          TIMR0_IRQHANDLER
  C:30A9H         LINE#         68
  C:30C6H         LINE#         71
  C:30C6H         LINE#         77
BL51 BANKED LINKER/LOCATER V6.22.4.0                                                  06/16/2025  18:35:29  PAGE 19


  C:30CCH         LINE#         78
  C:30CCH         LINE#         79
  C:30D0H         LINE#         80
  C:30E2H         LINE#         81
  C:30E2H         LINE#         82
  C:30FBH         LINE#         83
  C:30FBH         LINE#         86
  C:30FBH         LINE#         90
  C:30FBH         LINE#         91
  -------         ENDPROC       TIMR0_IRQHANDLER
  -------         ENDMOD        TMR0

  -------         MODULE        TMR1
  C:0000H         SYMBOL        _ICE_DUMMY_
  D:00A8H         PUBLIC        IE0
  D:00A9H         PUBLIC        IE1
  D:00AAH         PUBLIC        IE2
  D:00ABH         PUBLIC        IE3
  B:00A8H.7       PUBLIC        IE_EA
  D:00B8H         PUBLIC        IP0
  D:00B1H         PUBLIC        IP1
  D:00B2H         PUBLIC        IP2
  D:00B3H         PUBLIC        IP3
  D:00B4H         PUBLIC        IP4
  D:00B5H         PUBLIC        IP5
  D:00B6H         PUBLIC        IP6
  D:00B7H         PUBLIC        IP7
  D:00D1H         PUBLIC        TMR_ALLCON
  C:3684H         PUBLIC        tmr1_config
  C:3B7EH         PUBLIC        tmr1_enable
  C:1DDBH         PUBLIC        heart_beat_handle
  X:6541H         PUBLIC        tmr1_cnt
  C:2F57H         PUBLIC        TIMR1_IRQHandler
  C:33E7H         SYMBOL        Com0052
  C:33E7H         SYMBOL        L?0083
  C:33F8H         SYMBOL        L?0084
  C:33FFH         SYMBOL        L?0085
  C:3410H         SYMBOL        L?0086
  C:3413H         SYMBOL        L?0087
  C:3419H         SYMBOL        L?0088
  C:3426H         SYMBOL        L?0089
  C:3426H         SYMBOL        L?0090
  C:342CH         SYMBOL        L?0091
  C:342CH         SYMBOL        L?0092
  -------         PROC          COM0052
  -------         ENDPROC       COM0052
  -------         PROC          TMR1_CONFIG
  C:3684H         LINE#         15
  C:3684H         LINE#         16
  C:3684H         LINE#         17
  C:368AH         LINE#         18
  C:368DH         LINE#         19
  C:368FH         LINE#         21
  C:3692H         LINE#         23
  C:3698H         LINE#         24
  C:369CH         LINE#         25
  C:36A0H         LINE#         26
BL51 BANKED LINKER/LOCATER V6.22.4.0                                                  06/16/2025  18:35:29  PAGE 20


  C:36A4H         LINE#         28
  C:36A9H         LINE#         29
  C:36ADH         LINE#         32
  C:36B2H         LINE#         33
  C:36B6H         LINE#         35
  C:36BCH         LINE#         36
  C:36C0H         LINE#         37
  -------         ENDPROC       TMR1_CONFIG
  -------         PROC          TMR1_ENABLE
  C:3B7EH         LINE#         42
  C:3B7EH         LINE#         43
  C:3B7EH         LINE#         45
  C:3B84H         LINE#         46
  C:3B88H         LINE#         48
  C:3B8BH         LINE#         49
  C:3B8DH         LINE#         50
  -------         ENDPROC       TMR1_ENABLE
  -------         PROC          HEART_BEAT_HANDLE
  -------         DO            
  X:653DH         SYMBOL        old_time_ms_cnt
  X:642EH         SYMBOL        cur_time_ms_cnt
  X:6432H         SYMBOL        diff_ms_cnt
  -------         ENDDO         
  C:1DDBH         LINE#         68
  C:1DDBH         LINE#         69
  C:1DDBH         LINE#         71
  C:1DE7H         LINE#         72
  C:1DF1H         LINE#         73
  C:1DFBH         LINE#         74
  C:1E10H         LINE#         75
  C:1E1AH         LINE#         77
  C:1E27H         LINE#         78
  C:1E27H         LINE#         80
  C:1E30H         LINE#         81
  C:1E30H         LINE#         123
  C:1E3BH         LINE#         124
  C:1E3BH         LINE#         126
  C:1E4AH         LINE#         127
  C:1E4AH         LINE#         129
  C:1E55H         LINE#         130
  C:1E55H         LINE#         132
  C:1E64H         LINE#         133
  C:1E64H         LINE#         135
  C:1E6BH         LINE#         136
  C:1E6BH         LINE#         138
  C:1E74H         LINE#         139
  C:1E83H         LINE#         140
  C:1E83H         LINE#         142
  C:1E87H         LINE#         143
  C:1E8BH         LINE#         144
  C:1E8BH         LINE#         145
  C:1E8BH         LINE#         147
  C:1E92H         LINE#         148
  C:1E92H         LINE#         151
  C:1E9BH         LINE#         152
  C:1EAAH         LINE#         153
  C:1EAAH         LINE#         155
BL51 BANKED LINKER/LOCATER V6.22.4.0                                                  06/16/2025  18:35:29  PAGE 21


  C:1EAEH         LINE#         156
  C:1EB2H         LINE#         157
  C:1EB2H         LINE#         158
  C:1EB2H         LINE#         160
  C:1EB9H         LINE#         161
  C:1EB9H         LINE#         164
  C:1EC2H         LINE#         165
  C:1ED1H         LINE#         166
  C:1ED1H         LINE#         168
  C:1ED5H         LINE#         169
  C:1ED9H         LINE#         170
  C:1ED9H         LINE#         171
  C:1ED9H         LINE#         173
  C:1EE6H         LINE#         174
  C:1EE6H         LINE#         175
  C:1EF0H         LINE#         176
  C:1EF0H         LINE#         178
  C:1EFEH         LINE#         179
  C:1EFEH         LINE#         180
  C:1F0AH         LINE#         181
  C:1F0AH         LINE#         182
  -------         ENDPROC       HEART_BEAT_HANDLE
  -------         PROC          TIMR1_IRQHANDLER
  C:2F57H         LINE#         185
  C:2F74H         LINE#         188
  C:2F74H         LINE#         209
  C:2F7AH         LINE#         210
  C:2F7AH         LINE#         211
  C:2F7EH         LINE#         213
  C:2F8CH         LINE#         214
  C:2F8CH         LINE#         215
  C:2F98H         LINE#         216
  C:2F98H         LINE#         218
  C:2F98H         LINE#         238
  C:2FA1H         LINE#         239
  C:2FA1H         LINE#         240
  C:2FA4H         LINE#         241
  C:2FA4H         LINE#         243
  C:2FADH         LINE#         244
  C:2FADH         LINE#         245
  C:2FB0H         LINE#         246
  C:2FB0H         LINE#         247
  C:2FB0H         LINE#         248
  C:2FB0H         LINE#         252
  C:2FB0H         LINE#         253
  -------         ENDPROC       TIMR1_IRQHANDLER
  -------         ENDMOD        TMR1

  -------         MODULE        TMR2
  C:0000H         SYMBOL        _ICE_DUMMY_
  D:00A8H         PUBLIC        IE0
  D:00A9H         PUBLIC        IE1
  D:00AAH         PUBLIC        IE2
  D:00ABH         PUBLIC        IE3
  B:00A8H.7       PUBLIC        IE_EA
  D:00B8H         PUBLIC        IP0
  D:00B1H         PUBLIC        IP1
BL51 BANKED LINKER/LOCATER V6.22.4.0                                                  06/16/2025  18:35:29  PAGE 22


  D:00B2H         PUBLIC        IP2
  D:00B3H         PUBLIC        IP3
  D:00B4H         PUBLIC        IP4
  D:00B5H         PUBLIC        IP5
  D:00B6H         PUBLIC        IP6
  D:00B7H         PUBLIC        IP7
  B:0080H.2       PUBLIC        P02
  B:0090H.5       PUBLIC        P15
  D:00D1H         PUBLIC        TMR_ALLCON
  C:3549H         PUBLIC        tmr2_config
  C:3B2BH         PUBLIC        tmr2_enable
  C:202FH         PUBLIC        TIMR2_IRQHandler
  C:3A06H         SYMBOL        Com004D
  C:3A06H         SYMBOL        L?0078
  C:3A06H         SYMBOL        L?0079
  C:3A17H         SYMBOL        L?0080
  -------         PROC          COM004D
  -------         ENDPROC       COM004D
  -------         PROC          TMR2_CONFIG
  C:3549H         LINE#         14
  C:3549H         LINE#         15
  C:3549H         LINE#         16
  C:354FH         LINE#         17
  C:3552H         LINE#         18
  C:3554H         LINE#         21
  C:3557H         LINE#         23
  C:355EH         LINE#         24
  C:3560H         LINE#         25
  C:3564H         LINE#         26
  C:3568H         LINE#         29
  C:356EH         LINE#         30
  C:3574H         LINE#         32
  C:357BH         LINE#         33
  C:357FH         LINE#         34
  C:3584H         LINE#         35
  C:3588H         LINE#         36
  -------         ENDPROC       TMR2_CONFIG
  -------         PROC          TMR2_ENABLE
  C:3B2BH         LINE#         41
  C:3B2BH         LINE#         42
  C:3B2BH         LINE#         44
  C:3B32H         LINE#         45
  C:3B36H         LINE#         47
  C:3B39H         LINE#         48
  C:3B3BH         LINE#         49
  -------         ENDPROC       TMR2_ENABLE
  -------         PROC          TIMR2_IRQHANDLER
  -------         DO            
  B:0023H.6       SYMBOL        last_engine_speed_scan_level
  B:0023H.7       SYMBOL        last_speed_scan_level
  -------         DO            
  X:6550H         SYMBOL        cnt
  X:6551H         SYMBOL        cnt
  -------         ENDDO         
  -------         DO            
  X:6551H         SYMBOL        cnt
  -------         ENDDO         
BL51 BANKED LINKER/LOCATER V6.22.4.0                                                  06/16/2025  18:35:29  PAGE 23


  -------         ENDDO         
  C:202FH         LINE#         70
  C:204CH         LINE#         77
  C:204CH         LINE#         82
  C:2056H         LINE#         83
  C:2056H         LINE#         84
  C:205AH         LINE#         86
  C:205AH         LINE#         88
  C:2060H         LINE#         89
  C:2066H         LINE#         90
  C:2066H         LINE#         91
  C:2068H         LINE#         92
  C:2074H         LINE#         94
  C:207FH         LINE#         96
  C:207FH         LINE#         97
  C:2089H         LINE#         98
  C:208BH         LINE#         99
  C:208BH         LINE#         100
  C:208BH         LINE#         101
  C:208BH         LINE#         103
  C:208EH         LINE#         104
  C:208EH         LINE#         105
  C:2091H         LINE#         106
  C:2091H         LINE#         112
  C:209DH         LINE#         113
  C:20A0H         LINE#         114
  C:20A0H         LINE#         116
  C:20A2H         LINE#         117
  C:20A4H         LINE#         119
  C:20A4H         LINE#         121
  C:20A6H         LINE#         122
  C:20A6H         LINE#         124
  C:20A6H         LINE#         126
  C:20B0H         LINE#         127
  C:20BFH         LINE#         128
  C:20BFH         LINE#         129
  C:20C3H         LINE#         130
  C:20CFH         LINE#         133
  C:20DAH         LINE#         135
  C:20DAH         LINE#         136
  C:20E4H         LINE#         137
  C:20E6H         LINE#         138
  C:20E6H         LINE#         139
  C:20E6H         LINE#         140
  C:20E6H         LINE#         142
  C:20E9H         LINE#         143
  C:20E9H         LINE#         144
  C:20ECH         LINE#         145
  C:20ECH         LINE#         154
  C:20F8H         LINE#         155
  C:20FBH         LINE#         156
  C:20FBH         LINE#         158
  C:20FDH         LINE#         159
  C:20FFH         LINE#         161
  C:20FFH         LINE#         163
  C:2101H         LINE#         164
  C:2101H         LINE#         165
BL51 BANKED LINKER/LOCATER V6.22.4.0                                                  06/16/2025  18:35:29  PAGE 24


  C:2101H         LINE#         169
  C:2101H         LINE#         170
  -------         ENDPROC       TIMR2_IRQHANDLER
  -------         ENDMOD        TMR2

  -------         MODULE        UART0
  C:0000H         SYMBOL        _ICE_DUMMY_
  D:00A8H         PUBLIC        IE0
  D:00A9H         PUBLIC        IE1
  D:00AAH         PUBLIC        IE2
  D:00ABH         PUBLIC        IE3
  B:00A8H.7       PUBLIC        IE_EA
  D:00B8H         PUBLIC        IP0
  D:00B1H         PUBLIC        IP1
  D:00B2H         PUBLIC        IP2
  D:00B3H         PUBLIC        IP3
  D:00B4H         PUBLIC        IP4
  D:00B5H         PUBLIC        IP5
  D:00B6H         PUBLIC        IP6
  D:00B7H         PUBLIC        IP7
  D:00D2H         PUBLIC        UART0_CON0
  D:00D4H         PUBLIC        UART0_STA
  D:00D5H         PUBLIC        UART0_BAUD0
  D:00D6H         PUBLIC        UART0_BAUD1
  D:00D7H         PUBLIC        UART0_DATA
  C:3B9EH         PUBLIC        _putchar
  X:63F1H         PUBLIC        uart0_recv_buf
  X:641EH         PUBLIC        uart0_recv_len
  X:6421H         PUBLIC        recved_flagbuf
  X:6424H         PUBLIC        recv_frame_cnt
  X:6425H         PUBLIC        flagbuf_valid_instruction
  C:38B2H         PUBLIC        uart0_config
  C:3C57H         PUBLIC        _uart0_sendbyte
  C:0027H         PUBLIC        _uart0_send_buff
  C:1F0BH         PUBLIC        uart0_scan_handle
  B:0024H.2       SYMBOL        flag_is_recving_data
  X:6428H         SYMBOL        frame_len
  X:6429H         SYMBOL        cur_recv_len
  X:642AH         SYMBOL        blank_index
  C:1CA3H         PUBLIC        UART0_IRQHandler
  C:32A1H         SYMBOL        Com005E
  C:32A1H         SYMBOL        L?0095
  C:32AAH         SYMBOL        L?0096
  C:32B2H         SYMBOL        L?0097
  C:32B9H         SYMBOL        L?0098
  C:32C1H         SYMBOL        L?0099
  C:32D3H         SYMBOL        L?0100
  C:32D6H         SYMBOL        L?0101
  C:32DEH         SYMBOL        L?0102
  C:32EAH         SYMBOL        L?0103
  C:32F4H         SYMBOL        L?0104
  -------         PROC          COM005E
  -------         ENDPROC       COM005E
  -------         PROC          _PUTCHAR
  X:6456H         SYMBOL        c
  C:3B9EH         LINE#         29
  C:3BA3H         LINE#         30
BL51 BANKED LINKER/LOCATER V6.22.4.0                                                  06/16/2025  18:35:29  PAGE 25


  C:3BA3H         LINE#         31
  C:3BA6H         LINE#         32
  C:3BABH         LINE#         33
  -------         ENDPROC       _PUTCHAR
  -------         PROC          UART0_CONFIG
  C:38B2H         LINE#         38
  C:38B2H         LINE#         39
  C:38B2H         LINE#         57
  C:38B8H         LINE#         58
  C:38BCH         LINE#         59
  C:38C3H         LINE#         61
  C:38C8H         LINE#         62
  C:38CFH         LINE#         65
  C:38D2H         LINE#         66
  C:38D4H         LINE#         68
  C:38D7H         LINE#         69
  C:38DAH         LINE#         70
  C:38DDH         LINE#         75
  -------         ENDPROC       UART0_CONFIG
  -------         PROC          UART0_IRQHANDLER
  -------         DO            
  X:645DH         SYMBOL        uart0_tmp_val
  -------         ENDDO         
  C:1CA3H         LINE#         78
  C:1CC0H         LINE#         80
  C:1CC5H         LINE#         83
  C:1CC5H         LINE#         88
  C:1CCDH         LINE#         89
  C:1CCDH         LINE#         91
  C:1CD0H         LINE#         93
  C:1CE0H         LINE#         95
  C:1CE0H         LINE#         99
  C:1CE0H         LINE#         100
  C:1CE0H         LINE#         101
  C:1CE3H         LINE#         103
  C:1CE3H         LINE#         106
  C:1CEAH         LINE#         107
  C:1CEAH         LINE#         110
  C:1CECH         LINE#         111
  C:1CECH         LINE#         112
  C:1CEFH         LINE#         113
  C:1CF2H         LINE#         114
  C:1CFCH         LINE#         115
  C:1CFFH         LINE#         116
  C:1CFFH         LINE#         118
  C:1D06H         LINE#         119
  C:1D06H         LINE#         121
  C:1D0EH         LINE#         124
  C:1D0EH         LINE#         127
  C:1D17H         LINE#         128
  C:1D17H         LINE#         130
  C:1D46H         LINE#         132
  C:1D50H         LINE#         135
  C:1D5DH         LINE#         137
  C:1D5DH         LINE#         139
  C:1D70H         LINE#         141
  C:1D72H         LINE#         142
BL51 BANKED LINKER/LOCATER V6.22.4.0                                                  06/16/2025  18:35:29  PAGE 26


  C:1D72H         LINE#         143
  C:1D75H         LINE#         145
  C:1D7BH         LINE#         146
  C:1D81H         LINE#         148
  C:1D9AH         LINE#         149
  C:1DA9H         LINE#         150
  C:1DA9H         LINE#         151
  C:1DB3H         LINE#         152
  C:1DB3H         LINE#         177
  C:1DB3H         LINE#         178
  C:1DB6H         LINE#         179
  C:1DC0H         LINE#         180
  C:1DC0H         LINE#         182
  C:1DC0H         LINE#         183
  C:1DC0H         LINE#         185
  C:1DC0H         LINE#         190
  C:1DC0H         LINE#         194
  C:1DC0H         LINE#         195
  -------         ENDPROC       UART0_IRQHANDLER
  -------         PROC          _UART0_SENDBYTE
  D:0007H         SYMBOL        senddata
  C:3C57H         LINE#         198
  C:3C57H         LINE#         199
  C:3C57H         LINE#         200
  C:3C5CH         LINE#         202
  C:3C5EH         LINE#         203
  C:3C63H         LINE#         205
  -------         ENDPROC       _UART0_SENDBYTE
  -------         PROC          _UART0_SEND_BUFF
  X:6553H         SYMBOL        buf
  D:0005H         SYMBOL        len
  -------         DO            
  D:0006H         SYMBOL        i
  -------         ENDDO         
  C:0027H         LINE#         209
  C:002DH         LINE#         210
  C:002DH         LINE#         211
  C:002FH         LINE#         212
  C:0034H         LINE#         213
  C:0034H         LINE#         214
  C:0046H         LINE#         215
  C:0049H         LINE#         216
  -------         ENDPROC       _UART0_SEND_BUFF
  -------         PROC          UART0_SCAN_HANDLE
  -------         DO            
  X:642EH         SYMBOL        i
  X:642FH         SYMBOL        checksum
  B:0022H.5       SYMBOL        __flag_is_crc_or_len_err
  -------         DO            
  X:6430H         SYMBOL        __loop_crc_cnt
  -------         ENDDO         
  -------         ENDDO         
  C:1F0BH         LINE#         221
  C:1F0BH         LINE#         222
  C:1F0BH         LINE#         223
  C:1F10H         LINE#         224
  C:1F12H         LINE#         225
BL51 BANKED LINKER/LOCATER V6.22.4.0                                                  06/16/2025  18:35:29  PAGE 27


  C:1F14H         LINE#         229
  C:1F25H         LINE#         230
  C:1F25H         LINE#         234
  C:1F28H         LINE#         235
  C:1F32H         LINE#         238
  C:1F37H         LINE#         239
  C:1F3BH         LINE#         240
  C:1F3EH         LINE#         268
  C:1F3EH         LINE#         272
  C:1F50H         LINE#         273
  C:1F50H         LINE#         274
  C:1F5CH         LINE#         275
  C:1F5CH         LINE#         279
  C:1F79H         LINE#         280
  C:1F79H         LINE#         287
  C:1F82H         LINE#         288
  C:1F82H         LINE#         289
  C:1F93H         LINE#         292
  C:1F93H         LINE#         294
  C:1F93H         LINE#         295
  C:1F98H         LINE#         296
  C:1F9CH         LINE#         297
  C:1FADH         LINE#         298
  C:1FADH         LINE#         299
  C:1FC9H         LINE#         300
  C:1FCFH         LINE#         303
  C:1FD4H         LINE#         304
  C:1FF3H         LINE#         305
  C:1FF3H         LINE#         307
  C:1FF5H         LINE#         308
  C:1FF5H         LINE#         309
  C:1FF5H         LINE#         311
  C:1FF8H         LINE#         312
  C:1FF8H         LINE#         333
  C:1FFAH         LINE#         334
  C:2004H         LINE#         335
  C:2004H         LINE#         336
  C:2015H         LINE#         337
  C:2015H         LINE#         340
  C:2025H         LINE#         341
  C:2025H         LINE#         342
  C:202EH         LINE#         343
  -------         ENDPROC       UART0_SCAN_HANDLE
  -------         ENDMOD        UART0

  -------         MODULE        ADC
  C:0000H         SYMBOL        _ICE_DUMMY_
  D:0091H         PUBLIC        ADC_CFG2
  D:0093H         PUBLIC        ADC_DATAH0
  D:0094H         PUBLIC        ADC_DATAL0
  D:0099H         PUBLIC        ADC_CHS0
  X:6556H         PUBLIC        adc_val
  C:39A3H         PUBLIC        adc_config
  C:37B0H         PUBLIC        _adc_sel_pin
  C:395DH         PUBLIC        adc_single_convert
  C:22D0H         PUBLIC        adc_getval
  C:3A9BH         SYMBOL        Com0012
BL51 BANKED LINKER/LOCATER V6.22.4.0                                                  06/16/2025  18:35:29  PAGE 28


  C:3A9BH         SYMBOL        L?0019
  C:3A9BH         SYMBOL        L?0020
  C:3AA7H         SYMBOL        L?0021
  C:3AB0H         SYMBOL        L?0022
  -------         PROC          COM0012
  -------         ENDPROC       COM0012
  -------         PROC          ADC_CONFIG
  C:39A3H         LINE#         7
  C:39A3H         LINE#         8
  C:39A3H         LINE#         10
  C:39A9H         LINE#         12
  C:39ADH         LINE#         14
  C:39B2H         LINE#         18
  C:39B8H         LINE#         19
  C:39BBH         LINE#         26
  C:39BBH         LINE#         27
  C:39BEH         LINE#         28
  C:39C4H         LINE#         31
  -------         ENDPROC       ADC_CONFIG
  -------         PROC          _ADC_SEL_PIN
  D:0007H         SYMBOL        adc_pin
  C:37B0H         LINE#         35
  C:37B0H         LINE#         36
  C:37B0H         LINE#         37
  C:37BCH         LINE#         38
  C:37BCH         LINE#         39
  C:37BCH         LINE#         40
  C:37C3H         LINE#         41
  C:37C7H         LINE#         42
  C:37CAH         LINE#         43
  C:37CCH         LINE#         46
  C:37CCH         LINE#         47
  C:37CCH         LINE#         48
  C:37CFH         LINE#         49
  C:37D2H         LINE#         51
  C:37D4H         LINE#         53
  C:37D4H         LINE#         54
  C:37D4H         LINE#         55
  C:37D7H         LINE#         56
  C:37DAH         LINE#         57
  C:37DAH         LINE#         59
  C:37DAH         LINE#         63
  C:37DAH         LINE#         64
  C:37DAH         LINE#         66
  C:37E0H         LINE#         69
  -------         ENDPROC       _ADC_SEL_PIN
  -------         PROC          ADC_SINGLE_CONVERT
  C:395DH         LINE#         73
  C:395DH         LINE#         74
  C:395DH         LINE#         75
  C:3963H         LINE#         76
  C:3969H         LINE#         78
  C:396CH         LINE#         79
  C:397FH         LINE#         80
  -------         ENDPROC       ADC_SINGLE_CONVERT
  -------         PROC          ADC_GETVAL
  -------         DO            
BL51 BANKED LINKER/LOCATER V6.22.4.0                                                  06/16/2025  18:35:29  PAGE 29


  X:6431H         SYMBOL        adc_val_tmp
  X:6433H         SYMBOL        adc_val_sum
  X:6437H         SYMBOL        get_adcmax
  X:6439H         SYMBOL        get_adcmin
  X:643BH         SYMBOL        i
  -------         ENDDO         
  C:22D0H         LINE#         83
  C:22D0H         LINE#         84
  C:22D0H         LINE#         85
  C:22D7H         LINE#         86
  C:22DFH         LINE#         87
  C:22E6H         LINE#         88
  C:22ECH         LINE#         89
  C:22EFH         LINE#         91
  C:22F0H         LINE#         92
  C:22F0H         LINE#         93
  C:22FBH         LINE#         94
  C:2304H         LINE#         95
  C:2304H         LINE#         96
  C:231AH         LINE#         97
  C:2322H         LINE#         98
  C:2331H         LINE#         99
  C:2340H         LINE#         100
  C:2358H         LINE#         101
  C:2364H         LINE#         103
  C:237CH         LINE#         104
  C:2393H         LINE#         105
  C:23A3H         LINE#         107
  C:23A3H         LINE#         108
  -------         ENDPROC       ADC_GETVAL
  -------         ENDMOD        ADC

  -------         MODULE        FLASH
  C:0000H         SYMBOL        _ICE_DUMMY_
  D:00A4H         PUBLIC        FLASH_CON
  D:00A5H         PUBLIC        FLASH_STA
  D:00A6H         PUBLIC        FLASH_DATA
  D:00AEH         PUBLIC        FLASH_PASSWORD
  D:00AFH         PUBLIC        FLASH_ADDR
  C:3B3CH         PUBLIC        _flash_erase_sector
  C:37E7H         PUBLIC        _flash_write
  C:381EH         PUBLIC        _flash_read
  -------         PROC          _FLASH_ERASE_SECTOR
  D:0007H         SYMBOL        addr
  C:3B3CH         LINE#         11
  C:3B3CH         LINE#         12
  C:3B3CH         LINE#         13
  C:3B3FH         LINE#         14
  C:3B41H         LINE#         15
  C:3B44H         LINE#         16
  C:3B47H         LINE#         18
  C:3B4CH         LINE#         20
  -------         ENDPROC       _FLASH_ERASE_SECTOR
  -------         PROC          _FLASH_WRITE
  D:0007H         SYMBOL        addr
  X:6433H         SYMBOL        p_data
  X:6436H         SYMBOL        len
BL51 BANKED LINKER/LOCATER V6.22.4.0                                                  06/16/2025  18:35:29  PAGE 30


  C:37E7H         LINE#         29
  C:37EDH         LINE#         30
  C:37EDH         LINE#         31
  C:37F0H         LINE#         32
  C:37F2H         LINE#         34
  C:37FBH         LINE#         35
  C:37FBH         LINE#         36
  C:3800H         LINE#         38
  C:380FH         LINE#         39
  C:3812H         LINE#         40
  C:3815H         LINE#         42
  C:381BH         LINE#         43
  C:381DH         LINE#         44
  -------         ENDPROC       _FLASH_WRITE
  -------         PROC          _FLASH_READ
  D:0007H         SYMBOL        addr
  X:642FH         SYMBOL        p_data
  X:6432H         SYMBOL        len
  C:381EH         LINE#         53
  C:3824H         LINE#         54
  C:3824H         LINE#         55
  C:382AH         LINE#         56
  C:382AH         LINE#         57
  C:3849H         LINE#         58
  C:384FH         LINE#         59
  C:3851H         LINE#         60
  -------         ENDPROC       _FLASH_READ
  -------         ENDMOD        FLASH

  -------         MODULE        AIP1302
  C:0000H         SYMBOL        _ICE_DUMMY_
  B:0090H.6       PUBLIC        P16
  B:0090H.7       PUBLIC        P17
  B:00A0H.4       PUBLIC        P24
  C:2BB6H         PUBLIC        ___aip1302_read_byte
  C:000FH         PUBLIC        aip1302_is_running
  C:3243H         PUBLIC        aip1302_config
  C:3B00H         PUBLIC        _aip1302_read_byte
  C:26BEH         PUBLIC        _aip1302_write_byte
  C:35C8H         PUBLIC        aip1302_update_time
  C:347AH         PUBLIC        aip1302_read_all
  C:3589H         PUBLIC        aip1302_update_all_data
  C:3AB6H         SYMBOL        _reverse_u8
  C:303BH         SYMBOL        ___aip1302_convert_read_byte
  C:2C48H         SYMBOL        ___aip1302_write_byte
  C:3884H         SYMBOL        Com0043
  C:3884H         SYMBOL        L?0068
  C:3886H         SYMBOL        L?0069
  C:3896H         SYMBOL        L?0073
  C:38A1H         SYMBOL        L?0074
  C:38ABH         SYMBOL        L?0075
  -------         PROC          COM0043
  -------         ENDPROC       COM0043
  -------         PROC          AIP1302_CONFIG
  -------         DO            
  D:0007H         SYMBOL        ret
  -------         ENDDO         
BL51 BANKED LINKER/LOCATER V6.22.4.0                                                  06/16/2025  18:35:29  PAGE 31


  C:3243H         LINE#         6
  C:3243H         LINE#         7
  C:3243H         LINE#         8
  C:3245H         LINE#         12
  C:324BH         LINE#         13
  C:324FH         LINE#         14
  C:3254H         LINE#         16
  C:3258H         LINE#         17
  C:325CH         LINE#         18
  C:3261H         LINE#         20
  C:3261H         LINE#         21
  C:3261H         LINE#         22
  C:3264H         LINE#         24
  C:3266H         LINE#         25
  C:3268H         LINE#         30
  C:326BH         LINE#         31
  C:326EH         LINE#         32
  C:326EH         LINE#         35
  C:326EH         LINE#         37
  C:326EH         LINE#         41
  C:3274H         LINE#         42
  C:327BH         LINE#         43
  C:3282H         LINE#         44
  C:3289H         LINE#         45
  C:3290H         LINE#         46
  C:3297H         LINE#         47
  C:329EH         LINE#         48
  C:329EH         LINE#         51
  -------         ENDPROC       AIP1302_CONFIG
  -------         PROC          _REVERSE_U8
  D:0007H         SYMBOL        arg
  -------         DO            
  D:0006H         SYMBOL        tmp
  D:0005H         SYMBOL        i
  -------         ENDDO         
  C:3AB6H         LINE#         55
  C:3AB6H         LINE#         56
  C:3AB6H         LINE#         58
  C:3AB8H         LINE#         61
  C:3AB8H         LINE#         62
  C:3AB8H         LINE#         63
  C:3ABCH         LINE#         64
  C:3AC0H         LINE#         65
  C:3AC0H         LINE#         66
  C:3AC4H         LINE#         67
  C:3AC4H         LINE#         69
  C:3AC4H         LINE#         70
  C:3AC4H         LINE#         71
  C:3AC8H         LINE#         72
  C:3ACDH         LINE#         74
  C:3ACFH         LINE#         75
  -------         ENDPROC       _REVERSE_U8
  -------         PROC          ___AIP1302_CONVERT_READ_BYTE
  D:0004H         SYMBOL        cmd
  D:0005H         SYMBOL        byte
  -------         DO            
  D:0007H         SYMBOL        tmp
BL51 BANKED LINKER/LOCATER V6.22.4.0                                                  06/16/2025  18:35:29  PAGE 32


  X:6433H         SYMBOL        i
  -------         DO            
  X:6434H         SYMBOL        tens_place
  X:6435H         SYMBOL        one_place
  -------         ENDDO         
  -------         ENDDO         
  C:303BH         LINE#         78
  C:303DH         LINE#         79
  C:303DH         LINE#         80
  C:303EH         LINE#         81
  C:3042H         LINE#         84
  C:3047H         LINE#         93
  C:3065H         LINE#         94
  C:3065H         LINE#         95
  C:306AH         LINE#         96
  C:306CH         LINE#         99
  C:3075H         LINE#         100
  C:3075H         LINE#         103
  C:3079H         LINE#         104
  C:307BH         LINE#         105
  C:3084H         LINE#         106
  C:3084H         LINE#         108
  C:3088H         LINE#         109
  C:308AH         LINE#         110
  C:308EH         LINE#         111
  C:308EH         LINE#         113
  C:3092H         LINE#         114
  C:3092H         LINE#         116
  C:309BH         LINE#         117
  C:30A1H         LINE#         118
  C:30A8H         LINE#         119
  C:30A8H         LINE#         121
  C:30A8H         LINE#         122
  -------         ENDPROC       ___AIP1302_CONVERT_READ_BYTE
  C:2C2AH         SYMBOL        L?0070
[...]
  C:0C36H         LINE#         284
  C:0C36H         LINE#         285
  C:0C44H         LINE#         286
  C:0C50H         LINE#         288
  C:0C63H         LINE#         289
  C:0C73H         LINE#         291
  C:0C7EH         LINE#         292
  C:0CA7H         LINE#         293
  C:0CD8H         LINE#         294
  C:0D18H         LINE#         295
  C:0D48H         LINE#         296
BL51 BANKED LINKER/LOCATER V6.22.4.0                                                  06/16/2025  18:35:29  PAGE 61


  C:0D6EH         LINE#         297
  C:0D8AH         LINE#         299
  C:0DA5H         LINE#         300
  C:0DBCH         LINE#         301
  C:0DC9H         LINE#         302
  C:0DC9H         LINE#         304
  C:0DE1H         LINE#         305
  C:0DF2H         LINE#         306
  C:0DF5H         LINE#         307
  C:0DFDH         LINE#         308
  C:0E11H         LINE#         309
  C:0E24H         LINE#         310
  C:0E29H         LINE#         311
  C:0E2CH         LINE#         312
  C:0E2FH         LINE#         313
  C:0E32H         LINE#         314
  C:0E32H         LINE#         315
  C:0E33H         LINE#         321
  C:0E36H         LINE#         322
  C:0E63H         LINE#         323
  C:0E82H         LINE#         324
  C:0E82H         LINE#         325
  C:0E82H         LINE#         326
  -------         ENDPROC       ___TK_MODE_CARRY_FUNC
  -------         PROC          __TK_DATA_PROCESS
  C:08F2H         LINE#         333
  C:08F2H         LINE#         334
  C:08F2H         LINE#         335
  C:0904H         LINE#         338
  C:091DH         LINE#         339
  C:0920H         LINE#         341
  C:0936H         LINE#         342
  C:0939H         LINE#         347
  C:096BH         LINE#         348
  C:0978H         LINE#         349
  C:097BH         LINE#         350
  C:097EH         LINE#         351
  C:097EH         LINE#         352
  C:0980H         LINE#         353
  C:0983H         LINE#         354
  C:0983H         LINE#         356
  C:0988H         LINE#         357
  C:0999H         LINE#         358
  C:09AAH         LINE#         359
  C:09ADH         LINE#         363
  C:09C3H         LINE#         364
  C:09C6H         LINE#         365
  C:09D6H         LINE#         366
  C:09F6H         LINE#         369
  C:0A0DH         LINE#         370
  C:0A10H         LINE#         371
  C:0A20H         LINE#         372
  C:0A40H         LINE#         377
  C:0A40H         LINE#         378
  C:0A5EH         LINE#         380
  C:0A98H         LINE#         381
  C:0A98H         LINE#         382
BL51 BANKED LINKER/LOCATER V6.22.4.0                                                  06/16/2025  18:35:29  PAGE 62


  C:0A98H         LINE#         383
  C:0ACFH         LINE#         384
  C:0ADDH         LINE#         385
  C:0AF5H         LINE#         386
  C:0B02H         LINE#         387
  C:0B26H         LINE#         388
  C:0B4AH         LINE#         389
  C:0B4AH         LINE#         390
  C:0B4CH         LINE#         391
  C:0B59H         LINE#         392
  C:0B59H         LINE#         397
  C:0B7BH         LINE#         398
  C:0B7EH         LINE#         399
  C:0B8EH         LINE#         401
  C:0BA6H         LINE#         402
  C:0BA9H         LINE#         404
  C:0BC0H         LINE#         405
  C:0BC3H         LINE#         409
  C:0BE4H         LINE#         410
  C:0BE7H         LINE#         411
  C:0BF7H         LINE#         413
  C:0C0FH         LINE#         414
  C:0C12H         LINE#         416
  C:0C28H         LINE#         417
  C:0C2BH         LINE#         422
  C:0C30H         LINE#         423
  -------         ENDPROC       __TK_DATA_PROCESS
  -------         PROC          __TK_BUTTON_DECIDE
  C:1518H         LINE#         430
  C:1518H         LINE#         431
  C:1518H         LINE#         432
  C:152AH         LINE#         433
  C:1548H         LINE#         434
  C:157AH         LINE#         435
  C:1587H         LINE#         436
  C:158CH         LINE#         437
  C:1601H         LINE#         438
  C:1601H         LINE#         439
  C:160EH         LINE#         440
  C:161CH         LINE#         442
  C:1630H         LINE#         443
  C:163DH         LINE#         444
  C:166AH         LINE#         445
  C:168EH         LINE#         446
  C:16BCH         LINE#         447
  C:16BCH         LINE#         448
  C:16BEH         LINE#         449
  C:16CBH         LINE#         450
  C:16CBH         LINE#         451
  C:16D0H         LINE#         452
  -------         ENDPROC       __TK_BUTTON_DECIDE
  -------         PROC          __TK_BASELINE_UPDATE
  C:2DE6H         LINE#         459
  C:2DE6H         LINE#         460
  C:2DE6H         LINE#         461
  C:2DF5H         LINE#         462
  C:2E06H         LINE#         463
BL51 BANKED LINKER/LOCATER V6.22.4.0                                                  06/16/2025  18:35:29  PAGE 63


  C:2E17H         LINE#         464
  C:2E3BH         LINE#         465
  C:2E5FH         LINE#         466
  C:2E63H         LINE#         467
  -------         ENDPROC       __TK_BASELINE_UPDATE
  -------         PROC          __TK_BASELINE_INIT
  -------         DO            
  X:6018H         SYMBOL        init_flag
  -------         ENDDO         
  C:2A91H         LINE#         474
  C:2A91H         LINE#         475
  C:2A91H         LINE#         478
  C:2AA0H         LINE#         479
  C:2AB0H         LINE#         480
  C:2AB9H         LINE#         481
  C:2ADEH         LINE#         482
  C:2ADEH         LINE#         483
  C:2B03H         LINE#         484
  C:2B03H         LINE#         485
  C:2B07H         LINE#         487
  C:2B14H         LINE#         488
  C:2B17H         LINE#         489
  C:2B19H         LINE#         490
  C:2B1FH         LINE#         491
  C:2B1FH         LINE#         493
  -------         ENDPROC       __TK_BASELINE_INIT
  -------         PROC          __TK_LONG_KEY_CLEAR
  -------         DO            
  X:6019H         SYMBOL        __tk_long_cnt
  -------         ENDDO         
  C:2E64H         LINE#         501
  C:2E64H         LINE#         502
  C:2E64H         LINE#         505
  C:2E77H         LINE#         506
  C:2E85H         LINE#         507
  C:2E9FH         LINE#         508
  C:2EA3H         LINE#         509
  C:2EABH         LINE#         510
  C:2EB3H         LINE#         511
  C:2EBBH         LINE#         512
  C:2EBDH         LINE#         513
  C:2EC0H         LINE#         514
  C:2ED7H         LINE#         515
  C:2ED9H         LINE#         516
  C:2ED9H         LINE#         517
  C:2EDAH         LINE#         518
  C:2EE1H         LINE#         519
  C:2EE1H         LINE#         520
  -------         ENDPROC       __TK_LONG_KEY_CLEAR
  -------         PROC          ___TK_LIB_I_ADJUST
  X:6458H         SYMBOL        i_ch
  X:6459H         SYMBOL        adjust_line
  -------         DO            
  X:601BH         SYMBOL        sta_finish
  X:601CH         SYMBOL        n_sta
  X:601DH         SYMBOL        p_sta
  X:601EH         SYMBOL        min_iset
BL51 BANKED LINKER/LOCATER V6.22.4.0                                                  06/16/2025  18:35:29  PAGE 64


  X:601FH         SYMBOL        min_diff
  D:0045H         SYMBOL        diff
  D:0049H         SYMBOL        temp
  -------         ENDDO         
  C:16D1H         LINE#         528
  C:16D6H         LINE#         529
  C:16D6H         LINE#         537
  C:16E9H         LINE#         538
  C:16EEH         LINE#         539
  C:16F2H         LINE#         540
  C:16FBH         LINE#         541
  C:16FEH         LINE#         542
  C:1701H         LINE#         545
  C:173EH         LINE#         546
  C:1769H         LINE#         547
  C:177FH         LINE#         548
  C:177FH         LINE#         550
  C:1796H         LINE#         551
  C:17ACH         LINE#         552
  C:17AFH         LINE#         553
  C:17B1H         LINE#         555
  C:17C4H         LINE#         557
  C:17E0H         LINE#         558
  C:17F3H         LINE#         559
  C:17F6H         LINE#         560
  C:17F6H         LINE#         561
  C:17F8H         LINE#         563
  C:1814H         LINE#         564
  C:1827H         LINE#         565
  C:182DH         LINE#         566
  C:182DH         LINE#         567
  C:182DH         LINE#         568
  C:182DH         LINE#         569
  C:183BH         LINE#         570
  C:183FH         LINE#         571
  C:1841H         LINE#         572
  C:1846H         LINE#         573
  C:1846H         LINE#         575
  C:184EH         LINE#         576
  C:1867H         LINE#         577
  C:186FH         LINE#         578
  C:1875H         LINE#         579
  C:187AH         LINE#         580
  C:187CH         LINE#         581
  C:1880H         LINE#         582
  C:1883H         LINE#         583
  C:1883H         LINE#         585
  C:1885H         LINE#         586
  -------         ENDPROC       ___TK_LIB_I_ADJUST
  -------         PROC          __TK_I_SOURCE_ADJUST
  -------         DO            
  X:6457H         SYMBOL        result
  -------         ENDDO         
  C:3182H         LINE#         593
  C:3182H         LINE#         594
  C:3182H         LINE#         595
  C:3187H         LINE#         597
BL51 BANKED LINKER/LOCATER V6.22.4.0                                                  06/16/2025  18:35:29  PAGE 65


  C:31A0H         LINE#         598
  C:31A2H         LINE#         600
  C:31A7H         LINE#         601
  C:31AAH         LINE#         602
  C:31B0H         LINE#         603
  C:31B0H         LINE#         605
  C:31BCH         LINE#         606
  C:31BFH         LINE#         607
  C:31C2H         LINE#         608
  C:31C2H         LINE#         609
  C:31C2H         LINE#         611
  C:31D9H         LINE#         612
  C:31DBH         LINE#         613
  C:31DEH         LINE#         614
  C:31DEH         LINE#         615
  C:31E3H         LINE#         616
  C:31E3H         LINE#         617
  -------         ENDPROC       __TK_I_SOURCE_ADJUST
  -------         PROC          ___TK_SET_NEXT_CH
  D:0007H         SYMBOL        kick_type
  C:2D62H         LINE#         625
  C:2D62H         LINE#         626
  C:2D62H         LINE#         627
  C:2D65H         LINE#         629
  C:2D83H         LINE#         630
  C:2D89H         LINE#         631
  C:2D8DH         LINE#         632
  C:2D91H         LINE#         633
  C:2D95H         LINE#         634
  C:2D99H         LINE#         636
  C:2DB3H         LINE#         638
  C:2DC3H         LINE#         639
  C:2DC3H         LINE#         640
  C:2DC5H         LINE#         642
  C:2DDFH         LINE#         643
  C:2DE5H         LINE#         644
  C:2DE5H         LINE#         645
  -------         ENDPROC       ___TK_SET_NEXT_CH
  -------         PROC          __TK_LIB_INIT
  -------         DO            
  X:642EH         SYMBOL        i
  -------         ENDDO         
  C:28C3H         LINE#         652
  C:28C3H         LINE#         653
  C:28C3H         LINE#         655
  C:290BH         LINE#         656
  C:2919H         LINE#         658
  C:291CH         LINE#         659
  C:2924H         LINE#         660
  C:2926H         LINE#         661
  C:2928H         LINE#         662
  C:2930H         LINE#         663
  C:2938H         LINE#         664
  C:2940H         LINE#         665
  C:2956H         LINE#         666
  C:2959H         LINE#         667
  -------         ENDPROC       __TK_LIB_INIT
BL51 BANKED LINKER/LOCATER V6.22.4.0                                                  06/16/2025  18:35:29  PAGE 66


  -------         PROC          __TK_HANDLER
  C:2EE2H         LINE#         675
  C:2EE2H         LINE#         676
  C:2EE2H         LINE#         677
  C:2EE7H         LINE#         678
  C:2EEBH         LINE#         679
  C:2F12H         LINE#         682
  C:2F15H         LINE#         683
  C:2F1CH         LINE#         684
  C:2F1EH         LINE#         685
  C:2F21H         LINE#         686
  C:2F21H         LINE#         687
  C:2F24H         LINE#         688
  C:2F24H         LINE#         689
  C:2F24H         LINE#         690
  C:2F26H         LINE#         691
  C:2F32H         LINE#         692
  C:2F42H         LINE#         693
  C:2F45H         LINE#         694
  C:2F4AH         LINE#         696
  C:2F4DH         LINE#         697
  C:2F4DH         LINE#         699
  C:2F50H         LINE#         700
  C:2F50H         LINE#         701
  C:2F51H         LINE#         702
  C:2F56H         LINE#         703
  C:2F56H         LINE#         704
  C:2F56H         LINE#         705
  -------         ENDPROC       __TK_HANDLER
  -------         PROC          __TK_MS_HANDLER
  C:3CC6H         LINE#         712
  C:3CC6H         LINE#         713
  C:3CC6H         LINE#         714
  C:3CC8H         LINE#         716
  -------         ENDPROC       __TK_MS_HANDLER
  -------         PROC          __TK_SCAN
  C:39E6H         LINE#         724
  C:39E6H         LINE#         725
  C:39E6H         LINE#         727
  C:39EBH         LINE#         730
  C:39F7H         LINE#         735
  C:39FAH         LINE#         739
  C:39FDH         LINE#         740
  C:3A02H         LINE#         741
  C:3A05H         LINE#         742
  C:3A05H         LINE#         743
  -------         ENDPROC       __TK_SCAN
  -------         ENDMOD        TK_LIB

  -------         MODULE        ?C?COPY
  C:0130H         PUBLIC        ?C?COPY
  -------         ENDMOD        ?C?COPY

  -------         MODULE        ?C?CLDPTR
  C:0156H         PUBLIC        ?C?CLDPTR
  -------         ENDMOD        ?C?CLDPTR

BL51 BANKED LINKER/LOCATER V6.22.4.0                                                  06/16/2025  18:35:29  PAGE 67


  -------         MODULE        ?C?CLDOPTR
  C:016FH         PUBLIC        ?C?CLDOPTR
  -------         ENDMOD        ?C?CLDOPTR

  -------         MODULE        ?C?CILDOPTR
  C:019CH         PUBLIC        ?C?CILDOPTR
  -------         ENDMOD        ?C?CILDOPTR

  -------         MODULE        ?C?CSTPTR
  C:01CFH         PUBLIC        ?C?CSTPTR
  -------         ENDMOD        ?C?CSTPTR

  -------         MODULE        ?C?CSTOPTR
  C:01E1H         PUBLIC        ?C?CSTOPTR
  -------         ENDMOD        ?C?CSTOPTR

  -------         MODULE        ?C?IMUL
  C:0203H         PUBLIC        ?C?IMUL
  -------         ENDMOD        ?C?IMUL

  -------         MODULE        ?C?UIDIV
  C:0215H         PUBLIC        ?C?UIDIV
  -------         ENDMOD        ?C?UIDIV

  -------         MODULE        ?C?IILDX
  C:026AH         PUBLIC        ?C?IILDX
  -------         ENDMOD        ?C?IILDX

  -------         MODULE        ?C?LADD
  C:0280H         PUBLIC        ?C?LADD
  -------         ENDMOD        ?C?LADD

  -------         MODULE        ?C?LSUB
  C:028DH         PUBLIC        ?C?LSUB
  -------         ENDMOD        ?C?LSUB

  -------         MODULE        ?C?LMUL
  C:029BH         PUBLIC        ?C?LMUL
  -------         ENDMOD        ?C?LMUL

  -------         MODULE        ?C?ULDIV
  C:0326H         PUBLIC        ?C?ULDIV
  -------         ENDMOD        ?C?ULDIV

  -------         MODULE        ?C?LNOT
  C:03B8H         PUBLIC        ?C?LNOT
  -------         ENDMOD        ?C?LNOT

  -------         MODULE        ?C?LNEG
  C:03C5H         PUBLIC        ?C?LNEG
  -------         ENDMOD        ?C?LNEG

  -------         MODULE        ?C?SLCMP
  C:03D3H         PUBLIC        ?C?SLCMP
  -------         ENDMOD        ?C?SLCMP

  -------         MODULE        ?C?ULCMP
BL51 BANKED LINKER/LOCATER V6.22.4.0                                                  06/16/2025  18:35:29  PAGE 68


  C:03E9H         PUBLIC        ?C?ULCMP
  -------         ENDMOD        ?C?ULCMP

  -------         MODULE        ?C?ULSHR
  C:03FAH         PUBLIC        ?C?ULSHR
  -------         ENDMOD        ?C?ULSHR

  -------         MODULE        ?C?LSHL
  C:040DH         PUBLIC        ?C?LSHL
  -------         ENDMOD        ?C?LSHL

  -------         MODULE        ?C?LLDXDATA
  C:0420H         PUBLIC        ?C?LLDXDATA
  -------         ENDMOD        ?C?LLDXDATA

  -------         MODULE        ?C?LLDCODE
  C:042CH         PUBLIC        ?C?LLDCODE
  -------         ENDMOD        ?C?LLDCODE

  -------         MODULE        ?C?LLDXDATA0
  C:043CH         PUBLIC        ?C?LLDXDATA0
  -------         ENDMOD        ?C?LLDXDATA0

  -------         MODULE        ?C?LSTXDATA
  C:0448H         PUBLIC        ?C?LSTXDATA
  -------         ENDMOD        ?C?LSTXDATA

  -------         MODULE        ?C?LSTKXDATA
  C:0454H         PUBLIC        ?C?LSTKXDATA
  -------         ENDMOD        ?C?LSTKXDATA

  -------         MODULE        ?C?OFFXADD
  C:0485H         PUBLIC        ?C?OFFXADD
  -------         ENDMOD        ?C?OFFXADD

  -------         MODULE        ?C?PLDXDATA
  C:0491H         PUBLIC        ?C?PLDXDATA
  -------         ENDMOD        ?C?PLDXDATA

  -------         MODULE        ?C?PLDIXDATA
  C:049AH         PUBLIC        ?C?PLDIXDATA
  -------         ENDMOD        ?C?PLDIXDATA

  -------         MODULE        ?C?PSTXDATA
  C:04B1H         PUBLIC        ?C?PSTXDATA
  -------         ENDMOD        ?C?PSTXDATA

  -------         MODULE        ?C?PLDOPTR
  C:04BAH         PUBLIC        ?C?PLDOPTR
  -------         ENDMOD        ?C?PLDOPTR

  -------         MODULE        ?C?CCASE
  C:04EAH         PUBLIC        ?C?CCASE
  -------         ENDMOD        ?C?CCASE

  -------         MODULE        ?C?ICALL
  C:0510H         PUBLIC        ?C?ICALL
BL51 BANKED LINKER/LOCATER V6.22.4.0                                                  06/16/2025  18:35:29  PAGE 69


  C:0514H         PUBLIC        ?C?ICALL2
  -------         ENDMOD        ?C?ICALL

  -------         MODULE        ?C?LIMUL
  C:0516H         PUBLIC        ?C?LIMUL
  -------         ENDMOD        ?C?LIMUL

  -------         MODULE        PRINTF
  X:642EH         PUBLIC        ?_PRINTF517?BYTE
  X:642EH         PUBLIC        ?_PRINTF?BYTE
  X:642EH         PUBLIC        ?_SPRINTF517?BYTE
  X:642EH         PUBLIC        ?_SPRINTF?BYTE
  C:05F8H         PUBLIC        _PRINTF
  C:05F8H         PUBLIC        _PRINTF517
  C:05F2H         PUBLIC        _SPRINTF
  C:05F2H         PUBLIC        _SPRINTF517
  -------         ENDMOD        PRINTF

  -------         MODULE        ?C?MEMSET
  C:0543H         PUBLIC        ?C?MEMSET
  -------         ENDMOD        ?C?MEMSET

  -------         MODULE        ?C?PLDIDATA
  C:056FH         PUBLIC        ?C?PLDIDATA
  -------         ENDMOD        ?C?PLDIDATA

  -------         MODULE        ?C?PLDPDATA
  C:0578H         PUBLIC        ?C?PLDPDATA
  -------         ENDMOD        ?C?PLDPDATA

  -------         MODULE        ?C?PLDCODE
  C:0581H         PUBLIC        ?C?PLDCODE
  -------         ENDMOD        ?C?PLDCODE

*** WARNING L16: UNCALLED SEGMENT, IGNORED FOR OVERLAY PROCESS
    SEGMENT: ?PR?P03_OUTPUT_CONFIG?MY_GPIO

*** WARNING L16: UNCALLED SEGMENT, IGNORED FOR OVERLAY PROCESS
    SEGMENT: ?PR?P23_INPUT_CONFIG?MY_GPIO

*** WARNING L16: UNCALLED SEGMENT, IGNORED FOR OVERLAY PROCESS
    SEGMENT: ?PR?P25_INPUT_CONFIG?MY_GPIO

*** WARNING L16: UNCALLED SEGMENT, IGNORED FOR OVERLAY PROCESS
    SEGMENT: ?PR?_UART0_SEND_BUFF?UART0

*** WARNING L16: UNCALLED SEGMENT, IGNORED FOR OVERLAY PROCESS
    SEGMENT: ?PR?AIP1302_UPDATE_ALL_DATA?AIP1302

*** WARNING L16: UNCALLED SEGMENT, IGNORED FOR OVERLAY PROCESS
    SEGMENT: ?PR?PIN_LEVEL_SCAN?PIN_LEVEL_SCAN

*** WARNING L16: UNCALLED SEGMENT, IGNORED FOR OVERLAY PROCESS
    SEGMENT: ?PR?TEMP_OF_WATER_SCAN?TEMP_OF_WATER

*** WARNING L16: UNCALLED SEGMENT, IGNORED FOR OVERLAY PROCESS
    SEGMENT: ?PR?__TK_MS_HANDLER?TK_LIB
BL51 BANKED LINKER/LOCATER V6.22.4.0                                                  06/16/2025  18:35:29  PAGE 70



Program Size: data=79.5 xdata=1370 code=15562
LINK/LOCATE RUN COMPLETE.  8 WARNING(S),  0 ERROR(S)
