BL51 BANKED LINKER/LOCATER V6.22.4.0                                                    05/24/2025  16:58:03  PAGE 1


BL51 BANKED LINKER/LOCATER V6.22.4.0, INVOKED BY:
C:\KEIL_V5\C51\BIN\BL51.EXE .\Release\Objects\STARTUP.obj, .\Release\Objects\system.obj, ..\..\User\lib\tk_simplify_algo
>> rithm_V1.0.0.LIB, .\Release\Objects\tk_set.obj, .\Release\Objects\my_gpio.obj, .\Release\Objects\tmr0.obj, .\Release\
>> Objects\tmr1.obj, .\Release\Objects\tmr2.obj, .\Release\Objects\uart0.obj, .\Release\Objects\adc.obj, .\Release\Objec
>> ts\flash.obj, .\Release\Objects\aip1302.obj, .\Release\Objects\uart1.obj, .\Release\Objects\key_driver.obj, .\Release
>> \Objects\main.obj, .\Release\Objects\fun_info.obj, .\Release\Objects\send_data.obj, .\Release\Objects\pin_level_scan.
>> obj, .\Release\Objects\speed_scan.obj, .\Release\Objects\engine_speed_scan.obj, .\Release\Objects\mileage.obj, .\Rele
>> ase\Objects\instruction.obj, .\Release\Objects\ad_key.obj, .\Release\Objects\fuel_capacity.obj, .\Release\Objects\tem
>> p_of_water.obj, .\Release\Objects\battery.obj, .\Release\Objects\touch_key.obj TO .\Release\Objects\Project PRINT (.\
>> Release\Listings\Project.m51) RAMSIZE (256) CODE (0X0000-0X3EEF) XDATA (0X6000-0X66FF)


MEMORY MODEL: LARGE


INPUT MODULES INCLUDED:
  .\Release\Objects\STARTUP.obj (?C_STARTUP)
  .\Release\Objects\system.obj (SYSTEM)
  .\Release\Objects\tk_set.obj (TK_SET)
  .\Release\Objects\my_gpio.obj (MY_GPIO)
  .\Release\Objects\tmr0.obj (TMR0)
  .\Release\Objects\tmr1.obj (TMR1)
  .\Release\Objects\tmr2.obj (TMR2)
  .\Release\Objects\uart0.obj (UART0)
  .\Release\Objects\adc.obj (ADC)
  .\Release\Objects\flash.obj (FLASH)
  .\Release\Objects\aip1302.obj (AIP1302)
  .\Release\Objects\uart1.obj (UART1)
  .\Release\Objects\key_driver.obj (KEY_DRIVER)
  .\Release\Objects\main.obj (MAIN)
  .\Release\Objects\fun_info.obj (FUN_INFO)
  .\Release\Objects\send_data.obj (SEND_DATA)
  .\Release\Objects\pin_level_scan.obj (PIN_LEVEL_SCAN)
  .\Release\Objects\speed_scan.obj (SPEED_SCAN)
  .\Release\Objects\engine_speed_scan.obj (ENGINE_SPEED_SCAN)
  .\Release\Objects\mileage.obj (MILEAGE)
  .\Release\Objects\instruction.obj (INSTRUCTION)
  .\Release\Objects\ad_key.obj (AD_KEY)
  .\Release\Objects\fuel_capacity.obj (FUEL_CAPACITY)
  .\Release\Objects\temp_of_water.obj (TEMP_OF_WATER)
  .\Release\Objects\battery.obj (BATTERY)
  .\Release\Objects\touch_key.obj (TOUCH_KEY)
  ..\..\User\lib\tk_simplify_algorithm_V1.0.0.LIB (TK_LIB)
  C:\KEIL_V5\C51\LIB\C51L.LIB (?C_INIT)
  C:\KEIL_V5\C51\LIB\C51L.LIB (?C?COPY)
  C:\KEIL_V5\C51\LIB\C51L.LIB (?C?CLDPTR)
  C:\KEIL_V5\C51\LIB\C51L.LIB (?C?CLDOPTR)
  C:\KEIL_V5\C51\LIB\C51L.LIB (?C?CILDOPTR)
  C:\KEIL_V5\C51\LIB\C51L.LIB (?C?CSTPTR)
  C:\KEIL_V5\C51\LIB\C51L.LIB (?C?CSTOPTR)
  C:\KEIL_V5\C51\LIB\C51L.LIB (?C?IILDX)
  C:\KEIL_V5\C51\LIB\C51L.LIB (?C?LADD)
  C:\KEIL_V5\C51\LIB\C51L.LIB (?C?LSUB)
  C:\KEIL_V5\C51\LIB\C51L.LIB (?C?LMUL)
  C:\KEIL_V5\C51\LIB\C51L.LIB (?C?ULDIV)
  C:\KEIL_V5\C51\LIB\C51L.LIB (?C?LOR)
  C:\KEIL_V5\C51\LIB\C51L.LIB (?C?LNOT)
  C:\KEIL_V5\C51\LIB\C51L.LIB (?C?LNEG)
BL51 BANKED LINKER/LOCATER V6.22.4.0                                                  05/24/2025  16:58:03  PAGE 2


  C:\KEIL_V5\C51\LIB\C51L.LIB (?C?SLCMP)
  C:\KEIL_V5\C51\LIB\C51L.LIB (?C?ULCMP)
  C:\KEIL_V5\C51\LIB\C51L.LIB (?C?ULSHR)
  C:\KEIL_V5\C51\LIB\C51L.LIB (?C?LSHL)
  C:\KEIL_V5\C51\LIB\C51L.LIB (?C?LLDXDATA)
  C:\KEIL_V5\C51\LIB\C51L.LIB (?C?LLDCODE)
  C:\KEIL_V5\C51\LIB\C51L.LIB (?C?LLDXDATA0)
  C:\KEIL_V5\C51\LIB\C51L.LIB (?C?LSTXDATA)
  C:\KEIL_V5\C51\LIB\C51L.LIB (?C?LSTKXDATA)
  C:\KEIL_V5\C51\LIB\C51L.LIB (?C?OFFXADD)
  C:\KEIL_V5\C51\LIB\C51L.LIB (?C?PLDXDATA)
  C:\KEIL_V5\C51\LIB\C51L.LIB (?C?PLDIXDATA)
  C:\KEIL_V5\C51\LIB\C51L.LIB (?C?PSTXDATA)
  C:\KEIL_V5\C51\LIB\C51L.LIB (?C?PLDOPTR)
  C:\KEIL_V5\C51\LIB\C51L.LIB (?C?CCASE)
  C:\KEIL_V5\C51\LIB\C51L.LIB (?C?ICALL)
  C:\KEIL_V5\C51\LIB\C51L.LIB (?C?LIMUL)
  C:\KEIL_V5\C51\LIB\C51L.LIB (PRINTF)
  C:\KEIL_V5\C51\LIB\C51L.LIB (?C?MEMSET)
  C:\KEIL_V5\C51\LIB\C51L.LIB (?C?PLDIDATA)
  C:\KEIL_V5\C51\LIB\C51L.LIB (?C?PLDPDATA)
  C:\KEIL_V5\C51\LIB\C51L.LIB (?C?PLDCODE)


LINK MAP OF MODULE:  .\Release\Objects\Project (?C_STARTUP)


            TYPE    BASE      LENGTH    RELOCATION   SEGMENT NAME
            -----------------------------------------------------

            * * * * * * *   D A T A   M E M O R Y   * * * * * * *
            REG     0000H     0008H     ABSOLUTE     "REG BANK 0"
            DATA    0008H     0004H     ABSOLUTE     
            DATA    000CH     0004H     ABSOLUTE     
            DATA    0010H     0004H     ABSOLUTE     
            DATA    0014H     0004H     ABSOLUTE     
            DATA    0018H     0004H     ABSOLUTE     
            DATA    001CH     0004H     ABSOLUTE     
            BIT     0020H.0   0002H.4   UNIT         ?BI?INSTRUCTION
            BIT     0022H.4   0001H.1   UNIT         _BIT_GROUP_
            BIT     0023H.5   0000H.2   UNIT         ?BI?TMR2
            BIT     0023H.7   0000H.2   UNIT         ?BI?TK_LIB
            BIT     0024H.1   0000H.1   UNIT         ?BI?UART0_SCAN_HANDLE?UART0
            BIT     0024H.2   0000H.1   UNIT         ?BI?UART0
            BIT     0024H.3   0000H.1   UNIT         ?BI?SPEED_SCAN
            BIT     0024H.4   0000H.1   UNIT         ?BI?ENGINE_SPEED_SCAN
                    0024H.5   000BH.3                *** GAP ***
            DATA    0030H     0004H     ABSOLUTE     
            DATA    0034H     0004H     ABSOLUTE     
            DATA    0038H     0004H     ABSOLUTE     
            DATA    003CH     0004H     ABSOLUTE     
            DATA    0040H     000DH     UNIT         _DATA_GROUP_
                    004DH     0003H                  *** GAP ***
            DATA    0050H     0002H     ABSOLUTE     
            DATA    0052H     0002H     ABSOLUTE     
            DATA    0054H     0002H     ABSOLUTE     
                    0056H     000AH                  *** GAP ***
BL51 BANKED LINKER/LOCATER V6.22.4.0                                                  05/24/2025  16:58:03  PAGE 3


            DATA    0060H     0001H     ABSOLUTE     
            DATA    0061H     0001H     ABSOLUTE     
            DATA    0062H     0001H     ABSOLUTE     
            DATA    0063H     0001H     ABSOLUTE     
            DATA    0064H     0001H     ABSOLUTE     
            DATA    0065H     0001H     ABSOLUTE     
            DATA    0066H     0001H     ABSOLUTE     
            IDATA   0067H     0001H     UNIT         ?STACK

            * * * * * * *  X D A T A   M E M O R Y  * * * * * * *
                    0000H     6000H                  *** GAP ***
            XDATA   6000H     0004H     ABSOLUTE     
            XDATA   6004H     0004H     ABSOLUTE     
            XDATA   6008H     0004H     ABSOLUTE     
            XDATA   600CH     0004H     UNIT         ?XD?TMR0
            XDATA   6010H     0004H     ABSOLUTE     
            XDATA   6014H     0004H     ABSOLUTE     
            XDATA   6018H     0394H     UNIT         ?XD?TK_LIB
            XDATA   63ACH     0045H     UNIT         ?XD?AD_KEY
            XDATA   63F1H     0032H     UNIT         _XDATA_GROUP_
            XDATA   6423H     002EH     UNIT         ?XD?UART0
            XDATA   6451H     0023H     UNIT         ?XD?FUN_INFO
            XDATA   6474H     001FH     UNIT         ?XD?TOUCH_KEY
            XDATA   6493H     0018H     UNIT         ?XD?TK_SET
            XDATA   64ABH     0012H     UNIT         ?XD?MILEAGE
            XDATA   64BDH     0011H     UNIT         ?XD?SPEED_SCAN
            XDATA   64CEH     0011H     UNIT         ?XD?ENGINE_SPEED_SCAN
            XDATA   64DFH     000DH     UNIT         ?XD?FUEL_CAPACITY
            XDATA   64ECH     000CH     UNIT         ?XD?TEMP_OF_WATER
            XDATA   64F8H     000CH     UNIT         ?XD?BATTERY
            XDATA   6504H     000BH     UNIT         ?XD?ADC_GETVAL?ADC
            XDATA   650FH     0009H     UNIT         ?XD?_SEND_DATA?SEND_DATA
            XDATA   6518H     0009H     UNIT         ?XD?INSTRUCTION
            XDATA   6521H     0008H     UNIT         ?XD?TMR1
            XDATA   6529H     0007H     UNIT         ?XD?AIP1302_UPDATE_TIME?AIP1302
            XDATA   6530H     0007H     UNIT         ?XD?AIP1302_UPDATE_DATE?AIP1302
            XDATA   6537H     0005H     UNIT         ?XD?_FLASH_WRITE?FLASH
            XDATA   653CH     0004H     UNIT         ?XD?KEY_DRIVER
            XDATA   6540H     0004H     UNIT         ?XD?SPEED_SCAN?SPEED_SCAN
            XDATA   6544H     0004H     UNIT         ?XD?ENGINE_SPEED_SCAN?ENGINE_SPEED_SCAN
            XDATA   6548H     0004H     UNIT         ?XD?INSTRUCTION_HANDLE?INSTRUCTION
            XDATA   654CH     0004H     UNIT         ?XD?_CONVER_VOLTAGE_OF_BATTERY_TO_PERCENTAGE?BATTERY
            XDATA   6550H     0003H     UNIT         ?XD?UART0_SCAN_HANDLE?UART0
            XDATA   6553H     0003H     UNIT         ?XD?AIP1302
            XDATA   6556H     0002H     UNIT         ?XD?ADC
            XDATA   6558H     0002H     UNIT         ?XD?_KEY_DRIVER_SCAN?KEY_DRIVER
            XDATA   655AH     0002H     UNIT         ?XD?PIN_LEVEL_SCAN
            XDATA   655CH     0002H     UNIT         ?XD?BATTERY_SCAN?BATTERY
            XDATA   655EH     0002H     UNIT         ?XD?___TOUCH_KEY_GET_EVENT?TOUCH_KEY
            XDATA   6560H     0001H     UNIT         ?XD?INSTRUCTION_SCAN?INSTRUCTION

            * * * * * * *   C O D E   M E M O R Y   * * * * * * *
            CODE    0000H     0003H     ABSOLUTE     
            CODE    0003H     000CH     ABSOLUTE     
            CODE    000FH     000FH     UNIT         ?PR?AIP1302_IS_RUNNING?AIP1302
            CODE    001EH     0003H     ABSOLUTE     
            CODE    0021H     0003H     ABSOLUTE     
BL51 BANKED LINKER/LOCATER V6.22.4.0                                                  05/24/2025  16:58:03  PAGE 4


            CODE    0024H     0003H     ABSOLUTE     
            CODE    0027H     0023H     UNIT         ?PR?ADC_SINGLE_CONVERT?ADC
                    004AH     0001H                  *** GAP ***
            CODE    004BH     0003H     ABSOLUTE     
            CODE    004EH     000FH     UNIT         ?PR?AD_KEY
            CODE    005DH     0003H     ABSOLUTE     
            CODE    0060H     04D3H     UNIT         ?C?LIB_CODE
            CODE    0533H     0365H     UNIT         ?PR?PRINTF?PRINTF
            CODE    0898H     033FH     UNIT         ?PR?__TK_DATA_PROCESS?TK_LIB
            CODE    0BD7H     026EH     UNIT         ?PR?INSTRUCTION_HANDLE?INSTRUCTION
            CODE    0E45H     025BH     UNIT         ?PR?FUEL_CAPACITY_SCAN?FUEL_CAPACITY
            CODE    10A0H     0252H     UNIT         ?PR?___TK_MODE_CARRY_FUNC?TK_LIB
            CODE    12F2H     0218H     UNIT         ?C_INITSEG
            CODE    150AH     01D0H     UNIT         ?PR?_SEND_DATA?SEND_DATA
            CODE    16DAH     01B9H     UNIT         ?PR?__TK_BUTTON_DECIDE?TK_LIB
            CODE    1893H     01B5H     UNIT         ?PR?___TK_LIB_I_ADJUST?TK_LIB
            CODE    1A48H     01A5H     UNIT         ?PR?_KEY_DRIVER_SCAN?KEY_DRIVER
            CODE    1BEDH     01A3H     UNIT         ?PR?HEART_BEAT_HANDLE?TMR1
            CODE    1D90H     013CH     UNIT         ?PR?TK_GPIO_CONFIG?TK_SET
            CODE    1ECCH     0138H     UNIT         ?PR?UART0_IRQHANDLER?UART0
            CODE    2004H     0124H     UNIT         ?PR?UART0_SCAN_HANDLE?UART0
            CODE    2128H     0109H     UNIT         ?PR?INSTRUCTION_SCAN?INSTRUCTION
            CODE    2231H     00E0H     UNIT         ?PR?AIP1302_TEST?AIP1302
            CODE    2311H     00DCH     UNIT         ?PR?SYSTEM_INIT?SYSTEM
            CODE    23EDH     00DBH     UNIT         ?PR?MAIN?MAIN
            CODE    24C8H     00D4H     UNIT         ?PR?ADC_GETVAL?ADC
            CODE    259CH     00D4H     UNIT         ?PR?SPEED_SCAN?SPEED_SCAN
            CODE    2670H     00D4H     UNIT         ?PR?MILEAGE_SCAN?MILEAGE
            CODE    2744H     00D0H     UNIT         ?PR?TEMP_OF_WATER_SCAN?TEMP_OF_WATER
            CODE    2814H     00BDH     UNIT         ?PR?BATTERY_SCAN?BATTERY
            CODE    28D1H     00BCH     UNIT         ?CO?TOUCH_KEY
            CODE    298DH     00AFH     UNIT         ?PR?_AIP1302_WRITE_BYTE?AIP1302
            CODE    2A3CH     00ACH     UNIT         ?PR?ENGINE_SPEED_SCAN?ENGINE_SPEED_SCAN
            CODE    2AE8H     00A8H     UNIT         ?PR?PIN_LEVEL_SCAN?PIN_LEVEL_SCAN
            CODE    2B90H     009BH     UNIT         ?PR?__TK_LIB_INIT?TK_LIB
            CODE    2C2BH     0093H     UNIT         ?PR?__TK_BASELINE_INIT?TK_LIB
            CODE    2CBEH     0092H     UNIT         ?PR?TK_PARAM_INIT?TK_SET
            CODE    2D50H     0092H     UNIT         ?PR?___AIP1302_READ_BYTE?AIP1302
            CODE    2DE2H     0090H     UNIT         ?PR?___AIP1302_WRITE_BYTE?AIP1302
            CODE    2E72H     0090H     UNIT         ?PR?TOUCH_KEY_HANDLE?TOUCH_KEY
            CODE    2F02H     008FH     UNIT         ?PR?INSTRUCTION
            CODE    2F91H     008CH     UNIT         ?C_C51STARTUP
            CODE    301DH     0084H     UNIT         ?PR?___TK_SET_NEXT_CH?TK_LIB
            CODE    30A1H     0083H     UNIT         ?PR?TIMR2_IRQHANDLER?TMR2
            CODE    3124H     007EH     UNIT         ?PR?__TK_BASELINE_UPDATE?TK_LIB
            CODE    31A2H     007EH     UNIT         ?PR?__TK_LONG_KEY_CLEAR?TK_LIB
            CODE    3220H     0075H     UNIT         ?PR?__TK_HANDLER?TK_LIB
            CODE    3295H     0071H     UNIT         ?PR?AIP1302_CONFIG?AIP1302
            CODE    3306H     006EH     UNIT         ?PR?___AIP1302_CONVERT_READ_BYTE?AIP1302
            CODE    3374H     0067H     UNIT         ?PR?TIMR1_IRQHANDLER?TMR1
            CODE    33DBH     0062H     UNIT         ?CO?AIP1302
            CODE    343DH     0062H     UNIT         ?PR?__TK_I_SOURCE_ADJUST?TK_LIB
            CODE    349FH     005BH     UNIT         ?CO?MAIN
            CODE    34FAH     0059H     UNIT         ?PR?UART0
            CODE    3553H     004FH     UNIT         ?PR?TK_INIT?TK_SET
            CODE    35A2H     004FH     UNIT         ?PR?TIMR0_IRQHANDLER?TMR0
            CODE    35F1H     004CH     UNIT         ?PR?___CONVER_CUR_AD_TO_AD_KEY?AD_KEY
BL51 BANKED LINKER/LOCATER V6.22.4.0                                                  05/24/2025  16:58:03  PAGE 5


            CODE    363DH     004AH     UNIT         ?PR?TMR1
            CODE    3687H     0046H     UNIT         ?PR?AIP1302_READ_ALL?AIP1302
            CODE    36CDH     0045H     UNIT         ?PR?TK_IRQHANDLER?TK_SET
            CODE    3712H     0045H     UNIT         ?PR?SEND_DATA
            CODE    3757H     0042H     UNIT         ?PR?_ADC_SEL_PIN?ADC
            CODE    3799H     0040H     UNIT         ?PR?TMR2_CONFIG?TMR2
            CODE    37D9H     003FH     UNIT         ?PR?AIP1302_UPDATE_ALL_DATA?AIP1302
            CODE    3818H     003DH     UNIT         ?PR?TMR1_CONFIG?TMR1
            CODE    3855H     003DH     UNIT         ?PR?USER_INIT?MAIN
            CODE    3892H     003DH     UNIT         ?PR?__TK_MODE_CONFIG?TK_LIB
            CODE    38CFH     003CH     UNIT         ?PR?TMR0_CONFIG?TMR0
            CODE    390BH     0037H     UNIT         ?PR?_FLASH_WRITE?FLASH
            CODE    3942H     0035H     UNIT         ?PR?_CONVER_VOLTAGE_OF_BATTERY_TO_PERCENTAGE?BATTERY
            CODE    3977H     0035H     UNIT         ?PR?___TOUCH_KEY_GET_EVENT?TOUCH_KEY
            CODE    39ACH     0034H     UNIT         ?PR?_FLASH_READ?FLASH
            CODE    39E0H     0032H     UNIT         ?PR?AD_KEY_GET_KEY_ID?AD_KEY
            CODE    3A12H     002EH     UNIT         ?PR?AIP1302
            CODE    3A40H     002BH     UNIT         ?PR?UART0_CONFIG?UART0
            CODE    3A6BH     002BH     UNIT         ?PR?PIN_LEVEL_SCAN_CONFIG?PIN_LEVEL_SCAN
            CODE    3A96H     002BH     UNIT         ?PR?MILEAGE
            CODE    3AC1H     0028H     UNIT         ?PR?FUEL_CAPACITY
            CODE    3AE9H     0023H     UNIT         ?PR?___AD_KEY_GET_EVENT?AD_KEY
            CODE    3B0CH     0023H     UNIT         ?PR?AD_KEY_HANDLE?AD_KEY
            CODE    3B2FH     0021H     UNIT         ?PR?AIP1302_UPDATE_DATE?AIP1302
            CODE    3B50H     0021H     UNIT         ?PR?KEY_DRIVER
            CODE    3B71H     0020H     UNIT         ?PR?TOUCH_KEY_GET_KEY_ID?TOUCH_KEY
            CODE    3B91H     0020H     UNIT         ?PR?__TK_SCAN?TK_LIB
            CODE    3BB1H     001FH     UNIT         ?PR?TOUCH_KEY
            CODE    3BD0H     001EH     UNIT         ?CO?TK_SET
            CODE    3BEEH     001EH     UNIT         ?PR?TMR2
            CODE    3C0CH     001EH     UNIT         ?PR?AIP1302_UPDATE_TIME?AIP1302
            CODE    3C2AH     001EH     UNIT         ?PR?TEMP_OF_WATER
            CODE    3C48H     001DH     UNIT         ?PR?ADC_CONFIG?ADC
            CODE    3C65H     001BH     UNIT         ?PR?_DELAY_MS?SYSTEM
            CODE    3C80H     001BH     UNIT         ?PR?ADC
            CODE    3C9BH     001AH     UNIT         ?PR?_REVERSE_U8?AIP1302
            CODE    3CB5H     0018H     UNIT         ?PR?TK_SET
            CODE    3CCDH     0018H     UNIT         ?PR?FUN_INFO_INIT?FUN_INFO
            CODE    3CE5H     0016H     UNIT         ?PR?_AIP1302_READ_BYTE?AIP1302
            CODE    3CFBH     0016H     UNIT         ?PR?SPEED_SCAN
            CODE    3D11H     0016H     UNIT         ?PR?BATTERY
            CODE    3D27H     0011H     UNIT         ?PR?TMR2_ENABLE?TMR2
            CODE    3D38H     0011H     UNIT         ?PR?_FLASH_ERASE_SECTOR?FLASH
            CODE    3D49H     0010H     UNIT         ?PR?P03_OUTPUT_CONFIG?MY_GPIO
            CODE    3D59H     0010H     UNIT         ?PR?TMR0_DISABLE?TMR0
            CODE    3D69H     0010H     UNIT         ?PR?TMR1_ENABLE?TMR1
            CODE    3D79H     0010H     UNIT         ?PR?_CONVER_ADC_VAL_TO_VOLTAGE?BATTERY
            CODE    3D89H     000EH     UNIT         ?PR?_PUTCHAR?UART0
            CODE    3D97H     000EH     UNIT         ?PR?FUN_INFO_SAVE?FUN_INFO
            CODE    3DA5H     000DH     UNIT         ?PR?P06_INPUT_CONFIG?MY_GPIO
            CODE    3DB2H     000DH     UNIT         ?PR?P07_INPUT_CONFIG?MY_GPIO
            CODE    3DBFH     000DH     UNIT         ?PR?P10_INPUT_CONFIG?MY_GPIO
            CODE    3DCCH     000DH     UNIT         ?PR?P13_INPUT_CONFIG?MY_GPIO
            CODE    3DD9H     000DH     UNIT         ?PR?P14_INPUT_CONFIG?MY_GPIO
            CODE    3DE6H     000DH     UNIT         ?PR?P21_INPUT_CONFIG?MY_GPIO
            CODE    3DF3H     000DH     UNIT         ?PR?P22_INPUT_CONFIG?MY_GPIO
            CODE    3E00H     000DH     UNIT         ?PR?P23_INPUT_CONFIG?MY_GPIO
BL51 BANKED LINKER/LOCATER V6.22.4.0                                                  05/24/2025  16:58:03  PAGE 6


            CODE    3E0DH     000DH     UNIT         ?PR?P25_INPUT_CONFIG?MY_GPIO
            CODE    3E1AH     000DH     UNIT         ?PR?P27_INPUT_CONFIG?MY_GPIO
            CODE    3E27H     000DH     UNIT         ?PR?P30_INPUT_CONFIG?MY_GPIO
            CODE    3E34H     000DH     UNIT         ?PR?_UART0_SENDBYTE?UART0
            CODE    3E41H     000DH     UNIT         ?PR?SPEED_SCAN_CONFIG?SPEED_SCAN
            CODE    3E4EH     000DH     UNIT         ?CO?AD_KEY
            CODE    3E5BH     000CH     UNIT         ?PR?TMR0_ENABLE?TMR0
            CODE    3E67H     000CH     UNIT         ?PR?FUN_INFO
            CODE    3E73H     000BH     UNIT         ?PR?_DELAY?SYSTEM
            CODE    3E7EH     0008H     UNIT         ?PR?TMR0
            CODE    3E86H     0007H     UNIT         ?PR?ENGINE_SPEED_SCAN_CONFIG?ENGINE_SPEED_SCAN
            CODE    3E8DH     0005H     UNIT         ?PR?__TK_MS_HANDLER?TK_LIB



OVERLAY MAP OF MODULE:   .\Release\Objects\Project (?C_STARTUP)


SEGMENT                                             BIT_GROUP          DATA_GROUP          XDATA_GROUP
  +--> CALLED SEGMENT                            START    LENGTH     START    LENGTH     START    LENGTH
--------------------------------------------------------------------------------------------------------
?C_C51STARTUP                                    -----    -----      -----    -----      -----    -----
  +--> ?PR?MAIN?MAIN
  +--> ?C_INITSEG

?PR?MAIN?MAIN                                    -----    -----      -----    -----      63F1H    0002H
  +--> ?PR?SYSTEM_INIT?SYSTEM
  +--> ?PR?USER_INIT?MAIN
  +--> ?CO?MAIN
  +--> ?PR?PRINTF?PRINTF
  +--> ?PR?_DELAY_MS?SYSTEM
  +--> ?PR?AIP1302_UPDATE_ALL_DATA?AIP1302
  +--> ?PR?AIP1302_TEST?AIP1302
  +--> ?PR?___AIP1302_READ_BYTE?AIP1302
  +--> ?PR?_AIP1302_READ_BYTE?AIP1302
  +--> ?PR?HEART_BEAT_HANDLE?TMR1

?PR?SYSTEM_INIT?SYSTEM                           -----    -----      -----    -----      -----    -----
  +--> ?PR?_DELAY?SYSTEM
  +--> ?PR?_DELAY_MS?SYSTEM

?PR?_DELAY_MS?SYSTEM                             -----    -----      -----    -----      -----    -----
  +--> ?PR?_DELAY?SYSTEM

?PR?USER_INIT?MAIN                               -----    -----      -----    -----      -----    -----
  +--> ?PR?FUN_INFO_INIT?FUN_INFO
  +--> ?PR?TMR0_CONFIG?TMR0
  +--> ?PR?UART0_CONFIG?UART0
  +--> ?PR?PIN_LEVEL_SCAN_CONFIG?PIN_LEVEL_SCAN
  +--> ?PR?TMR1_CONFIG?TMR1
  +--> ?PR?SPEED_SCAN_CONFIG?SPEED_SCAN
  +--> ?PR?ENGINE_SPEED_SCAN_CONFIG?ENGINE_S...
  +--> ?PR?ADC_CONFIG?ADC
  +--> ?PR?TK_PARAM_INIT?TK_SET
  +--> ?PR?AIP1302_CONFIG?AIP1302
  +--> ?PR?TMR2_CONFIG?TMR2
  +--> ?PR?TMR1_ENABLE?TMR1
BL51 BANKED LINKER/LOCATER V6.22.4.0                                                  05/24/2025  16:58:03  PAGE 7


  +--> ?PR?TMR2_ENABLE?TMR2
  +--> ?PR?_DELAY_MS?SYSTEM

?PR?FUN_INFO_INIT?FUN_INFO                       -----    -----      -----    -----      -----    -----
  +--> ?PR?FUN_INFO
  +--> ?PR?_FLASH_READ?FLASH

?PR?_FLASH_READ?FLASH                            -----    -----      -----    -----      63F3H    0005H

?PR?TMR0_CONFIG?TMR0                             -----    -----      -----    -----      -----    -----
  +--> ?PR?TMR0

?PR?PIN_LEVEL_SCAN_CONFIG?PIN_LEVEL_SCAN         -----    -----      -----    -----      -----    -----
  +--> ?PR?P21_INPUT_CONFIG?MY_GPIO
  +--> ?PR?P22_INPUT_CONFIG?MY_GPIO
  +--> ?PR?P25_INPUT_CONFIG?MY_GPIO
  +--> ?PR?P27_INPUT_CONFIG?MY_GPIO
  +--> ?PR?P30_INPUT_CONFIG?MY_GPIO
  +--> ?PR?P14_INPUT_CONFIG?MY_GPIO
  +--> ?PR?P13_INPUT_CONFIG?MY_GPIO
  +--> ?PR?P10_INPUT_CONFIG?MY_GPIO
  +--> ?PR?P07_INPUT_CONFIG?MY_GPIO
  +--> ?PR?P06_INPUT_CONFIG?MY_GPIO

?PR?ADC_CONFIG?ADC                               -----    -----      -----    -----      -----    -----
  +--> ?PR?ADC

?PR?TK_PARAM_INIT?TK_SET                         -----    -----      -----    -----      -----    -----
  +--> ?CO?TK_SET
  +--> ?PR?TK_SET
  +--> ?PR?TK_GPIO_CONFIG?TK_SET
  +--> ?PR?__TK_LIB_INIT?TK_LIB
  +--> ?PR?TK_INIT?TK_SET

?PR?TK_GPIO_CONFIG?TK_SET                        -----    -----      -----    -----      -----    -----
  +--> ?PR?TK_SET

?PR?__TK_LIB_INIT?TK_LIB                         -----    -----      -----    -----      63F3H    0002H
  +--> ?PR?__TK_DATA_PROCESS?TK_LIB
  +--> ?CO?TK_SET
  +--> ?PR?___TK_SET_NEXT_CH?TK_LIB

?PR?__TK_DATA_PROCESS?TK_LIB                     -----    -----      -----    -----      -----    -----
  +--> ?CO?TK_SET

?PR?AIP1302_CONFIG?AIP1302                       -----    -----      -----    -----      -----    -----
  +--> ?PR?AIP1302
  +--> ?PR?AIP1302_IS_RUNNING?AIP1302
  +--> ?CO?AIP1302
  +--> ?PR?PRINTF?PRINTF
  +--> ?PR?_AIP1302_WRITE_BYTE?AIP1302
  +--> ?PR?AIP1302_READ_ALL?AIP1302

?PR?AIP1302_IS_RUNNING?AIP1302                   -----    -----      -----    -----      -----    -----
  +--> ?PR?___AIP1302_READ_BYTE?AIP1302

?PR?___AIP1302_READ_BYTE?AIP1302                 -----    -----      -----    -----      63F4H    0003H
BL51 BANKED LINKER/LOCATER V6.22.4.0                                                  05/24/2025  16:58:03  PAGE 8


  +--> ?PR?AIP1302
  +--> ?PR?_DELAY?SYSTEM

?PR?PRINTF?PRINTF                                0022H.4  0001H.1    0040H    0005H      63F3H    0028H
  +--> ?PR?_PUTCHAR?UART0

?PR?_PUTCHAR?UART0                               -----    -----      -----    -----      641BH    0001H
  +--> ?PR?_UART0_SENDBYTE?UART0

?PR?_AIP1302_WRITE_BYTE?AIP1302                  -----    -----      -----    -----      63FAH    0004H
  +--> ?PR?___AIP1302_WRITE_BYTE?AIP1302

?PR?___AIP1302_WRITE_BYTE?AIP1302                -----    -----      -----    -----      63FEH    0003H
  +--> ?PR?AIP1302
  +--> ?PR?_DELAY?SYSTEM

?PR?AIP1302_READ_ALL?AIP1302                     -----    -----      -----    -----      -----    -----
  +--> ?PR?_AIP1302_READ_BYTE?AIP1302

?PR?_AIP1302_READ_BYTE?AIP1302                   -----    -----      -----    -----      63F3H    0001H
  +--> ?PR?___AIP1302_READ_BYTE?AIP1302
  +--> ?PR?___AIP1302_CONVERT_READ_BYTE?AIP1302

?PR?___AIP1302_CONVERT_READ_BYTE?AIP1302         -----    -----      -----    -----      63F4H    0003H
  +--> ?PR?_REVERSE_U8?AIP1302

?PR?AIP1302_UPDATE_ALL_DATA?AIP1302              -----    -----      -----    -----      63F3H    0007H
  +--> ?PR?_AIP1302_WRITE_BYTE?AIP1302

?PR?AIP1302_TEST?AIP1302                         -----    -----      -----    -----      -----    -----
  +--> ?PR?_AIP1302_READ_BYTE?AIP1302
  +--> ?CO?AIP1302
  +--> ?PR?PRINTF?PRINTF
  +--> ?PR?_AIP1302_WRITE_BYTE?AIP1302

?PR?HEART_BEAT_HANDLE?TMR1                       -----    -----      -----    -----      63F3H    0008H
  +--> ?PR?TMR1

?C_INITSEG                                       -----    -----      -----    -----      -----    -----
  +--> ?PR?AD_KEY_GET_KEY_ID?AD_KEY
  +--> ?PR?TOUCH_KEY_GET_KEY_ID?TOUCH_KEY

?PR?AD_KEY_GET_KEY_ID?AD_KEY                     -----    -----      -----    -----      63F1H    0002H
  +--> ?PR?_ADC_SEL_PIN?ADC
  +--> ?PR?ADC_SINGLE_CONVERT?ADC
  +--> ?PR?___CONVER_CUR_AD_TO_AD_KEY?AD_KEY

?PR?_ADC_SEL_PIN?ADC                             -----    -----      -----    -----      -----    -----
  +--> ?PR?ADC
  +--> ?PR?_DELAY_MS?SYSTEM

?PR?___CONVER_CUR_AD_TO_AD_KEY?AD_KEY            -----    -----      -----    -----      63F3H    0002H

?PR?TOUCH_KEY_GET_KEY_ID?TOUCH_KEY               -----    -----      -----    -----      -----    -----
  +--> ?PR?__TK_SCAN?TK_LIB
  +--> ?PR?TOUCH_KEY

BL51 BANKED LINKER/LOCATER V6.22.4.0                                                  05/24/2025  16:58:03  PAGE 9


?PR?__TK_SCAN?TK_LIB                             -----    -----      -----    -----      -----    -----
  +--> ?PR?__TK_BUTTON_DECIDE?TK_LIB
  +--> ?PR?___TK_SET_NEXT_CH?TK_LIB

?PR?__TK_BUTTON_DECIDE?TK_LIB                    -----    -----      -----    -----      -----    -----
  +--> ?CO?TK_SET
  +--> ?PR?___TK_MODE_CARRY_FUNC?TK_LIB

?PR?___TK_MODE_CARRY_FUNC?TK_LIB                 -----    -----      -----    -----      63F1H    0001H
  +--> ?CO?TK_SET
  +--> ?PR?__TK_BASELINE_UPDATE?TK_LIB

?PR?__TK_BASELINE_UPDATE?TK_LIB                  -----    -----      -----    -----      -----    -----
  +--> ?CO?TK_SET

*** NEW ROOT ***************************************************

?PR?TK_IRQHANDLER?TK_SET                         -----    -----      -----    -----      -----    -----
  +--> ?PR?__TK_HANDLER?TK_LIB

?PR?__TK_HANDLER?TK_LIB                          -----    -----      -----    -----      -----    -----
  +--> ?CO?TK_SET
  +--> ?PR?__TK_MODE_CONFIG?TK_LIB
  +--> ?PR?__TK_I_SOURCE_ADJUST?TK_LIB
  +--> ?PR?__TK_BASELINE_INIT?TK_LIB
  +--> ?PR?___TK_SET_NEXT_CH?TK_LIB

?PR?__TK_MODE_CONFIG?TK_LIB                      -----    -----      -----    -----      -----    -----
  +--> ?PR?___TK_SET_NEXT_CH?TK_LIB

?PR?__TK_I_SOURCE_ADJUST?TK_LIB                  -----    -----      -----    -----      641CH    0001H
  +--> ?CO?TK_SET
  +--> ?PR?___TK_LIB_I_ADJUST?TK_LIB
  +--> ?PR?__TK_MODE_CONFIG?TK_LIB
  +--> ?PR?___TK_SET_NEXT_CH?TK_LIB

?PR?___TK_LIB_I_ADJUST?TK_LIB                    -----    -----      0045H    0008H      641DH    0005H
  +--> ?CO?TK_SET

?PR?__TK_BASELINE_INIT?TK_LIB                    -----    -----      -----    -----      -----    -----
  +--> ?CO?TK_SET
  +--> ?PR?___TK_SET_NEXT_CH?TK_LIB

*** NEW ROOT ***************************************************

?PR?TIMR2_IRQHANDLER?TMR2                        -----    -----      -----    -----      -----    -----
  +--> ?PR?TMR2

*** NEW ROOT ***************************************************

?PR?UART0_IRQHANDLER?UART0                       -----    -----      -----    -----      6422H    0001H
  +--> ?PR?UART0
  +--> ?PR?TMR0_DISABLE?TMR0
  +--> ?PR?TMR0_ENABLE?TMR0

?PR?TMR0_DISABLE?TMR0                            -----    -----      -----    -----      -----    -----
  +--> ?PR?TMR0
BL51 BANKED LINKER/LOCATER V6.22.4.0                                                  05/24/2025  16:58:03  PAGE 10



?PR?TMR0_ENABLE?TMR0                             -----    -----      -----    -----      -----    -----
  +--> ?PR?TMR0



SYMBOL TABLE OF MODULE:  .\Release\Objects\Project (?C_STARTUP)

  VALUE           TYPE          NAME
  ----------------------------------

  -------         MODULE        ?C_STARTUP
  C:2F91H         SEGMENT       ?C_C51STARTUP
  I:0067H         SEGMENT       ?STACK
  C:0000H         PUBLIC        ?C_STARTUP
  D:00E0H         SYMBOL        ACC
  D:00F0H         SYMBOL        B
  D:0083H         SYMBOL        DPH
  D:0082H         SYMBOL        DPL
  N:0000H         SYMBOL        IBPSTACK
  N:0100H         SYMBOL        IBPSTACKTOP
  N:0080H         SYMBOL        IDATALEN
  C:2F94H         SYMBOL        IDATALOOP
  N:0000H         SYMBOL        PBPSTACK
  N:0100H         SYMBOL        PBPSTACKTOP
  N:0000H         SYMBOL        PDATALEN
  N:0000H         SYMBOL        PDATASTART
  N:0000H         SYMBOL        PPAGE
  N:0000H         SYMBOL        PPAGEENABLE
  D:00A0H         SYMBOL        PPAGE_SFR
  D:0081H         SYMBOL        SP
  C:2F91H         SYMBOL        STARTUP1
  N:0000H         SYMBOL        XBPSTACK
  N:0000H         SYMBOL        XBPSTACKTOP
  N:0000H         SYMBOL        XDATALEN
  N:0000H         SYMBOL        XDATASTART
  C:0000H         LINE#         126
  C:2F91H         LINE#         133
  C:2F93H         LINE#         134
  C:2F94H         LINE#         135
  C:2F95H         LINE#         136
  C:2F97H         LINE#         185
  C:2F9AH         LINE#         196
  -------         ENDMOD        ?C_STARTUP

  -------         MODULE        SYSTEM
  C:0000H         SYMBOL        _ICE_DUMMY_
  D:00D9H         PUBLIC        WDT_KEY
  D:00A7H         PUBLIC        FLASH_TIMEREG0
  D:00ACH         PUBLIC        FLASH_TIMEREG1
  C:3E73H         PUBLIC        _delay
  C:3C65H         PUBLIC        _delay_ms
  C:2311H         PUBLIC        system_init
  -------         PROC          _DELAY
  D:0006H         SYMBOL        cnt
  C:3E73H         LINE#         37
  C:3E73H         LINE#         38
BL51 BANKED LINKER/LOCATER V6.22.4.0                                                  05/24/2025  16:58:03  PAGE 11


  C:3E73H         LINE#         39
  C:3E7DH         LINE#         40
  C:3E7DH         LINE#         41
  C:3E7DH         LINE#         42
  -------         ENDPROC       _DELAY
  -------         PROC          _DELAY_MS
  D:0002H         SYMBOL        ms
  C:3C65H         LINE#         49
  C:3C69H         LINE#         50
  C:3C69H         LINE#         51
  C:3C73H         LINE#         52
  C:3C73H         LINE#         53
  C:3C76H         LINE#         56
  C:3C7DH         LINE#         57
  C:3C7FH         LINE#         58
  -------         ENDPROC       _DELAY_MS
  -------         PROC          SYSTEM_INIT
  -------         DO            
  D:0007H         SYMBOL        i
  -------         ENDDO         
  C:2311H         LINE#         65
  C:2311H         LINE#         66
  C:2311H         LINE#         69
  C:2318H         LINE#         70
  C:2325H         LINE#         71
  C:2328H         LINE#         74
  C:232BH         LINE#         75
  C:2331H         LINE#         76
  C:2337H         LINE#         77
  C:233DH         LINE#         78
  C:2343H         LINE#         79
  C:234AH         LINE#         83
  C:234CH         LINE#         84
  C:234CH         LINE#         85
  C:2359H         LINE#         86
  C:235EH         LINE#         88
  C:23ECH         LINE#         89
  -------         ENDPROC       SYSTEM_INIT
  -------         ENDMOD        SYSTEM

  -------         MODULE        TK_SET
  C:0000H         SYMBOL        _ICE_DUMMY_
  D:00A8H         PUBLIC        IE0
  D:00A9H         PUBLIC        IE1
  D:00AAH         PUBLIC        IE2
  D:00ABH         PUBLIC        IE3
  B:00A8H.7       PUBLIC        IE_EA
  D:00B8H         PUBLIC        IP0
  D:00B1H         PUBLIC        IP1
  D:00B2H         PUBLIC        IP2
  D:00B3H         PUBLIC        IP3
  D:00B4H         PUBLIC        IP4
  D:00B5H         PUBLIC        IP5
  D:00B6H         PUBLIC        IP6
  D:00B7H         PUBLIC        IP7
  C:2CBEH         PUBLIC        tk_param_init
  X:6493H         PUBLIC        __tk_update_cnt
BL51 BANKED LINKER/LOCATER V6.22.4.0                                                  05/24/2025  16:58:03  PAGE 12


  X:6495H         PUBLIC        __tk_confirm_cnt
  X:6497H         PUBLIC        __tk_leave_cnt
  X:6499H         PUBLIC        __tk_ch_index
  X:649BH         PUBLIC        __tk_ch_fth
  X:649FH         PUBLIC        __tk_i_set
  X:6000H         PUBLIC        __tk_ch_data_0
  X:6004H         PUBLIC        __tk_ch_data_1
  X:6008H         PUBLIC        __tk_ch_data_2
  X:6010H         PUBLIC        __tk_ch_data_3
  X:6014H         PUBLIC        __tk_ch_data_4
  X:64A3H         PUBLIC        __tk_ch_data_5
  X:64A7H         PUBLIC        __tk_ch_data_6
  C:3BD0H         PUBLIC        __tk_adjust_line
  C:3BD4H         PUBLIC        __tk_adjust_time
  C:3BD6H         PUBLIC        __tk_adjust_diff_valu
  C:3BD8H         PUBLIC        __tk_adjust_en
  C:3BD9H         PUBLIC        __tk_valid_time
  C:3BDBH         PUBLIC        __tk_long_key_time
  C:3BE5H         PUBLIC        __tk_use_num
  C:3BDFH         PUBLIC        __tk_cs_en
  C:3BE1H         PUBLIC        __tk_nm_num
  C:3BE0H         PUBLIC        __tk_tp_en
  C:3BE2H         PUBLIC        __tk_base_update_cnt
  C:3BE4H         PUBLIC        __tk_cm_valu
  C:3BDDH         PUBLIC        __tk_noise_value
  C:3BE3H         PUBLIC        __tk_nm_cm_value
  C:3BE6H         SYMBOL        TK_CH_EN_BUG
  C:1D90H         PUBLIC        tk_gpio_config
  C:36CDH         PUBLIC        TK_IRQHandler
  C:3553H         PUBLIC        tk_init
  C:3CB5H         SYMBOL        Com0055
  C:3CB5H         SYMBOL        L?0086
  C:3CB5H         SYMBOL        L?0087
  C:3CB7H         SYMBOL        L?0088
  C:3CBAH         SYMBOL        L?0089
  C:3CC3H         SYMBOL        L?0090
  C:3CC5H         SYMBOL        L?0091
  -------         PROC          COM0055
  -------         ENDPROC       COM0055
  -------         PROC          TK_GPIO_CONFIG
  -------         DO            
  D:0007H         SYMBOL        i
  -------         ENDDO         
  C:1D90H         LINE#         262
  C:1D90H         LINE#         263
  C:1D90H         LINE#         264
  C:1D92H         LINE#         266
  C:1D92H         LINE#         267
  C:1D92H         LINE#         269
  C:1D9AH         LINE#         270
  C:1D9AH         LINE#         271
  C:1DA2H         LINE#         272
  C:1DA2H         LINE#         273
  C:1DB7H         LINE#         274
  C:1DC7H         LINE#         275
  C:1DCAH         LINE#         277
  C:1DCAH         LINE#         278
BL51 BANKED LINKER/LOCATER V6.22.4.0                                                  05/24/2025  16:58:03  PAGE 13


  C:1DDFH         LINE#         279
  C:1DEFH         LINE#         280
  C:1DEFH         LINE#         281
  C:1DF2H         LINE#         282
  C:1E02H         LINE#         283
  C:1E02H         LINE#         284
  C:1E0AH         LINE#         285
  C:1E0AH         LINE#         286
  C:1E21H         LINE#         287
  C:1E33H         LINE#         288
  C:1E36H         LINE#         290
  C:1E36H         LINE#         291
  C:1E4DH         LINE#         292
  C:1E5FH         LINE#         293
  C:1E5FH         LINE#         294
  C:1E62H         LINE#         296
  C:1E62H         LINE#         297
  C:1E6AH         LINE#         298
  C:1E6AH         LINE#         299
  C:1E81H         LINE#         300
  C:1E93H         LINE#         301
  C:1E95H         LINE#         303
  C:1E95H         LINE#         304
  C:1EACH         LINE#         305
  C:1EC2H         LINE#         306
  C:1EC2H         LINE#         307
  C:1EC2H         LINE#         308
  C:1ECBH         LINE#         309
  -------         ENDPROC       TK_GPIO_CONFIG
  -------         PROC          TK_IRQHANDLER
  C:36CDH         LINE#         316
  C:36EAH         LINE#         318
  C:36EAH         LINE#         319
  C:36F0H         LINE#         320
  C:36F0H         LINE#         321
  C:36F4H         LINE#         322
  C:36F7H         LINE#         323
  C:36F7H         LINE#         324
  C:36F7H         LINE#         325
  -------         ENDPROC       TK_IRQHANDLER
  -------         PROC          TK_INIT
  C:3553H         LINE#         332
  C:3553H         LINE#         333
  C:3553H         LINE#         334
  C:3555H         LINE#         335
  C:3558H         LINE#         336
  C:355BH         LINE#         337
  C:3562H         LINE#         338
  C:3565H         LINE#         339
  C:356AH         LINE#         340
  C:356EH         LINE#         341
  C:3573H         LINE#         342
  C:3577H         LINE#         343
  C:357CH         LINE#         344
  C:3580H         LINE#         345
  C:3585H         LINE#         346
  C:3589H         LINE#         347
BL51 BANKED LINKER/LOCATER V6.22.4.0                                                  05/24/2025  16:58:03  PAGE 14


  C:358CH         LINE#         348
  C:358EH         LINE#         349
  C:3590H         LINE#         350
  C:3595H         LINE#         351
  C:3599H         LINE#         352
  C:359DH         LINE#         353
  C:35A1H         LINE#         354
  -------         ENDPROC       TK_INIT
  -------         PROC          TK_PARAM_INIT
  -------         DO            
  D:0003H         SYMBOL        i
  -------         ENDDO         
  C:2CBEH         LINE#         403
  C:2CBEH         LINE#         404
  C:2CBEH         LINE#         405
  C:2CC0H         LINE#         408
  C:2CC0H         LINE#         409
  C:2CC0H         LINE#         410
  C:2CDEH         LINE#         411
  C:2D04H         LINE#         412
  C:2D16H         LINE#         413
  C:2D3EH         LINE#         414
  C:2D47H         LINE#         417
  C:2D4AH         LINE#         420
  C:2D4DH         LINE#         423
  -------         ENDPROC       TK_PARAM_INIT
  -------         ENDMOD        TK_SET

  -------         MODULE        MY_GPIO
  C:0000H         SYMBOL        _ICE_DUMMY_
  C:3D49H         PUBLIC        p03_output_config
  C:3DA5H         PUBLIC        p06_input_config
  C:3DB2H         PUBLIC        p07_input_config
  C:3DBFH         PUBLIC        p10_input_config
  C:3DCCH         PUBLIC        p13_input_config
  C:3DD9H         PUBLIC        p14_input_config
  C:3DE6H         PUBLIC        p21_input_config
  C:3DF3H         PUBLIC        p22_input_config
  C:3E00H         PUBLIC        p23_input_config
  C:3E0DH         PUBLIC        p25_input_config
  C:3E1AH         PUBLIC        p27_input_config
  C:3E27H         PUBLIC        p30_input_config
  -------         PROC          P03_OUTPUT_CONFIG
  C:3D49H         LINE#         67
  C:3D49H         LINE#         68
  C:3D49H         LINE#         69
  C:3D4FH         LINE#         70
  C:3D53H         LINE#         72
  C:3D58H         LINE#         73
  -------         ENDPROC       P03_OUTPUT_CONFIG
  -------         PROC          P06_INPUT_CONFIG
  C:3DA5H         LINE#         90
  C:3DA5H         LINE#         91
  C:3DA5H         LINE#         93
  C:3DABH         LINE#         95
  C:3DB1H         LINE#         96
  -------         ENDPROC       P06_INPUT_CONFIG
BL51 BANKED LINKER/LOCATER V6.22.4.0                                                  05/24/2025  16:58:03  PAGE 15


  -------         PROC          P07_INPUT_CONFIG
  C:3DB2H         LINE#         99
  C:3DB2H         LINE#         100
  C:3DB2H         LINE#         102
  C:3DB8H         LINE#         104
  C:3DBEH         LINE#         105
  -------         ENDPROC       P07_INPUT_CONFIG
  -------         PROC          P10_INPUT_CONFIG
  C:3DBFH         LINE#         108
  C:3DBFH         LINE#         109
  C:3DBFH         LINE#         111
  C:3DC5H         LINE#         113
  C:3DCBH         LINE#         114
  -------         ENDPROC       P10_INPUT_CONFIG
  -------         PROC          P13_INPUT_CONFIG
  C:3DCCH         LINE#         117
  C:3DCCH         LINE#         118
  C:3DCCH         LINE#         120
  C:3DD2H         LINE#         122
  C:3DD8H         LINE#         123
  -------         ENDPROC       P13_INPUT_CONFIG
  -------         PROC          P14_INPUT_CONFIG
  C:3DD9H         LINE#         126
  C:3DD9H         LINE#         127
  C:3DD9H         LINE#         129
  C:3DDFH         LINE#         131
  C:3DE5H         LINE#         132
  -------         ENDPROC       P14_INPUT_CONFIG
  -------         PROC          P21_INPUT_CONFIG
  C:3DE6H         LINE#         144
  C:3DE6H         LINE#         145
  C:3DE6H         LINE#         147
  C:3DECH         LINE#         149
  C:3DF2H         LINE#         150
  -------         ENDPROC       P21_INPUT_CONFIG
  -------         PROC          P22_INPUT_CONFIG
  C:3DF3H         LINE#         153
  C:3DF3H         LINE#         154
  C:3DF3H         LINE#         156
  C:3DF9H         LINE#         158
  C:3DFFH         LINE#         159
  -------         ENDPROC       P22_INPUT_CONFIG
  -------         PROC          P23_INPUT_CONFIG
  C:3E00H         LINE#         162
  C:3E00H         LINE#         163
  C:3E00H         LINE#         165
  C:3E06H         LINE#         167
  C:3E0CH         LINE#         168
  -------         ENDPROC       P23_INPUT_CONFIG
  -------         PROC          P25_INPUT_CONFIG
  C:3E0DH         LINE#         171
  C:3E0DH         LINE#         172
  C:3E0DH         LINE#         174
  C:3E13H         LINE#         176
  C:3E19H         LINE#         177
  -------         ENDPROC       P25_INPUT_CONFIG
  -------         PROC          P27_INPUT_CONFIG
BL51 BANKED LINKER/LOCATER V6.22.4.0                                                  05/24/2025  16:58:03  PAGE 16


  C:3E1AH         LINE#         180
  C:3E1AH         LINE#         181
  C:3E1AH         LINE#         183
  C:3E20H         LINE#         185
  C:3E26H         LINE#         186
  -------         ENDPROC       P27_INPUT_CONFIG
  -------         PROC          P30_INPUT_CONFIG
  C:3E27H         LINE#         189
  C:3E27H         LINE#         190
  C:3E27H         LINE#         192
  C:3E2DH         LINE#         194
  C:3E33H         LINE#         195
  -------         ENDPROC       P30_INPUT_CONFIG
  -------         ENDMOD        MY_GPIO

  -------         MODULE        TMR0
  C:0000H         SYMBOL        _ICE_DUMMY_
  D:00A8H         PUBLIC        IE0
  D:00A9H         PUBLIC        IE1
  D:00AAH         PUBLIC        IE2
  D:00ABH         PUBLIC        IE3
  B:00A8H.7       PUBLIC        IE_EA
  D:00B8H         PUBLIC        IP0
  D:00B1H         PUBLIC        IP1
  D:00B2H         PUBLIC        IP2
  D:00B3H         PUBLIC        IP3
  D:00B4H         PUBLIC        IP4
  D:00B5H         PUBLIC        IP5
  D:00B6H         PUBLIC        IP6
  D:00B7H         PUBLIC        IP7
  X:600CH         PUBLIC        tmr0_cnt
  C:38CFH         PUBLIC        tmr0_config
  C:3E5BH         PUBLIC        tmr0_enable
  C:3D59H         PUBLIC        tmr0_disable
  C:35A2H         PUBLIC        TIMR0_IRQHandler
  C:3E7EH         SYMBOL        Com004E
  C:3E7EH         SYMBOL        L?0079
  C:3E7EH         SYMBOL        L?0080
  -------         PROC          COM004E
  -------         ENDPROC       COM004E
  -------         PROC          TMR0_CONFIG
  C:38CFH         LINE#         13
  C:38CFH         LINE#         14
  C:38CFH         LINE#         15
  C:38D5H         LINE#         16
  C:38D8H         LINE#         17
  C:38DAH         LINE#         20
  C:38DEH         LINE#         21
  C:38E0H         LINE#         23
  C:38E6H         LINE#         24
  C:38EAH         LINE#         25
  C:38EEH         LINE#         26
  C:38F2H         LINE#         28
  C:38F7H         LINE#         29
  C:38FBH         LINE#         31
  C:3900H         LINE#         32
  C:3904H         LINE#         34
BL51 BANKED LINKER/LOCATER V6.22.4.0                                                  05/24/2025  16:58:03  PAGE 17


  C:3904H         LINE#         35
  C:390AH         LINE#         36
  -------         ENDPROC       TMR0_CONFIG
  -------         PROC          TMR0_ENABLE
  C:3E5BH         LINE#         41
  C:3E5BH         LINE#         42
  C:3E5BH         LINE#         44
  C:3E5BH         LINE#         45
  C:3E61H         LINE#         47
  C:3E64H         LINE#         48
  C:3E66H         LINE#         49
  -------         ENDPROC       TMR0_ENABLE
  -------         PROC          TMR0_DISABLE
  C:3D59H         LINE#         54
  C:3D59H         LINE#         55
  C:3D59H         LINE#         57
  C:3D59H         LINE#         58
  C:3D5FH         LINE#         61
  C:3D63H         LINE#         62
  C:3D65H         LINE#         64
  C:3D68H         LINE#         65
  -------         ENDPROC       TMR0_DISABLE
  -------         PROC          TIMR0_IRQHANDLER
  C:35A2H         LINE#         68
  C:35B9H         LINE#         71
  C:35B9H         LINE#         77
  C:35BFH         LINE#         78
  C:35BFH         LINE#         79
  C:35C3H         LINE#         80
  C:35DCH         LINE#         82
  C:35DCH         LINE#         86
  C:35DCH         LINE#         87
  -------         ENDPROC       TIMR0_IRQHANDLER
  -------         ENDMOD        TMR0

  -------         MODULE        TMR1
  C:0000H         SYMBOL        _ICE_DUMMY_
  D:00A8H         PUBLIC        IE0
  D:00A9H         PUBLIC        IE1
  D:00AAH         PUBLIC        IE2
  D:00ABH         PUBLIC        IE3
  B:00A8H.7       PUBLIC        IE_EA
  D:00B8H         PUBLIC        IP0
  D:00B1H         PUBLIC        IP1
  D:00B2H         PUBLIC        IP2
  D:00B3H         PUBLIC        IP3
  D:00B4H         PUBLIC        IP4
  D:00B5H         PUBLIC        IP5
  D:00B6H         PUBLIC        IP6
  D:00B7H         PUBLIC        IP7
  D:00D1H         PUBLIC        TMR_ALLCON
  C:3818H         PUBLIC        tmr1_config
  C:3D69H         PUBLIC        tmr1_enable
  C:1BEDH         PUBLIC        heart_beat_handle
  X:6525H         PUBLIC        tmr1_cnt
  C:3374H         PUBLIC        TIMR1_IRQHandler
  C:363DH         SYMBOL        Com0053
BL51 BANKED LINKER/LOCATER V6.22.4.0                                                  05/24/2025  16:58:03  PAGE 18


  C:363DH         SYMBOL        L?0084
  C:3658H         SYMBOL        L?0085
  C:3670H         SYMBOL        L?0086
  C:3673H         SYMBOL        L?0087
  C:3679H         SYMBOL        L?0088
  C:3679H         SYMBOL        L?0089
  C:3681H         SYMBOL        L?0090
  C:3681H         SYMBOL        L?0091
  -------         PROC          COM0053
  -------         ENDPROC       COM0053
  -------         PROC          TMR1_CONFIG
  C:3818H         LINE#         15
  C:3818H         LINE#         16
  C:3818H         LINE#         17
  C:381EH         LINE#         18
  C:3821H         LINE#         19
  C:3823H         LINE#         21
  C:3826H         LINE#         23
  C:382CH         LINE#         24
  C:3830H         LINE#         25
  C:3834H         LINE#         26
  C:3838H         LINE#         28
  C:383DH         LINE#         29
  C:3841H         LINE#         32
  C:3846H         LINE#         33
  C:384AH         LINE#         35
  C:3850H         LINE#         36
  C:3854H         LINE#         37
  -------         ENDPROC       TMR1_CONFIG
  -------         PROC          TMR1_ENABLE
  C:3D69H         LINE#         42
  C:3D69H         LINE#         43
  C:3D69H         LINE#         45
  C:3D6FH         LINE#         46
  C:3D73H         LINE#         48
  C:3D76H         LINE#         49
  C:3D78H         LINE#         50
  -------         ENDPROC       TMR1_ENABLE
  -------         PROC          HEART_BEAT_HANDLE
  -------         DO            
  X:6521H         SYMBOL        old_time_ms_cnt
  X:63F3H         SYMBOL        cur_time_ms_cnt
  X:63F7H         SYMBOL        diff_ms_cnt
  -------         ENDDO         
  C:1BEDH         LINE#         68
  C:1BEDH         LINE#         69
  C:1BEDH         LINE#         71
  C:1BF9H         LINE#         72
  C:1C03H         LINE#         73
  C:1C0DH         LINE#         74
  C:1C22H         LINE#         75
  C:1C2CH         LINE#         77
  C:1C43H         LINE#         78
  C:1C43H         LINE#         80
  C:1C4FH         LINE#         81
  C:1C4FH         LINE#         83
  C:1C5AH         LINE#         84
BL51 BANKED LINKER/LOCATER V6.22.4.0                                                  05/24/2025  16:58:03  PAGE 19


  C:1C5AH         LINE#         86
  C:1C60H         LINE#         87
  C:1C71H         LINE#         88
  C:1C71H         LINE#         89
  C:1C7DH         LINE#         90
  C:1C84H         LINE#         95
  C:1C90H         LINE#         96
  C:1C9AH         LINE#         97
  C:1C9CH         LINE#         98
  C:1C9CH         LINE#         99
  C:1C9CH         LINE#         101
  C:1CA7H         LINE#         102
  C:1CA7H         LINE#         104
  C:1CADH         LINE#         105
  C:1CBEH         LINE#         106
  C:1CBEH         LINE#         107
  C:1CCAH         LINE#         108
  C:1CD1H         LINE#         113
  C:1CDDH         LINE#         114
  C:1CE7H         LINE#         115
  C:1CE9H         LINE#         116
  C:1CE9H         LINE#         117
  C:1CE9H         LINE#         119
  C:1CF4H         LINE#         120
  C:1CF4H         LINE#         122
  C:1D03H         LINE#         123
  C:1D03H         LINE#         125
  C:1D0EH         LINE#         126
  C:1D0EH         LINE#         128
  C:1D1DH         LINE#         129
  C:1D1DH         LINE#         131
  C:1D24H         LINE#         132
  C:1D24H         LINE#         134
  C:1D2AH         LINE#         135
  C:1D3BH         LINE#         136
  C:1D3BH         LINE#         138
  C:1D3FH         LINE#         139
  C:1D43H         LINE#         140
  C:1D43H         LINE#         141
  C:1D43H         LINE#         143
  C:1D4AH         LINE#         144
  C:1D4AH         LINE#         147
  C:1D50H         LINE#         148
  C:1D61H         LINE#         149
  C:1D61H         LINE#         151
  C:1D65H         LINE#         152
  C:1D69H         LINE#         153
  C:1D69H         LINE#         154
  C:1D69H         LINE#         156
  C:1D70H         LINE#         157
  C:1D70H         LINE#         160
  C:1D76H         LINE#         161
  C:1D87H         LINE#         162
  C:1D87H         LINE#         164
  C:1D8BH         LINE#         165
  C:1D8FH         LINE#         166
  C:1D8FH         LINE#         167
BL51 BANKED LINKER/LOCATER V6.22.4.0                                                  05/24/2025  16:58:03  PAGE 20


  C:1D8FH         LINE#         168
  -------         ENDPROC       HEART_BEAT_HANDLE
  -------         PROC          TIMR1_IRQHANDLER
  C:3374H         LINE#         171
  C:338BH         LINE#         174
  C:338BH         LINE#         195
  C:3391H         LINE#         196
  C:3391H         LINE#         197
  C:3395H         LINE#         199
  C:33AEH         LINE#         201
  C:33AEH         LINE#         221
  C:33B7H         LINE#         222
  C:33B7H         LINE#         223
  C:33BAH         LINE#         224
  C:33BAH         LINE#         226
  C:33C3H         LINE#         227
  C:33C3H         LINE#         228
  C:33C6H         LINE#         229
  C:33C6H         LINE#         230
  C:33C6H         LINE#         231
  C:33C6H         LINE#         235
  C:33C6H         LINE#         236
  -------         ENDPROC       TIMR1_IRQHANDLER
  -------         ENDMOD        TMR1

  -------         MODULE        TMR2
  C:0000H         SYMBOL        _ICE_DUMMY_
  D:00A8H         PUBLIC        IE0
  D:00A9H         PUBLIC        IE1
  D:00AAH         PUBLIC        IE2
  D:00ABH         PUBLIC        IE3
  B:00A8H.7       PUBLIC        IE_EA
  D:00B8H         PUBLIC        IP0
  D:00B1H         PUBLIC        IP1
  D:00B2H         PUBLIC        IP2
  D:00B3H         PUBLIC        IP3
  D:00B4H         PUBLIC        IP4
  D:00B5H         PUBLIC        IP5
  D:00B6H         PUBLIC        IP6
  D:00B7H         PUBLIC        IP7
  B:0080H.2       PUBLIC        P02
  B:0090H.5       PUBLIC        P15
  D:00D1H         PUBLIC        TMR_ALLCON
  C:3799H         PUBLIC        tmr2_config
  C:3D27H         PUBLIC        tmr2_enable
  C:30A1H         PUBLIC        TIMR2_IRQHandler
  C:3BEEH         SYMBOL        Com004B
  C:3BEEH         SYMBOL        L?0076
  C:3BFFH         SYMBOL        L?0077
  -------         PROC          COM004B
  -------         ENDPROC       COM004B
  -------         PROC          TMR2_CONFIG
  C:3799H         LINE#         14
  C:3799H         LINE#         15
  C:3799H         LINE#         16
  C:379FH         LINE#         17
  C:37A2H         LINE#         18
BL51 BANKED LINKER/LOCATER V6.22.4.0                                                  05/24/2025  16:58:03  PAGE 21


  C:37A4H         LINE#         21
  C:37A7H         LINE#         23
  C:37AEH         LINE#         24
  C:37B0H         LINE#         25
  C:37B4H         LINE#         26
  C:37B8H         LINE#         29
  C:37BEH         LINE#         30
  C:37C4H         LINE#         32
  C:37CBH         LINE#         33
  C:37CFH         LINE#         34
  C:37D4H         LINE#         35
  C:37D8H         LINE#         36
  -------         ENDPROC       TMR2_CONFIG
  -------         PROC          TMR2_ENABLE
  C:3D27H         LINE#         41
  C:3D27H         LINE#         42
  C:3D27H         LINE#         44
  C:3D2EH         LINE#         45
  C:3D32H         LINE#         47
  C:3D35H         LINE#         48
  C:3D37H         LINE#         49
  -------         ENDPROC       TMR2_ENABLE
  -------         PROC          TIMR2_IRQHANDLER
  -------         DO            
  B:0023H.5       SYMBOL        last_engine_speed_scan_level
  B:0023H.6       SYMBOL        last_speed_scan_level
  -------         ENDDO         
  C:30A1H         LINE#         68
  C:30BEH         LINE#         75
  C:30BEH         LINE#         80
  C:30C5H         LINE#         81
  C:30C5H         LINE#         82
  C:30C9H         LINE#         84
  C:30CCH         LINE#         85
  C:30CCH         LINE#         86
  C:30CFH         LINE#         87
  C:30CFH         LINE#         89
  C:30D7H         LINE#         90
  C:30D7H         LINE#         91
  C:30E3H         LINE#         92
  C:30E3H         LINE#         93
  C:30E3H         LINE#         95
  C:30E5H         LINE#         96
  C:30E7H         LINE#         98
  C:30E7H         LINE#         100
  C:30E9H         LINE#         101
  C:30E9H         LINE#         103
  C:30ECH         LINE#         104
  C:30ECH         LINE#         105
  C:30EFH         LINE#         106
  C:30EFH         LINE#         108
  C:30F7H         LINE#         109
  C:30F7H         LINE#         110
  C:3103H         LINE#         111
  C:3103H         LINE#         112
  C:3103H         LINE#         114
  C:3105H         LINE#         115
BL51 BANKED LINKER/LOCATER V6.22.4.0                                                  05/24/2025  16:58:03  PAGE 22


  C:3107H         LINE#         117
  C:3107H         LINE#         119
  C:3109H         LINE#         120
  C:3109H         LINE#         121
  C:3109H         LINE#         125
  C:3109H         LINE#         126
  -------         ENDPROC       TIMR2_IRQHANDLER
  -------         ENDMOD        TMR2

  -------         MODULE        UART0
  C:0000H         SYMBOL        _ICE_DUMMY_
  D:00A8H         PUBLIC        IE0
  D:00A9H         PUBLIC        IE1
  D:00AAH         PUBLIC        IE2
  D:00ABH         PUBLIC        IE3
  B:00A8H.7       PUBLIC        IE_EA
  D:00B8H         PUBLIC        IP0
  D:00B1H         PUBLIC        IP1
  D:00B2H         PUBLIC        IP2
  D:00B3H         PUBLIC        IP3
  D:00B4H         PUBLIC        IP4
  D:00B5H         PUBLIC        IP5
  D:00B6H         PUBLIC        IP6
  D:00B7H         PUBLIC        IP7
  D:00D2H         PUBLIC        UART0_CON0
  D:00D4H         PUBLIC        UART0_STA
  D:00D5H         PUBLIC        UART0_BAUD0
  D:00D6H         PUBLIC        UART0_BAUD1
  D:00D7H         PUBLIC        UART0_DATA
  C:3D89H         PUBLIC        _putchar
  X:6423H         PUBLIC        uart0_recv_buf
  X:6441H         PUBLIC        uart0_recv_len
  X:6444H         PUBLIC        recved_flagbuf
  X:6447H         PUBLIC        recv_frame_cnt
  X:6448H         PUBLIC        flagbuf_valid_instruction
  C:3A40H         PUBLIC        uart0_config
  C:3E34H         PUBLIC        _uart0_sendbyte
  C:2004H         PUBLIC        uart0_scan_handle
  B:0024H.2       SYMBOL        flag_is_recving_data
  X:644BH         SYMBOL        frame_len
  X:644CH         SYMBOL        cur_recv_len
  X:644DH         SYMBOL        blank_index
  C:1ECCH         PUBLIC        UART0_IRQHandler
  C:34FAH         SYMBOL        Com005A
  C:34FAH         SYMBOL        L?0091
  C:3503H         SYMBOL        L?0092
  C:350BH         SYMBOL        L?0093
  C:3512H         SYMBOL        L?0094
  C:351AH         SYMBOL        L?0095
  C:352CH         SYMBOL        L?0096
  C:352FH         SYMBOL        L?0097
  C:3537H         SYMBOL        L?0098
  C:3543H         SYMBOL        L?0099
  C:354DH         SYMBOL        L?0100
  -------         PROC          COM005A
  -------         ENDPROC       COM005A
  -------         PROC          _PUTCHAR
BL51 BANKED LINKER/LOCATER V6.22.4.0                                                  05/24/2025  16:58:03  PAGE 23


  X:641BH         SYMBOL        c
  C:3D89H         LINE#         28
  C:3D8EH         LINE#         29
  C:3D8EH         LINE#         30
  C:3D91H         LINE#         31
  C:3D96H         LINE#         32
  -------         ENDPROC       _PUTCHAR
  -------         PROC          UART0_CONFIG
  C:3A40H         LINE#         36
  C:3A40H         LINE#         37
  C:3A40H         LINE#         39
  C:3A46H         LINE#         40
  C:3A4AH         LINE#         41
  C:3A4EH         LINE#         42
  C:3A55H         LINE#         43
  C:3A5CH         LINE#         51
  C:3A5FH         LINE#         52
  C:3A61H         LINE#         54
  C:3A64H         LINE#         55
  C:3A67H         LINE#         56
  C:3A6AH         LINE#         61
  -------         ENDPROC       UART0_CONFIG
  -------         PROC          UART0_IRQHANDLER
  -------         DO            
  X:6422H         SYMBOL        uart0_tmp_val
  -------         ENDDO         
  C:1ECCH         LINE#         64
  C:1EE9H         LINE#         66
  C:1EEEH         LINE#         69
  C:1EEEH         LINE#         74
  C:1EF6H         LINE#         75
  C:1EF6H         LINE#         77
  C:1EF9H         LINE#         79
  C:1F09H         LINE#         81
  C:1F09H         LINE#         85
  C:1F09H         LINE#         86
  C:1F09H         LINE#         87
  C:1F0CH         LINE#         89
  C:1F0CH         LINE#         92
  C:1F13H         LINE#         93
  C:1F13H         LINE#         96
  C:1F15H         LINE#         97
  C:1F15H         LINE#         98
  C:1F18H         LINE#         99
  C:1F1BH         LINE#         100
  C:1F25H         LINE#         101
  C:1F28H         LINE#         102
  C:1F28H         LINE#         104
  C:1F2FH         LINE#         105
  C:1F2FH         LINE#         107
  C:1F37H         LINE#         110
  C:1F37H         LINE#         113
  C:1F40H         LINE#         114
  C:1F40H         LINE#         116
  C:1F6FH         LINE#         118
  C:1F79H         LINE#         121
  C:1F86H         LINE#         123
BL51 BANKED LINKER/LOCATER V6.22.4.0                                                  05/24/2025  16:58:03  PAGE 24


  C:1F86H         LINE#         125
  C:1F99H         LINE#         127
  C:1F9BH         LINE#         128
  C:1F9BH         LINE#         129
  C:1F9EH         LINE#         131
  C:1FA4H         LINE#         132
  C:1FAAH         LINE#         134
  C:1FC3H         LINE#         135
  C:1FD2H         LINE#         136
  C:1FD2H         LINE#         137
  C:1FDCH         LINE#         138
  C:1FDCH         LINE#         163
  C:1FDCH         LINE#         164
  C:1FDFH         LINE#         165
  C:1FE9H         LINE#         166
  C:1FE9H         LINE#         168
  C:1FE9H         LINE#         169
  C:1FE9H         LINE#         171
  C:1FE9H         LINE#         176
  C:1FE9H         LINE#         180
  C:1FE9H         LINE#         181
  -------         ENDPROC       UART0_IRQHANDLER
  -------         PROC          _UART0_SENDBYTE
  D:0007H         SYMBOL        senddata
  C:3E34H         LINE#         184
  C:3E34H         LINE#         185
  C:3E34H         LINE#         186
  C:3E39H         LINE#         188
  C:3E3BH         LINE#         189
  C:3E40H         LINE#         191
  -------         ENDPROC       _UART0_SENDBYTE
  -------         PROC          UART0_SCAN_HANDLE
  -------         DO            
  X:6550H         SYMBOL        i
  X:6551H         SYMBOL        checksum
  B:0024H.1       SYMBOL        __flag_is_crc_or_len_err
  -------         DO            
  X:6552H         SYMBOL        __loop_crc_cnt
  -------         ENDDO         
  -------         ENDDO         
  C:2004H         LINE#         207
  C:2004H         LINE#         208
  C:2004H         LINE#         209
  C:2009H         LINE#         210
  C:200BH         LINE#         211
  C:200DH         LINE#         215
  C:201EH         LINE#         216
  C:201EH         LINE#         220
  C:2021H         LINE#         221
  C:202BH         LINE#         224
  C:2030H         LINE#         225
  C:2034H         LINE#         226
  C:2037H         LINE#         260
  C:2037H         LINE#         264
  C:2049H         LINE#         265
  C:2049H         LINE#         266
  C:2055H         LINE#         267
BL51 BANKED LINKER/LOCATER V6.22.4.0                                                  05/24/2025  16:58:03  PAGE 25


  C:2055H         LINE#         271
  C:2072H         LINE#         272
  C:2072H         LINE#         281
  C:207BH         LINE#         282
  C:207BH         LINE#         283
  C:208CH         LINE#         286
  C:208CH         LINE#         288
  C:208CH         LINE#         289
  C:2091H         LINE#         290
  C:2095H         LINE#         291
  C:20A6H         LINE#         292
  C:20A6H         LINE#         293
  C:20C2H         LINE#         294
  C:20C8H         LINE#         297
  C:20CDH         LINE#         298
  C:20ECH         LINE#         299
  C:20ECH         LINE#         301
  C:20EEH         LINE#         302
  C:20EEH         LINE#         303
  C:20EEH         LINE#         305
  C:20F1H         LINE#         306
  C:20F1H         LINE#         332
  C:20F3H         LINE#         333
  C:20FDH         LINE#         334
  C:20FDH         LINE#         335
  C:210EH         LINE#         336
  C:210EH         LINE#         339
  C:211EH         LINE#         340
  C:211EH         LINE#         341
  C:2127H         LINE#         342
  -------         ENDPROC       UART0_SCAN_HANDLE
  -------         ENDMOD        UART0

  -------         MODULE        ADC
  C:0000H         SYMBOL        _ICE_DUMMY_
  D:0093H         PUBLIC        ADC_DATAH0
  D:0094H         PUBLIC        ADC_DATAL0
  D:0099H         PUBLIC        ADC_CHS0
  X:6556H         PUBLIC        adc_val
  C:3C48H         PUBLIC        adc_config
  C:3757H         PUBLIC        _adc_sel_pin
  C:0027H         PUBLIC        adc_single_convert
  C:24C8H         PUBLIC        adc_getval
  C:3C80H         SYMBOL        Com0012
  C:3C80H         SYMBOL        L?0019
  C:3C80H         SYMBOL        L?0020
  C:3C8CH         SYMBOL        L?0021
  C:3C95H         SYMBOL        L?0022
  -------         PROC          COM0012
  -------         ENDPROC       COM0012
  -------         PROC          ADC_CONFIG
  C:3C48H         LINE#         7
  C:3C48H         LINE#         8
  C:3C48H         LINE#         10
  C:3C4EH         LINE#         12
  C:3C52H         LINE#         14
  C:3C57H         LINE#         16
BL51 BANKED LINKER/LOCATER V6.22.4.0                                                  05/24/2025  16:58:03  PAGE 26


  C:3C5BH         LINE#         23
  C:3C5BH         LINE#         24
  C:3C5EH         LINE#         25
  C:3C64H         LINE#         28
  -------         ENDPROC       ADC_CONFIG
  -------         PROC          _ADC_SEL_PIN
  D:0007H         SYMBOL        adc_pin
  C:3757H         LINE#         32
  C:3757H         LINE#         33
  C:3757H         LINE#         34
  C:3766H         LINE#         35
  C:3766H         LINE#         36
  C:3766H         LINE#         37
  C:376DH         LINE#         38
  C:3771H         LINE#         39
  C:3774H         LINE#         41
  C:3776H         LINE#         44
  C:3776H         LINE#         45
  C:3776H         LINE#         46
  C:3779H         LINE#         47
  C:377CH         LINE#         49
  C:377EH         LINE#         51
  C:377EH         LINE#         52
  C:377EH         LINE#         53
  C:3781H         LINE#         54
  C:3784H         LINE#         56
  C:3786H         LINE#         58
  C:3786H         LINE#         59
  C:3786H         LINE#         60
  C:3789H         LINE#         61
  C:378CH         LINE#         63
  C:378CH         LINE#         64
  C:378CH         LINE#         66
  C:3792H         LINE#         69
  -------         ENDPROC       _ADC_SEL_PIN
  -------         PROC          ADC_SINGLE_CONVERT
  C:0027H         LINE#         73
  C:0027H         LINE#         74
  C:0027H         LINE#         75
  C:002DH         LINE#         76
  C:0033H         LINE#         78
  C:0036H         LINE#         79
  C:0049H         LINE#         80
  -------         ENDPROC       ADC_SINGLE_CONVERT
  -------         PROC          ADC_GETVAL
  -------         DO            
  X:6504H         SYMBOL        adc_val_tmp
  X:6506H         SYMBOL        adc_val_sum
  X:650AH         SYMBOL        get_adcmax
  X:650CH         SYMBOL        get_adcmin
  X:650EH         SYMBOL        i
  -------         ENDDO         
  C:24C8H         LINE#         83
  C:24C8H         LINE#         84
  C:24C8H         LINE#         85
  C:24CFH         LINE#         86
  C:24D7H         LINE#         87
BL51 BANKED LINKER/LOCATER V6.22.4.0                                                  05/24/2025  16:58:03  PAGE 27


  C:24DEH         LINE#         88
  C:24E4H         LINE#         89
  C:24E7H         LINE#         91
  C:24E8H         LINE#         92
  C:24E8H         LINE#         93
  C:24F3H         LINE#         94
  C:24FCH         LINE#         95
  C:24FCH         LINE#         96
  C:2512H         LINE#         97
  C:251AH         LINE#         98
  C:2529H         LINE#         99
  C:2538H         LINE#         100
  C:2550H         LINE#         101
  C:255CH         LINE#         103
  C:2574H         LINE#         104
  C:258BH         LINE#         105
  C:259BH         LINE#         107
  C:259BH         LINE#         108
  -------         ENDPROC       ADC_GETVAL
  -------         ENDMOD        ADC

  -------         MODULE        FLASH
  C:0000H         SYMBOL        _ICE_DUMMY_
  D:00A4H         PUBLIC        FLASH_CON
  D:00A5H         PUBLIC        FLASH_STA
  D:00A6H         PUBLIC        FLASH_DATA
  D:00AEH         PUBLIC        FLASH_PASSWORD
  D:00AFH         PUBLIC        FLASH_ADDR
  C:3D38H         PUBLIC        _flash_erase_sector
  C:390BH         PUBLIC        _flash_write
  C:39ACH         PUBLIC        _flash_read
  -------         PROC          _FLASH_ERASE_SECTOR
  D:0007H         SYMBOL        addr
  C:3D38H         LINE#         11
  C:3D38H         LINE#         12
  C:3D38H         LINE#         13
  C:3D3BH         LINE#         14
  C:3D3DH         LINE#         15
  C:3D40H         LINE#         16
  C:3D43H         LINE#         18
  C:3D48H         LINE#         20
  -------         ENDPROC       _FLASH_ERASE_SECTOR
  -------         PROC          _FLASH_WRITE
  D:0007H         SYMBOL        addr
  X:6538H         SYMBOL        p_data
  X:653BH         SYMBOL        len
  C:390BH         LINE#         29
  C:3911H         LINE#         30
  C:3911H         LINE#         31
  C:3914H         LINE#         32
  C:3916H         LINE#         34
  C:391FH         LINE#         35
  C:391FH         LINE#         36
  C:3924H         LINE#         38
  C:3933H         LINE#         39
  C:3936H         LINE#         40
  C:3939H         LINE#         42
BL51 BANKED LINKER/LOCATER V6.22.4.0                                                  05/24/2025  16:58:03  PAGE 28


  C:393FH         LINE#         43
  C:3941H         LINE#         44
  -------         ENDPROC       _FLASH_WRITE
  -------         PROC          _FLASH_READ
  D:0007H         SYMBOL        addr
  X:63F4H         SYMBOL        p_data
  X:63F7H         SYMBOL        len
  C:39ACH         LINE#         53
  C:39B2H         LINE#         54
  C:39B2H         LINE#         55
  C:39B8H         LINE#         56
  C:39B8H         LINE#         57
  C:39D7H         LINE#         58
  C:39DDH         LINE#         59
  C:39DFH         LINE#         60
  -------         ENDPROC       _FLASH_READ
  -------         ENDMOD        FLASH

  -------         MODULE        AIP1302
  C:0000H         SYMBOL        _ICE_DUMMY_
  B:0090H.6       PUBLIC        P16
  B:0090H.7       PUBLIC        P17
  B:00A0H.4       PUBLIC        P24
  C:2D50H         PUBLIC        ___aip1302_read_byte
  C:3295H         PUBLIC        aip1302_config
  C:3CE5H         PUBLIC        _aip1302_read_byte
  C:298DH         PUBLIC        _aip1302_write_byte
  C:3C0CH         PUBLIC        aip1302_update_time
  C:3B2FH         PUBLIC        aip1302_update_date
  C:3687H         PUBLIC        aip1302_read_all
  C:2231H         PUBLIC        aip1302_test
  C:37D9H         PUBLIC        aip1302_update_all_data
  C:000FH         SYMBOL        aip1302_is_running
  C:3C9BH         SYMBOL        _reverse_u8
  C:3306H         SYMBOL        ___aip1302_convert_read_byte
  C:2DE2H         SYMBOL        ___aip1302_write_byte
  C:3A12H         SYMBOL        Com0048
  C:3A12H         SYMBOL        L?0073
  C:3A14H         SYMBOL        L?0074
  C:3A24H         SYMBOL        L?0079
  C:3A2FH         SYMBOL        L?0081
  C:3A39H         SYMBOL        L?0082
  -------         PROC          COM0048
  -------         ENDPROC       COM0048
  -------         PROC          AIP1302_CONFIG
  -------         DO            
  D:0007H         SYMBOL        ret
  -------         ENDDO         
  C:3295H         LINE#         6
  C:3295H         LINE#         7
  C:3295H         LINE#         8
  C:3297H         LINE#         12
  C:329DH         LINE#         13
  C:32A1H         LINE#         14
  C:32A6H         LINE#         16
  C:32AAH         LINE#         17
  C:32AEH         LINE#         18
BL51 BANKED LINKER/LOCATER V6.22.4.0                                                  05/24/2025  16:58:03  PAGE 29


  C:32B3H         LINE#         20
  C:32B3H         LINE#         21
  C:32B3H         LINE#         22
  C:32B6H         LINE#         24
  C:32B8H         LINE#         25
  C:32BAH         LINE#         30
  C:32BDH         LINE#         31
  C:32C2H         LINE#         32
  C:32C2H         LINE#         34
  C:32C9H         LINE#         35
  C:32CBH         LINE#         37
  C:32CBH         LINE#         39
  C:32D2H         LINE#         41
  C:32D9H         LINE#         42
  C:32E0H         LINE#         43
  C:32E7H         LINE#         44
  C:32EEH         LINE#         45
  C:32F5H         LINE#         46
  C:32FCH         LINE#         47
  C:3303H         LINE#         48
  C:3303H         LINE#         51
  -------         ENDPROC       AIP1302_CONFIG
  -------         PROC          _REVERSE_U8
  D:0007H         SYMBOL        arg
  -------         DO            
  D:0006H         SYMBOL        tmp
  D:0005H         SYMBOL        i
  -------         ENDDO         
  C:3C9BH         LINE#         55
  C:3C9BH         LINE#         56
  C:3C9BH         LINE#         58
  C:3C9DH         LINE#         61
  C:3C9DH         LINE#         62
  C:3C9DH         LINE#         63
  C:3CA1H         LINE#         64
  C:3CA5H         LINE#         65
  C:3CA5H         LINE#         66
  C:3CA9H         LINE#         67
  C:3CA9H         LINE#         69
  C:3CA9H         LINE#         70
  C:3CA9H         LINE#         71
  C:3CADH         LINE#         72
  C:3CB2H         LINE#         74
  C:3CB4H         LINE#         75
  -------         ENDPROC       _REVERSE_U8
  -------         PROC          ___AIP1302_CONVERT_READ_BYTE
  D:0004H         SYMBOL        cmd
  D:0005H         SYMBOL        byte
  -------         DO            
  D:0007H         SYMBOL        tmp
  X:63F4H         SYMBOL        i
  -------         DO            
  X:63F5H         SYMBOL        tens_place
  X:63F6H         SYMBOL        one_place
  -------         ENDDO         
  -------         ENDDO         
  C:3306H         LINE#         78
BL51 BANKED LINKER/LOCATER V6.22.4.0                                                  05/24/2025  16:58:03  PAGE 30


  C:3308H         LINE#         79
  C:3308H         LINE#         80
  C:3309H         LINE#         81
  C:330DH         LINE#         84
  C:3312H         LINE#         93
  C:3330H         LINE#         94
  C:3330H         LINE#         95
  C:3335H         LINE#         96
  C:3337H         LINE#         99
  C:3340H         LINE#         100
  C:3340H         LINE#         103
  C:3344H         LINE#         104
  C:3346H         LINE#         105
  C:334FH         LINE#         106
  C:334FH         LINE#         108
  C:3353H         LINE#         109
  C:3355H         LINE#         110
  C:3359H         LINE#         111
  C:3359H         LINE#         113
  C:335DH         LINE#         114
  C:335DH         LINE#         116
  C:3366H         LINE#         117
  C:336CH         LINE#         118
  C:3373H         LINE#         119
  C:3373H         LINE#         121
  C:3373H         LINE#         122
  -------         ENDPROC       ___AIP1302_CONVERT_READ_BYTE
  C:2DC4H         SYMBOL        L?0076
  C:2DCEH         SYMBOL        L?0077
  -------         PROC          ___AIP1302_READ_BYTE
  X:63F4H         SYMBOL        cmd
  -------         DO            
  X:63F5H         SYMBOL        recv_data
  X:63F6H         SYMBOL        i
  -------         ENDDO         
  C:2D50H         LINE#         125
  C:2D55H         LINE#         126
  C:2D55H         LINE#         127
  C:2D58H         LINE#         128
  C:2D58H         LINE#         131
  C:2D58H         LINE#         132
  C:2D58H         LINE#         133
  C:2D5BH         LINE#         135
  C:2D5BH         LINE#         136
  C:2D5BH         LINE#         137
  C:2D5BH         LINE#         138
  C:2D61H         LINE#         140
  C:2D66H         LINE#         141
  C:2D66H         LINE#         142
  C:2D66H         LINE#         143
  C:2D69H         LINE#         144
  C:2D7CH         LINE#         145
  C:2D7CH         LINE#         146
  C:2D7EH         LINE#         147
  C:2D80H         LINE#         149
  C:2D80H         LINE#         150
  C:2D82H         LINE#         151
BL51 BANKED LINKER/LOCATER V6.22.4.0                                                  05/24/2025  16:58:03  PAGE 31


  C:2D82H         LINE#         152
  C:2D89H         LINE#         154
  C:2D89H         LINE#         155
  C:2D89H         LINE#         156
  C:2D8EH         LINE#         159
  C:2D94H         LINE#         160
  C:2D9AH         LINE#         162
  C:2D9FH         LINE#         163
  C:2D9FH         LINE#         164
  C:2DA6H         LINE#         165
  C:2DA6H         LINE#         166
  C:2DA9H         LINE#         167
  C:2DACH         LINE#         168
  C:2DACH         LINE#         169
  C:2DB3H         LINE#         170
  C:2DB3H         LINE#         172
  C:2DB3H         LINE#         173
  C:2DB3H         LINE#         174
  C:2DB3H         LINE#         175
  C:2DB3H         LINE#         176
  C:2DB8H         LINE#         178
  C:2DBAH         LINE#         179
  C:2DBCH         LINE#         180
  C:2DBEH         LINE#         182
  C:2DC3H         LINE#         183
  -------         ENDPROC       ___AIP1302_READ_BYTE
  -------         PROC          _AIP1302_READ_BYTE
  X:63F3H         SYMBOL        cmd
  -------         DO            
  D:0006H         SYMBOL        recv_data
  -------         ENDDO         
  C:3CE5H         LINE#         192
  C:3CEAH         LINE#         193
  C:3CEAH         LINE#         194
  C:3CECH         LINE#         195
  C:3CF1H         LINE#         196
  -------         ENDPROC       _AIP1302_READ_BYTE
  C:2E57H         SYMBOL        L?0071
  C:2E68H         SYMBOL        L?0078
  -------         PROC          ___AIP1302_WRITE_BYTE
  X:63FEH         SYMBOL        cmd
  X:63FFH         SYMBOL        byte
  -------         DO            
  X:6400H         SYMBOL        i
  -------         ENDDO         
  C:2DE2H         LINE#         206
  C:2DEAH         LINE#         207
  C:2DEAH         LINE#         208
  C:2DEBH         LINE#         211
  C:2DEBH         LINE#         212
  C:2DEBH         LINE#         213
  C:2DEEH         LINE#         215
  C:2DEEH         LINE#         216
  C:2DEEH         LINE#         217
  C:2DEEH         LINE#         218
  C:2DF4H         LINE#         220
  C:2DF9H         LINE#         221
BL51 BANKED LINKER/LOCATER V6.22.4.0                                                  05/24/2025  16:58:03  PAGE 32


  C:2DF9H         LINE#         222
  C:2DF9H         LINE#         223
  C:2DFCH         LINE#         224
  C:2E0FH         LINE#         225
  C:2E0FH         LINE#         226
  C:2E11H         LINE#         227
  C:2E13H         LINE#         229
  C:2E13H         LINE#         230
  C:2E15H         LINE#         231
  C:2E15H         LINE#         232
  C:2E15H         LINE#         233
  C:2E15H         LINE#         234
  C:2E18H         LINE#         235
  C:2E1DH         LINE#         237
  C:2E22H         LINE#         238
  C:2E22H         LINE#         239
  C:2E22H         LINE#         240
  C:2E25H         LINE#         241
  C:2E3BH         LINE#         242
  C:2E3BH         LINE#         243
  C:2E3DH         LINE#         244
  C:2E3FH         LINE#         246
  C:2E3FH         LINE#         247
  C:2E41H         LINE#         248
  C:2E41H         LINE#         249
  C:2E41H         LINE#         250
  C:2E41H         LINE#         251
  C:2E44H         LINE#         252
  C:2E49H         LINE#         254
  C:2E4BH         LINE#         255
  C:2E52H         LINE#         256
  C:2E54H         LINE#         257
  C:2E56H         LINE#         258
  -------         ENDPROC       ___AIP1302_WRITE_BYTE
[...]
  C:1250H         LINE#         305
  C:1261H         LINE#         306
  C:1264H         LINE#         307
  C:126CH         LINE#         308
  C:1280H         LINE#         309
  C:1293H         LINE#         310
  C:1298H         LINE#         311
  C:129BH         LINE#         312
  C:129EH         LINE#         313
  C:12A1H         LINE#         314
  C:12A1H         LINE#         315
  C:12A2H         LINE#         321
  C:12A5H         LINE#         322
  C:12D2H         LINE#         323
  C:12F1H         LINE#         324
  C:12F1H         LINE#         325
  C:12F1H         LINE#         326
  -------         ENDPROC       ___TK_MODE_CARRY_FUNC
  -------         PROC          __TK_DATA_PROCESS
  C:0898H         LINE#         333
  C:0898H         LINE#         334
  C:0898H         LINE#         335
  C:08AAH         LINE#         338
  C:08C3H         LINE#         339
  C:08C6H         LINE#         341
  C:08DCH         LINE#         342
  C:08DFH         LINE#         347
  C:0911H         LINE#         348
  C:091EH         LINE#         349
  C:0921H         LINE#         350
BL51 BANKED LINKER/LOCATER V6.22.4.0                                                  05/24/2025  16:58:03  PAGE 60


  C:0924H         LINE#         351
  C:0924H         LINE#         352
  C:0926H         LINE#         353
  C:0929H         LINE#         354
  C:0929H         LINE#         356
  C:092EH         LINE#         357
  C:093FH         LINE#         358
  C:0950H         LINE#         359
  C:0953H         LINE#         363
  C:0969H         LINE#         364
  C:096CH         LINE#         365
  C:097CH         LINE#         366
  C:099CH         LINE#         369
  C:09B3H         LINE#         370
  C:09B6H         LINE#         371
  C:09C6H         LINE#         372
  C:09E6H         LINE#         377
  C:09E6H         LINE#         378
  C:0A04H         LINE#         380
  C:0A3EH         LINE#         381
  C:0A3EH         LINE#         382
  C:0A3EH         LINE#         383
  C:0A75H         LINE#         384
  C:0A83H         LINE#         385
  C:0A9BH         LINE#         386
  C:0AA8H         LINE#         387
  C:0ACCH         LINE#         388
  C:0AF0H         LINE#         389
  C:0AF0H         LINE#         390
  C:0AF2H         LINE#         391
  C:0AFFH         LINE#         392
  C:0AFFH         LINE#         397
  C:0B21H         LINE#         398
  C:0B24H         LINE#         399
  C:0B34H         LINE#         401
  C:0B4CH         LINE#         402
  C:0B4FH         LINE#         404
  C:0B66H         LINE#         405
  C:0B69H         LINE#         409
  C:0B8AH         LINE#         410
  C:0B8DH         LINE#         411
  C:0B9DH         LINE#         413
  C:0BB5H         LINE#         414
  C:0BB8H         LINE#         416
  C:0BCEH         LINE#         417
  C:0BD1H         LINE#         422
  C:0BD6H         LINE#         423
  -------         ENDPROC       __TK_DATA_PROCESS
  -------         PROC          __TK_BUTTON_DECIDE
  C:16DAH         LINE#         430
  C:16DAH         LINE#         431
  C:16DAH         LINE#         432
  C:16ECH         LINE#         433
  C:170AH         LINE#         434
  C:173CH         LINE#         435
  C:1749H         LINE#         436
  C:174EH         LINE#         437
BL51 BANKED LINKER/LOCATER V6.22.4.0                                                  05/24/2025  16:58:03  PAGE 61


  C:17C3H         LINE#         438
  C:17C3H         LINE#         439
  C:17D0H         LINE#         440
  C:17DEH         LINE#         442
  C:17F2H         LINE#         443
  C:17FFH         LINE#         444
  C:182CH         LINE#         445
  C:1850H         LINE#         446
  C:187EH         LINE#         447
  C:187EH         LINE#         448
  C:1880H         LINE#         449
  C:188DH         LINE#         450
  C:188DH         LINE#         451
  C:1892H         LINE#         452
  -------         ENDPROC       __TK_BUTTON_DECIDE
  -------         PROC          __TK_BASELINE_UPDATE
  C:3124H         LINE#         459
  C:3124H         LINE#         460
  C:3124H         LINE#         461
  C:3133H         LINE#         462
  C:3144H         LINE#         463
  C:3155H         LINE#         464
  C:3179H         LINE#         465
  C:319DH         LINE#         466
  C:31A1H         LINE#         467
  -------         ENDPROC       __TK_BASELINE_UPDATE
  -------         PROC          __TK_BASELINE_INIT
  -------         DO            
  X:6018H         SYMBOL        init_flag
  -------         ENDDO         
  C:2C2BH         LINE#         474
  C:2C2BH         LINE#         475
  C:2C2BH         LINE#         478
  C:2C3AH         LINE#         479
  C:2C4AH         LINE#         480
  C:2C53H         LINE#         481
  C:2C78H         LINE#         482
  C:2C78H         LINE#         483
  C:2C9DH         LINE#         484
  C:2C9DH         LINE#         485
  C:2CA1H         LINE#         487
  C:2CAEH         LINE#         488
  C:2CB1H         LINE#         489
  C:2CB3H         LINE#         490
  C:2CB9H         LINE#         491
  C:2CB9H         LINE#         493
  -------         ENDPROC       __TK_BASELINE_INIT
  -------         PROC          __TK_LONG_KEY_CLEAR
  -------         DO            
  X:6019H         SYMBOL        __tk_long_cnt
  -------         ENDDO         
  C:31A2H         LINE#         501
  C:31A2H         LINE#         502
  C:31A2H         LINE#         505
  C:31B5H         LINE#         506
  C:31C3H         LINE#         507
  C:31DDH         LINE#         508
BL51 BANKED LINKER/LOCATER V6.22.4.0                                                  05/24/2025  16:58:03  PAGE 62


  C:31E1H         LINE#         509
  C:31E9H         LINE#         510
  C:31F1H         LINE#         511
  C:31F9H         LINE#         512
  C:31FBH         LINE#         513
  C:31FEH         LINE#         514
  C:3215H         LINE#         515
  C:3217H         LINE#         516
  C:3217H         LINE#         517
  C:3218H         LINE#         518
  C:321FH         LINE#         519
  C:321FH         LINE#         520
  -------         ENDPROC       __TK_LONG_KEY_CLEAR
  -------         PROC          ___TK_LIB_I_ADJUST
  X:641DH         SYMBOL        i_ch
  X:641EH         SYMBOL        adjust_line
  -------         DO            
  X:601BH         SYMBOL        sta_finish
  X:601CH         SYMBOL        n_sta
  X:601DH         SYMBOL        p_sta
  X:601EH         SYMBOL        min_iset
  X:601FH         SYMBOL        min_diff
  D:0045H         SYMBOL        diff
  D:0049H         SYMBOL        temp
  -------         ENDDO         
  C:1893H         LINE#         528
  C:1898H         LINE#         529
  C:1898H         LINE#         537
  C:18ABH         LINE#         538
  C:18B0H         LINE#         539
  C:18B4H         LINE#         540
  C:18BDH         LINE#         541
  C:18C0H         LINE#         542
  C:18C3H         LINE#         545
  C:1900H         LINE#         546
  C:192BH         LINE#         547
  C:1941H         LINE#         548
  C:1941H         LINE#         550
  C:1958H         LINE#         551
  C:196EH         LINE#         552
  C:1971H         LINE#         553
  C:1973H         LINE#         555
  C:1986H         LINE#         557
  C:19A2H         LINE#         558
  C:19B5H         LINE#         559
  C:19B8H         LINE#         560
  C:19B8H         LINE#         561
  C:19BAH         LINE#         563
  C:19D6H         LINE#         564
  C:19E9H         LINE#         565
  C:19EFH         LINE#         566
  C:19EFH         LINE#         567
  C:19EFH         LINE#         568
  C:19EFH         LINE#         569
  C:19FDH         LINE#         570
  C:1A01H         LINE#         571
  C:1A03H         LINE#         572
BL51 BANKED LINKER/LOCATER V6.22.4.0                                                  05/24/2025  16:58:03  PAGE 63


  C:1A08H         LINE#         573
  C:1A08H         LINE#         575
  C:1A10H         LINE#         576
  C:1A29H         LINE#         577
  C:1A31H         LINE#         578
  C:1A37H         LINE#         579
  C:1A3CH         LINE#         580
  C:1A3EH         LINE#         581
  C:1A42H         LINE#         582
  C:1A45H         LINE#         583
  C:1A45H         LINE#         585
  C:1A47H         LINE#         586
  -------         ENDPROC       ___TK_LIB_I_ADJUST
  -------         PROC          __TK_I_SOURCE_ADJUST
  -------         DO            
  X:641CH         SYMBOL        result
  -------         ENDDO         
  C:343DH         LINE#         593
  C:343DH         LINE#         594
  C:343DH         LINE#         595
  C:3442H         LINE#         597
  C:345BH         LINE#         598
  C:345DH         LINE#         600
  C:3462H         LINE#         601
  C:3465H         LINE#         602
  C:346BH         LINE#         603
  C:346BH         LINE#         605
  C:3477H         LINE#         606
  C:347AH         LINE#         607
  C:347DH         LINE#         608
  C:347DH         LINE#         609
  C:347DH         LINE#         611
  C:3494H         LINE#         612
  C:3496H         LINE#         613
  C:3499H         LINE#         614
  C:3499H         LINE#         615
  C:349EH         LINE#         616
  C:349EH         LINE#         617
  -------         ENDPROC       __TK_I_SOURCE_ADJUST
  -------         PROC          ___TK_SET_NEXT_CH
  D:0007H         SYMBOL        kick_type
  C:301DH         LINE#         625
  C:301DH         LINE#         626
  C:301DH         LINE#         627
  C:3020H         LINE#         629
  C:303EH         LINE#         630
  C:3044H         LINE#         631
  C:3048H         LINE#         632
  C:304CH         LINE#         633
  C:3050H         LINE#         634
  C:3054H         LINE#         636
  C:306EH         LINE#         638
  C:307EH         LINE#         639
  C:307EH         LINE#         640
  C:3080H         LINE#         642
  C:309AH         LINE#         643
  C:30A0H         LINE#         644
BL51 BANKED LINKER/LOCATER V6.22.4.0                                                  05/24/2025  16:58:03  PAGE 64


  C:30A0H         LINE#         645
  -------         ENDPROC       ___TK_SET_NEXT_CH
  -------         PROC          __TK_LIB_INIT
  -------         DO            
  X:63F3H         SYMBOL        i
  -------         ENDDO         
  C:2B90H         LINE#         652
  C:2B90H         LINE#         653
  C:2B90H         LINE#         655
  C:2BD8H         LINE#         656
  C:2BE6H         LINE#         658
  C:2BE9H         LINE#         659
  C:2BF1H         LINE#         660
  C:2BF3H         LINE#         661
  C:2BF5H         LINE#         662
  C:2BFDH         LINE#         663
  C:2C05H         LINE#         664
  C:2C0DH         LINE#         665
  C:2C23H         LINE#         666
  C:2C26H         LINE#         667
  -------         ENDPROC       __TK_LIB_INIT
  -------         PROC          __TK_HANDLER
  C:3220H         LINE#         675
  C:3220H         LINE#         676
  C:3220H         LINE#         677
  C:3225H         LINE#         678
  C:3229H         LINE#         679
  C:3250H         LINE#         682
  C:3253H         LINE#         683
  C:325AH         LINE#         684
  C:325CH         LINE#         685
  C:325FH         LINE#         686
  C:325FH         LINE#         687
  C:3262H         LINE#         688
  C:3262H         LINE#         689
  C:3262H         LINE#         690
  C:3264H         LINE#         691
  C:3270H         LINE#         692
  C:3280H         LINE#         693
  C:3283H         LINE#         694
  C:3288H         LINE#         696
  C:328BH         LINE#         697
  C:328BH         LINE#         699
  C:328EH         LINE#         700
  C:328EH         LINE#         701
  C:328FH         LINE#         702
  C:3294H         LINE#         703
  C:3294H         LINE#         704
  C:3294H         LINE#         705
  -------         ENDPROC       __TK_HANDLER
  -------         PROC          __TK_MS_HANDLER
  C:3E8DH         LINE#         712
  C:3E8DH         LINE#         713
  C:3E8DH         LINE#         714
  C:3E8FH         LINE#         716
  -------         ENDPROC       __TK_MS_HANDLER
  -------         PROC          __TK_SCAN
BL51 BANKED LINKER/LOCATER V6.22.4.0                                                  05/24/2025  16:58:03  PAGE 65


  C:3B91H         LINE#         724
  C:3B91H         LINE#         725
  C:3B91H         LINE#         727
  C:3B96H         LINE#         730
  C:3BA2H         LINE#         735
  C:3BA5H         LINE#         739
  C:3BA8H         LINE#         740
  C:3BADH         LINE#         741
  C:3BB0H         LINE#         742
  C:3BB0H         LINE#         743
  -------         ENDPROC       __TK_SCAN
  -------         ENDMOD        TK_LIB

  -------         MODULE        ?C?COPY
  C:0130H         PUBLIC        ?C?COPY
  -------         ENDMOD        ?C?COPY

  -------         MODULE        ?C?CLDPTR
  C:0156H         PUBLIC        ?C?CLDPTR
  -------         ENDMOD        ?C?CLDPTR

  -------         MODULE        ?C?CLDOPTR
  C:016FH         PUBLIC        ?C?CLDOPTR
  -------         ENDMOD        ?C?CLDOPTR

  -------         MODULE        ?C?CILDOPTR
  C:019CH         PUBLIC        ?C?CILDOPTR
  -------         ENDMOD        ?C?CILDOPTR

  -------         MODULE        ?C?CSTPTR
  C:01CFH         PUBLIC        ?C?CSTPTR
  -------         ENDMOD        ?C?CSTPTR

  -------         MODULE        ?C?CSTOPTR
  C:01E1H         PUBLIC        ?C?CSTOPTR
  -------         ENDMOD        ?C?CSTOPTR

  -------         MODULE        ?C?IILDX
  C:0203H         PUBLIC        ?C?IILDX
  -------         ENDMOD        ?C?IILDX

  -------         MODULE        ?C?LADD
  C:0219H         PUBLIC        ?C?LADD
  -------         ENDMOD        ?C?LADD

  -------         MODULE        ?C?LSUB
  C:0226H         PUBLIC        ?C?LSUB
  -------         ENDMOD        ?C?LSUB

  -------         MODULE        ?C?LMUL
  C:0234H         PUBLIC        ?C?LMUL
  -------         ENDMOD        ?C?LMUL

  -------         MODULE        ?C?ULDIV
  C:02BFH         PUBLIC        ?C?ULDIV
  -------         ENDMOD        ?C?ULDIV

BL51 BANKED LINKER/LOCATER V6.22.4.0                                                  05/24/2025  16:58:03  PAGE 66


  -------         MODULE        ?C?LOR
  C:0351H         PUBLIC        ?C?LOR
  -------         ENDMOD        ?C?LOR

  -------         MODULE        ?C?LNOT
  C:035EH         PUBLIC        ?C?LNOT
  -------         ENDMOD        ?C?LNOT

  -------         MODULE        ?C?LNEG
  C:036BH         PUBLIC        ?C?LNEG
  -------         ENDMOD        ?C?LNEG

  -------         MODULE        ?C?SLCMP
  C:0379H         PUBLIC        ?C?SLCMP
  -------         ENDMOD        ?C?SLCMP

  -------         MODULE        ?C?ULCMP
  C:038FH         PUBLIC        ?C?ULCMP
  -------         ENDMOD        ?C?ULCMP

  -------         MODULE        ?C?ULSHR
  C:03A0H         PUBLIC        ?C?ULSHR
  -------         ENDMOD        ?C?ULSHR

  -------         MODULE        ?C?LSHL
  C:03B3H         PUBLIC        ?C?LSHL
  -------         ENDMOD        ?C?LSHL

  -------         MODULE        ?C?LLDXDATA
  C:03C6H         PUBLIC        ?C?LLDXDATA
  -------         ENDMOD        ?C?LLDXDATA

  -------         MODULE        ?C?LLDCODE
  C:03D2H         PUBLIC        ?C?LLDCODE
  -------         ENDMOD        ?C?LLDCODE

  -------         MODULE        ?C?LLDXDATA0
  C:03E2H         PUBLIC        ?C?LLDXDATA0
  -------         ENDMOD        ?C?LLDXDATA0

  -------         MODULE        ?C?LSTXDATA
  C:03EEH         PUBLIC        ?C?LSTXDATA
  -------         ENDMOD        ?C?LSTXDATA

  -------         MODULE        ?C?LSTKXDATA
  C:03FAH         PUBLIC        ?C?LSTKXDATA
  -------         ENDMOD        ?C?LSTKXDATA

  -------         MODULE        ?C?OFFXADD
  C:042BH         PUBLIC        ?C?OFFXADD
  -------         ENDMOD        ?C?OFFXADD

  -------         MODULE        ?C?PLDXDATA
  C:0437H         PUBLIC        ?C?PLDXDATA
  -------         ENDMOD        ?C?PLDXDATA

  -------         MODULE        ?C?PLDIXDATA
BL51 BANKED LINKER/LOCATER V6.22.4.0                                                  05/24/2025  16:58:03  PAGE 67


  C:0440H         PUBLIC        ?C?PLDIXDATA
  -------         ENDMOD        ?C?PLDIXDATA

  -------         MODULE        ?C?PSTXDATA
  C:0457H         PUBLIC        ?C?PSTXDATA
  -------         ENDMOD        ?C?PSTXDATA

  -------         MODULE        ?C?PLDOPTR
  C:0460H         PUBLIC        ?C?PLDOPTR
  -------         ENDMOD        ?C?PLDOPTR

  -------         MODULE        ?C?CCASE
  C:0490H         PUBLIC        ?C?CCASE
  -------         ENDMOD        ?C?CCASE

  -------         MODULE        ?C?ICALL
  C:04B6H         PUBLIC        ?C?ICALL
  C:04BAH         PUBLIC        ?C?ICALL2
  -------         ENDMOD        ?C?ICALL

  -------         MODULE        ?C?LIMUL
  C:04BCH         PUBLIC        ?C?LIMUL
  -------         ENDMOD        ?C?LIMUL

  -------         MODULE        PRINTF
  X:63F3H         PUBLIC        ?_PRINTF517?BYTE
  X:63F3H         PUBLIC        ?_PRINTF?BYTE
  X:63F3H         PUBLIC        ?_SPRINTF517?BYTE
  X:63F3H         PUBLIC        ?_SPRINTF?BYTE
  C:059EH         PUBLIC        _PRINTF
  C:059EH         PUBLIC        _PRINTF517
  C:0598H         PUBLIC        _SPRINTF
  C:0598H         PUBLIC        _SPRINTF517
  -------         ENDMOD        PRINTF

  -------         MODULE        ?C?MEMSET
  C:04E9H         PUBLIC        ?C?MEMSET
  -------         ENDMOD        ?C?MEMSET

  -------         MODULE        ?C?PLDIDATA
  C:0515H         PUBLIC        ?C?PLDIDATA
  -------         ENDMOD        ?C?PLDIDATA

  -------         MODULE        ?C?PLDPDATA
  C:051EH         PUBLIC        ?C?PLDPDATA
  -------         ENDMOD        ?C?PLDPDATA

  -------         MODULE        ?C?PLDCODE
  C:0527H         PUBLIC        ?C?PLDCODE
  -------         ENDMOD        ?C?PLDCODE

*** WARNING L16: UNCALLED SEGMENT, IGNORED FOR OVERLAY PROCESS
    SEGMENT: ?PR?P03_OUTPUT_CONFIG?MY_GPIO

*** WARNING L16: UNCALLED SEGMENT, IGNORED FOR OVERLAY PROCESS
    SEGMENT: ?PR?P23_INPUT_CONFIG?MY_GPIO

BL51 BANKED LINKER/LOCATER V6.22.4.0                                                  05/24/2025  16:58:03  PAGE 68


*** WARNING L16: UNCALLED SEGMENT, IGNORED FOR OVERLAY PROCESS
    SEGMENT: ?PR?UART0_SCAN_HANDLE?UART0

*** WARNING L16: UNCALLED SEGMENT, IGNORED FOR OVERLAY PROCESS
    SEGMENT: ?PR?_KEY_DRIVER_SCAN?KEY_DRIVER

*** WARNING L16: UNCALLED SEGMENT, IGNORED FOR OVERLAY PROCESS
    SEGMENT: ?PR?PIN_LEVEL_SCAN?PIN_LEVEL_SCAN

*** WARNING L16: UNCALLED SEGMENT, IGNORED FOR OVERLAY PROCESS
    SEGMENT: ?PR?SPEED_SCAN?SPEED_SCAN

*** WARNING L16: UNCALLED SEGMENT, IGNORED FOR OVERLAY PROCESS
    SEGMENT: ?PR?ENGINE_SPEED_SCAN?ENGINE_SPEED_SCAN

*** WARNING L16: UNCALLED SEGMENT, IGNORED FOR OVERLAY PROCESS
    SEGMENT: ?PR?MILEAGE_SCAN?MILEAGE

*** WARNING L16: UNCALLED SEGMENT, IGNORED FOR OVERLAY PROCESS
    SEGMENT: ?PR?INSTRUCTION_SCAN?INSTRUCTION

*** WARNING L16: UNCALLED SEGMENT, IGNORED FOR OVERLAY PROCESS
    SEGMENT: ?PR?INSTRUCTION_HANDLE?INSTRUCTION

*** WARNING L16: UNCALLED SEGMENT, IGNORED FOR OVERLAY PROCESS
    SEGMENT: ?PR?AD_KEY_HANDLE?AD_KEY

*** WARNING L16: UNCALLED SEGMENT, IGNORED FOR OVERLAY PROCESS
    SEGMENT: ?PR?FUEL_CAPACITY_SCAN?FUEL_CAPACITY

*** WARNING L16: UNCALLED SEGMENT, IGNORED FOR OVERLAY PROCESS
    SEGMENT: ?PR?TEMP_OF_WATER_SCAN?TEMP_OF_WATER

*** WARNING L16: UNCALLED SEGMENT, IGNORED FOR OVERLAY PROCESS
    SEGMENT: ?PR?BATTERY_SCAN?BATTERY

*** WARNING L16: UNCALLED SEGMENT, IGNORED FOR OVERLAY PROCESS
    SEGMENT: ?PR?TOUCH_KEY_HANDLE?TOUCH_KEY

*** WARNING L16: UNCALLED SEGMENT, IGNORED FOR OVERLAY PROCESS
    SEGMENT: ?PR?__TK_MS_HANDLER?TK_LIB

Program Size: data=79.5 xdata=1377 code=16017
LINK/LOCATE RUN COMPLETE.  16 WARNING(S),  0 ERROR(S)
